Archive member included to satisfy reference by file (symbol)

D:\devkitPro/nitro-engine/lib\libNE.a(NECamera.o)
                              main.o (NE_CameraCreate)
D:\devkitPro/nitro-engine/lib\libNE.a(NEGeneral.o)
                              main.o (NE_Init3D)
D:\devkitPro/nitro-engine/lib\libNE.a(NEModel.o)
                              load.o (NE_ModelCreate)
D:\devkitPro/nitro-engine/lib\libNE.a(NEPhysics.o)
                              load.o (NE_PhysicsCreate)
D:\devkitPro/nitro-engine/lib\libNE.a(NEPolygon.o)
                              D:\devkitPro/nitro-engine/lib\libNE.a(NEGeneral.o) (NE_LightOff)
D:\devkitPro/nitro-engine/lib\libNE.a(NEText.o)
                              D:\devkitPro/nitro-engine/lib\libNE.a(NEGeneral.o) (NE_TextPriorityReset)
D:\devkitPro/nitro-engine/lib\libNE.a(NETexture.o)
                              D:\devkitPro/nitro-engine/lib\libNE.a(NEModel.o) (NE_MaterialUse)
D:\devkitPro/nitro-engine/lib\libNE.a(dsma.o)
                              D:\devkitPro/nitro-engine/lib\libNE.a(NEModel.o) (DSMA_DrawModel)
D:\devkitPro/nitro-engine/lib\libNE.a(NE2D.o)
                              D:\devkitPro/nitro-engine/lib\libNE.a(NEGeneral.o) (NE_SpriteSystemReset)
D:\devkitPro/nitro-engine/lib\libNE.a(NEAlloc.o)
                              D:\devkitPro/nitro-engine/lib\libNE.a(NETexture.o) (NE_AllocInit)
D:\devkitPro/nitro-engine/lib\libNE.a(NEAnimation.o)
                              D:\devkitPro/nitro-engine/lib\libNE.a(NEGeneral.o) (NE_AnimationSystemReset)
D:\devkitPro/nitro-engine/lib\libNE.a(NEFAT.o)
                              D:\devkitPro/nitro-engine/lib\libNE.a(NEModel.o) (NE_FATLoadData)
D:\devkitPro/nitro-engine/lib\libNE.a(NEGUI.o)
                              D:\devkitPro/nitro-engine/lib\libNE.a(NEGeneral.o) (NE_GUIUpdate)
D:\devkitPro/nitro-engine/lib\libNE.a(NEPalette.o)
                              D:\devkitPro/nitro-engine/lib\libNE.a(NETexture.o) (NE_PaletteUse)
D:\devkitPro/libnds/lib\libnds9.a(trig.o)
                              D:\devkitPro/nitro-engine/lib\libNE.a(NECamera.o) (sinLerp)
D:\devkitPro/libnds/lib\libnds9.a(video.o)
                              D:\devkitPro/nitro-engine/lib\libNE.a(NETexture.o) (vramSetPrimaryBanks)
D:\devkitPro/libnds/lib\libnds9.a(touch.o)
                              D:\devkitPro/nitro-engine/lib\libNE.a(NEGeneral.o) (touchRead)
D:\devkitPro/libnds/lib\libnds9.a(sassert.o)
                              D:\devkitPro/nitro-engine/lib\libNE.a(NEModel.o) (__sassert)
D:\devkitPro/libnds/lib\libnds9.a(system.o)
                              D:\devkitPro/nitro-engine/lib\libNE.a(NEGeneral.o) (powerOn)
D:\devkitPro/libnds/lib\libnds9.a(console.o)
                              D:\devkitPro/nitro-engine/lib\libNE.a(NEGeneral.o) (consoleInit)
D:\devkitPro/libnds/lib\libnds9.a(keys.o)
                              D:\devkitPro/nitro-engine/lib\libNE.a(NEGeneral.o) (keysHeld)
D:\devkitPro/libnds/lib\libnds9.a(initSystem.o)
                              d:/devkitpro/devkitarm/bin/../lib/gcc/arm-none-eabi/11.2.0/../../../../arm-none-eabi/lib/ds_arm9_crt0.o (initSystem)
D:\devkitPro/libnds/lib\libnds9.a(securearea.o)
                              d:/devkitpro/devkitarm/bin/../lib/gcc/arm-none-eabi/11.2.0/../../../../arm-none-eabi/lib/ds_arm9_crt0.o (__secure_area__)
D:\devkitPro/libnds/lib\libnds9.a(interrupts.o)
                              main.o (irqSet)
D:\devkitPro/libnds/lib\libnds9.a(libnds_exit.arm.o)
                              d:/devkitpro/devkitarm/bin/../lib/gcc/arm-none-eabi/11.2.0/../../../../arm-none-eabi/lib/ds_arm9_crt0.o (__libnds_exit)
D:\devkitPro/libnds/lib\libnds9.a(fifosystem.o)
                              D:\devkitPro/libnds/lib\libnds9.a(initSystem.o) (fifoSetValue32Handler)
D:\devkitPro/libnds/lib\libnds9.a(dcache.o)
                              D:\devkitPro/nitro-engine/lib\libNE.a(NEFAT.o) (DC_FlushAll)
D:\devkitPro/libnds/lib\libnds9.a(mpu_setup.o)
                              d:/devkitpro/devkitarm/bin/../lib/gcc/arm-none-eabi/11.2.0/../../../../arm-none-eabi/lib/ds_arm9_crt0.o (__libnds_mpu_setup)
D:\devkitPro/libnds/lib\libnds9.a(IntrWait.o)
                              D:\devkitPro/nitro-engine/lib\libNE.a(NEGeneral.o) (swiWaitForVBlank)
D:\devkitPro/libnds/lib\libnds9.a(cpu_clock.o)
                              D:\devkitPro/libnds/lib\libnds9.a(initSystem.o) (setCpuClock)
D:\devkitPro/libnds/lib\libnds9.a(interruptDispatcher.o)
                              D:\devkitPro/libnds/lib\libnds9.a(interrupts.o) (IntrMain)
D:\devkitPro/libnds/lib\libnds9.a(biosCalls.o)
                              D:\devkitPro/libnds/lib\libnds9.a(system.o) (swiDelay)
D:\devkitPro/libnds/lib\libnds9.a(debugprint.o)
                              D:\devkitPro/libnds/lib\libnds9.a(console.o) (nocashWrite)
D:\devkitPro/libnds/lib\libnds9.a(swiSoftReset.o)
                              D:\devkitPro/libnds/lib\libnds9.a(fifosystem.o) (swiSoftReset)
D:\devkitPro/libnds/lib\libnds9.a(default_font.bin.o)
[...]
Memory Configuration

Name             Origin             Length             Attributes
ewram            0x0000000002000000 0x0000000000380000
dtcm             0x0000000002ff0000 0x0000000000004000
vectors          0x0000000001000000 0x0000000000000100
itcm             0x0000000001000100 0x0000000000007f00
*default*        0x0000000000000000 0xffffffffffffffff

Linker script and memory map

                0x0000000002380000                __ewram_end = (ORIGIN (ewram) + LENGTH (ewram))
                0x0000000002380000                __eheap_end = (ORIGIN (ewram) + LENGTH (ewram))
                0x0000000002ff4000                __dtcm_top = (ORIGIN (dtcm) + LENGTH (dtcm))
                0x0000000002ff3ff8                __irq_flags = (__dtcm_top - 0x8)
                0x0000000002ff3ffc                __irq_vector = (__dtcm_top - 0x4)
                0x0000000002ff3f00                __sp_svc = (__dtcm_top - 0x100)
                0x0000000002ff3e00                __sp_irq = (__sp_svc - 0x100)
                0x0000000002ff3d00                __sp_usr = (__sp_irq - 0x100)

.secure         0x0000000002000000      0x800
 *(.secure)
 .secure        0x0000000002000000      0x800 D:\devkitPro/libnds/lib\libnds9.a(securearea.o)
                0x0000000002000000                __secure_area__

.crt0           0x0000000002000800      0x300
                0x0000000002000800                __text_start = .
 *(.crt0)
 .crt0          0x0000000002000800      0x300 d:/devkitpro/devkitarm/bin/../lib/gcc/arm-none-eabi/11.2.0/../../../../arm-none-eabi/lib/ds_arm9_crt0.o
                0x0000000002000800                _start
                0x0000000002000b00                . = ALIGN (0x4)

.plt
 *(.plt)

.init           0x0000000002000b00       0x18
 *(SORT_NONE(.init))
 .init          0x0000000002000b00        0xc d:/devkitpro/devkitarm/bin/../lib/gcc/arm-none-eabi/11.2.0/crti.o
                0x0000000002000b00                _init
 .init          0x0000000002000b0c        0xc d:/devkitpro/devkitarm/bin/../lib/gcc/arm-none-eabi/11.2.0/crtn.o

.text           0x0000000002000b18    0x14228
 *(EXCLUDE_FILE(*.twl* *.vectors* *.itcm*) .text)
 .text          0x0000000002000b18       0xac load.o
                0x0000000002000b18                CreateBlockSide
 .text          0x0000000002000bc4       0xa8 main.o
                0x0000000002000bc4                Draw3DScene
 .text          0x0000000002000c6c     0x1640 D:\devkitPro/nitro-engine/lib\libNE.a(NECamera.o)
                0x0000000002000f90                NE_CameraCreate
                0x0000000002000fd4                NE_CameraSetI
                0x0000000002000ffc                NE_CameraUse
                0x00000000020014f8                NE_CameraMoveFreeI
                0x0000000002001a5c                NE_CameraMoveI
                0x0000000002001a8c                NE_CameraRotate
                0x0000000002001c7c                NE_CameraRotateAxisI
                0x0000000002001c90                NE_CameraRotateFree
                0x0000000002002150                NE_CameraDelete
                0x000000000200217c                NE_CameraSystemReset
                0x00000000020021ac                NE_CameraSystemEnd
                0x00000000020021c0                NE_ViewPush
                0x00000000020021cc                NE_ViewPop
                0x00000000020021d8                NE_ViewMoveI
                0x00000000020021e8                NE_ViewRotate
                0x000000000200229c                NE_ViewScaleI
 .text          0x00000000020022ac      0xd84 D:\devkitPro/nitro-engine/lib\libNE.a(NEGeneral.o)
                0x000000000200254c                NE_End
                0x0000000002002560                NE_Viewport
                0x00000000020027ac                NE_MainScreenSetOnTop
                0x00000000020027b8                NE_MainScreenSetOnBottom
                0x00000000020027c4                NE_MainScreenIsOnTop
                0x00000000020027d0                NE_SwapScreens
                0x00000000020027e0                NE_SetFov
                0x00000000020027ec                NE_UpdateInput
                0x0000000002002818                NE_Init3D
                0x0000000002002868                NE_InitDual3D
                0x00000000020029a0                NE_InitConsole
                0x0000000002002a04                NE_SetConsoleColor
                0x0000000002002a10                NE_Process
                0x0000000002002ae0                NE_ProcessDual
                0x0000000002002c18                NE_ClippingPlanesSetI
                0x0000000002002c24                NE_AntialiasEnable
                0x0000000002002c40                NE_GetPolygonCount
                0x0000000002002c5c                NE_GetVertexCount
                0x0000000002002c78                NE_VBLFunc
                0x0000000002002cac                NE_SpecialEffectPause
                0x0000000002002d00                NE_HBLFunc
                0x0000000002002d90                NE_SpecialEffectNoiseConfig
                0x0000000002002d9c                NE_SpecialEffectSineConfig
                0x0000000002002da8                NE_SpecialEffectSet
                0x0000000002002dc0                NE_WaitForVBL
                0x0000000002002e48                NE_GetCPUPercent
                0x0000000002002e54                NE_GPUIsRendering
                0x0000000002002e70                NE_TouchTestStart
                0x0000000002002f7c                NE_TouchTestObject
                0x0000000002002fb4                NE_TouchTestResult
                0x0000000002003000                NE_TouchTestEnd
 .text          0x0000000002003030      0x838 D:\devkitPro/nitro-engine/lib\libNE.a(NEModel.o)
                0x00000000020030a0                NE_ModelCreate
                0x0000000002003110                NE_ModelDelete
                0x0000000002003124                NE_ModelLoadStaticMeshFAT
                0x00000000020031b4                NE_ModelLoadStaticMesh
                0x0000000002003220                NE_ModelFreeMeshWhenDeleted
                0x000000000200323c                NE_ModelSetMaterial
                0x0000000002003240                NE_ModelSetAnimation
                0x0000000002003254                NE_ModelSetAnimationSecondary
                0x0000000002003268                NE_ModelDraw
                0x000000000200348c                NE_ModelClone
                0x00000000020034fc                NE_ModelScaleI
                0x0000000002003504                NE_ModelTranslateI
                0x000000000200351c                NE_ModelSetCoordI
                0x0000000002003524                NE_ModelRotate
                0x0000000002003548                NE_ModelSetRot
                0x0000000002003550                NE_ModelAnimateAll
                0x00000000020035e4                NE_ModelAnimStart
                0x00000000020035f0                NE_ModelAnimSecondaryStart
                0x0000000002003600                NE_ModelAnimSetSpeed
                0x0000000002003608                NE_ModelAnimSecondarySetSpeed
                0x0000000002003610                NE_ModelAnimGetFrame
                0x0000000002003618                NE_ModelAnimSecondaryGetFrame
                0x0000000002003620                NE_ModelAnimSetFrame
                0x0000000002003628                NE_ModelAnimSecondarySetFrame
                0x0000000002003630                NE_ModelAnimSecondarySetFactor
                0x0000000002003644                NE_ModelAnimSecondaryClear
                0x0000000002003670                NE_ModelLoadDSMFAT
                0x0000000002003700                NE_ModelLoadDSM
                0x000000000200376c                NE_ModelDeleteAll
                0x0000000002003798                NE_ModelSystemReset
                0x0000000002003828                NE_ModelSystemEnd
 .text          0x0000000002003868      0x6b8 D:\devkitPro/nitro-engine/lib\libNE.a(NEPhysics.o)
                0x0000000002003d38                NE_PhysicsCreate
                0x0000000002003d94                NE_PhysicsDelete
                0x0000000002003dc8                NE_PhysicsDeleteAll
                0x0000000002003ddc                NE_PhysicsSystemReset
                0x0000000002003e10                NE_PhysicsSystemEnd
                0x0000000002003e30                NE_PhysicsSetRadiusI
                0x0000000002003e34                NE_PhysicsSetSpeedI
                0x0000000002003e3c                NE_PhysicsSetSizeI
                0x0000000002003e44                NE_PhysicsSetGravityI
                0x0000000002003e48                NE_PhysicsSetFrictionI
                0x0000000002003e4c                NE_PhysicsSetBounceEnergy
                0x0000000002003e50                NE_PhysicsEnable
                0x0000000002003e54                NE_PhysicsSetModel
                0x0000000002003e58                NE_PhysicsSetGroup
                0x0000000002003e5c                NE_PhysicsOnCollision
                0x0000000002003e64                NE_PhysicsIsColliding
                0x0000000002003e6c                NE_PhysicsUpdateAll
                0x0000000002003ea0                NE_PhysicsUpdate
                0x0000000002003ebc                NE_PhysicsCheckCollision
 .text          0x0000000002003f20      0x35c D:\devkitPro/nitro-engine/lib\libNE.a(NEPolygon.o)
                0x0000000002003f20                NE_PolyColor
                0x0000000002003f2c                NE_LightOff
                0x0000000002003f40                NE_LightSetColor
                0x0000000002003f50                NE_LightSetI
                0x0000000002003f88                NE_ShininessTableGenerate
                0x000000000200402c                NE_PolyBegin
                0x0000000002004038                NE_PolyEnd
                0x0000000002004044                NE_PolyNormalI
                0x0000000002004064                NE_PolyVertexI
                0x000000000200407c                NE_PolyTexCoord
                0x0000000002004090                NE_PolyFormat
                0x00000000020040ac                NE_OutliningEnable
                0x00000000020040c8                NE_OutliningSetColor
                0x00000000020040dc                NE_ShadingEnable
                0x0000000002004120                NE_ToonHighlightEnable
                0x000000000200413c                NE_FogEnable
                0x00000000020041a0                NE_FogEnableBackground
                0x00000000020041c8                NE_FogDisable
                0x00000000020041dc                NE_ClearColorSet
                0x0000000002004214                NE_ClearBMPEnable
                0x0000000002004264                NE_ClearBMPScroll
 .text          0x000000000200427c      0x46c D:\devkitPro/nitro-engine/lib\libNE.a(NEText.o)
                0x0000000002004334                NE_TextPrioritySet
                0x0000000002004340                NE_TextPriorityReset
                0x000000000200434c                NE_TextInit
                0x0000000002004364                NE_TextEnd
                0x000000000200437c                NE_TextResetSystem
                0x0000000002004398                NE_TextPrint
                0x0000000002004450                NE_TextPrintBox
                0x0000000002004554                NE_TextPrintFree
                0x00000000020045f0                NE_TextPrintBoxFree
 .text          0x00000000020046e8      0x954 D:\devkitPro/nitro-engine/lib\libNE.a(NETexture.o)
                0x0000000002004ae4                NE_MaterialCreate
                0x0000000002004b34                NE_MaterialColorSet
                0x0000000002004b38                NE_MaterialColorDelete
                0x0000000002004b44                NE_MaterialTexLoadFAT
                0x0000000002004bb0                NE_MaterialTexLoad
                0x0000000002004bf8                NE_MaterialClone
                0x0000000002004c20                NE_MaterialSetPalette
                0x0000000002004c24                NE_MaterialUse
                0x0000000002004c8c                NE_TextureSystemReset
                0x0000000002004df0                NE_MaterialDelete
                0x0000000002004e2c                NE_TextureFreeMem
                0x0000000002004e4c                NE_TextureFreeMemPercent
                0x0000000002004e6c                NE_TextureDefragMem
                0x0000000002004e70                NE_TextureSystemEnd
                0x0000000002004e84                __NE_TextureGetRawX
                0x0000000002004e9c                __NE_TextureGetRawY
                0x0000000002004eb4                NE_TextureGetRealSizeX
                0x0000000002004ed0                NE_TextureGetRealSizeY
                0x0000000002004eec                NE_TextureGetSizeX
                0x0000000002004f04                NE_TextureGetSizeY
                0x0000000002004f1c                NE_MaterialSetPropierties
                0x0000000002004f40                NE_MaterialSetDefaultPropierties
                0x0000000002004f78                NE_TextureDrawingStart
                0x0000000002004fc8                NE_TexturePutPixelRGBA
                0x0000000002004fec                NE_TexturePutPixelRGB256
                0x0000000002005028                NE_TextureDrawingEnd
 .text          0x000000000200503c        0x4 D:\devkitPro/nitro-engine/lib\libNE.a(dsma.o)
                0x000000000200503c                DSMA_GetNumFrames
 .text          0x0000000002005040      0x8dc D:\devkitPro/nitro-engine/lib\libNE.a(NE2D.o)
                0x0000000002005094                NE_SpriteCreate
                0x00000000020050e4                NE_SpriteSetPos
                0x00000000020050ec                NE_SpriteSetSize
                0x00000000020050f4                NE_SpriteSetRot
                0x00000000020050f8                NE_SpriteSetScaleI
                0x00000000020050fc                NE_SpriteSetMaterial
                0x0000000002005100                NE_SpriteSetPriority
                0x0000000002005104                NE_SpriteVisible
                0x0000000002005108                NE_SpriteSetParams
                0x0000000002005110                NE_SpriteDelete
                0x0000000002005144                NE_SpriteDeleteAll
                0x0000000002005158                NE_SpriteSystemReset
                0x000000000200518c                NE_SpriteSystemEnd
                0x00000000020051ac                NE_2DViewInit
                0x000000000200536c                NE_2DViewRotateScaleByPositionI
                0x00000000020053d4                NE_2DViewRotateByPosition
                0x0000000002005424                NE_2DViewScaleByPositionI
                0x0000000002005450                NE_2DDrawQuad
                0x00000000020054a4                NE_2DDrawQuadGradient
                0x0000000002005504                NE_2DDrawTexturedQuad
                0x00000000020055bc                NE_2DDrawTexturedQuadColor
                0x000000000200567c                NE_SpriteDraw
                0x0000000002005744                NE_SpriteDrawAll
                0x000000000200584c                NE_2DDrawTexturedQuadGradient
 .text          0x000000000200591c      0x39c D:\devkitPro/nitro-engine/lib\libNE.a(NEAlloc.o)
                0x000000000200591c                NE_AllocInit
                0x0000000002005950                NE_AllocEnd
                0x0000000002005978                NE_AllocFindInRange
                0x00000000020059d0                NE_AllocAddress
                0x0000000002005a88                NE_Alloc
                0x0000000002005b00                NE_AllocFromEnd
                0x0000000002005b64                NE_Free
                0x0000000002005be4                NE_Lock
                0x0000000002005c14                NE_Unlock
                0x0000000002005c44                NE_MemGetInformation
 .text          0x0000000002005cb8      0x204 D:\devkitPro/nitro-engine/lib\libNE.a(NEAnimation.o)
                0x0000000002005cf8                NE_AnimationCreate
                0x0000000002005d34                NE_AnimationDelete
                0x0000000002005d48                NE_AnimationLoadFAT
                0x0000000002005d9c                NE_AnimationLoad
                0x0000000002005de4                NE_AnimationDeleteAll
                0x0000000002005e10                NE_AnimationSystemReset
                0x0000000002005e84                NE_AnimationSystemEnd
 .text          0x0000000002005ebc      0x268 D:\devkitPro/nitro-engine/lib\libNE.a(NEFAT.o)
                0x0000000002005ebc                NE_FATLoadData
                0x0000000002005f04                NE_FATFileSize
                0x0000000002005f34                NE_ScreenshotBMP
 .text          0x0000000002006124      0xf30 D:\devkitPro/nitro-engine/lib\libNE.a(NEGUI.o)
                0x000000000200618c                NE_GUIUpdate
                0x00000000020066b4                NE_GUIDraw
                0x0000000002006ae4                NE_GUIButtonCreate
                0x0000000002006b68                NE_GUICheckBoxCreate
                0x0000000002006bfc                NE_GUIRadioButtonCreate
                0x0000000002006cac                NE_GUISlideBarCreate
                0x0000000002006e40                NE_GUIButtonConfig
                0x0000000002006e58                NE_GUICheckBoxConfig
                0x0000000002006e70                NE_GUIRadioButtonConfig
                0x0000000002006e88                NE_GUISlideBarConfig
                0x0000000002006eac                NE_GUISlideBarSetMinMax
                0x0000000002006f64                NE_GUIObjectGetEvent
                0x0000000002006f98                NE_GUICheckBoxGetValue
                0x0000000002006fa0                NE_GUIRadioButtonGetValue
                0x0000000002006fa8                NE_GUISlideBarGetValue
                0x0000000002006fb4                NE_GUIDeleteObject
                0x0000000002006fec                NE_GUIDeleteAll
                0x0000000002007000                NE_GUISystemReset
                0x0000000002007034                NE_GUISystemEnd
 .text          0x0000000002007054      0x33c D:\devkitPro/nitro-engine/lib\libNE.a(NEPalette.o)
                0x0000000002007178                NE_PaletteCreate
                0x00000000020071b4                NE_PaletteLoadFAT
                0x0000000002007214                NE_PaletteLoad
                0x000000000200722c                NE_PaletteLoadSize
                0x0000000002007248                NE_PaletteDelete
                0x000000000200725c                NE_PaletteUse
                0x0000000002007284                NE_PaletteSystemReset
                0x00000000020072f4                NE_PaletteFreeMem
                0x0000000002007314                NE_PaletteFreeMemPercent
                0x0000000002007334                NE_PaletteDefragMem
                0x0000000002007338                NE_PaletteSystemEnd
                0x000000000200734c                NE_PaletteModificationStart
                0x0000000002007368                NE_PaletteRGB256SetColor
                0x0000000002007378                NE_PaletteModificationEnd
 .text          0x0000000002007390      0x114 d:/devkitpro/devkitarm/bin/../lib/gcc/arm-none-eabi/11.2.0\libgcc.a(_udivsi3.o)
                0x0000000002007390                __aeabi_uidiv
                0x0000000002007390                __udivsi3
                0x0000000002007484                __aeabi_uidivmod
 .text          0x00000000020074a4      0x148 d:/devkitpro/devkitarm/bin/../lib/gcc/arm-none-eabi/11.2.0\libgcc.a(_divsi3.o)
                0x00000000020074a4                __divsi3
                0x00000000020074a4                __aeabi_idiv
                0x00000000020075cc                __aeabi_idivmod
 .text          0x00000000020075ec        0x4 d:/devkitpro/devkitarm/bin/../lib/gcc/arm-none-eabi/11.2.0\libgcc.a(_dvmd_tls.o)
                0x00000000020075ec                __aeabi_idiv0
                0x00000000020075ec                __aeabi_ldiv0
 .text          0x00000000020075f0      0x224 d:/devkitpro/devkitarm/bin/../lib/gcc/arm-none-eabi/11.2.0/../../../../arm-none-eabi/lib\libg.a(lib_a-strcmp.o)
                0x00000000020075f0                strcmp
 .text          0x0000000002007814       0x3c d:/devkitpro/devkitarm/bin/../lib/gcc/arm-none-eabi/11.2.0\libgcc.a(_aeabi_uldivmod.o)
                0x0000000002007814                __aeabi_uldivmod
 .text          0x0000000002007850       0x28 d:/devkitpro/devkitarm/bin/../lib/gcc/arm-none-eabi/11.2.0\libgcc.a(_clzdi2.o)
                0x0000000002007850                __clzdi2
 .text          0x0000000002007878       0x48 d:/devkitpro/devkitarm/bin/../lib/gcc/arm-none-eabi/11.2.0\libgcc.a(_clzsi2.o)
                0x0000000002007878                __clzsi2
 *(EXCLUDE_FILE(*.twl* *.vectors* *.itcm*) .stub)
 *(EXCLUDE_FILE(*.twl* *.vectors* *.itcm*) .text.*)
 .text.__do_global_dtors_aux
                0x00000000020078c0       0x40 d:/devkitpro/devkitarm/bin/../lib/gcc/arm-none-eabi/11.2.0/crtbegin.o
 .text.frame_dummy
                0x0000000002007900       0x30 d:/devkitpro/devkitarm/bin/../lib/gcc/arm-none-eabi/11.2.0/crtbegin.o
 .text.startup  0x0000000002007930      0x2e4 main.o
                0x0000000002007930                main
 .text.sinLutLookup
                0x0000000002007c14       0x4c D:\devkitPro/libnds/lib\libnds9.a(trig.o)
                0x0000000002007c14                sinLutLookup
 .text.sinLerp  0x0000000002007c60       0x40 D:\devkitPro/libnds/lib\libnds9.a(trig.o)
                0x0000000002007c60                sinLerp
 .text.cosLerp  0x0000000002007ca0       0x4c D:\devkitPro/libnds/lib\libnds9.a(trig.o)
                0x0000000002007ca0                cosLerp
 .text.tanLerp  0x0000000002007cec       0xb0 D:\devkitPro/libnds/lib\libnds9.a(trig.o)
                0x0000000002007cec                tanLerp
 .text.vramSetPrimaryBanks
                0x0000000002007d9c       0x44 D:\devkitPro/libnds/lib\libnds9.a(video.o)
                0x0000000002007d9c                vramSetPrimaryBanks
 .text.vramRestorePrimaryBanks
                0x0000000002007de0        0xc D:\devkitPro/libnds/lib\libnds9.a(video.o)
                0x0000000002007de0                vramRestorePrimaryBanks
 .text.vramDefault
                0x0000000002007dec       0xd0 D:\devkitPro/libnds/lib\libnds9.a(video.o)
                0x0000000002007dec                vramDefault
 .text.touchRead
                0x0000000002007ebc       0x24 D:\devkitPro/libnds/lib\libnds9.a(touch.o)
                0x0000000002007ebc                touchRead
 .text.__sassert
                0x0000000002007ee0       0x38 D:\devkitPro/libnds/lib\libnds9.a(sassert.o)
                0x0000000002007ee0                __sassert
 .text.systemValueHandler
                0x0000000002007f18       0x48 D:\devkitPro/libnds/lib\libnds9.a(system.o)
                0x0000000002007f18                systemValueHandler
 .text.systemMsgHandler
                0x0000000002007f60       0x60 D:\devkitPro/libnds/lib\libnds9.a(system.o)
                0x0000000002007f60                systemMsgHandler
 .text.powerOn  0x0000000002007fc0       0x2c D:\devkitPro/libnds/lib\libnds9.a(system.o)
                0x0000000002007fc0                powerOn
 .text.powerOff
                0x0000000002007fec       0x28 D:\devkitPro/libnds/lib\libnds9.a(system.o)
                0x0000000002007fec                powerOff
 .text.newRow   0x0000000002008014       0xa8 D:\devkitPro/libnds/lib\libnds9.a(console.o)
 .text.consolePrintChar
                0x00000000020080bc       0xe0 D:\devkitPro/libnds/lib\libnds9.a(console.o)
                0x00000000020080bc                consolePrintChar
 .text.con_write
                0x000000000200819c      0x36c D:\devkitPro/libnds/lib\libnds9.a(console.o)
                0x000000000200819c                con_write
 .text.consoleLoadFont
                0x0000000002008508      0x2a0 D:\devkitPro/libnds/lib\libnds9.a(console.o)
                0x0000000002008508                consoleLoadFont
 .text.consoleInit
                0x00000000020087a8      0x18c D:\devkitPro/libnds/lib\libnds9.a(console.o)
                0x00000000020087a8                consoleInit
 .text.consoleDemoInit
                0x0000000002008934       0x40 D:\devkitPro/libnds/lib\libnds9.a(console.o)
                0x0000000002008934                consoleDemoInit
 .text.keysHeld
                0x0000000002008974        0xc D:\devkitPro/libnds/lib\libnds9.a(keys.o)
                0x0000000002008974                keysHeld
 .text.keysDown
                0x0000000002008980       0x14 D:\devkitPro/libnds/lib\libnds9.a(keys.o)
                0x0000000002008980                keysDown
 .text.keysUp   0x0000000002008994       0x18 D:\devkitPro/libnds/lib\libnds9.a(keys.o)
                0x0000000002008994                keysUp
 .text.initSystem
                0x00000000020089ac      0x180 D:\devkitPro/libnds/lib\libnds9.a(initSystem.o)
                0x00000000020089ac                initSystem
 .text.irqDummy
                0x0000000002008b2c        0x4 D:\devkitPro/libnds/lib\libnds9.a(interrupts.o)
                0x0000000002008b2c                irqDummy
 .text.irqSet   0x0000000002008b30       0x6c D:\devkitPro/libnds/lib\libnds9.a(interrupts.o)
                0x0000000002008b30                irqSet
 .text.irqInit  0x0000000002008b9c       0x50 D:\devkitPro/libnds/lib\libnds9.a(interrupts.o)
                0x0000000002008b9c                irqInit
 .text.irqEnable
                0x0000000002008bec       0x64 D:\devkitPro/libnds/lib\libnds9.a(interrupts.o)
                0x0000000002008bec                irqEnable
 .text.systemErrorExit
                0x0000000002008c50        0x4 D:\devkitPro/libnds/lib\libnds9.a(libnds_exit.arm.o)
                0x0000000002008c50                systemErrorExit
 .text.__libnds_exit
                0x0000000002008c54       0x5c D:\devkitPro/libnds/lib\libnds9.a(libnds_exit.arm.o)
                0x0000000002008c54                __libnds_exit
 .text.fifo_queueBlock
                0x0000000002008cb0       0x44 D:\devkitPro/libnds/lib\libnds9.a(fifosystem.o)
 .text.fifo_waitBlock
                0x0000000002008cf4       0x80 D:\devkitPro/libnds/lib\libnds9.a(fifosystem.o)
 .text.fifoInternalSend.part.0
                0x0000000002008d74       0xd4 D:\devkitPro/libnds/lib\libnds9.a(fifosystem.o)
 .text.fifoInternalSendInterrupt
                0x0000000002008e48       0xb0 D:\devkitPro/libnds/lib\libnds9.a(fifosystem.o)
 .text.fifoSetValue32Handler
                0x0000000002008ef8       0xd4 D:\devkitPro/libnds/lib\libnds9.a(fifosystem.o)
                0x0000000002008ef8                fifoSetValue32Handler
 .text.fifoSendValue32
                0x0000000002008fcc       0x4c D:\devkitPro/libnds/lib\libnds9.a(fifosystem.o)
                0x0000000002008fcc                fifoSendValue32
 .text.fifoGetDatamsg
                0x0000000002009018       0xf4 D:\devkitPro/libnds/lib\libnds9.a(fifosystem.o)
                0x0000000002009018                fifoGetDatamsg
 .text.fifoInternalRecvInterrupt
                0x000000000200910c      0x37c D:\devkitPro/libnds/lib\libnds9.a(fifosystem.o)
 .text.fifoSetDatamsgHandler
                0x0000000002009488       0x9c D:\devkitPro/libnds/lib\libnds9.a(fifosystem.o)
                0x0000000002009488                fifoSetDatamsgHandler
 .text.fifoInit
                0x0000000002009524      0x108 D:\devkitPro/libnds/lib\libnds9.a(fifosystem.o)
                0x0000000002009524                fifoInit
 .text.DC_FlushAll
                0x000000000200962c       0x2c D:\devkitPro/libnds/lib\libnds9.a(dcache.o)
                0x000000000200962c                DC_FlushAll
 .text.DC_FlushRange
                0x0000000002009658       0x24 D:\devkitPro/libnds/lib\libnds9.a(dcache.o)
                0x0000000002009658                DC_FlushRange
 .text.__libnds_mpu_setup
                0x000000000200967c      0x174 D:\devkitPro/libnds/lib\libnds9.a(mpu_setup.o)
                0x000000000200967c                __libnds_mpu_setup
 .text.memUncached
                0x00000000020097f0       0x20 D:\devkitPro/libnds/lib\libnds9.a(mpu_setup.o)
                0x00000000020097f0                memUncached
 .text.swiWaitForVBlank
                0x0000000002009810        0x8 D:\devkitPro/libnds/lib\libnds9.a(IntrWait.o)
                0x0000000002009810                swiWaitForVBlank
 .text.swiIntrWait
                0x0000000002009818       0x70 D:\devkitPro/libnds/lib\libnds9.a(IntrWait.o)
                0x0000000002009818                swiIntrWait
 .text.setCpuClock
                0x0000000002009888       0x50 D:\devkitPro/libnds/lib\libnds9.a(cpu_clock.o)
                0x0000000002009888                setCpuClock
 .text.swiDelay
                0x00000000020098d8        0x4 D:\devkitPro/libnds/lib\libnds9.a(biosCalls.o)
                0x00000000020098d8                swiDelay
 .text.swiCopy  0x00000000020098dc        0x4 D:\devkitPro/libnds/lib\libnds9.a(biosCalls.o)
                0x00000000020098dc                swiCopy
 .text.swiSoftReset
                0x00000000020098e0       0x2c D:\devkitPro/libnds/lib\libnds9.a(swiSoftReset.o)
                0x00000000020098e0                swiSoftReset
 .text.checkIfText
                0x000000000200990c       0x5c D:\devkitPro/libnds/lib\libnds9.a(background.o)
                0x000000000200990c                checkIfText
 .text.bgUpdate
                0x0000000002009968       0xf4 D:\devkitPro/libnds/lib\libnds9.a(background.o)
                0x0000000002009968                bgUpdate
 .text.bgInit_call
                0x0000000002009a5c       0xc4 D:\devkitPro/libnds/lib\libnds9.a(background.o)
                0x0000000002009a5c                bgInit_call
 .text.bgInitSub_call
                0x0000000002009b20       0xcc D:\devkitPro/libnds/lib\libnds9.a(background.o)
                0x0000000002009b20                bgInitSub_call
 .text.__muldi3
                0x0000000002009bec       0x18 d:/devkitpro/devkitarm/bin/../lib/gcc/arm-none-eabi/11.2.0\libgcc.a(_muldi3.o)
                0x0000000002009bec                __muldi3
                0x0000000002009bec                __aeabi_lmul
 .text.calloc   0x0000000002009c04       0x24 d:/devkitpro/devkitarm/bin/../lib/gcc/arm-none-eabi/11.2.0/../../../../arm-none-eabi/lib\libg.a(lib_a-calloc.o)
                0x0000000002009c04                calloc
 .text._calloc_r
                0x0000000002009c28       0xc8 d:/devkitpro/devkitarm/bin/../lib/gcc/arm-none-eabi/11.2.0/../../../../arm-none-eabi/lib\libg.a(lib_a-callocr.o)
                0x0000000002009c28                _calloc_r
 .text.__errno  0x0000000002009cf0       0x10 d:/devkitpro/devkitarm/bin/../lib/gcc/arm-none-eabi/11.2.0/../../../../arm-none-eabi/lib\libg.a(lib_a-errno.o)
                0x0000000002009cf0                __errno
 .text._fclose_r
                0x0000000002009d00      0x16c d:/devkitpro/devkitarm/bin/../lib/gcc/arm-none-eabi/11.2.0/../../../../arm-none-eabi/lib\libg.a(lib_a-fclose.o)
                0x0000000002009d00                _fclose_r
 .text.fclose   0x0000000002009e6c       0x18 d:/devkitpro/devkitarm/bin/../lib/gcc/arm-none-eabi/11.2.0/../../../../arm-none-eabi/lib\libg.a(lib_a-fclose.o)
                0x0000000002009e6c                fclose
 .text.__sflush_r
                0x0000000002009e84      0x280 d:/devkitpro/devkitarm/bin/../lib/gcc/arm-none-eabi/11.2.0/../../../../arm-none-eabi/lib\libg.a(lib_a-fflush.o)
                0x0000000002009e84                __sflush_r
 .text._fflush_r
                0x000000000200a104       0x9c d:/devkitpro/devkitarm/bin/../lib/gcc/arm-none-eabi/11.2.0/../../../../arm-none-eabi/lib\libg.a(lib_a-fflush.o)
                0x000000000200a104                _fflush_r
 .text.fflush   0x000000000200a1a0       0x3c d:/devkitpro/devkitarm/bin/../lib/gcc/arm-none-eabi/11.2.0/../../../../arm-none-eabi/lib\libg.a(lib_a-fflush.o)
                0x000000000200a1a0                fflush
 .text._cleanup_r
                0x000000000200a1dc       0x18 d:/devkitpro/devkitarm/bin/../lib/gcc/arm-none-eabi/11.2.0/../../../../arm-none-eabi/lib\libg.a(lib_a-findfp.o)
                0x000000000200a1dc                _cleanup_r
 .text.__sinit  0x000000000200a1f4      0x18c d:/devkitpro/devkitarm/bin/../lib/gcc/arm-none-eabi/11.2.0/../../../../arm-none-eabi/lib\libg.a(lib_a-findfp.o)
                0x000000000200a1f4                __sinit
 .text.__sfp    0x000000000200a380      0x138 d:/devkitpro/devkitarm/bin/../lib/gcc/arm-none-eabi/11.2.0/../../../../arm-none-eabi/lib\libg.a(lib_a-findfp.o)
                0x000000000200a380                __sfp
 .text.__sfp_lock_acquire
                0x000000000200a4b8       0x18 d:/devkitpro/devkitarm/bin/../lib/gcc/arm-none-eabi/11.2.0/../../../../arm-none-eabi/lib\libg.a(lib_a-findfp.o)
                0x000000000200a4b8                __sfp_lock_acquire
 .text.__sfp_lock_release
                0x000000000200a4d0       0x18 d:/devkitpro/devkitarm/bin/../lib/gcc/arm-none-eabi/11.2.0/../../../../arm-none-eabi/lib\libg.a(lib_a-findfp.o)
                0x000000000200a4d0                __sfp_lock_release
 .text._fopen_r
                0x000000000200a4e8      0x14c d:/devkitpro/devkitarm/bin/../lib/gcc/arm-none-eabi/11.2.0/../../../../arm-none-eabi/lib\libg.a(lib_a-fopen.o)
                0x000000000200a4e8                _fopen_r
 .text.fopen    0x000000000200a634       0x20 d:/devkitpro/devkitarm/bin/../lib/gcc/arm-none-eabi/11.2.0/../../../../arm-none-eabi/lib\libg.a(lib_a-fopen.o)
                0x000000000200a634                fopen
 .text._fread_r
                0x000000000200a654      0x2dc d:/devkitpro/devkitarm/bin/../lib/gcc/arm-none-eabi/11.2.0/../../../../arm-none-eabi/lib\libg.a(lib_a-fread.o)
                0x000000000200a654                _fread_r
 .text.fread    0x000000000200a930       0x3c d:/devkitpro/devkitarm/bin/../lib/gcc/arm-none-eabi/11.2.0/../../../../arm-none-eabi/lib\libg.a(lib_a-fread.o)
                0x000000000200a930                fread
 .text._malloc_trim_r
                0x000000000200a96c      0x100 d:/devkitpro/devkitarm/bin/../lib/gcc/arm-none-eabi/11.2.0/../../../../arm-none-eabi/lib\libg.a(lib_a-freer.o)
                0x000000000200a96c                _malloc_trim_r
 .text._free_r  0x000000000200aa6c      0x2e0 d:/devkitpro/devkitarm/bin/../lib/gcc/arm-none-eabi/11.2.0/../../../../arm-none-eabi/lib\libg.a(lib_a-freer.o)
                0x000000000200aa6c                _free_r
 .text._fseek_r
                0x000000000200ad4c       0x20 d:/devkitpro/devkitarm/bin/../lib/gcc/arm-none-eabi/11.2.0/../../../../arm-none-eabi/lib\libg.a(lib_a-fseek.o)
                0x000000000200ad4c                _fseek_r
 .text.fseek    0x000000000200ad6c       0x38 d:/devkitpro/devkitarm/bin/../lib/gcc/arm-none-eabi/11.2.0/../../../../arm-none-eabi/lib\libg.a(lib_a-fseek.o)
                0x000000000200ad6c                fseek
 .text._fseeko_r
                0x000000000200ada4      0x5b0 d:/devkitpro/devkitarm/bin/../lib/gcc/arm-none-eabi/11.2.0/../../../../arm-none-eabi/lib\libg.a(lib_a-fseeko.o)
                0x000000000200ada4                _fseeko_r
 .text.ftell    0x000000000200b354       0x30 d:/devkitpro/devkitarm/bin/../lib/gcc/arm-none-eabi/11.2.0/../../../../arm-none-eabi/lib\libg.a(lib_a-ftell.o)
                0x000000000200b354                ftell
 .text._ftello_r
                0x000000000200b384      0x1c8 d:/devkitpro/devkitarm/bin/../lib/gcc/arm-none-eabi/11.2.0/../../../../arm-none-eabi/lib\libg.a(lib_a-ftello.o)
                0x000000000200b384                _ftello_r
 .text._fwalk   0x000000000200b54c       0x70 d:/devkitpro/devkitarm/bin/../lib/gcc/arm-none-eabi/11.2.0/../../../../arm-none-eabi/lib\libg.a(lib_a-fwalk.o)
                0x000000000200b54c                _fwalk
 .text._fwalk_reent
                0x000000000200b5bc       0x78 d:/devkitpro/devkitarm/bin/../lib/gcc/arm-none-eabi/11.2.0/../../../../arm-none-eabi/lib\libg.a(lib_a-fwalk.o)
                0x000000000200b5bc                _fwalk_reent
 .text._fwrite_r
                0x000000000200b634      0x100 d:/devkitpro/devkitarm/bin/../lib/gcc/arm-none-eabi/11.2.0/../../../../arm-none-eabi/lib\libg.a(lib_a-fwrite.o)
                0x000000000200b634                _fwrite_r
 .text.fwrite   0x000000000200b734       0x3c d:/devkitpro/devkitarm/bin/../lib/gcc/arm-none-eabi/11.2.0/../../../../arm-none-eabi/lib\libg.a(lib_a-fwrite.o)
                0x000000000200b734                fwrite
 .text.__libc_init_array
                0x000000000200b770       0x88 d:/devkitpro/devkitarm/bin/../lib/gcc/arm-none-eabi/11.2.0/../../../../arm-none-eabi/lib\libg.a(lib_a-init.o)
                0x000000000200b770                __libc_init_array
 .text.iprintf  0x000000000200b7f8       0x34 d:/devkitpro/devkitarm/bin/../lib/gcc/arm-none-eabi/11.2.0/../../../../arm-none-eabi/lib\libg.a(lib_a-iprintf.o)
                0x000000000200b7f8                iprintf
 .text.__smakebuf_r
                0x000000000200b82c      0x144 d:/devkitpro/devkitarm/bin/../lib/gcc/arm-none-eabi/11.2.0/../../../../arm-none-eabi/lib\libg.a(lib_a-makebuf.o)
                0x000000000200b82c                __smakebuf_r
 .text.__swhatbuf_r
                0x000000000200b970       0x80 d:/devkitpro/devkitarm/bin/../lib/gcc/arm-none-eabi/11.2.0/../../../../arm-none-eabi/lib\libg.a(lib_a-makebuf.o)
                0x000000000200b970                __swhatbuf_r
 .text.malloc   0x000000000200b9f0       0x1c d:/devkitpro/devkitarm/bin/../lib/gcc/arm-none-eabi/11.2.0/../../../../arm-none-eabi/lib\libg.a(lib_a-malloc.o)
                0x000000000200b9f0                malloc
 .text.free     0x000000000200ba0c       0x1c d:/devkitpro/devkitarm/bin/../lib/gcc/arm-none-eabi/11.2.0/../../../../arm-none-eabi/lib\libg.a(lib_a-malloc.o)
                0x000000000200ba0c                free
 .text._malloc_r
                0x000000000200ba28      0x7f0 d:/devkitpro/devkitarm/bin/../lib/gcc/arm-none-eabi/11.2.0/../../../../arm-none-eabi/lib\libg.a(lib_a-mallocr.o)
                0x000000000200ba28                _malloc_r
 .text.memcpy   0x000000000200c218      0x120 d:/devkitpro/devkitarm/bin/../lib/gcc/arm-none-eabi/11.2.0/../../../../arm-none-eabi/lib\libg.a(lib_a-memcpy-stub.o)
                0x000000000200c218                memcpy
 .text.memset   0x000000000200c338      0x11c d:/devkitpro/devkitarm/bin/../lib/gcc/arm-none-eabi/11.2.0/../../../../arm-none-eabi/lib\libg.a(lib_a-memset.o)
                0x000000000200c338                memset
 .text.__malloc_lock
                0x000000000200c454       0x18 d:/devkitpro/devkitarm/bin/../lib/gcc/arm-none-eabi/11.2.0/../../../../arm-none-eabi/lib\libg.a(lib_a-mlock.o)
                0x000000000200c454                __malloc_lock
 .text.__malloc_unlock
                0x000000000200c46c       0x18 d:/devkitpro/devkitarm/bin/../lib/gcc/arm-none-eabi/11.2.0/../../../../arm-none-eabi/lib\libg.a(lib_a-mlock.o)
                0x000000000200c46c                __malloc_unlock
 .text.rand     0x000000000200c484       0x48 d:/devkitpro/devkitarm/bin/../lib/gcc/arm-none-eabi/11.2.0/../../../../arm-none-eabi/lib\libg.a(lib_a-rand.o)
                0x000000000200c484                rand
 .text.lflush   0x000000000200c4cc       0x28 d:/devkitpro/devkitarm/bin/../lib/gcc/arm-none-eabi/11.2.0/../../../../arm-none-eabi/lib\libg.a(lib_a-refill.o)
 .text.__srefill_r
                0x000000000200c4f4      0x1bc d:/devkitpro/devkitarm/bin/../lib/gcc/arm-none-eabi/11.2.0/../../../../arm-none-eabi/lib\libg.a(lib_a-refill.o)
                0x000000000200c4f4                __srefill_r
 .text.rewind   0x000000000200c6b0       0x30 d:/devkitpro/devkitarm/bin/../lib/gcc/arm-none-eabi/11.2.0/../../../../arm-none-eabi/lib\libg.a(lib_a-rewind.o)
                0x000000000200c6b0                rewind
 .text.setvbuf  0x000000000200c6e0      0x268 d:/devkitpro/devkitarm/bin/../lib/gcc/arm-none-eabi/11.2.0/../../../../arm-none-eabi/lib\libg.a(lib_a-setvbuf.o)
                0x000000000200c6e0                setvbuf
 .text.siscanf  0x000000000200c948       0x74 d:/devkitpro/devkitarm/bin/../lib/gcc/arm-none-eabi/11.2.0/../../../../arm-none-eabi/lib\libg.a(lib_a-siscanf.o)
                0x000000000200c948                siscanf
 .text.__sread  0x000000000200c9bc       0x4c d:/devkitpro/devkitarm/bin/../lib/gcc/arm-none-eabi/11.2.0/../../../../arm-none-eabi/lib\libg.a(lib_a-stdio.o)
                0x000000000200c9bc                __sread
 .text.__seofread
                0x000000000200ca08        0x8 d:/devkitpro/devkitarm/bin/../lib/gcc/arm-none-eabi/11.2.0/../../../../arm-none-eabi/lib\libg.a(lib_a-stdio.o)
                0x000000000200ca08                __seofread
 .text.__swrite
                0x000000000200ca10       0x6c d:/devkitpro/devkitarm/bin/../lib/gcc/arm-none-eabi/11.2.0/../../../../arm-none-eabi/lib\libg.a(lib_a-stdio.o)
                0x000000000200ca10                __swrite
 .text.__sseek  0x000000000200ca7c       0x4c d:/devkitpro/devkitarm/bin/../lib/gcc/arm-none-eabi/11.2.0/../../../../arm-none-eabi/lib\libg.a(lib_a-stdio.o)
                0x000000000200ca7c                __sseek
 .text.__sclose
                0x000000000200cac8       0x14 d:/devkitpro/devkitarm/bin/../lib/gcc/arm-none-eabi/11.2.0/../../../../arm-none-eabi/lib\libg.a(lib_a-stdio.o)
                0x000000000200cac8                __sclose
 .text.strlen   0x000000000200cadc       0x60 d:/devkitpro/devkitarm/bin/../lib/gcc/arm-none-eabi/11.2.0/../../../../arm-none-eabi/lib\libg.a(lib_a-strlen-stub.o)
                0x000000000200cadc                strlen
 .text.get_arg  0x000000000200cb3c       0x54 d:/devkitpro/devkitarm/bin/../lib/gcc/arm-none-eabi/11.2.0/../../../../arm-none-eabi/lib\libg.a(lib_a-svfiscanf.o)
 .text._sungetc_r
                0x000000000200cb90       0xe4 d:/devkitpro/devkitarm/bin/../lib/gcc/arm-none-eabi/11.2.0/../../../../arm-none-eabi/lib\libg.a(lib_a-svfiscanf.o)
                0x000000000200cb90                _sungetc_r
 .text.__ssrefill_r
                0x000000000200cc74       0x68 d:/devkitpro/devkitarm/bin/../lib/gcc/arm-none-eabi/11.2.0/../../../../arm-none-eabi/lib\libg.a(lib_a-svfiscanf.o)
                0x000000000200cc74                __ssrefill_r
 .text._sfread_r
                0x000000000200ccdc       0xcc d:/devkitpro/devkitarm/bin/../lib/gcc/arm-none-eabi/11.2.0/../../../../arm-none-eabi/lib\libg.a(lib_a-svfiscanf.o)
                0x000000000200ccdc                _sfread_r
 .text.__ssvfiscanf_r
                0x000000000200cda8     0x2300 d:/devkitpro/devkitarm/bin/../lib/gcc/arm-none-eabi/11.2.0/../../../../arm-none-eabi/lib\libg.a(lib_a-svfiscanf.o)
                0x000000000200cda8                __ssvfiscanf_r
 .text.__submore
                0x000000000200f0a8       0xb0 d:/devkitpro/devkitarm/bin/../lib/gcc/arm-none-eabi/11.2.0/../../../../arm-none-eabi/lib\libg.a(lib_a-ungetc.o)
                0x000000000200f0a8                __submore
 .text.get_arg  0x000000000200f158      0x628 d:/devkitpro/devkitarm/bin/../lib/gcc/arm-none-eabi/11.2.0/../../../../arm-none-eabi/lib\libg.a(lib_a-vfiprintf.o)
 .text.__sprint_r
                0x000000000200f780       0x34 d:/devkitpro/devkitarm/bin/../lib/gcc/arm-none-eabi/11.2.0/../../../../arm-none-eabi/lib\libg.a(lib_a-vfiprintf.o)
                0x000000000200f780                __sprint_r
 .text._vfiprintf_r
                0x000000000200f7b4     0x2360 d:/devkitpro/devkitarm/bin/../lib/gcc/arm-none-eabi/11.2.0/../../../../arm-none-eabi/lib\libg.a(lib_a-vfiprintf.o)
                0x000000000200f7b4                _vfiprintf_r
 .text.__sbprintf
                0x0000000002011b14       0xd4 d:/devkitpro/devkitarm/bin/../lib/gcc/arm-none-eabi/11.2.0/../../../../arm-none-eabi/lib\libg.a(lib_a-vfiprintf.o)
 .text.viprintf
                0x0000000002011be8       0x28 d:/devkitpro/devkitarm/bin/../lib/gcc/arm-none-eabi/11.2.0/../../../../arm-none-eabi/lib\libg.a(lib_a-viprintf.o)
                0x0000000002011be8                viprintf
 .text._wcrtomb_r
                0x0000000002011c10       0x5c d:/devkitpro/devkitarm/bin/../lib/gcc/arm-none-eabi/11.2.0/../../../../arm-none-eabi/lib\libg.a(lib_a-wcrtomb.o)
                0x0000000002011c10                _wcrtomb_r
 .text._wcsrtombs_r
                0x0000000002011c6c       0x2c d:/devkitpro/devkitarm/bin/../lib/gcc/arm-none-eabi/11.2.0/../../../../arm-none-eabi/lib\libg.a(lib_a-wcsrtombs.o)
                0x0000000002011c6c                _wcsrtombs_r
 .text.__swsetup_r
                0x0000000002011c98      0x160 d:/devkitpro/devkitarm/bin/../lib/gcc/arm-none-eabi/11.2.0/../../../../arm-none-eabi/lib\libg.a(lib_a-wsetup.o)
                0x0000000002011c98                __swsetup_r
 .text.__sflags
                0x0000000002011df8       0xd0 d:/devkitpro/devkitarm/bin/../lib/gcc/arm-none-eabi/11.2.0/../../../../arm-none-eabi/lib\libg.a(lib_a-flags.o)
                0x0000000002011df8                __sflags
 .text.__sfvwrite_r
                0x0000000002011ec8      0x4e8 d:/devkitpro/devkitarm/bin/../lib/gcc/arm-none-eabi/11.2.0/../../../../arm-none-eabi/lib\libg.a(lib_a-fvwrite.o)
                0x0000000002011ec8                __sfvwrite_r
 .text.iswspace
                0x00000000020123b0       0x14 d:/devkitpro/devkitarm/bin/../lib/gcc/arm-none-eabi/11.2.0/../../../../arm-none-eabi/lib\libg.a(lib_a-iswspace.o)
                0x00000000020123b0                iswspace
 .text._localeconv_r
                0x00000000020123c4        0xc d:/devkitpro/devkitarm/bin/../lib/gcc/arm-none-eabi/11.2.0/../../../../arm-none-eabi/lib\libg.a(lib_a-localeconv.o)
                0x00000000020123c4                _localeconv_r
 .text.__locale_mb_cur_max
                0x00000000020123d0       0x10 d:/devkitpro/devkitarm/bin/../lib/gcc/arm-none-eabi/11.2.0/../../../../arm-none-eabi/lib\libg.a(lib_a-locale.o)
                0x00000000020123d0                __locale_mb_cur_max
 .text._mbrtowc_r
                0x00000000020123e0       0x70 d:/devkitpro/devkitarm/bin/../lib/gcc/arm-none-eabi/11.2.0/../../../../arm-none-eabi/lib\libg.a(lib_a-mbrtowc.o)
                0x00000000020123e0                _mbrtowc_r
 .text.__utf8_mbtowc
                0x0000000002012450      0x308 d:/devkitpro/devkitarm/bin/../lib/gcc/arm-none-eabi/11.2.0/../../../../arm-none-eabi/lib\libg.a(lib_a-mbtowc_r.o)
                0x0000000002012450                __utf8_mbtowc
 .text.memchr   0x0000000002012758       0xf8 d:/devkitpro/devkitarm/bin/../lib/gcc/arm-none-eabi/11.2.0/../../../../arm-none-eabi/lib\libg.a(lib_a-memchr-stub.o)
                0x0000000002012758                memchr
 .text.memmove  0x0000000002012850      0x158 d:/devkitpro/devkitarm/bin/../lib/gcc/arm-none-eabi/11.2.0/../../../../arm-none-eabi/lib\libg.a(lib_a-memmove.o)
                0x0000000002012850                memmove
 .text.realloc  0x00000000020129a8       0x24 d:/devkitpro/devkitarm/bin/../lib/gcc/arm-none-eabi/11.2.0/../../../../arm-none-eabi/lib\libg.a(lib_a-realloc.o)
                0x00000000020129a8                realloc
 .text._realloc_r
                0x00000000020129cc      0x570 d:/devkitpro/devkitarm/bin/../lib/gcc/arm-none-eabi/11.2.0/../../../../arm-none-eabi/lib\libg.a(lib_a-reallocr.o)
                0x00000000020129cc                _realloc_r
 .text.__sccl   0x0000000002012f3c       0xe4 d:/devkitpro/devkitarm/bin/../lib/gcc/arm-none-eabi/11.2.0/../../../../arm-none-eabi/lib\libg.a(lib_a-sccl.o)
                0x0000000002012f3c                __sccl
 .text.strchr   0x0000000002013020      0x138 d:/devkitpro/devkitarm/bin/../lib/gcc/arm-none-eabi/11.2.0/../../../../arm-none-eabi/lib\libg.a(lib_a-strchr.o)
                0x0000000002013020                strchr
 .text.strncpy  0x0000000002013158       0xcc d:/devkitpro/devkitarm/bin/../lib/gcc/arm-none-eabi/11.2.0/../../../../arm-none-eabi/lib\libg.a(lib_a-strncpy.o)
                0x0000000002013158                strncpy
 .text._strtoll_l.constprop.0
                0x0000000002013224      0x230 d:/devkitpro/devkitarm/bin/../lib/gcc/arm-none-eabi/11.2.0/../../../../arm-none-eabi/lib\libg.a(lib_a-strtoll.o)
 .text._strtoll_r
                0x0000000002013454        0x4 d:/devkitpro/devkitarm/bin/../lib/gcc/arm-none-eabi/11.2.0/../../../../arm-none-eabi/lib\libg.a(lib_a-strtoll.o)
                0x0000000002013454                _strtoll_r
 .text._strtol_l.part.0
                0x0000000002013458      0x1a8 d:/devkitpro/devkitarm/bin/../lib/gcc/arm-none-eabi/11.2.0/../../../../arm-none-eabi/lib\libg.a(lib_a-strtol.o)
 .text._strtol_r
                0x0000000002013600       0x3c d:/devkitpro/devkitarm/bin/../lib/gcc/arm-none-eabi/11.2.0/../../../../arm-none-eabi/lib\libg.a(lib_a-strtol.o)
                0x0000000002013600                _strtol_r
 .text._strtoull_l.constprop.0
                0x000000000201363c      0x248 d:/devkitpro/devkitarm/bin/../lib/gcc/arm-none-eabi/11.2.0/../../../../arm-none-eabi/lib\libg.a(lib_a-strtoull.o)
 .text._strtoull_r
                0x0000000002013884        0x4 d:/devkitpro/devkitarm/bin/../lib/gcc/arm-none-eabi/11.2.0/../../../../arm-none-eabi/lib\libg.a(lib_a-strtoull.o)
                0x0000000002013884                _strtoull_r
 .text._strtoul_l.constprop.0
                0x0000000002013888      0x1c8 d:/devkitpro/devkitarm/bin/../lib/gcc/arm-none-eabi/11.2.0/../../../../arm-none-eabi/lib\libg.a(lib_a-strtoul.o)
 .text._strtoul_r
                0x0000000002013a50        0x4 d:/devkitpro/devkitarm/bin/../lib/gcc/arm-none-eabi/11.2.0/../../../../arm-none-eabi/lib\libg.a(lib_a-strtoul.o)
                0x0000000002013a50                _strtoul_r
 .text._wcsnrtombs_l
                0x0000000002013a54      0x1a0 d:/devkitpro/devkitarm/bin/../lib/gcc/arm-none-eabi/11.2.0/../../../../arm-none-eabi/lib\libg.a(lib_a-wcsnrtombs.o)
                0x0000000002013a54                _wcsnrtombs_l
 .text._wcsnrtombs_r
                0x0000000002013bf4       0x50 d:/devkitpro/devkitarm/bin/../lib/gcc/arm-none-eabi/11.2.0/../../../../arm-none-eabi/lib\libg.a(lib_a-wcsnrtombs.o)
                0x0000000002013bf4                _wcsnrtombs_r
 .text.__utf8_wctomb
                0x0000000002013c44       0xf4 d:/devkitpro/devkitarm/bin/../lib/gcc/arm-none-eabi/11.2.0/../../../../arm-none-eabi/lib\libg.a(lib_a-wctomb_r.o)
                0x0000000002013c44                __utf8_wctomb
 .text.iswspace_l
                0x0000000002013d38       0x44 d:/devkitpro/devkitarm/bin/../lib/gcc/arm-none-eabi/11.2.0/../../../../arm-none-eabi/lib\libg.a(lib_a-iswspace_l.o)
                0x0000000002013d38                iswspace_l
 .text.__jp2uc  0x0000000002013d7c      0x1e4 d:/devkitpro/devkitarm/bin/../lib/gcc/arm-none-eabi/11.2.0/../../../../arm-none-eabi/lib\libg.a(lib_a-jp2uc.o)
 .text._jp2uc_l
                0x0000000002013f60       0x94 d:/devkitpro/devkitarm/bin/../lib/gcc/arm-none-eabi/11.2.0/../../../../arm-none-eabi/lib\libg.a(lib_a-jp2uc.o)
                0x0000000002013f60                _jp2uc_l
 .text.strncmp  0x0000000002013ff4       0xe4 d:/devkitpro/devkitarm/bin/../lib/gcc/arm-none-eabi/11.2.0/../../../../arm-none-eabi/lib\libg.a(lib_a-strncmp.o)
                0x0000000002013ff4                strncmp
 .text.category
                0x00000000020140d8       0x8c d:/devkitpro/devkitarm/bin/../lib/gcc/arm-none-eabi/11.2.0/../../../../arm-none-eabi/lib\libg.a(lib_a-categories.o)
                0x00000000020140d8                category
 .text.null_write
                0x0000000002014164        0x8 d:/devkitpro/devkitarm/bin/../lib/gcc/arm-none-eabi/11.2.0/../../../../arm-none-eabi/lib\libsysbase.a(iosupport.o)
 .text.FindDevice
                0x000000000201416c       0xd4 d:/devkitpro/devkitarm/bin/../lib/gcc/arm-none-eabi/11.2.0/../../../../arm-none-eabi/lib\libsysbase.a(iosupport.o)
                0x000000000201416c                FindDevice
 .text._fstat_r
                0x0000000002014240       0x7c d:/devkitpro/devkitarm/bin/../lib/gcc/arm-none-eabi/11.2.0/../../../../arm-none-eabi/lib\libsysbase.a(fstat.o)
                0x0000000002014240                _fstat_r
 .text._isatty_r
                0x00000000020142bc        0x8 d:/devkitpro/devkitarm/bin/../lib/gcc/arm-none-eabi/11.2.0/../../../../arm-none-eabi/lib\libsysbase.a(isatty.o)
                0x00000000020142bc                _isatty_r
 .text._lseek_r
                0x00000000020142c4       0x88 d:/devkitpro/devkitarm/bin/../lib/gcc/arm-none-eabi/11.2.0/../../../../arm-none-eabi/lib\libsysbase.a(lseek.o)
                0x00000000020142c4                _lseek_r
 .text._open_r  0x000000000201434c       0xd0 d:/devkitpro/devkitarm/bin/../lib/gcc/arm-none-eabi/11.2.0/../../../../arm-none-eabi/lib\libsysbase.a(open.o)
                0x000000000201434c                _open_r
 .text._read_r  0x000000000201441c       0x84 d:/devkitpro/devkitarm/bin/../lib/gcc/arm-none-eabi/11.2.0/../../../../arm-none-eabi/lib\libsysbase.a(read.o)
                0x000000000201441c                _read_r
 .text._sbrk_r  0x00000000020144a0       0x7c d:/devkitpro/devkitarm/bin/../lib/gcc/arm-none-eabi/11.2.0/../../../../arm-none-eabi/lib\libsysbase.a(sbrk.o)
                0x00000000020144a0                _sbrk_r
 .text._write_r
                0x000000000201451c       0x84 d:/devkitpro/devkitarm/bin/../lib/gcc/arm-none-eabi/11.2.0/../../../../arm-none-eabi/lib\libsysbase.a(write.o)
                0x000000000201451c                _write_r
 .text.build_argv
                0x00000000020145a0       0x80 d:/devkitpro/devkitarm/bin/../lib/gcc/arm-none-eabi/11.2.0/../../../../arm-none-eabi/lib\libsysbase.a(build_argv.o)
                0x00000000020145a0                build_argv
 .text.__flockfile
                0x0000000002014620       0x14 d:/devkitpro/devkitarm/bin/../lib/gcc/arm-none-eabi/11.2.0/../../../../arm-none-eabi/lib\libsysbase.a(flock.o)
                0x0000000002014620                __flockfile
 .text.__funlockfile
                0x0000000002014634       0x14 d:/devkitpro/devkitarm/bin/../lib/gcc/arm-none-eabi/11.2.0/../../../../arm-none-eabi/lib\libsysbase.a(flock.o)
                0x0000000002014634                __funlockfile
 .text.__release_handle
                0x0000000002014648       0x90 d:/devkitpro/devkitarm/bin/../lib/gcc/arm-none-eabi/11.2.0/../../../../arm-none-eabi/lib\libsysbase.a(handle_manager.o)
                0x0000000002014648                __release_handle
 .text.__alloc_handle
                0x00000000020146d8       0xb8 d:/devkitpro/devkitarm/bin/../lib/gcc/arm-none-eabi/11.2.0/../../../../arm-none-eabi/lib\libsysbase.a(handle_manager.o)
                0x00000000020146d8                __alloc_handle
 .text.__get_handle
                0x0000000002014790       0x40 d:/devkitpro/devkitarm/bin/../lib/gcc/arm-none-eabi/11.2.0/../../../../arm-none-eabi/lib\libsysbase.a(handle_manager.o)
                0x0000000002014790                __get_handle
 .text._close_r
                0x00000000020147d0       0xfc d:/devkitpro/devkitarm/bin/../lib/gcc/arm-none-eabi/11.2.0/../../../../arm-none-eabi/lib\libsysbase.a(handle_manager.o)
                0x00000000020147d0                _close_r
 .text.__getreent
                0x00000000020148cc       0x30 d:/devkitpro/devkitarm/bin/../lib/gcc/arm-none-eabi/11.2.0/../../../../arm-none-eabi/lib\libsysbase.a(getreent.o)
                0x00000000020148cc                __getreent
 .text.__libc_lock_acquire
                0x00000000020148fc       0x20 d:/devkitpro/devkitarm/bin/../lib/gcc/arm-none-eabi/11.2.0/../../../../arm-none-eabi/lib\libsysbase.a(syscall_support.o)
                0x00000000020148fc                __libc_lock_acquire
 .text.__libc_lock_release
                0x000000000201491c       0x20 d:/devkitpro/devkitarm/bin/../lib/gcc/arm-none-eabi/11.2.0/../../../../arm-none-eabi/lib\libsysbase.a(syscall_support.o)
                0x000000000201491c                __libc_lock_release
 .text.__libc_lock_init_recursive
                0x000000000201493c       0x20 d:/devkitpro/devkitarm/bin/../lib/gcc/arm-none-eabi/11.2.0/../../../../arm-none-eabi/lib\libsysbase.a(syscall_support.o)
                0x000000000201493c                __libc_lock_init_recursive
 .text.__libc_lock_acquire_recursive
                0x000000000201495c       0x20 d:/devkitpro/devkitarm/bin/../lib/gcc/arm-none-eabi/11.2.0/../../../../arm-none-eabi/lib\libsysbase.a(syscall_support.o)
                0x000000000201495c                __libc_lock_acquire_recursive
 .text.__libc_lock_release_recursive
                0x000000000201497c       0x20 d:/devkitpro/devkitarm/bin/../lib/gcc/arm-none-eabi/11.2.0/../../../../arm-none-eabi/lib\libsysbase.a(syscall_support.o)
                0x000000000201497c                __libc_lock_release_recursive
 .text.__libc_lock_close_recursive
                0x000000000201499c       0x20 d:/devkitpro/devkitarm/bin/../lib/gcc/arm-none-eabi/11.2.0/../../../../arm-none-eabi/lib\libsysbase.a(syscall_support.o)
                0x000000000201499c                __libc_lock_close_recursive
 .text.__udivmoddi4
                0x00000000020149bc      0x128 d:/devkitpro/devkitarm/bin/../lib/gcc/arm-none-eabi/11.2.0\libgcc.a(_udivmoddi4.o)
                0x00000000020149bc                __udivmoddi4
 *fill*         0x0000000002014ae4        0x4 ff
 .text.__udivmoddi4.__stub
                0x0000000002014ae8      0x1fc linker stubs
 *(EXCLUDE_FILE(*.twl*) .gnu.warning)
 *(EXCLUDE_FILE(*.twl*) .gnu.linkonce.t*)
 *(.glue_7)
 .glue_7        0x0000000002014d40        0x0 linker stubs
 *(.glue_7t)
 .glue_7t       0x0000000002014d40        0x0 linker stubs
                0x0000000002014d40                . = ALIGN (0x4)

.vfp11_veneer   0x0000000002014d40        0x0
 .vfp11_veneer  0x0000000002014d40        0x0 linker stubs

.v4_bx          0x0000000002014d40        0x0
 .v4_bx         0x0000000002014d40        0x0 linker stubs

.iplt           0x0000000002014d40        0x0
 .iplt          0x0000000002014d40        0x0 d:/devkitpro/devkitarm/bin/../lib/gcc/arm-none-eabi/11.2.0/../../../../arm-none-eabi/lib/ds_arm9_crt0.o

.fini           0x0000000002014d40       0x18
 *(.fini)
 .fini          0x0000000002014d40        0xc d:/devkitpro/devkitarm/bin/../lib/gcc/arm-none-eabi/11.2.0/crti.o
                0x0000000002014d40                _fini
 .fini          0x0000000002014d4c        0xc d:/devkitpro/devkitarm/bin/../lib/gcc/arm-none-eabi/11.2.0/crtn.o
                0x0000000002014d58                __text_end = .

.rodata         0x0000000002014d58     0x91c8
 *(EXCLUDE_FILE(*.twl*) .rodata)
 .rodata        0x0000000002014d58       0x24 D:\devkitPro/nitro-engine/lib\libNE.a(NETexture.o)
 *all.rodata*(*)
 *(EXCLUDE_FILE(*.twl*) .roda)
 *(EXCLUDE_FILE(*.twl*) .rodata.*)
 .rodata.cube_bin
                0x0000000002014d7c      0x10c cube.bin.o
                0x0000000002014d7c                cube_bin
                0x0000000002014e88                cube_bin_end
 .rodata.plane_bin
                0x0000000002014e88       0x38 plane.bin.o
                0x0000000002014e88                plane_bin
                0x0000000002014ec0                plane_bin_end
 .rodata.str1.4
                0x0000000002014ec0       0xab D:\devkitPro/nitro-engine/lib\libNE.a(NEModel.o)
 .rodata.str1.4
                0x0000000002014f6b       0xab D:\devkitPro/nitro-engine/lib\libNE.a(dsma.o)
 *fill*         0x0000000002014f6b        0x1 ff
 .rodata.str1.4
                0x0000000002014f6c        0x7 D:\devkitPro/nitro-engine/lib\libNE.a(NEFAT.o)
 *fill*         0x0000000002014f73        0x1 ff
 .rodata.SIN_LUT
                0x0000000002014f74      0x102 D:\devkitPro/libnds/lib\libnds9.a(trig.o)
                0x0000000002014f74                SIN_LUT
 *fill*         0x0000000002015076        0x2 ff
 .rodata.TAN_LUT
                0x0000000002015078      0x204 D:\devkitPro/libnds/lib\libnds9.a(trig.o)
                0x0000000002015078                TAN_LUT
 .rodata.__sassert.str1.4
                0x000000000201527c       0x42 D:\devkitPro/libnds/lib\libnds9.a(sassert.o)
 *fill*         0x00000000020152be        0x2 ff
 .rodata.con_write.str1.4
                0x00000000020152c0       0x30 D:\devkitPro/libnds/lib\libnds9.a(console.o)
 .rodata.con_write
                0x00000000020152f0       0xd4 D:\devkitPro/libnds/lib\libnds9.a(console.o)
 .rodata.str1.4
                0x00000000020153c4       0x14 D:\devkitPro/libnds/lib\libnds9.a(console.o)
 .rodata.dotab_stdout
                0x00000000020153d8       0x70 D:\devkitPro/libnds/lib\libnds9.a(console.o)
 .rodata.default_font_bin
                0x0000000002015448     0x2000 D:\devkitPro/libnds/lib\libnds9.a(default_font.bin.o)
                0x0000000002015448                default_font_bin
                0x0000000002017448                default_font_bin_end
 .rodata._global_impure_ptr
                0x0000000002017448        0x4 d:/devkitpro/devkitarm/bin/../lib/gcc/arm-none-eabi/11.2.0/../../../../arm-none-eabi/lib\libg.a(lib_a-impure.o)
                0x0000000002017448                _global_impure_ptr
 .rodata.basefix.0
                0x000000000201744c       0x22 d:/devkitpro/devkitarm/bin/../lib/gcc/arm-none-eabi/11.2.0/../../../../arm-none-eabi/lib\libg.a(lib_a-svfiscanf.o)
 .rodata._vfiprintf_r.str1.1
                0x000000000201746e       0x29 d:/devkitpro/devkitarm/bin/../lib/gcc/arm-none-eabi/11.2.0/../../../../arm-none-eabi/lib\libg.a(lib_a-vfiprintf.o)
 *fill*         0x0000000002017497        0x1 ff
 .rodata.blanks.1
                0x0000000002017498       0x10 d:/devkitpro/devkitarm/bin/../lib/gcc/arm-none-eabi/11.2.0/../../../../arm-none-eabi/lib\libg.a(lib_a-vfiprintf.o)
 .rodata.zeroes.0
                0x00000000020174a8       0x10 d:/devkitpro/devkitarm/bin/../lib/gcc/arm-none-eabi/11.2.0/../../../../arm-none-eabi/lib\libg.a(lib_a-vfiprintf.o)
 .rodata._ctype_
                0x00000000020174b8      0x101 d:/devkitpro/devkitarm/bin/../lib/gcc/arm-none-eabi/11.2.0/../../../../arm-none-eabi/lib\libg.a(lib_a-ctype_.o)
                0x00000000020174b8                _ctype_
 *fill*         0x00000000020175b9        0x3 ff
 .rodata.str1.4
                0x00000000020175bc       0x48 d:/devkitpro/devkitarm/bin/../lib/gcc/arm-none-eabi/11.2.0/../../../../arm-none-eabi/lib\libg.a(lib_a-locale.o)
                                         0x4c (size before relaxing)
 .rodata._mbrtowc_r.str1.4
                0x0000000002017604        0x1 d:/devkitpro/devkitarm/bin/../lib/gcc/arm-none-eabi/11.2.0/../../../../arm-none-eabi/lib\libg.a(lib_a-mbrtowc.o)
 .rodata.__action_table
                0x0000000002017604       0x6c d:/devkitpro/devkitarm/bin/../lib/gcc/arm-none-eabi/11.2.0/../../../../arm-none-eabi/lib\libg.a(lib_a-svfiprintf.o)
                0x0000000002017604                __action_table
 .rodata.__chclass
                0x0000000002017670      0x100 d:/devkitpro/devkitarm/bin/../lib/gcc/arm-none-eabi/11.2.0/../../../../arm-none-eabi/lib\libg.a(lib_a-svfiprintf.o)
                0x0000000002017670                __chclass
 .rodata.__state_table
                0x0000000002017770       0x6c d:/devkitpro/devkitarm/bin/../lib/gcc/arm-none-eabi/11.2.0/../../../../arm-none-eabi/lib\libg.a(lib_a-svfiprintf.o)
                0x0000000002017770                __state_table
 .rodata._jp2uc_l.str1.4
                0x00000000020177dc       0x12 d:/devkitpro/devkitarm/bin/../lib/gcc/arm-none-eabi/11.2.0/../../../../arm-none-eabi/lib\libg.a(lib_a-jp2uc.o)
 *fill*         0x00000000020177ee        0x2 ff
 .rodata.a1     0x00000000020177f0       0xbc d:/devkitpro/devkitarm/bin/../lib/gcc/arm-none-eabi/11.2.0/../../../../arm-none-eabi/lib\libg.a(lib_a-jp2uc.o)
 .rodata.a2     0x00000000020178ac       0xbc d:/devkitpro/devkitarm/bin/../lib/gcc/arm-none-eabi/11.2.0/../../../../arm-none-eabi/lib\libg.a(lib_a-jp2uc.o)
 .rodata.a3     0x0000000002017968       0x5b d:/devkitpro/devkitarm/bin/../lib/gcc/arm-none-eabi/11.2.0/../../../../arm-none-eabi/lib\libg.a(lib_a-jp2uc.o)
 *fill*         0x00000000020179c3        0x1 ff
 .rodata.a6     0x00000000020179c4       0x70 d:/devkitpro/devkitarm/bin/../lib/gcc/arm-none-eabi/11.2.0/../../../../arm-none-eabi/lib\libg.a(lib_a-jp2uc.o)
 .rodata.a7     0x0000000002017a34       0xa2 d:/devkitpro/devkitarm/bin/../lib/gcc/arm-none-eabi/11.2.0/../../../../arm-none-eabi/lib\libg.a(lib_a-jp2uc.o)
 *fill*         0x0000000002017ad6        0x2 ff
 .rodata.a8     0x0000000002017ad8       0x40 d:/devkitpro/devkitarm/bin/../lib/gcc/arm-none-eabi/11.2.0/../../../../arm-none-eabi/lib\libg.a(lib_a-jp2uc.o)
 .rodata.b02cf  0x0000000002017b18     0x172a d:/devkitpro/devkitarm/bin/../lib/gcc/arm-none-eabi/11.2.0/../../../../arm-none-eabi/lib\libg.a(lib_a-jp2uc.o)
 *fill*         0x0000000002019242        0x2 ff
 .rodata.d02f4  0x0000000002019244     0x1a7c d:/devkitpro/devkitarm/bin/../lib/gcc/arm-none-eabi/11.2.0/../../../../arm-none-eabi/lib\libg.a(lib_a-jp2uc.o)
 .rodata.categories
                0x000000000201acc0     0x31e6 d:/devkitpro/devkitarm/bin/../lib/gcc/arm-none-eabi/11.2.0/../../../../arm-none-eabi/lib\libg.a(lib_a-categories.o)
 *fill*         0x000000000201dea6        0x2 ff
 .rodata.AddDevice.str1.4
                0x000000000201dea8        0x8 d:/devkitpro/devkitarm/bin/../lib/gcc/arm-none-eabi/11.2.0/../../../../arm-none-eabi/lib\libsysbase.a(iosupport.o)
 .rodata.dotab_stdnull
                0x000000000201deb0       0x70 d:/devkitpro/devkitarm/bin/../lib/gcc/arm-none-eabi/11.2.0/../../../../arm-none-eabi/lib\libsysbase.a(iosupport.o)
                0x000000000201deb0                dotab_stdnull
 *(EXCLUDE_FILE(*.twl*) .gnu.linkonce.r*)
                0x000000000201df20                . = ALIGN (0x4)

.ARM.extab
 *(.ARM.extab* .gnu.linkonce.armextab.*)
                0x000000000201df20                __exidx_start = .

ARM.exidx
 *(.ARM.exidx* .gnu.linkonce.armexidx.*)
                0x000000000201df20                __exidx_end = .
                0x000000000201df20                . = ALIGN (0x4)
                0x000000000201df20                PROVIDE (__preinit_array_start = .)

.preinit_array
 *(.preinit_array)
                0x000000000201df20                PROVIDE (__preinit_array_end = .)
                0x000000000201df20                PROVIDE (__init_array_start = .)

.init_array     0x000000000201df20        0x4
 *(SORT_BY_NAME(.init_array.*))
 *(.init_array)
 .init_array    0x000000000201df20        0x4 d:/devkitpro/devkitarm/bin/../lib/gcc/arm-none-eabi/11.2.0/crtbegin.o
                0x000000000201df24                PROVIDE (__init_array_end = .)
                [!provide]                        PROVIDE (__fini_array_start = .)

.fini_array     0x000000000201df24        0x4
 *(.fini_array)
 .fini_array    0x000000000201df24        0x4 d:/devkitpro/devkitarm/bin/../lib/gcc/arm-none-eabi/11.2.0/crtbegin.o
 *(SORT_BY_NAME(.fini_array.*))
                [!provide]                        PROVIDE (__fini_array_end = .)

.ctors          0x000000000201df28        0x0
 *crtbegin.o(.ctors)
 *(EXCLUDE_FILE(*crtend.o) .ctors)
 *(SORT_BY_NAME(.ctors.*))
 *(.ctors)
                0x000000000201df28                . = ALIGN (0x4)

.dtors          0x000000000201df28        0x0
 *crtbegin.o(.dtors)
 *(EXCLUDE_FILE(*crtend.o) .dtors)
 *(SORT_BY_NAME(.dtors.*))
 *(.dtors)
                0x000000000201df28                . = ALIGN (0x4)

.eh_frame       0x000000000201df28        0x4
 *(.eh_frame)
 .eh_frame      0x000000000201df28        0x0 d:/devkitpro/devkitarm/bin/../lib/gcc/arm-none-eabi/11.2.0/crtbegin.o
 .eh_frame      0x000000000201df28        0x4 d:/devkitpro/devkitarm/bin/../lib/gcc/arm-none-eabi/11.2.0/crtend.o
                0x000000000201df2c                . = ALIGN (0x4)

.rel.dyn        0x000000000201df2c        0x0
 .rel.iplt      0x000000000201df2c        0x0 d:/devkitpro/devkitarm/bin/../lib/gcc/arm-none-eabi/11.2.0/../../../../arm-none-eabi/lib/ds_arm9_crt0.o

.gcc_except_table
                0x000000000201df2c        0x0
 *(.gcc_except_table)
                0x000000000201df2c                . = ALIGN (0x4)

.jcr
 *(.jcr)

.got
 *(.got.plt)
 *(.got)
 *(.rel.got)

.ewram          0x000000000201df2c        0x0
                0x000000000201df2c                __ewram_start = ABSOLUTE (.)
 *(.ewram)
 *ewram.*(.text)
                0x000000000201df2c                . = ALIGN (0x4)

.data           0x000000000201df2c     0x1ba4
                0x000000000201df2c                __data_start = ABSOLUTE (.)
 *(EXCLUDE_FILE(*.twl*) .data)
 .data          0x000000000201df2c       0x10 D:\devkitPro/nitro-engine/lib\libNE.a(NEGeneral.o)
 .data          0x000000000201df3c       0x28 D:\devkitPro/libnds/lib\libnds9.a(mpu_setup.o)
 *(EXCLUDE_FILE(*.twl*) .data.*)
 .data.currentConsole
                0x000000000201df64        0x4 D:\devkitPro/libnds/lib\libnds9.a(console.o)
                0x000000000201df64                currentConsole
 .data.defaultConsole
                0x000000000201df68       0x5c D:\devkitPro/libnds/lib\libnds9.a(console.o)
                0x000000000201df68                defaultConsole
 .data.firstConsoleInit.0
                0x000000000201dfc4        0x1 D:\devkitPro/libnds/lib\libnds9.a(console.o)
 *fill*         0x000000000201dfc5        0x3 ff
 .data.fifo_buffer_free
                0x000000000201dfc8        0x4 D:\devkitPro/libnds/lib\libnds9.a(fifosystem.o)
                0x000000000201dfc8                fifo_buffer_free
 .data.fifo_freewords
                0x000000000201dfcc        0x4 D:\devkitPro/libnds/lib\libnds9.a(fifosystem.o)
                0x000000000201dfcc                fifo_freewords
 .data.fifo_receive_queue
                0x000000000201dfd0        0x4 D:\devkitPro/libnds/lib\libnds9.a(fifosystem.o)
                0x000000000201dfd0                fifo_receive_queue
 .data.fifo_send_queue
                0x000000000201dfd4        0x4 D:\devkitPro/libnds/lib\libnds9.a(fifosystem.o)
                0x000000000201dfd4                fifo_send_queue
 .data.bgControl
                0x000000000201dfd8       0x20 D:\devkitPro/libnds/lib\libnds9.a(background.o)
                0x000000000201dfd8                bgControl
 .data.bgScrollTable
                0x000000000201dff8       0x20 D:\devkitPro/libnds/lib\libnds9.a(background.o)
                0x000000000201dff8                bgScrollTable
 .data.bgTransform
                0x000000000201e018       0x20 D:\devkitPro/libnds/lib\libnds9.a(background.o)
                0x000000000201e018                bgTransform
 .data._impure_ptr
                0x000000000201e038        0x4 d:/devkitpro/devkitarm/bin/../lib/gcc/arm-none-eabi/11.2.0/../../../../arm-none-eabi/lib\libg.a(lib_a-impure.o)
                0x000000000201e038                _impure_ptr
 *fill*         0x000000000201e03c        0x4 ff
 .data.impure_data
                0x000000000201e040      0x460 d:/devkitpro/devkitarm/bin/../lib/gcc/arm-none-eabi/11.2.0/../../../../arm-none-eabi/lib\libg.a(lib_a-impure.o)
 .data.__malloc_av_
                0x000000000201e4a0      0x408 d:/devkitpro/devkitarm/bin/../lib/gcc/arm-none-eabi/11.2.0/../../../../arm-none-eabi/lib\libg.a(lib_a-mallocr.o)
                0x000000000201e4a0                __malloc_av_
 .data.__malloc_sbrk_base
                0x000000000201e8a8        0x4 d:/devkitpro/devkitarm/bin/../lib/gcc/arm-none-eabi/11.2.0/../../../../arm-none-eabi/lib\libg.a(lib_a-mallocr.o)
                0x000000000201e8a8                __malloc_sbrk_base
 .data.__malloc_trim_threshold
                0x000000000201e8ac        0x4 d:/devkitpro/devkitarm/bin/../lib/gcc/arm-none-eabi/11.2.0/../../../../arm-none-eabi/lib\libg.a(lib_a-mallocr.o)
                0x000000000201e8ac                __malloc_trim_threshold
 .data.__global_locale
                0x000000000201e8b0      0x16c d:/devkitpro/devkitarm/bin/../lib/gcc/arm-none-eabi/11.2.0/../../../../arm-none-eabi/lib\libg.a(lib_a-locale.o)
                0x000000000201e8b0                __global_locale
 .data.defaultDevice
                0x000000000201ea1c        0x4 d:/devkitpro/devkitarm/bin/../lib/gcc/arm-none-eabi/11.2.0/../../../../arm-none-eabi/lib\libsysbase.a(iosupport.o)
 .data.devoptab_list
                0x000000000201ea20       0x8c d:/devkitpro/devkitarm/bin/../lib/gcc/arm-none-eabi/11.2.0/../../../../arm-none-eabi/lib\libsysbase.a(iosupport.o)
                0x000000000201ea20                devoptab_list
 .data.__stderr_handle
                0x000000000201eaac        0xc d:/devkitpro/devkitarm/bin/../lib/gcc/arm-none-eabi/11.2.0/../../../../arm-none-eabi/lib\libsysbase.a(handle_manager.o)
 .data.__stdin_handle
                0x000000000201eab8        0xc d:/devkitpro/devkitarm/bin/../lib/gcc/arm-none-eabi/11.2.0/../../../../arm-none-eabi/lib\libsysbase.a(handle_manager.o)
 .data.__stdout_handle
                0x000000000201eac4        0xc d:/devkitpro/devkitarm/bin/../lib/gcc/arm-none-eabi/11.2.0/../../../../arm-none-eabi/lib\libsysbase.a(handle_manager.o)
 .data.handles  0x000000000201ead0     0x1000 d:/devkitpro/devkitarm/bin/../lib/gcc/arm-none-eabi/11.2.0/../../../../arm-none-eabi/lib\libsysbase.a(handle_manager.o)
 *(EXCLUDE_FILE(*.twl*) .gnu.linkonce.d*)
                0x000000000201fad0                . = ALIGN (0x4)
                0x000000000201fad0                __data_end = ABSOLUTE (.)
                0x000000000201fad0                __bss_vma = .

.igot.plt       0x000000000201fad0        0x0
 .igot.plt      0x000000000201fad0        0x0 d:/devkitpro/devkitarm/bin/../lib/gcc/arm-none-eabi/11.2.0/../../../../arm-none-eabi/lib/ds_arm9_crt0.o

.dtcm           0x0000000002ff0000        0x0 load address 0x000000000201fad0
                0x000000000201fad0                __dtcm_lma = LOADADDR (.dtcm)
                0x0000000002ff0000                __dtcm_start = ABSOLUTE (.)
 *(.dtcm)
 *(.dtcm.*)
                0x0000000002ff0000                . = ALIGN (0x4)
                0x0000000002ff0000                __dtcm_end = ABSOLUTE (.)

.itcm           0x0000000001000100      0xb08 load address 0x000000000201fad0
                0x000000000201fad0                __itcm_lma = LOADADDR (.itcm)
                0x0000000001000100                __itcm_start = ABSOLUTE (.)
 *(.itcm)
 .itcm          0x0000000001000100      0x964 D:\devkitPro/nitro-engine/lib\libNE.a(dsma.o)
                0x0000000001000100                DSMA_DrawModel
                0x0000000001000528                DSMA_DrawModelBlendAnimation
 .itcm          0x0000000001000a64       0xc8 D:\devkitPro/libnds/lib\libnds9.a(interrupts.o)
                0x0000000001000a64                irqTable
 .itcm          0x0000000001000b2c       0xcc D:\devkitPro/libnds/lib\libnds9.a(interruptDispatcher.o)
                0x0000000001000b2c                IntrMain
 .itcm.__stub   0x0000000001000bf8        0xc linker stubs
 *.itcm*(.text .stub .text.*)
                0x0000000001000c04                . = ALIGN (0x4)
                0x0000000001000c08                __itcm_end = ABSOLUTE (.)

.vectors        0x0000000001000000        0x0 load address 0x00000000020205d8
                0x00000000020205d8                __vectors_lma = LOADADDR (.vectors)
                0x0000000001000000                __vectors_start = ABSOLUTE (.)
 *(.vectors .vectors.*)
                0x0000000001000000                . = ALIGN (0x4)
                0x0000000001000000                __vectors_end = ABSOLUTE (.)

.sbss           0x0000000002ff0000        0x0
                0x0000000002ff0000                __sbss_start = ABSOLUTE (.)
                0x0000000002ff0000                __sbss_start__ = ABSOLUTE (.)
 *(.sbss)
                0x0000000002ff0000                . = ALIGN (0x4)
                0x0000000002ff0000                __sbss_end = ABSOLUTE (.)

.bss            0x000000000201fad0      0xe14
                0x000000000201fad0                __bss_start = ABSOLUTE (.)
                0x000000000201fad0                __bss_start__ = ABSOLUTE (.)
 *(EXCLUDE_FILE(*.twl*) .dynbss)
 *(EXCLUDE_FILE(*.twl*) .gnu.linkonce.b*)
 *(EXCLUDE_FILE(*.twl*) .bss*)
 .bss.completed.1
                0x000000000201fad0        0x1 d:/devkitpro/devkitarm/bin/../lib/gcc/arm-none-eabi/11.2.0/crtbegin.o
 *fill*         0x000000000201fad1        0x3 
 .bss.object.0  0x000000000201fad4       0x18 d:/devkitpro/devkitarm/bin/../lib/gcc/arm-none-eabi/11.2.0/crtbegin.o
 .bss           0x000000000201faec       0x40 main.o
                0x000000000201faec                Camara
                0x000000000201faf0                Model
                0x000000000201fb0c                block
                0x000000000201fb10                Physics
 .bss           0x000000000201fb2c        0x9 D:\devkitPro/nitro-engine/lib\libNE.a(NECamera.o)
 *fill*         0x000000000201fb35        0x3 
 .bss           0x000000000201fb38       0x5c D:\devkitPro/nitro-engine/lib\libNE.a(NEGeneral.o)
                0x000000000201fb38                NE_Dual
                0x000000000201fb60                ne_input
                0x000000000201fb8c                NE_TestTouch
 .bss           0x000000000201fb94        0xd D:\devkitPro/nitro-engine/lib\libNE.a(NEModel.o)
 *fill*         0x000000000201fba1        0x3 
 .bss           0x000000000201fba4        0x9 D:\devkitPro/nitro-engine/lib\libNE.a(NEPhysics.o)
 *fill*         0x000000000201fbad        0x3 
 .bss           0x000000000201fbb0        0x4 D:\devkitPro/nitro-engine/lib\libNE.a(NEPolygon.o)
 .bss           0x000000000201fbb4       0x64 D:\devkitPro/nitro-engine/lib\libNE.a(NEText.o)
 .bss           0x000000000201fc18       0x30 D:\devkitPro/nitro-engine/lib\libNE.a(NETexture.o)
 .bss           0x000000000201fc48        0x9 D:\devkitPro/nitro-engine/lib\libNE.a(NE2D.o)
 *fill*         0x000000000201fc51        0x3 
 .bss           0x000000000201fc54        0x9 D:\devkitPro/nitro-engine/lib\libNE.a(NEAnimation.o)
 *fill*         0x000000000201fc5d        0x3 
 .bss           0x000000000201fc60        0x9 D:\devkitPro/nitro-engine/lib\libNE.a(NEGUI.o)
 *fill*         0x000000000201fc69        0x3 
 .bss           0x000000000201fc6c       0x18 D:\devkitPro/nitro-engine/lib\libNE.a(NEPalette.o)
 .bss.SDcallback
                0x000000000201fc84        0x4 D:\devkitPro/libnds/lib\libnds9.a(system.o)
 .bss.currentCopy
                0x000000000201fc88       0x5c D:\devkitPro/libnds/lib\libnds9.a(console.o)
                0x000000000201fc88                currentCopy
 .bss.keys      0x000000000201fce4        0x2 D:\devkitPro/libnds/lib\libnds9.a(keys.o)
 .bss.keysold   0x000000000201fce6        0x2 D:\devkitPro/libnds/lib\libnds9.a(keys.o)
 .bss.__dsimode
                0x000000000201fce8        0x1 D:\devkitPro/libnds/lib\libnds9.a(initSystem.o)
                0x000000000201fce8                __dsimode
 *fill*         0x000000000201fce9        0x3 
 .bss.punixTime
                0x000000000201fcec        0x4 D:\devkitPro/libnds/lib\libnds9.a(initSystem.o)
                0x000000000201fcec                punixTime
 .bss.fifo_address_data
                0x000000000201fcf0       0x40 D:\devkitPro/libnds/lib\libnds9.a(fifosystem.o)
                0x000000000201fcf0                fifo_address_data
 .bss.fifo_address_func
                0x000000000201fd30       0x40 D:\devkitPro/libnds/lib\libnds9.a(fifosystem.o)
                0x000000000201fd30                fifo_address_func
 .bss.fifo_address_queue
                0x000000000201fd70       0x40 D:\devkitPro/libnds/lib\libnds9.a(fifosystem.o)
                0x000000000201fd70                fifo_address_queue
 .bss.fifo_buffer
                0x000000000201fdb0      0x800 D:\devkitPro/libnds/lib\libnds9.a(fifosystem.o)
                0x000000000201fdb0                fifo_buffer
 .bss.fifo_data_queue
                0x00000000020205b0       0x40 D:\devkitPro/libnds/lib\libnds9.a(fifosystem.o)
                0x00000000020205b0                fifo_data_queue
 .bss.fifo_datamsg_data
                0x00000000020205f0       0x40 D:\devkitPro/libnds/lib\libnds9.a(fifosystem.o)
                0x00000000020205f0                fifo_datamsg_data
 .bss.fifo_datamsg_func
                0x0000000002020630       0x40 D:\devkitPro/libnds/lib\libnds9.a(fifosystem.o)
                0x0000000002020630                fifo_datamsg_func
 .bss.fifo_value32_data
                0x0000000002020670       0x40 D:\devkitPro/libnds/lib\libnds9.a(fifosystem.o)
                0x0000000002020670                fifo_value32_data
 .bss.fifo_value32_func
                0x00000000020206b0       0x40 D:\devkitPro/libnds/lib\libnds9.a(fifosystem.o)
                0x00000000020206b0                fifo_value32_func
 .bss.fifo_value32_queue
                0x00000000020206f0       0x40 D:\devkitPro/libnds/lib\libnds9.a(fifosystem.o)
                0x00000000020206f0                fifo_value32_queue
 .bss.processing
                0x0000000002020730        0x4 D:\devkitPro/libnds/lib\libnds9.a(fifosystem.o)
                0x0000000002020730                processing
 .bss.bgIsTextLut
                0x0000000002020734        0x8 D:\devkitPro/libnds/lib\libnds9.a(background.o)
                0x0000000002020734                bgIsTextLut
 .bss.bgState   0x000000000202073c      0x140 D:\devkitPro/libnds/lib\libnds9.a(background.o)
                0x000000000202073c                bgState
 .bss.__sfp_recursive_mutex
                0x000000000202087c        0xc d:/devkitpro/devkitarm/bin/../lib/gcc/arm-none-eabi/11.2.0/../../../../arm-none-eabi/lib\libg.a(lib_a-findfp.o)
 .bss.__sinit_recursive_mutex
                0x0000000002020888        0xc d:/devkitpro/devkitarm/bin/../lib/gcc/arm-none-eabi/11.2.0/../../../../arm-none-eabi/lib\libg.a(lib_a-findfp.o)
 .bss.__malloc_current_mallinfo
                0x0000000002020894       0x28 d:/devkitpro/devkitarm/bin/../lib/gcc/arm-none-eabi/11.2.0/../../../../arm-none-eabi/lib\libg.a(lib_a-mallocr.o)
                0x0000000002020894                __malloc_current_mallinfo
 .bss.__malloc_max_sbrked_mem
                0x00000000020208bc        0x4 d:/devkitpro/devkitarm/bin/../lib/gcc/arm-none-eabi/11.2.0/../../../../arm-none-eabi/lib\libg.a(lib_a-mallocr.o)
                0x00000000020208bc                __malloc_max_sbrked_mem
 .bss.__malloc_max_total_mem
                0x00000000020208c0        0x4 d:/devkitpro/devkitarm/bin/../lib/gcc/arm-none-eabi/11.2.0/../../../../arm-none-eabi/lib\libg.a(lib_a-mallocr.o)
                0x00000000020208c0                __malloc_max_total_mem
 .bss.__malloc_top_pad
                0x00000000020208c4        0x4 d:/devkitpro/devkitarm/bin/../lib/gcc/arm-none-eabi/11.2.0/../../../../arm-none-eabi/lib\libg.a(lib_a-mallocr.o)
                0x00000000020208c4                __malloc_top_pad
 .bss.__malloc_recursive_mutex
                0x00000000020208c8        0xc d:/devkitpro/devkitarm/bin/../lib/gcc/arm-none-eabi/11.2.0/../../../../arm-none-eabi/lib\libg.a(lib_a-mlock.o)
 .bss.heap_start.0
                0x00000000020208d4        0x4 d:/devkitpro/devkitarm/bin/../lib/gcc/arm-none-eabi/11.2.0/../../../../arm-none-eabi/lib\libsysbase.a(sbrk.o)
 .bss.fake_heap_end
                0x00000000020208d8        0x4 d:/devkitpro/devkitarm/bin/../lib/gcc/arm-none-eabi/11.2.0/../../../../arm-none-eabi/lib\libsysbase.a(malloc_vars.o)
                0x00000000020208d8                fake_heap_end
 .bss.fake_heap_start
                0x00000000020208dc        0x4 d:/devkitpro/devkitarm/bin/../lib/gcc/arm-none-eabi/11.2.0/../../../../arm-none-eabi/lib\libsysbase.a(malloc_vars.o)
                0x00000000020208dc                fake_heap_start
 .bss.__hndl_lock
                0x00000000020208e0        0x4 d:/devkitpro/devkitarm/bin/../lib/gcc/arm-none-eabi/11.2.0/../../../../arm-none-eabi/lib\libsysbase.a(handle_manager.o)
 *(EXCLUDE_FILE(*.twl*) COMMON)
                0x00000000020208e4                . = ALIGN (0x4)
                0x00000000020208e4                __bss_end__ = ABSOLUTE (.)
                0x00000000020208e4                __end__ = ABSOLUTE (.)

.twl            0x00000000020208e4        0x0 load address 0x0000000002400000
                0x0000000002400000                __arm9i_lma__ = LOADADDR (.twl)
                0x00000000020208e4                __arm9i_start__ = ABSOLUTE (.)
 *(.twl)
 *.twl*(.text .stub .text.* .gnu.linkonce.t.*)
 *.twl*(.rodata)
 *.twl*(.roda)
 *.twl*(.rodata.*)
 *.twl*(.data)
 *.twl*(.data.*)
 *.twl*(.gnu.linkonce.d*)
                0x00000000020208e4                __arm9i_end__ = ABSOLUTE (.)

.twl_bss        0x00000000020208e4        0x0
                0x00000000020208e4                __twl_bss_start__ = ABSOLUTE (.)
 *(.twl_bss)
 *.twl*(.dynbss)
 *.twl*(.gnu.linkonce.b*)
 *.twl*(.bss*)
 *.twl*(COMMON)
                0x00000000020208e4                . = ALIGN (0x4)
                0x00000000020208e4                __twl_bss_end__ = ABSOLUTE (.)
                0x00000000020208e4                __twl_end__ = ABSOLUTE (.)

.stab
 *(.stab)

.stabstr
 *(.stabstr)

.stab.excl
 *(.stab.excl)

.stab.exclstr
 *(.stab.exclstr)

.stab.index
 *(.stab.index)

.stab.indexstr
 *(.stab.indexstr)

.comment        0x0000000000000000       0x23
 *(.comment)
 .comment       0x0000000000000000       0x23 d:/devkitpro/devkitarm/bin/../lib/gcc/arm-none-eabi/11.2.0/crtbegin.o
                                         0x24 (size before relaxing)
 .comment       0x0000000000000023       0x24 load.o
 .comment       0x0000000000000023       0x24 main.o
 .comment       0x0000000000000023       0x24 D:\devkitPro/nitro-engine/lib\libNE.a(NECamera.o)
 .comment       0x0000000000000023       0x24 D:\devkitPro/nitro-engine/lib\libNE.a(NEGeneral.o)
 .comment       0x0000000000000023       0x24 D:\devkitPro/nitro-engine/lib\libNE.a(NEModel.o)
 .comment       0x0000000000000023       0x24 D:\devkitPro/nitro-engine/lib\libNE.a(NEPhysics.o)
 .comment       0x0000000000000023       0x24 D:\devkitPro/nitro-engine/lib\libNE.a(NEPolygon.o)
 .comment       0x0000000000000023       0x24 D:\devkitPro/nitro-engine/lib\libNE.a(NEText.o)
 .comment       0x0000000000000023       0x24 D:\devkitPro/nitro-engine/lib\libNE.a(NETexture.o)
 .comment       0x0000000000000023       0x24 D:\devkitPro/nitro-engine/lib\libNE.a(dsma.o)
 .comment       0x0000000000000023       0x24 D:\devkitPro/nitro-engine/lib\libNE.a(NE2D.o)
 .comment       0x0000000000000023       0x24 D:\devkitPro/nitro-engine/lib\libNE.a(NEAlloc.o)
 .comment       0x0000000000000023       0x24 D:\devkitPro/nitro-engine/lib\libNE.a(NEAnimation.o)
 .comment       0x0000000000000023       0x24 D:\devkitPro/nitro-engine/lib\libNE.a(NEFAT.o)
 .comment       0x0000000000000023       0x24 D:\devkitPro/nitro-engine/lib\libNE.a(NEGUI.o)
 .comment       0x0000000000000023       0x24 D:\devkitPro/nitro-engine/lib\libNE.a(NEPalette.o)
 .comment       0x0000000000000023       0x24 D:\devkitPro/libnds/lib\libnds9.a(trig.o)
 .comment       0x0000000000000023       0x24 D:\devkitPro/libnds/lib\libnds9.a(video.o)
 .comment       0x0000000000000023       0x24 D:\devkitPro/libnds/lib\libnds9.a(touch.o)
 .comment       0x0000000000000023       0x24 D:\devkitPro/libnds/lib\libnds9.a(sassert.o)
 .comment       0x0000000000000023       0x24 D:\devkitPro/libnds/lib\libnds9.a(system.o)
 .comment       0x0000000000000023       0x24 D:\devkitPro/libnds/lib\libnds9.a(console.o)
 .comment       0x0000000000000023       0x24 D:\devkitPro/libnds/lib\libnds9.a(keys.o)
 .comment       0x0000000000000023       0x24 D:\devkitPro/libnds/lib\libnds9.a(initSystem.o)
 .comment       0x0000000000000023       0x24 D:\devkitPro/libnds/lib\libnds9.a(securearea.o)
 .comment       0x0000000000000023       0x24 D:\devkitPro/libnds/lib\libnds9.a(interrupts.o)
 .comment       0x0000000000000023       0x24 D:\devkitPro/libnds/lib\libnds9.a(libnds_exit.arm.o)
 .comment       0x0000000000000023       0x24 D:\devkitPro/libnds/lib\libnds9.a(fifosystem.o)
 .comment       0x0000000000000023       0x24 D:\devkitPro/libnds/lib\libnds9.a(background.o)
 .comment       0x0000000000000023       0x24 d:/devkitpro/devkitarm/bin/../lib/gcc/arm-none-eabi/11.2.0\libgcc.a(_muldi3.o)
 .comment       0x0000000000000023       0x24 d:/devkitpro/devkitarm/bin/../lib/gcc/arm-none-eabi/11.2.0/../../../../arm-none-eabi/lib\libg.a(lib_a-calloc.o)
 .comment       0x0000000000000023       0x24 d:/devkitpro/devkitarm/bin/../lib/gcc/arm-none-eabi/11.2.0/../../../../arm-none-eabi/lib\libg.a(lib_a-callocr.o)
 .comment       0x0000000000000023       0x24 d:/devkitpro/devkitarm/bin/../lib/gcc/arm-none-eabi/11.2.0/../../../../arm-none-eabi/lib\libg.a(lib_a-errno.o)
 .comment       0x0000000000000023       0x24 d:/devkitpro/devkitarm/bin/../lib/gcc/arm-none-eabi/11.2.0/../../../../arm-none-eabi/lib\libg.a(lib_a-fclose.o)
 .comment       0x0000000000000023       0x24 d:/devkitpro/devkitarm/bin/../lib/gcc/arm-none-eabi/11.2.0/../../../../arm-none-eabi/lib\libg.a(lib_a-fflush.o)
 .comment       0x0000000000000023       0x24 d:/devkitpro/devkitarm/bin/../lib/gcc/arm-none-eabi/11.2.0/../../../../arm-none-eabi/lib\libg.a(lib_a-findfp.o)
 .comment       0x0000000000000023       0x24 d:/devkitpro/devkitarm/bin/../lib/gcc/arm-none-eabi/11.2.0/../../../../arm-none-eabi/lib\libg.a(lib_a-fopen.o)
 .comment       0x0000000000000023       0x24 d:/devkitpro/devkitarm/bin/../lib/gcc/arm-none-eabi/11.2.0/../../../../arm-none-eabi/lib\libg.a(lib_a-fread.o)
 .comment       0x0000000000000023       0x24 d:/devkitpro/devkitarm/bin/../lib/gcc/arm-none-eabi/11.2.0/../../../../arm-none-eabi/lib\libg.a(lib_a-freer.o)
 .comment       0x0000000000000023       0x24 d:/devkitpro/devkitarm/bin/../lib/gcc/arm-none-eabi/11.2.0/../../../../arm-none-eabi/lib\libg.a(lib_a-fseek.o)
 .comment       0x0000000000000023       0x24 d:/devkitpro/devkitarm/bin/../lib/gcc/arm-none-eabi/11.2.0/../../../../arm-none-eabi/lib\libg.a(lib_a-fseeko.o)
 .comment       0x0000000000000023       0x24 d:/devkitpro/devkitarm/bin/../lib/gcc/arm-none-eabi/11.2.0/../../../../arm-none-eabi/lib\libg.a(lib_a-ftell.o)
 .comment       0x0000000000000023       0x24 d:/devkitpro/devkitarm/bin/../lib/gcc/arm-none-eabi/11.2.0/../../../../arm-none-eabi/lib\libg.a(lib_a-ftello.o)
 .comment       0x0000000000000023       0x24 d:/devkitpro/devkitarm/bin/../lib/gcc/arm-none-eabi/11.2.0/../../../../arm-none-eabi/lib\libg.a(lib_a-fwalk.o)
 .comment       0x0000000000000023       0x24 d:/devkitpro/devkitarm/bin/../lib/gcc/arm-none-eabi/11.2.0/../../../../arm-none-eabi/lib\libg.a(lib_a-fwrite.o)
 .comment       0x0000000000000023       0x24 d:/devkitpro/devkitarm/bin/../lib/gcc/arm-none-eabi/11.2.0/../../../../arm-none-eabi/lib\libg.a(lib_a-impure.o)
 .comment       0x0000000000000023       0x24 d:/devkitpro/devkitarm/bin/../lib/gcc/arm-none-eabi/11.2.0/../../../../arm-none-eabi/lib\libg.a(lib_a-init.o)
 .comment       0x0000000000000023       0x24 d:/devkitpro/devkitarm/bin/../lib/gcc/arm-none-eabi/11.2.0/../../../../arm-none-eabi/lib\libg.a(lib_a-iprintf.o)
 .comment       0x0000000000000023       0x24 d:/devkitpro/devkitarm/bin/../lib/gcc/arm-none-eabi/11.2.0/../../../../arm-none-eabi/lib\libg.a(lib_a-makebuf.o)
 .comment       0x0000000000000023       0x24 d:/devkitpro/devkitarm/bin/../lib/gcc/arm-none-eabi/11.2.0/../../../../arm-none-eabi/lib\libg.a(lib_a-malloc.o)
 .comment       0x0000000000000023       0x24 d:/devkitpro/devkitarm/bin/../lib/gcc/arm-none-eabi/11.2.0/../../../../arm-none-eabi/lib\libg.a(lib_a-mallocr.o)
 .comment       0x0000000000000023       0x24 d:/devkitpro/devkitarm/bin/../lib/gcc/arm-none-eabi/11.2.0/../../../../arm-none-eabi/lib\libg.a(lib_a-memcpy-stub.o)
 .comment       0x0000000000000023       0x24 d:/devkitpro/devkitarm/bin/../lib/gcc/arm-none-eabi/11.2.0/../../../../arm-none-eabi/lib\libg.a(lib_a-memset.o)
 .comment       0x0000000000000023       0x24 d:/devkitpro/devkitarm/bin/../lib/gcc/arm-none-eabi/11.2.0/../../../../arm-none-eabi/lib\libg.a(lib_a-mlock.o)
 .comment       0x0000000000000023       0x24 d:/devkitpro/devkitarm/bin/../lib/gcc/arm-none-eabi/11.2.0/../../../../arm-none-eabi/lib\libg.a(lib_a-rand.o)
 .comment       0x0000000000000023       0x24 d:/devkitpro/devkitarm/bin/../lib/gcc/arm-none-eabi/11.2.0/../../../../arm-none-eabi/lib\libg.a(lib_a-refill.o)
 .comment       0x0000000000000023       0x24 d:/devkitpro/devkitarm/bin/../lib/gcc/arm-none-eabi/11.2.0/../../../../arm-none-eabi/lib\libg.a(lib_a-rewind.o)
 .comment       0x0000000000000023       0x24 d:/devkitpro/devkitarm/bin/../lib/gcc/arm-none-eabi/11.2.0/../../../../arm-none-eabi/lib\libg.a(lib_a-setvbuf.o)
 .comment       0x0000000000000023       0x24 d:/devkitpro/devkitarm/bin/../lib/gcc/arm-none-eabi/11.2.0/../../../../arm-none-eabi/lib\libg.a(lib_a-siscanf.o)
 .comment       0x0000000000000023       0x24 d:/devkitpro/devkitarm/bin/../lib/gcc/arm-none-eabi/11.2.0/../../../../arm-none-eabi/lib\libg.a(lib_a-stdio.o)
 .comment       0x0000000000000023       0x24 d:/devkitpro/devkitarm/bin/../lib/gcc/arm-none-eabi/11.2.0/../../../../arm-none-eabi/lib\libg.a(lib_a-strlen-stub.o)
 .comment       0x0000000000000023       0x24 d:/devkitpro/devkitarm/bin/../lib/gcc/arm-none-eabi/11.2.0/../../../../arm-none-eabi/lib\libg.a(lib_a-svfiscanf.o)
 .comment       0x0000000000000023       0x24 d:/devkitpro/devkitarm/bin/../lib/gcc/arm-none-eabi/11.2.0/../../../../arm-none-eabi/lib\libg.a(lib_a-ungetc.o)
 .comment       0x0000000000000023       0x24 d:/devkitpro/devkitarm/bin/../lib/gcc/arm-none-eabi/11.2.0/../../../../arm-none-eabi/lib\libg.a(lib_a-vfiprintf.o)
 .comment       0x0000000000000023       0x24 d:/devkitpro/devkitarm/bin/../lib/gcc/arm-none-eabi/11.2.0/../../../../arm-none-eabi/lib\libg.a(lib_a-viprintf.o)
 .comment       0x0000000000000023       0x24 d:/devkitpro/devkitarm/bin/../lib/gcc/arm-none-eabi/11.2.0/../../../../arm-none-eabi/lib\libg.a(lib_a-wcrtomb.o)
 .comment       0x0000000000000023       0x24 d:/devkitpro/devkitarm/bin/../lib/gcc/arm-none-eabi/11.2.0/../../../../arm-none-eabi/lib\libg.a(lib_a-wcsrtombs.o)