Archive member included to satisfy reference by file (symbol)

D:\devkitPro/nitro-engine/lib\libNE.a(NECamera.o)
                              main.o (NE_CameraCreate)
D:\devkitPro/nitro-engine/lib\libNE.a(NEGeneral.o)
                              main.o (NE_Init3D)
D:\devkitPro/nitro-engine/lib\libNE.a(NEModel.o)
                              main.o (NE_ModelCreate)
D:\devkitPro/nitro-engine/lib\libNE.a(NEPhysics.o)
                              main.o (NE_PhysicsCreate)
D:\devkitPro/nitro-engine/lib\libNE.a(NEPolygon.o)
                              D:\devkitPro/nitro-engine/lib\libNE.a(NEGeneral.o) (NE_LightOff)
D:\devkitPro/nitro-engine/lib\libNE.a(NEText.o)
                              D:\devkitPro/nitro-engine/lib\libNE.a(NEGeneral.o) (NE_TextPriorityReset)
D:\devkitPro/nitro-engine/lib\libNE.a(NETexture.o)
                              D:\devkitPro/nitro-engine/lib\libNE.a(NEModel.o) (NE_MaterialUse)
D:\devkitPro/nitro-engine/lib\libNE.a(dsma.o)
                              D:\devkitPro/nitro-engine/lib\libNE.a(NEModel.o) (DSMA_DrawModel)
D:\devkitPro/nitro-engine/lib\libNE.a(NE2D.o)
                              D:\devkitPro/nitro-engine/lib\libNE.a(NEGeneral.o) (NE_SpriteSystemReset)
D:\devkitPro/nitro-engine/lib\libNE.a(NEAlloc.o)
                              D:\devkitPro/nitro-engine/lib\libNE.a(NETexture.o) (NE_AllocInit)
D:\devkitPro/nitro-engine/lib\libNE.a(NEAnimation.o)
                              D:\devkitPro/nitro-engine/lib\libNE.a(NEGeneral.o) (NE_AnimationSystemReset)
D:\devkitPro/nitro-engine/lib\libNE.a(NEFAT.o)
                              D:\devkitPro/nitro-engine/lib\libNE.a(NEModel.o) (NE_FATLoadData)
D:\devkitPro/nitro-engine/lib\libNE.a(NEGUI.o)
                              D:\devkitPro/nitro-engine/lib\libNE.a(NEGeneral.o) (NE_GUIUpdate)
D:\devkitPro/nitro-engine/lib\libNE.a(NEPalette.o)
                              D:\devkitPro/nitro-engine/lib\libNE.a(NETexture.o) (NE_PaletteUse)
D:\devkitPro/libnds/lib\libnds9.a(trig.o)
                              D:\devkitPro/nitro-engine/lib\libNE.a(NECamera.o) (sinLerp)
D:\devkitPro/libnds/lib\libnds9.a(video.o)
                              D:\devkitPro/nitro-engine/lib\libNE.a(NETexture.o) (vramSetPrimaryBanks)
D:\devkitPro/libnds/lib\libnds9.a(touch.o)
                              D:\devkitPro/nitro-engine/lib\libNE.a(NEGeneral.o) (touchRead)
D:\devkitPro/libnds/lib\libnds9.a(sassert.o)
                              D:\devkitPro/nitro-engine/lib\libNE.a(NEModel.o) (__sassert)
D:\devkitPro/libnds/lib\libnds9.a(system.o)
                              D:\devkitPro/nitro-engine/lib\libNE.a(NEGeneral.o) (powerOn)
D:\devkitPro/libnds/lib\libnds9.a(console.o)
                              D:\devkitPro/nitro-engine/lib\libNE.a(NEGeneral.o) (consoleInit)
D:\devkitPro/libnds/lib\libnds9.a(keys.o)
                              D:\devkitPro/nitro-engine/lib\libNE.a(NEGeneral.o) (keysHeld)
D:\devkitPro/libnds/lib\libnds9.a(initSystem.o)
                              d:/devkitpro/devkitarm/bin/../lib/gcc/arm-none-eabi/11.2.0/../../../../arm-none-eabi/lib/ds_arm9_crt0.o (initSystem)
D:\devkitPro/libnds/lib\libnds9.a(securearea.o)
                              d:/devkitpro/devkitarm/bin/../lib/gcc/arm-none-eabi/11.2.0/../../../../arm-none-eabi/lib/ds_arm9_crt0.o (__secure_area__)
D:\devkitPro/libnds/lib\libnds9.a(interrupts.o)
                              main.o (irqSet)
D:\devkitPro/libnds/lib\libnds9.a(libnds_exit.arm.o)
                              d:/devkitpro/devkitarm/bin/../lib/gcc/arm-none-eabi/11.2.0/../../../../arm-none-eabi/lib/ds_arm9_crt0.o (__libnds_exit)
D:\devkitPro/libnds/lib\libnds9.a(fifosystem.o)
                              D:\devkitPro/libnds/lib\libnds9.a(initSystem.o) (fifoSetValue32Handler)
D:\devkitPro/libnds/lib\libnds9.a(dcache.o)
                              D:\devkitPro/nitro-engine/lib\libNE.a(NEFAT.o) (DC_FlushAll)
D:\devkitPro/libnds/lib\libnds9.a(mpu_setup.o)
                              d:/devkitpro/devkitarm/bin/../lib/gcc/arm-none-eabi/11.2.0/../../../../arm-none-eabi/lib/ds_arm9_crt0.o (__libnds_mpu_setup)
D:\devkitPro/libnds/lib\libnds9.a(IntrWait.o)
                              D:\devkitPro/nitro-engine/lib\libNE.a(NEGeneral.o) (swiWaitForVBlank)
D:\devkitPro/libnds/lib\libnds9.a(cpu_clock.o)
                              D:\devkitPro/libnds/lib\libnds9.a(initSystem.o) (setCpuClock)
D:\devkitPro/libnds/lib\libnds9.a(interruptDispatcher.o)
                              D:\devkitPro/libnds/lib\libnds9.a(interrupts.o) (IntrMain)
D:\devkitPro/libnds/lib\libnds9.a(biosCalls.o)
                              D:\devkitPro/libnds/lib\libnds9.a(system.o) (swiDelay)
D:\devkitPro/libnds/lib\libnds9.a(debugprint.o)
                              D:\devkitPro/libnds/lib\libnds9.a(console.o) (nocashWrite)
D:\devkitPro/libnds/lib\libnds9.a(swiSoftReset.o)
                              D:\devkitPro/libnds/lib\libnds9.a(fifosystem.o) (swiSoftReset)
D:\devkitPro/libnds/lib\libnds9.a(default_font.bin.o)
[...]
Memory Configuration

Name             Origin             Length             Attributes
ewram            0x0000000002000000 0x0000000000380000
dtcm             0x0000000002ff0000 0x0000000000004000
vectors          0x0000000001000000 0x0000000000000100
itcm             0x0000000001000100 0x0000000000007f00
*default*        0x0000000000000000 0xffffffffffffffff

Linker script and memory map

                0x0000000002380000                __ewram_end = (ORIGIN (ewram) + LENGTH (ewram))
                0x0000000002380000                __eheap_end = (ORIGIN (ewram) + LENGTH (ewram))
                0x0000000002ff4000                __dtcm_top = (ORIGIN (dtcm) + LENGTH (dtcm))
                0x0000000002ff3ff8                __irq_flags = (__dtcm_top - 0x8)
                0x0000000002ff3ffc                __irq_vector = (__dtcm_top - 0x4)
                0x0000000002ff3f00                __sp_svc = (__dtcm_top - 0x100)
                0x0000000002ff3e00                __sp_irq = (__sp_svc - 0x100)
                0x0000000002ff3d00                __sp_usr = (__sp_irq - 0x100)

.secure         0x0000000002000000      0x800
 *(.secure)
 .secure        0x0000000002000000      0x800 D:\devkitPro/libnds/lib\libnds9.a(securearea.o)
                0x0000000002000000                __secure_area__

.crt0           0x0000000002000800      0x300
                0x0000000002000800                __text_start = .
 *(.crt0)
 .crt0          0x0000000002000800      0x300 d:/devkitpro/devkitarm/bin/../lib/gcc/arm-none-eabi/11.2.0/../../../../arm-none-eabi/lib/ds_arm9_crt0.o
                0x0000000002000800                _start
                0x0000000002000b00                . = ALIGN (0x4)

.plt
 *(.plt)

.init           0x0000000002000b00       0x18
 *(SORT_NONE(.init))
 .init          0x0000000002000b00        0xc d:/devkitpro/devkitarm/bin/../lib/gcc/arm-none-eabi/11.2.0/crti.o
                0x0000000002000b00                _init
 .init          0x0000000002000b0c        0xc d:/devkitpro/devkitarm/bin/../lib/gcc/arm-none-eabi/11.2.0/crtn.o

.text           0x0000000002000b18    0x14190
 *(EXCLUDE_FILE(*.twl* *.vectors* *.itcm*) .text)
 .text          0x0000000002000b18       0xa4 main.o
                0x0000000002000b18                Draw3DScene
 .text          0x0000000002000bbc     0x1640 D:\devkitPro/nitro-engine/lib\libNE.a(NECamera.o)
                0x0000000002000ee0                NE_CameraCreate
                0x0000000002000f24                NE_CameraSetI
                0x0000000002000f4c                NE_CameraUse
                0x0000000002001448                NE_CameraMoveFreeI
                0x00000000020019ac                NE_CameraMoveI
                0x00000000020019dc                NE_CameraRotate
                0x0000000002001bcc                NE_CameraRotateAxisI
                0x0000000002001be0                NE_CameraRotateFree
                0x00000000020020a0                NE_CameraDelete
                0x00000000020020cc                NE_CameraSystemReset
                0x00000000020020fc                NE_CameraSystemEnd
                0x0000000002002110                NE_ViewPush
                0x000000000200211c                NE_ViewPop
                0x0000000002002128                NE_ViewMoveI
                0x0000000002002138                NE_ViewRotate
                0x00000000020021ec                NE_ViewScaleI
 .text          0x00000000020021fc      0xd84 D:\devkitPro/nitro-engine/lib\libNE.a(NEGeneral.o)
                0x000000000200249c                NE_End
                0x00000000020024b0                NE_Viewport
                0x00000000020026fc                NE_MainScreenSetOnTop
                0x0000000002002708                NE_MainScreenSetOnBottom
                0x0000000002002714                NE_MainScreenIsOnTop
                0x0000000002002720                NE_SwapScreens
                0x0000000002002730                NE_SetFov
                0x000000000200273c                NE_UpdateInput
                0x0000000002002768                NE_Init3D
                0x00000000020027b8                NE_InitDual3D
                0x00000000020028f0                NE_InitConsole
                0x0000000002002954                NE_SetConsoleColor
                0x0000000002002960                NE_Process
                0x0000000002002a30                NE_ProcessDual
                0x0000000002002b68                NE_ClippingPlanesSetI
                0x0000000002002b74                NE_AntialiasEnable
                0x0000000002002b90                NE_GetPolygonCount
                0x0000000002002bac                NE_GetVertexCount
                0x0000000002002bc8                NE_VBLFunc
                0x0000000002002bfc                NE_SpecialEffectPause
                0x0000000002002c50                NE_HBLFunc
                0x0000000002002ce0                NE_SpecialEffectNoiseConfig
                0x0000000002002cec                NE_SpecialEffectSineConfig
                0x0000000002002cf8                NE_SpecialEffectSet
                0x0000000002002d10                NE_WaitForVBL
                0x0000000002002d98                NE_GetCPUPercent
                0x0000000002002da4                NE_GPUIsRendering
                0x0000000002002dc0                NE_TouchTestStart
                0x0000000002002ecc                NE_TouchTestObject
                0x0000000002002f04                NE_TouchTestResult
                0x0000000002002f50                NE_TouchTestEnd
 .text          0x0000000002002f80      0x838 D:\devkitPro/nitro-engine/lib\libNE.a(NEModel.o)
                0x0000000002002ff0                NE_ModelCreate
                0x0000000002003060                NE_ModelDelete
                0x0000000002003074                NE_ModelLoadStaticMeshFAT
                0x0000000002003104                NE_ModelLoadStaticMesh
                0x0000000002003170                NE_ModelFreeMeshWhenDeleted
                0x000000000200318c                NE_ModelSetMaterial
                0x0000000002003190                NE_ModelSetAnimation
                0x00000000020031a4                NE_ModelSetAnimationSecondary
                0x00000000020031b8                NE_ModelDraw
                0x00000000020033dc                NE_ModelClone
                0x000000000200344c                NE_ModelScaleI
                0x0000000002003454                NE_ModelTranslateI
                0x000000000200346c                NE_ModelSetCoordI
                0x0000000002003474                NE_ModelRotate
                0x0000000002003498                NE_ModelSetRot
                0x00000000020034a0                NE_ModelAnimateAll
                0x0000000002003534                NE_ModelAnimStart
                0x0000000002003540                NE_ModelAnimSecondaryStart
                0x0000000002003550                NE_ModelAnimSetSpeed
                0x0000000002003558                NE_ModelAnimSecondarySetSpeed
                0x0000000002003560                NE_ModelAnimGetFrame
                0x0000000002003568                NE_ModelAnimSecondaryGetFrame
                0x0000000002003570                NE_ModelAnimSetFrame
                0x0000000002003578                NE_ModelAnimSecondarySetFrame
                0x0000000002003580                NE_ModelAnimSecondarySetFactor
                0x0000000002003594                NE_ModelAnimSecondaryClear
                0x00000000020035c0                NE_ModelLoadDSMFAT
                0x0000000002003650                NE_ModelLoadDSM
                0x00000000020036bc                NE_ModelDeleteAll
                0x00000000020036e8                NE_ModelSystemReset
                0x0000000002003778                NE_ModelSystemEnd
 .text          0x00000000020037b8      0x6b8 D:\devkitPro/nitro-engine/lib\libNE.a(NEPhysics.o)
                0x0000000002003c88                NE_PhysicsCreate
                0x0000000002003ce4                NE_PhysicsDelete
                0x0000000002003d18                NE_PhysicsDeleteAll
                0x0000000002003d2c                NE_PhysicsSystemReset
                0x0000000002003d60                NE_PhysicsSystemEnd
                0x0000000002003d80                NE_PhysicsSetRadiusI
                0x0000000002003d84                NE_PhysicsSetSpeedI
                0x0000000002003d8c                NE_PhysicsSetSizeI
                0x0000000002003d94                NE_PhysicsSetGravityI
                0x0000000002003d98                NE_PhysicsSetFrictionI
                0x0000000002003d9c                NE_PhysicsSetBounceEnergy
                0x0000000002003da0                NE_PhysicsEnable
                0x0000000002003da4                NE_PhysicsSetModel
                0x0000000002003da8                NE_PhysicsSetGroup
                0x0000000002003dac                NE_PhysicsOnCollision
                0x0000000002003db4                NE_PhysicsIsColliding
                0x0000000002003dbc                NE_PhysicsUpdateAll
                0x0000000002003df0                NE_PhysicsUpdate
                0x0000000002003e0c                NE_PhysicsCheckCollision
 .text          0x0000000002003e70      0x35c D:\devkitPro/nitro-engine/lib\libNE.a(NEPolygon.o)
                0x0000000002003e70                NE_PolyColor
                0x0000000002003e7c                NE_LightOff
                0x0000000002003e90                NE_LightSetColor
                0x0000000002003ea0                NE_LightSetI
                0x0000000002003ed8                NE_ShininessTableGenerate
                0x0000000002003f7c                NE_PolyBegin
                0x0000000002003f88                NE_PolyEnd
                0x0000000002003f94                NE_PolyNormalI
                0x0000000002003fb4                NE_PolyVertexI
                0x0000000002003fcc                NE_PolyTexCoord
                0x0000000002003fe0                NE_PolyFormat
                0x0000000002003ffc                NE_OutliningEnable
                0x0000000002004018                NE_OutliningSetColor
                0x000000000200402c                NE_ShadingEnable
                0x0000000002004070                NE_ToonHighlightEnable
                0x000000000200408c                NE_FogEnable
                0x00000000020040f0                NE_FogEnableBackground
                0x0000000002004118                NE_FogDisable
                0x000000000200412c                NE_ClearColorSet
                0x0000000002004164                NE_ClearBMPEnable
                0x00000000020041b4                NE_ClearBMPScroll
 .text          0x00000000020041cc      0x46c D:\devkitPro/nitro-engine/lib\libNE.a(NEText.o)
                0x0000000002004284                NE_TextPrioritySet
                0x0000000002004290                NE_TextPriorityReset
                0x000000000200429c                NE_TextInit
                0x00000000020042b4                NE_TextEnd
                0x00000000020042cc                NE_TextResetSystem
                0x00000000020042e8                NE_TextPrint
                0x00000000020043a0                NE_TextPrintBox
                0x00000000020044a4                NE_TextPrintFree
                0x0000000002004540                NE_TextPrintBoxFree
 .text          0x0000000002004638      0x954 D:\devkitPro/nitro-engine/lib\libNE.a(NETexture.o)
                0x0000000002004a34                NE_MaterialCreate
                0x0000000002004a84                NE_MaterialColorSet
                0x0000000002004a88                NE_MaterialColorDelete
                0x0000000002004a94                NE_MaterialTexLoadFAT
                0x0000000002004b00                NE_MaterialTexLoad
                0x0000000002004b48                NE_MaterialClone
                0x0000000002004b70                NE_MaterialSetPalette
                0x0000000002004b74                NE_MaterialUse
                0x0000000002004bdc                NE_TextureSystemReset
                0x0000000002004d40                NE_MaterialDelete
                0x0000000002004d7c                NE_TextureFreeMem
                0x0000000002004d9c                NE_TextureFreeMemPercent
                0x0000000002004dbc                NE_TextureDefragMem
                0x0000000002004dc0                NE_TextureSystemEnd
                0x0000000002004dd4                __NE_TextureGetRawX
                0x0000000002004dec                __NE_TextureGetRawY
                0x0000000002004e04                NE_TextureGetRealSizeX
                0x0000000002004e20                NE_TextureGetRealSizeY
                0x0000000002004e3c                NE_TextureGetSizeX
                0x0000000002004e54                NE_TextureGetSizeY
                0x0000000002004e6c                NE_MaterialSetPropierties
                0x0000000002004e90                NE_MaterialSetDefaultPropierties
                0x0000000002004ec8                NE_TextureDrawingStart
                0x0000000002004f18                NE_TexturePutPixelRGBA
                0x0000000002004f3c                NE_TexturePutPixelRGB256
                0x0000000002004f78                NE_TextureDrawingEnd
 .text          0x0000000002004f8c        0x4 D:\devkitPro/nitro-engine/lib\libNE.a(dsma.o)
                0x0000000002004f8c                DSMA_GetNumFrames
 .text          0x0000000002004f90      0x8dc D:\devkitPro/nitro-engine/lib\libNE.a(NE2D.o)
                0x0000000002004fe4                NE_SpriteCreate
                0x0000000002005034                NE_SpriteSetPos
                0x000000000200503c                NE_SpriteSetSize
                0x0000000002005044                NE_SpriteSetRot
                0x0000000002005048                NE_SpriteSetScaleI
                0x000000000200504c                NE_SpriteSetMaterial
                0x0000000002005050                NE_SpriteSetPriority
                0x0000000002005054                NE_SpriteVisible
                0x0000000002005058                NE_SpriteSetParams
                0x0000000002005060                NE_SpriteDelete
                0x0000000002005094                NE_SpriteDeleteAll
                0x00000000020050a8                NE_SpriteSystemReset
                0x00000000020050dc                NE_SpriteSystemEnd
                0x00000000020050fc                NE_2DViewInit
                0x00000000020052bc                NE_2DViewRotateScaleByPositionI
                0x0000000002005324                NE_2DViewRotateByPosition
                0x0000000002005374                NE_2DViewScaleByPositionI
                0x00000000020053a0                NE_2DDrawQuad
                0x00000000020053f4                NE_2DDrawQuadGradient
                0x0000000002005454                NE_2DDrawTexturedQuad
                0x000000000200550c                NE_2DDrawTexturedQuadColor
                0x00000000020055cc                NE_SpriteDraw
                0x0000000002005694                NE_SpriteDrawAll
                0x000000000200579c                NE_2DDrawTexturedQuadGradient
 .text          0x000000000200586c      0x39c D:\devkitPro/nitro-engine/lib\libNE.a(NEAlloc.o)
                0x000000000200586c                NE_AllocInit
                0x00000000020058a0                NE_AllocEnd
                0x00000000020058c8                NE_AllocFindInRange
                0x0000000002005920                NE_AllocAddress
                0x00000000020059d8                NE_Alloc
                0x0000000002005a50                NE_AllocFromEnd
                0x0000000002005ab4                NE_Free
                0x0000000002005b34                NE_Lock
                0x0000000002005b64                NE_Unlock
                0x0000000002005b94                NE_MemGetInformation
 .text          0x0000000002005c08      0x204 D:\devkitPro/nitro-engine/lib\libNE.a(NEAnimation.o)
                0x0000000002005c48                NE_AnimationCreate
                0x0000000002005c84                NE_AnimationDelete
                0x0000000002005c98                NE_AnimationLoadFAT
                0x0000000002005cec                NE_AnimationLoad
                0x0000000002005d34                NE_AnimationDeleteAll
                0x0000000002005d60                NE_AnimationSystemReset
                0x0000000002005dd4                NE_AnimationSystemEnd
 .text          0x0000000002005e0c      0x268 D:\devkitPro/nitro-engine/lib\libNE.a(NEFAT.o)
                0x0000000002005e0c                NE_FATLoadData
                0x0000000002005e54                NE_FATFileSize
                0x0000000002005e84                NE_ScreenshotBMP
 .text          0x0000000002006074      0xf30 D:\devkitPro/nitro-engine/lib\libNE.a(NEGUI.o)
                0x00000000020060dc                NE_GUIUpdate
                0x0000000002006604                NE_GUIDraw
                0x0000000002006a34                NE_GUIButtonCreate
                0x0000000002006ab8                NE_GUICheckBoxCreate
                0x0000000002006b4c                NE_GUIRadioButtonCreate
                0x0000000002006bfc                NE_GUISlideBarCreate
                0x0000000002006d90                NE_GUIButtonConfig
                0x0000000002006da8                NE_GUICheckBoxConfig
                0x0000000002006dc0                NE_GUIRadioButtonConfig
                0x0000000002006dd8                NE_GUISlideBarConfig
                0x0000000002006dfc                NE_GUISlideBarSetMinMax
                0x0000000002006eb4                NE_GUIObjectGetEvent
                0x0000000002006ee8                NE_GUICheckBoxGetValue
                0x0000000002006ef0                NE_GUIRadioButtonGetValue
                0x0000000002006ef8                NE_GUISlideBarGetValue
                0x0000000002006f04                NE_GUIDeleteObject
                0x0000000002006f3c                NE_GUIDeleteAll
                0x0000000002006f50                NE_GUISystemReset
                0x0000000002006f84                NE_GUISystemEnd
 .text          0x0000000002006fa4      0x33c D:\devkitPro/nitro-engine/lib\libNE.a(NEPalette.o)
                0x00000000020070c8                NE_PaletteCreate
                0x0000000002007104                NE_PaletteLoadFAT
                0x0000000002007164                NE_PaletteLoad
                0x000000000200717c                NE_PaletteLoadSize
                0x0000000002007198                NE_PaletteDelete
                0x00000000020071ac                NE_PaletteUse
                0x00000000020071d4                NE_PaletteSystemReset
                0x0000000002007244                NE_PaletteFreeMem
                0x0000000002007264                NE_PaletteFreeMemPercent
                0x0000000002007284                NE_PaletteDefragMem
                0x0000000002007288                NE_PaletteSystemEnd
                0x000000000200729c                NE_PaletteModificationStart
                0x00000000020072b8                NE_PaletteRGB256SetColor
                0x00000000020072c8                NE_PaletteModificationEnd
 .text          0x00000000020072e0      0x114 d:/devkitpro/devkitarm/bin/../lib/gcc/arm-none-eabi/11.2.0\libgcc.a(_udivsi3.o)
                0x00000000020072e0                __aeabi_uidiv
                0x00000000020072e0                __udivsi3
                0x00000000020073d4                __aeabi_uidivmod
 .text          0x00000000020073f4      0x148 d:/devkitpro/devkitarm/bin/../lib/gcc/arm-none-eabi/11.2.0\libgcc.a(_divsi3.o)
                0x00000000020073f4                __divsi3
                0x00000000020073f4                __aeabi_idiv
                0x000000000200751c                __aeabi_idivmod
 .text          0x000000000200753c        0x4 d:/devkitpro/devkitarm/bin/../lib/gcc/arm-none-eabi/11.2.0\libgcc.a(_dvmd_tls.o)
                0x000000000200753c                __aeabi_idiv0
                0x000000000200753c                __aeabi_ldiv0
 .text          0x0000000002007540      0x224 d:/devkitpro/devkitarm/bin/../lib/gcc/arm-none-eabi/11.2.0/../../../../arm-none-eabi/lib\libg.a(lib_a-strcmp.o)
                0x0000000002007540                strcmp
 .text          0x0000000002007764       0x3c d:/devkitpro/devkitarm/bin/../lib/gcc/arm-none-eabi/11.2.0\libgcc.a(_aeabi_uldivmod.o)
                0x0000000002007764                __aeabi_uldivmod
 .text          0x00000000020077a0       0x28 d:/devkitpro/devkitarm/bin/../lib/gcc/arm-none-eabi/11.2.0\libgcc.a(_clzdi2.o)
                0x00000000020077a0                __clzdi2
 .text          0x00000000020077c8       0x48 d:/devkitpro/devkitarm/bin/../lib/gcc/arm-none-eabi/11.2.0\libgcc.a(_clzsi2.o)
                0x00000000020077c8                __clzsi2
 *(EXCLUDE_FILE(*.twl* *.vectors* *.itcm*) .stub)
 *(EXCLUDE_FILE(*.twl* *.vectors* *.itcm*) .text.*)
 .text.__do_global_dtors_aux
                0x0000000002007810       0x40 d:/devkitpro/devkitarm/bin/../lib/gcc/arm-none-eabi/11.2.0/crtbegin.o
 .text.frame_dummy
                0x0000000002007850       0x30 d:/devkitpro/devkitarm/bin/../lib/gcc/arm-none-eabi/11.2.0/crtbegin.o
 .text.startup  0x0000000002007880      0x2fc main.o
                0x0000000002007880                main
 .text.sinLutLookup
                0x0000000002007b7c       0x4c D:\devkitPro/libnds/lib\libnds9.a(trig.o)
                0x0000000002007b7c                sinLutLookup
 .text.sinLerp  0x0000000002007bc8       0x40 D:\devkitPro/libnds/lib\libnds9.a(trig.o)
                0x0000000002007bc8                sinLerp
 .text.cosLerp  0x0000000002007c08       0x4c D:\devkitPro/libnds/lib\libnds9.a(trig.o)
                0x0000000002007c08                cosLerp
 .text.tanLerp  0x0000000002007c54       0xb0 D:\devkitPro/libnds/lib\libnds9.a(trig.o)
                0x0000000002007c54                tanLerp
 .text.vramSetPrimaryBanks
                0x0000000002007d04       0x44 D:\devkitPro/libnds/lib\libnds9.a(video.o)
                0x0000000002007d04                vramSetPrimaryBanks
 .text.vramRestorePrimaryBanks
                0x0000000002007d48        0xc D:\devkitPro/libnds/lib\libnds9.a(video.o)
                0x0000000002007d48                vramRestorePrimaryBanks
 .text.vramDefault
                0x0000000002007d54       0xd0 D:\devkitPro/libnds/lib\libnds9.a(video.o)
                0x0000000002007d54                vramDefault
 .text.touchRead
                0x0000000002007e24       0x24 D:\devkitPro/libnds/lib\libnds9.a(touch.o)
                0x0000000002007e24                touchRead
 .text.__sassert
                0x0000000002007e48       0x38 D:\devkitPro/libnds/lib\libnds9.a(sassert.o)
                0x0000000002007e48                __sassert
 .text.systemValueHandler
                0x0000000002007e80       0x48 D:\devkitPro/libnds/lib\libnds9.a(system.o)
                0x0000000002007e80                systemValueHandler
 .text.systemMsgHandler
                0x0000000002007ec8       0x60 D:\devkitPro/libnds/lib\libnds9.a(system.o)
                0x0000000002007ec8                systemMsgHandler
 .text.powerOn  0x0000000002007f28       0x2c D:\devkitPro/libnds/lib\libnds9.a(system.o)
                0x0000000002007f28                powerOn
 .text.powerOff
                0x0000000002007f54       0x28 D:\devkitPro/libnds/lib\libnds9.a(system.o)
                0x0000000002007f54                powerOff
 .text.newRow   0x0000000002007f7c       0xa8 D:\devkitPro/libnds/lib\libnds9.a(console.o)
 .text.consolePrintChar
                0x0000000002008024       0xe0 D:\devkitPro/libnds/lib\libnds9.a(console.o)
                0x0000000002008024                consolePrintChar
 .text.con_write
                0x0000000002008104      0x36c D:\devkitPro/libnds/lib\libnds9.a(console.o)
                0x0000000002008104                con_write
 .text.consoleLoadFont
                0x0000000002008470      0x2a0 D:\devkitPro/libnds/lib\libnds9.a(console.o)
                0x0000000002008470                consoleLoadFont
 .text.consoleInit
                0x0000000002008710      0x18c D:\devkitPro/libnds/lib\libnds9.a(console.o)
                0x0000000002008710                consoleInit
 .text.consoleDemoInit
                0x000000000200889c       0x40 D:\devkitPro/libnds/lib\libnds9.a(console.o)
                0x000000000200889c                consoleDemoInit
 .text.keysHeld
                0x00000000020088dc        0xc D:\devkitPro/libnds/lib\libnds9.a(keys.o)
                0x00000000020088dc                keysHeld
 .text.keysDown
                0x00000000020088e8       0x14 D:\devkitPro/libnds/lib\libnds9.a(keys.o)
                0x00000000020088e8                keysDown
 .text.keysUp   0x00000000020088fc       0x18 D:\devkitPro/libnds/lib\libnds9.a(keys.o)
                0x00000000020088fc                keysUp
 .text.initSystem
                0x0000000002008914      0x180 D:\devkitPro/libnds/lib\libnds9.a(initSystem.o)
                0x0000000002008914                initSystem
 .text.irqDummy
                0x0000000002008a94        0x4 D:\devkitPro/libnds/lib\libnds9.a(interrupts.o)
                0x0000000002008a94                irqDummy
 .text.irqSet   0x0000000002008a98       0x6c D:\devkitPro/libnds/lib\libnds9.a(interrupts.o)
                0x0000000002008a98                irqSet
 .text.irqInit  0x0000000002008b04       0x50 D:\devkitPro/libnds/lib\libnds9.a(interrupts.o)
                0x0000000002008b04                irqInit
 .text.irqEnable
                0x0000000002008b54       0x64 D:\devkitPro/libnds/lib\libnds9.a(interrupts.o)
                0x0000000002008b54                irqEnable
 .text.systemErrorExit
                0x0000000002008bb8        0x4 D:\devkitPro/libnds/lib\libnds9.a(libnds_exit.arm.o)
                0x0000000002008bb8                systemErrorExit
 .text.__libnds_exit
                0x0000000002008bbc       0x5c D:\devkitPro/libnds/lib\libnds9.a(libnds_exit.arm.o)
                0x0000000002008bbc                __libnds_exit
 .text.fifo_queueBlock
                0x0000000002008c18       0x44 D:\devkitPro/libnds/lib\libnds9.a(fifosystem.o)
 .text.fifo_waitBlock
                0x0000000002008c5c       0x80 D:\devkitPro/libnds/lib\libnds9.a(fifosystem.o)
 .text.fifoInternalSend.part.0
                0x0000000002008cdc       0xd4 D:\devkitPro/libnds/lib\libnds9.a(fifosystem.o)
 .text.fifoInternalSendInterrupt
                0x0000000002008db0       0xb0 D:\devkitPro/libnds/lib\libnds9.a(fifosystem.o)
 .text.fifoSetValue32Handler
                0x0000000002008e60       0xd4 D:\devkitPro/libnds/lib\libnds9.a(fifosystem.o)
                0x0000000002008e60                fifoSetValue32Handler
 .text.fifoSendValue32
                0x0000000002008f34       0x4c D:\devkitPro/libnds/lib\libnds9.a(fifosystem.o)
                0x0000000002008f34                fifoSendValue32
 .text.fifoGetDatamsg
                0x0000000002008f80       0xf4 D:\devkitPro/libnds/lib\libnds9.a(fifosystem.o)
                0x0000000002008f80                fifoGetDatamsg
 .text.fifoInternalRecvInterrupt
                0x0000000002009074      0x37c D:\devkitPro/libnds/lib\libnds9.a(fifosystem.o)
 .text.fifoSetDatamsgHandler
                0x00000000020093f0       0x9c D:\devkitPro/libnds/lib\libnds9.a(fifosystem.o)
                0x00000000020093f0                fifoSetDatamsgHandler
 .text.fifoInit
                0x000000000200948c      0x108 D:\devkitPro/libnds/lib\libnds9.a(fifosystem.o)
                0x000000000200948c                fifoInit
 .text.DC_FlushAll
                0x0000000002009594       0x2c D:\devkitPro/libnds/lib\libnds9.a(dcache.o)
                0x0000000002009594                DC_FlushAll
 .text.DC_FlushRange
                0x00000000020095c0       0x24 D:\devkitPro/libnds/lib\libnds9.a(dcache.o)
                0x00000000020095c0                DC_FlushRange
 .text.__libnds_mpu_setup
                0x00000000020095e4      0x174 D:\devkitPro/libnds/lib\libnds9.a(mpu_setup.o)
                0x00000000020095e4                __libnds_mpu_setup
 .text.memUncached
                0x0000000002009758       0x20 D:\devkitPro/libnds/lib\libnds9.a(mpu_setup.o)
                0x0000000002009758                memUncached
 .text.swiWaitForVBlank
                0x0000000002009778        0x8 D:\devkitPro/libnds/lib\libnds9.a(IntrWait.o)
                0x0000000002009778                swiWaitForVBlank
 .text.swiIntrWait
                0x0000000002009780       0x70 D:\devkitPro/libnds/lib\libnds9.a(IntrWait.o)
                0x0000000002009780                swiIntrWait
 .text.setCpuClock
                0x00000000020097f0       0x50 D:\devkitPro/libnds/lib\libnds9.a(cpu_clock.o)
                0x00000000020097f0                setCpuClock
 .text.swiDelay
                0x0000000002009840        0x4 D:\devkitPro/libnds/lib\libnds9.a(biosCalls.o)
                0x0000000002009840                swiDelay
 .text.swiCopy  0x0000000002009844        0x4 D:\devkitPro/libnds/lib\libnds9.a(biosCalls.o)
                0x0000000002009844                swiCopy
 .text.swiSoftReset
                0x0000000002009848       0x2c D:\devkitPro/libnds/lib\libnds9.a(swiSoftReset.o)
                0x0000000002009848                swiSoftReset
 .text.checkIfText
                0x0000000002009874       0x5c D:\devkitPro/libnds/lib\libnds9.a(background.o)
                0x0000000002009874                checkIfText
 .text.bgUpdate
                0x00000000020098d0       0xf4 D:\devkitPro/libnds/lib\libnds9.a(background.o)
                0x00000000020098d0                bgUpdate
 .text.bgInit_call
                0x00000000020099c4       0xc4 D:\devkitPro/libnds/lib\libnds9.a(background.o)
                0x00000000020099c4                bgInit_call
 .text.bgInitSub_call
                0x0000000002009a88       0xcc D:\devkitPro/libnds/lib\libnds9.a(background.o)
                0x0000000002009a88                bgInitSub_call
 .text.__muldi3
                0x0000000002009b54       0x18 d:/devkitpro/devkitarm/bin/../lib/gcc/arm-none-eabi/11.2.0\libgcc.a(_muldi3.o)
                0x0000000002009b54                __muldi3
                0x0000000002009b54                __aeabi_lmul
 .text.calloc   0x0000000002009b6c       0x24 d:/devkitpro/devkitarm/bin/../lib/gcc/arm-none-eabi/11.2.0/../../../../arm-none-eabi/lib\libg.a(lib_a-calloc.o)
                0x0000000002009b6c                calloc
 .text._calloc_r
                0x0000000002009b90       0xc8 d:/devkitpro/devkitarm/bin/../lib/gcc/arm-none-eabi/11.2.0/../../../../arm-none-eabi/lib\libg.a(lib_a-callocr.o)
                0x0000000002009b90                _calloc_r
 .text.__errno  0x0000000002009c58       0x10 d:/devkitpro/devkitarm/bin/../lib/gcc/arm-none-eabi/11.2.0/../../../../arm-none-eabi/lib\libg.a(lib_a-errno.o)
                0x0000000002009c58                __errno
 .text._fclose_r
                0x0000000002009c68      0x16c d:/devkitpro/devkitarm/bin/../lib/gcc/arm-none-eabi/11.2.0/../../../../arm-none-eabi/lib\libg.a(lib_a-fclose.o)
                0x0000000002009c68                _fclose_r
 .text.fclose   0x0000000002009dd4       0x18 d:/devkitpro/devkitarm/bin/../lib/gcc/arm-none-eabi/11.2.0/../../../../arm-none-eabi/lib\libg.a(lib_a-fclose.o)
                0x0000000002009dd4                fclose
 .text.__sflush_r
                0x0000000002009dec      0x280 d:/devkitpro/devkitarm/bin/../lib/gcc/arm-none-eabi/11.2.0/../../../../arm-none-eabi/lib\libg.a(lib_a-fflush.o)
                0x0000000002009dec                __sflush_r
 .text._fflush_r
                0x000000000200a06c       0x9c d:/devkitpro/devkitarm/bin/../lib/gcc/arm-none-eabi/11.2.0/../../../../arm-none-eabi/lib\libg.a(lib_a-fflush.o)
                0x000000000200a06c                _fflush_r
 .text.fflush   0x000000000200a108       0x3c d:/devkitpro/devkitarm/bin/../lib/gcc/arm-none-eabi/11.2.0/../../../../arm-none-eabi/lib\libg.a(lib_a-fflush.o)
                0x000000000200a108                fflush
 .text._cleanup_r
                0x000000000200a144       0x18 d:/devkitpro/devkitarm/bin/../lib/gcc/arm-none-eabi/11.2.0/../../../../arm-none-eabi/lib\libg.a(lib_a-findfp.o)
                0x000000000200a144                _cleanup_r
 .text.__sinit  0x000000000200a15c      0x18c d:/devkitpro/devkitarm/bin/../lib/gcc/arm-none-eabi/11.2.0/../../../../arm-none-eabi/lib\libg.a(lib_a-findfp.o)
                0x000000000200a15c                __sinit
 .text.__sfp    0x000000000200a2e8      0x138 d:/devkitpro/devkitarm/bin/../lib/gcc/arm-none-eabi/11.2.0/../../../../arm-none-eabi/lib\libg.a(lib_a-findfp.o)
                0x000000000200a2e8                __sfp
 .text.__sfp_lock_acquire
                0x000000000200a420       0x18 d:/devkitpro/devkitarm/bin/../lib/gcc/arm-none-eabi/11.2.0/../../../../arm-none-eabi/lib\libg.a(lib_a-findfp.o)
                0x000000000200a420                __sfp_lock_acquire
 .text.__sfp_lock_release
                0x000000000200a438       0x18 d:/devkitpro/devkitarm/bin/../lib/gcc/arm-none-eabi/11.2.0/../../../../arm-none-eabi/lib\libg.a(lib_a-findfp.o)
                0x000000000200a438                __sfp_lock_release
 .text._fopen_r
                0x000000000200a450      0x14c d:/devkitpro/devkitarm/bin/../lib/gcc/arm-none-eabi/11.2.0/../../../../arm-none-eabi/lib\libg.a(lib_a-fopen.o)
                0x000000000200a450                _fopen_r
 .text.fopen    0x000000000200a59c       0x20 d:/devkitpro/devkitarm/bin/../lib/gcc/arm-none-eabi/11.2.0/../../../../arm-none-eabi/lib\libg.a(lib_a-fopen.o)
                0x000000000200a59c                fopen
 .text._fread_r
                0x000000000200a5bc      0x2dc d:/devkitpro/devkitarm/bin/../lib/gcc/arm-none-eabi/11.2.0/../../../../arm-none-eabi/lib\libg.a(lib_a-fread.o)
                0x000000000200a5bc                _fread_r
 .text.fread    0x000000000200a898       0x3c d:/devkitpro/devkitarm/bin/../lib/gcc/arm-none-eabi/11.2.0/../../../../arm-none-eabi/lib\libg.a(lib_a-fread.o)
                0x000000000200a898                fread
 .text._malloc_trim_r
                0x000000000200a8d4      0x100 d:/devkitpro/devkitarm/bin/../lib/gcc/arm-none-eabi/11.2.0/../../../../arm-none-eabi/lib\libg.a(lib_a-freer.o)
                0x000000000200a8d4                _malloc_trim_r
 .text._free_r  0x000000000200a9d4      0x2e0 d:/devkitpro/devkitarm/bin/../lib/gcc/arm-none-eabi/11.2.0/../../../../arm-none-eabi/lib\libg.a(lib_a-freer.o)
                0x000000000200a9d4                _free_r
 .text._fseek_r
                0x000000000200acb4       0x20 d:/devkitpro/devkitarm/bin/../lib/gcc/arm-none-eabi/11.2.0/../../../../arm-none-eabi/lib\libg.a(lib_a-fseek.o)
                0x000000000200acb4                _fseek_r
 .text.fseek    0x000000000200acd4       0x38 d:/devkitpro/devkitarm/bin/../lib/gcc/arm-none-eabi/11.2.0/../../../../arm-none-eabi/lib\libg.a(lib_a-fseek.o)
                0x000000000200acd4                fseek
 .text._fseeko_r
                0x000000000200ad0c      0x5b0 d:/devkitpro/devkitarm/bin/../lib/gcc/arm-none-eabi/11.2.0/../../../../arm-none-eabi/lib\libg.a(lib_a-fseeko.o)
                0x000000000200ad0c                _fseeko_r
 .text.ftell    0x000000000200b2bc       0x30 d:/devkitpro/devkitarm/bin/../lib/gcc/arm-none-eabi/11.2.0/../../../../arm-none-eabi/lib\libg.a(lib_a-ftell.o)
                0x000000000200b2bc                ftell
 .text._ftello_r
                0x000000000200b2ec      0x1c8 d:/devkitpro/devkitarm/bin/../lib/gcc/arm-none-eabi/11.2.0/../../../../arm-none-eabi/lib\libg.a(lib_a-ftello.o)
                0x000000000200b2ec                _ftello_r
 .text._fwalk   0x000000000200b4b4       0x70 d:/devkitpro/devkitarm/bin/../lib/gcc/arm-none-eabi/11.2.0/../../../../arm-none-eabi/lib\libg.a(lib_a-fwalk.o)
                0x000000000200b4b4                _fwalk
 .text._fwalk_reent
                0x000000000200b524       0x78 d:/devkitpro/devkitarm/bin/../lib/gcc/arm-none-eabi/11.2.0/../../../../arm-none-eabi/lib\libg.a(lib_a-fwalk.o)
                0x000000000200b524                _fwalk_reent
 .text._fwrite_r
                0x000000000200b59c      0x100 d:/devkitpro/devkitarm/bin/../lib/gcc/arm-none-eabi/11.2.0/../../../../arm-none-eabi/lib\libg.a(lib_a-fwrite.o)
                0x000000000200b59c                _fwrite_r
 .text.fwrite   0x000000000200b69c       0x3c d:/devkitpro/devkitarm/bin/../lib/gcc/arm-none-eabi/11.2.0/../../../../arm-none-eabi/lib\libg.a(lib_a-fwrite.o)
                0x000000000200b69c                fwrite
 .text.__libc_init_array
                0x000000000200b6d8       0x88 d:/devkitpro/devkitarm/bin/../lib/gcc/arm-none-eabi/11.2.0/../../../../arm-none-eabi/lib\libg.a(lib_a-init.o)
                0x000000000200b6d8                __libc_init_array
 .text.iprintf  0x000000000200b760       0x34 d:/devkitpro/devkitarm/bin/../lib/gcc/arm-none-eabi/11.2.0/../../../../arm-none-eabi/lib\libg.a(lib_a-iprintf.o)
                0x000000000200b760                iprintf
 .text.__smakebuf_r
                0x000000000200b794      0x144 d:/devkitpro/devkitarm/bin/../lib/gcc/arm-none-eabi/11.2.0/../../../../arm-none-eabi/lib\libg.a(lib_a-makebuf.o)
                0x000000000200b794                __smakebuf_r
 .text.__swhatbuf_r
                0x000000000200b8d8       0x80 d:/devkitpro/devkitarm/bin/../lib/gcc/arm-none-eabi/11.2.0/../../../../arm-none-eabi/lib\libg.a(lib_a-makebuf.o)
                0x000000000200b8d8                __swhatbuf_r
 .text.malloc   0x000000000200b958       0x1c d:/devkitpro/devkitarm/bin/../lib/gcc/arm-none-eabi/11.2.0/../../../../arm-none-eabi/lib\libg.a(lib_a-malloc.o)
                0x000000000200b958                malloc
 .text.free     0x000000000200b974       0x1c d:/devkitpro/devkitarm/bin/../lib/gcc/arm-none-eabi/11.2.0/../../../../arm-none-eabi/lib\libg.a(lib_a-malloc.o)
                0x000000000200b974                free
 .text._malloc_r
                0x000000000200b990      0x7f0 d:/devkitpro/devkitarm/bin/../lib/gcc/arm-none-eabi/11.2.0/../../../../arm-none-eabi/lib\libg.a(lib_a-mallocr.o)
                0x000000000200b990                _malloc_r
 .text.memcpy   0x000000000200c180      0x120 d:/devkitpro/devkitarm/bin/../lib/gcc/arm-none-eabi/11.2.0/../../../../arm-none-eabi/lib\libg.a(lib_a-memcpy-stub.o)
                0x000000000200c180                memcpy
 .text.memset   0x000000000200c2a0      0x11c d:/devkitpro/devkitarm/bin/../lib/gcc/arm-none-eabi/11.2.0/../../../../arm-none-eabi/lib\libg.a(lib_a-memset.o)
                0x000000000200c2a0                memset
 .text.__malloc_lock
                0x000000000200c3bc       0x18 d:/devkitpro/devkitarm/bin/../lib/gcc/arm-none-eabi/11.2.0/../../../../arm-none-eabi/lib\libg.a(lib_a-mlock.o)
                0x000000000200c3bc                __malloc_lock
 .text.__malloc_unlock
                0x000000000200c3d4       0x18 d:/devkitpro/devkitarm/bin/../lib/gcc/arm-none-eabi/11.2.0/../../../../arm-none-eabi/lib\libg.a(lib_a-mlock.o)
                0x000000000200c3d4                __malloc_unlock
 .text.rand     0x000000000200c3ec       0x48 d:/devkitpro/devkitarm/bin/../lib/gcc/arm-none-eabi/11.2.0/../../../../arm-none-eabi/lib\libg.a(lib_a-rand.o)
                0x000000000200c3ec                rand
 .text.lflush   0x000000000200c434       0x28 d:/devkitpro/devkitarm/bin/../lib/gcc/arm-none-eabi/11.2.0/../../../../arm-none-eabi/lib\libg.a(lib_a-refill.o)
 .text.__srefill_r
                0x000000000200c45c      0x1bc d:/devkitpro/devkitarm/bin/../lib/gcc/arm-none-eabi/11.2.0/../../../../arm-none-eabi/lib\libg.a(lib_a-refill.o)
                0x000000000200c45c                __srefill_r
 .text.rewind   0x000000000200c618       0x30 d:/devkitpro/devkitarm/bin/../lib/gcc/arm-none-eabi/11.2.0/../../../../arm-none-eabi/lib\libg.a(lib_a-rewind.o)
                0x000000000200c618                rewind
 .text.setvbuf  0x000000000200c648      0x268 d:/devkitpro/devkitarm/bin/../lib/gcc/arm-none-eabi/11.2.0/../../../../arm-none-eabi/lib\libg.a(lib_a-setvbuf.o)
                0x000000000200c648                setvbuf
 .text.siscanf  0x000000000200c8b0       0x74 d:/devkitpro/devkitarm/bin/../lib/gcc/arm-none-eabi/11.2.0/../../../../arm-none-eabi/lib\libg.a(lib_a-siscanf.o)
                0x000000000200c8b0                siscanf
 .text.__sread  0x000000000200c924       0x4c d:/devkitpro/devkitarm/bin/../lib/gcc/arm-none-eabi/11.2.0/../../../../arm-none-eabi/lib\libg.a(lib_a-stdio.o)
                0x000000000200c924                __sread
 .text.__seofread
                0x000000000200c970        0x8 d:/devkitpro/devkitarm/bin/../lib/gcc/arm-none-eabi/11.2.0/../../../../arm-none-eabi/lib\libg.a(lib_a-stdio.o)
                0x000000000200c970                __seofread
 .text.__swrite
                0x000000000200c978       0x6c d:/devkitpro/devkitarm/bin/../lib/gcc/arm-none-eabi/11.2.0/../../../../arm-none-eabi/lib\libg.a(lib_a-stdio.o)
                0x000000000200c978                __swrite
 .text.__sseek  0x000000000200c9e4       0x4c d:/devkitpro/devkitarm/bin/../lib/gcc/arm-none-eabi/11.2.0/../../../../arm-none-eabi/lib\libg.a(lib_a-stdio.o)
                0x000000000200c9e4                __sseek
 .text.__sclose
                0x000000000200ca30       0x14 d:/devkitpro/devkitarm/bin/../lib/gcc/arm-none-eabi/11.2.0/../../../../arm-none-eabi/lib\libg.a(lib_a-stdio.o)
                0x000000000200ca30                __sclose
 .text.strlen   0x000000000200ca44       0x60 d:/devkitpro/devkitarm/bin/../lib/gcc/arm-none-eabi/11.2.0/../../../../arm-none-eabi/lib\libg.a(lib_a-strlen-stub.o)
                0x000000000200ca44                strlen
 .text.get_arg  0x000000000200caa4       0x54 d:/devkitpro/devkitarm/bin/../lib/gcc/arm-none-eabi/11.2.0/../../../../arm-none-eabi/lib\libg.a(lib_a-svfiscanf.o)
 .text._sungetc_r
                0x000000000200caf8       0xe4 d:/devkitpro/devkitarm/bin/../lib/gcc/arm-none-eabi/11.2.0/../../../../arm-none-eabi/lib\libg.a(lib_a-svfiscanf.o)
                0x000000000200caf8                _sungetc_r
 .text.__ssrefill_r
                0x000000000200cbdc       0x68 d:/devkitpro/devkitarm/bin/../lib/gcc/arm-none-eabi/11.2.0/../../../../arm-none-eabi/lib\libg.a(lib_a-svfiscanf.o)
                0x000000000200cbdc                __ssrefill_r
 .text._sfread_r
                0x000000000200cc44       0xcc d:/devkitpro/devkitarm/bin/../lib/gcc/arm-none-eabi/11.2.0/../../../../arm-none-eabi/lib\libg.a(lib_a-svfiscanf.o)
                0x000000000200cc44                _sfread_r
 .text.__ssvfiscanf_r
                0x000000000200cd10     0x2300 d:/devkitpro/devkitarm/bin/../lib/gcc/arm-none-eabi/11.2.0/../../../../arm-none-eabi/lib\libg.a(lib_a-svfiscanf.o)
                0x000000000200cd10                __ssvfiscanf_r
 .text.__submore
                0x000000000200f010       0xb0 d:/devkitpro/devkitarm/bin/../lib/gcc/arm-none-eabi/11.2.0/../../../../arm-none-eabi/lib\libg.a(lib_a-ungetc.o)
                0x000000000200f010                __submore
 .text.get_arg  0x000000000200f0c0      0x628 d:/devkitpro/devkitarm/bin/../lib/gcc/arm-none-eabi/11.2.0/../../../../arm-none-eabi/lib\libg.a(lib_a-vfiprintf.o)
 .text.__sprint_r
                0x000000000200f6e8       0x34 d:/devkitpro/devkitarm/bin/../lib/gcc/arm-none-eabi/11.2.0/../../../../arm-none-eabi/lib\libg.a(lib_a-vfiprintf.o)
                0x000000000200f6e8                __sprint_r
 .text._vfiprintf_r
                0x000000000200f71c     0x2360 d:/devkitpro/devkitarm/bin/../lib/gcc/arm-none-eabi/11.2.0/../../../../arm-none-eabi/lib\libg.a(lib_a-vfiprintf.o)
                0x000000000200f71c                _vfiprintf_r
 .text.__sbprintf
                0x0000000002011a7c       0xd4 d:/devkitpro/devkitarm/bin/../lib/gcc/arm-none-eabi/11.2.0/../../../../arm-none-eabi/lib\libg.a(lib_a-vfiprintf.o)
 .text.viprintf
                0x0000000002011b50       0x28 d:/devkitpro/devkitarm/bin/../lib/gcc/arm-none-eabi/11.2.0/../../../../arm-none-eabi/lib\libg.a(lib_a-viprintf.o)
                0x0000000002011b50                viprintf
 .text._wcrtomb_r
                0x0000000002011b78       0x5c d:/devkitpro/devkitarm/bin/../lib/gcc/arm-none-eabi/11.2.0/../../../../arm-none-eabi/lib\libg.a(lib_a-wcrtomb.o)
                0x0000000002011b78                _wcrtomb_r
 .text._wcsrtombs_r
                0x0000000002011bd4       0x2c d:/devkitpro/devkitarm/bin/../lib/gcc/arm-none-eabi/11.2.0/../../../../arm-none-eabi/lib\libg.a(lib_a-wcsrtombs.o)
                0x0000000002011bd4                _wcsrtombs_r
 .text.__swsetup_r
                0x0000000002011c00      0x160 d:/devkitpro/devkitarm/bin/../lib/gcc/arm-none-eabi/11.2.0/../../../../arm-none-eabi/lib\libg.a(lib_a-wsetup.o)
                0x0000000002011c00                __swsetup_r
 .text.__sflags
                0x0000000002011d60       0xd0 d:/devkitpro/devkitarm/bin/../lib/gcc/arm-none-eabi/11.2.0/../../../../arm-none-eabi/lib\libg.a(lib_a-flags.o)
                0x0000000002011d60                __sflags
 .text.__sfvwrite_r
                0x0000000002011e30      0x4e8 d:/devkitpro/devkitarm/bin/../lib/gcc/arm-none-eabi/11.2.0/../../../../arm-none-eabi/lib\libg.a(lib_a-fvwrite.o)
                0x0000000002011e30                __sfvwrite_r
 .text.iswspace
                0x0000000002012318       0x14 d:/devkitpro/devkitarm/bin/../lib/gcc/arm-none-eabi/11.2.0/../../../../arm-none-eabi/lib\libg.a(lib_a-iswspace.o)
                0x0000000002012318                iswspace
 .text._localeconv_r
                0x000000000201232c        0xc d:/devkitpro/devkitarm/bin/../lib/gcc/arm-none-eabi/11.2.0/../../../../arm-none-eabi/lib\libg.a(lib_a-localeconv.o)
                0x000000000201232c                _localeconv_r
 .text.__locale_mb_cur_max
                0x0000000002012338       0x10 d:/devkitpro/devkitarm/bin/../lib/gcc/arm-none-eabi/11.2.0/../../../../arm-none-eabi/lib\libg.a(lib_a-locale.o)
                0x0000000002012338                __locale_mb_cur_max
 .text._mbrtowc_r
                0x0000000002012348       0x70 d:/devkitpro/devkitarm/bin/../lib/gcc/arm-none-eabi/11.2.0/../../../../arm-none-eabi/lib\libg.a(lib_a-mbrtowc.o)
                0x0000000002012348                _mbrtowc_r
 .text.__utf8_mbtowc
                0x00000000020123b8      0x308 d:/devkitpro/devkitarm/bin/../lib/gcc/arm-none-eabi/11.2.0/../../../../arm-none-eabi/lib\libg.a(lib_a-mbtowc_r.o)
                0x00000000020123b8                __utf8_mbtowc
 .text.memchr   0x00000000020126c0       0xf8 d:/devkitpro/devkitarm/bin/../lib/gcc/arm-none-eabi/11.2.0/../../../../arm-none-eabi/lib\libg.a(lib_a-memchr-stub.o)
                0x00000000020126c0                memchr
 .text.memmove  0x00000000020127b8      0x158 d:/devkitpro/devkitarm/bin/../lib/gcc/arm-none-eabi/11.2.0/../../../../arm-none-eabi/lib\libg.a(lib_a-memmove.o)
                0x00000000020127b8                memmove
 .text.realloc  0x0000000002012910       0x24 d:/devkitpro/devkitarm/bin/../lib/gcc/arm-none-eabi/11.2.0/../../../../arm-none-eabi/lib\libg.a(lib_a-realloc.o)
                0x0000000002012910                realloc
 .text._realloc_r
                0x0000000002012934      0x570 d:/devkitpro/devkitarm/bin/../lib/gcc/arm-none-eabi/11.2.0/../../../../arm-none-eabi/lib\libg.a(lib_a-reallocr.o)
                0x0000000002012934                _realloc_r
 .text.__sccl   0x0000000002012ea4       0xe4 d:/devkitpro/devkitarm/bin/../lib/gcc/arm-none-eabi/11.2.0/../../../../arm-none-eabi/lib\libg.a(lib_a-sccl.o)
                0x0000000002012ea4                __sccl
 .text.strchr   0x0000000002012f88      0x138 d:/devkitpro/devkitarm/bin/../lib/gcc/arm-none-eabi/11.2.0/../../../../arm-none-eabi/lib\libg.a(lib_a-strchr.o)
                0x0000000002012f88                strchr
 .text.strncpy  0x00000000020130c0       0xcc d:/devkitpro/devkitarm/bin/../lib/gcc/arm-none-eabi/11.2.0/../../../../arm-none-eabi/lib\libg.a(lib_a-strncpy.o)
                0x00000000020130c0                strncpy
 .text._strtoll_l.constprop.0
                0x000000000201318c      0x230 d:/devkitpro/devkitarm/bin/../lib/gcc/arm-none-eabi/11.2.0/../../../../arm-none-eabi/lib\libg.a(lib_a-strtoll.o)
 .text._strtoll_r
                0x00000000020133bc        0x4 d:/devkitpro/devkitarm/bin/../lib/gcc/arm-none-eabi/11.2.0/../../../../arm-none-eabi/lib\libg.a(lib_a-strtoll.o)
                0x00000000020133bc                _strtoll_r
 .text._strtol_l.part.0
                0x00000000020133c0      0x1a8 d:/devkitpro/devkitarm/bin/../lib/gcc/arm-none-eabi/11.2.0/../../../../arm-none-eabi/lib\libg.a(lib_a-strtol.o)
 .text._strtol_r
                0x0000000002013568       0x3c d:/devkitpro/devkitarm/bin/../lib/gcc/arm-none-eabi/11.2.0/../../../../arm-none-eabi/lib\libg.a(lib_a-strtol.o)
                0x0000000002013568                _strtol_r
 .text._strtoull_l.constprop.0
                0x00000000020135a4      0x248 d:/devkitpro/devkitarm/bin/../lib/gcc/arm-none-eabi/11.2.0/../../../../arm-none-eabi/lib\libg.a(lib_a-strtoull.o)
 .text._strtoull_r
                0x00000000020137ec        0x4 d:/devkitpro/devkitarm/bin/../lib/gcc/arm-none-eabi/11.2.0/../../../../arm-none-eabi/lib\libg.a(lib_a-strtoull.o)
                0x00000000020137ec                _strtoull_r
 .text._strtoul_l.constprop.0
                0x00000000020137f0      0x1c8 d:/devkitpro/devkitarm/bin/../lib/gcc/arm-none-eabi/11.2.0/../../../../arm-none-eabi/lib\libg.a(lib_a-strtoul.o)
 .text._strtoul_r
                0x00000000020139b8        0x4 d:/devkitpro/devkitarm/bin/../lib/gcc/arm-none-eabi/11.2.0/../../../../arm-none-eabi/lib\libg.a(lib_a-strtoul.o)
                0x00000000020139b8                _strtoul_r
 .text._wcsnrtombs_l
                0x00000000020139bc      0x1a0 d:/devkitpro/devkitarm/bin/../lib/gcc/arm-none-eabi/11.2.0/../../../../arm-none-eabi/lib\libg.a(lib_a-wcsnrtombs.o)
                0x00000000020139bc                _wcsnrtombs_l
 .text._wcsnrtombs_r
                0x0000000002013b5c       0x50 d:/devkitpro/devkitarm/bin/../lib/gcc/arm-none-eabi/11.2.0/../../../../arm-none-eabi/lib\libg.a(lib_a-wcsnrtombs.o)
                0x0000000002013b5c                _wcsnrtombs_r
 .text.__utf8_wctomb
                0x0000000002013bac       0xf4 d:/devkitpro/devkitarm/bin/../lib/gcc/arm-none-eabi/11.2.0/../../../../arm-none-eabi/lib\libg.a(lib_a-wctomb_r.o)
                0x0000000002013bac                __utf8_wctomb
 .text.iswspace_l
                0x0000000002013ca0       0x44 d:/devkitpro/devkitarm/bin/../lib/gcc/arm-none-eabi/11.2.0/../../../../arm-none-eabi/lib\libg.a(lib_a-iswspace_l.o)
                0x0000000002013ca0                iswspace_l
 .text.__jp2uc  0x0000000002013ce4      0x1e4 d:/devkitpro/devkitarm/bin/../lib/gcc/arm-none-eabi/11.2.0/../../../../arm-none-eabi/lib\libg.a(lib_a-jp2uc.o)
 .text._jp2uc_l
                0x0000000002013ec8       0x94 d:/devkitpro/devkitarm/bin/../lib/gcc/arm-none-eabi/11.2.0/../../../../arm-none-eabi/lib\libg.a(lib_a-jp2uc.o)
                0x0000000002013ec8                _jp2uc_l
 .text.strncmp  0x0000000002013f5c       0xe4 d:/devkitpro/devkitarm/bin/../lib/gcc/arm-none-eabi/11.2.0/../../../../arm-none-eabi/lib\libg.a(lib_a-strncmp.o)
                0x0000000002013f5c                strncmp
 .text.category
                0x0000000002014040       0x8c d:/devkitpro/devkitarm/bin/../lib/gcc/arm-none-eabi/11.2.0/../../../../arm-none-eabi/lib\libg.a(lib_a-categories.o)
                0x0000000002014040                category
 .text.null_write
                0x00000000020140cc        0x8 d:/devkitpro/devkitarm/bin/../lib/gcc/arm-none-eabi/11.2.0/../../../../arm-none-eabi/lib\libsysbase.a(iosupport.o)
 .text.FindDevice
                0x00000000020140d4       0xd4 d:/devkitpro/devkitarm/bin/../lib/gcc/arm-none-eabi/11.2.0/../../../../arm-none-eabi/lib\libsysbase.a(iosupport.o)
                0x00000000020140d4                FindDevice
 .text._fstat_r
                0x00000000020141a8       0x7c d:/devkitpro/devkitarm/bin/../lib/gcc/arm-none-eabi/11.2.0/../../../../arm-none-eabi/lib\libsysbase.a(fstat.o)
                0x00000000020141a8                _fstat_r
 .text._isatty_r
                0x0000000002014224        0x8 d:/devkitpro/devkitarm/bin/../lib/gcc/arm-none-eabi/11.2.0/../../../../arm-none-eabi/lib\libsysbase.a(isatty.o)
                0x0000000002014224                _isatty_r
 .text._lseek_r
                0x000000000201422c       0x88 d:/devkitpro/devkitarm/bin/../lib/gcc/arm-none-eabi/11.2.0/../../../../arm-none-eabi/lib\libsysbase.a(lseek.o)
                0x000000000201422c                _lseek_r
 .text._open_r  0x00000000020142b4       0xd0 d:/devkitpro/devkitarm/bin/../lib/gcc/arm-none-eabi/11.2.0/../../../../arm-none-eabi/lib\libsysbase.a(open.o)
                0x00000000020142b4                _open_r
 .text._read_r  0x0000000002014384       0x84 d:/devkitpro/devkitarm/bin/../lib/gcc/arm-none-eabi/11.2.0/../../../../arm-none-eabi/lib\libsysbase.a(read.o)
                0x0000000002014384                _read_r
 .text._sbrk_r  0x0000000002014408       0x7c d:/devkitpro/devkitarm/bin/../lib/gcc/arm-none-eabi/11.2.0/../../../../arm-none-eabi/lib\libsysbase.a(sbrk.o)
                0x0000000002014408                _sbrk_r
 .text._write_r
                0x0000000002014484       0x84 d:/devkitpro/devkitarm/bin/../lib/gcc/arm-none-eabi/11.2.0/../../../../arm-none-eabi/lib\libsysbase.a(write.o)
                0x0000000002014484                _write_r
 .text.build_argv
                0x0000000002014508       0x80 d:/devkitpro/devkitarm/bin/../lib/gcc/arm-none-eabi/11.2.0/../../../../arm-none-eabi/lib\libsysbase.a(build_argv.o)
                0x0000000002014508                build_argv
 .text.__flockfile
                0x0000000002014588       0x14 d:/devkitpro/devkitarm/bin/../lib/gcc/arm-none-eabi/11.2.0/../../../../arm-none-eabi/lib\libsysbase.a(flock.o)
                0x0000000002014588                __flockfile
 .text.__funlockfile
                0x000000000201459c       0x14 d:/devkitpro/devkitarm/bin/../lib/gcc/arm-none-eabi/11.2.0/../../../../arm-none-eabi/lib\libsysbase.a(flock.o)
                0x000000000201459c                __funlockfile
 .text.__release_handle
                0x00000000020145b0       0x90 d:/devkitpro/devkitarm/bin/../lib/gcc/arm-none-eabi/11.2.0/../../../../arm-none-eabi/lib\libsysbase.a(handle_manager.o)
                0x00000000020145b0                __release_handle
 .text.__alloc_handle
                0x0000000002014640       0xb8 d:/devkitpro/devkitarm/bin/../lib/gcc/arm-none-eabi/11.2.0/../../../../arm-none-eabi/lib\libsysbase.a(handle_manager.o)
                0x0000000002014640                __alloc_handle
 .text.__get_handle
                0x00000000020146f8       0x40 d:/devkitpro/devkitarm/bin/../lib/gcc/arm-none-eabi/11.2.0/../../../../arm-none-eabi/lib\libsysbase.a(handle_manager.o)
                0x00000000020146f8                __get_handle
 .text._close_r
                0x0000000002014738       0xfc d:/devkitpro/devkitarm/bin/../lib/gcc/arm-none-eabi/11.2.0/../../../../arm-none-eabi/lib\libsysbase.a(handle_manager.o)
                0x0000000002014738                _close_r
 .text.__getreent
                0x0000000002014834       0x30 d:/devkitpro/devkitarm/bin/../lib/gcc/arm-none-eabi/11.2.0/../../../../arm-none-eabi/lib\libsysbase.a(getreent.o)
                0x0000000002014834                __getreent
 .text.__libc_lock_acquire
                0x0000000002014864       0x20 d:/devkitpro/devkitarm/bin/../lib/gcc/arm-none-eabi/11.2.0/../../../../arm-none-eabi/lib\libsysbase.a(syscall_support.o)
                0x0000000002014864                __libc_lock_acquire
 .text.__libc_lock_release
                0x0000000002014884       0x20 d:/devkitpro/devkitarm/bin/../lib/gcc/arm-none-eabi/11.2.0/../../../../arm-none-eabi/lib\libsysbase.a(syscall_support.o)
                0x0000000002014884                __libc_lock_release
 .text.__libc_lock_init_recursive
                0x00000000020148a4       0x20 d:/devkitpro/devkitarm/bin/../lib/gcc/arm-none-eabi/11.2.0/../../../../arm-none-eabi/lib\libsysbase.a(syscall_support.o)
                0x00000000020148a4                __libc_lock_init_recursive
 .text.__libc_lock_acquire_recursive
                0x00000000020148c4       0x20 d:/devkitpro/devkitarm/bin/../lib/gcc/arm-none-eabi/11.2.0/../../../../arm-none-eabi/lib\libsysbase.a(syscall_support.o)
                0x00000000020148c4                __libc_lock_acquire_recursive
 .text.__libc_lock_release_recursive
                0x00000000020148e4       0x20 d:/devkitpro/devkitarm/bin/../lib/gcc/arm-none-eabi/11.2.0/../../../../arm-none-eabi/lib\libsysbase.a(syscall_support.o)
                0x00000000020148e4                __libc_lock_release_recursive
 .text.__libc_lock_close_recursive
                0x0000000002014904       0x20 d:/devkitpro/devkitarm/bin/../lib/gcc/arm-none-eabi/11.2.0/../../../../arm-none-eabi/lib\libsysbase.a(syscall_support.o)
                0x0000000002014904                __libc_lock_close_recursive
 .text.__udivmoddi4
                0x0000000002014924      0x128 d:/devkitpro/devkitarm/bin/../lib/gcc/arm-none-eabi/11.2.0\libgcc.a(_udivmoddi4.o)
                0x0000000002014924                __udivmoddi4
 *fill*         0x0000000002014a4c        0x4 ff
 .text.__udivmoddi4.__stub
                0x0000000002014a50      0x1fc linker stubs
 *(EXCLUDE_FILE(*.twl*) .gnu.warning)
 *(EXCLUDE_FILE(*.twl*) .gnu.linkonce.t*)
 *(.glue_7)
 .glue_7        0x0000000002014ca8        0x0 linker stubs
 *(.glue_7t)
 .glue_7t       0x0000000002014ca8        0x0 linker stubs
                0x0000000002014ca8                . = ALIGN (0x4)

.vfp11_veneer   0x0000000002014ca8        0x0
 .vfp11_veneer  0x0000000002014ca8        0x0 linker stubs

.v4_bx          0x0000000002014ca8        0x0
 .v4_bx         0x0000000002014ca8        0x0 linker stubs

.iplt           0x0000000002014ca8        0x0
 .iplt          0x0000000002014ca8        0x0 d:/devkitpro/devkitarm/bin/../lib/gcc/arm-none-eabi/11.2.0/../../../../arm-none-eabi/lib/ds_arm9_crt0.o

.fini           0x0000000002014ca8       0x18
 *(.fini)
 .fini          0x0000000002014ca8        0xc d:/devkitpro/devkitarm/bin/../lib/gcc/arm-none-eabi/11.2.0/crti.o
                0x0000000002014ca8                _fini
 .fini          0x0000000002014cb4        0xc d:/devkitpro/devkitarm/bin/../lib/gcc/arm-none-eabi/11.2.0/crtn.o
                0x0000000002014cc0                __text_end = .

.rodata         0x0000000002014cc0     0x91c8
 *(EXCLUDE_FILE(*.twl*) .rodata)
 .rodata        0x0000000002014cc0       0x24 D:\devkitPro/nitro-engine/lib\libNE.a(NETexture.o)
 *all.rodata*(*)
 *(EXCLUDE_FILE(*.twl*) .roda)
 *(EXCLUDE_FILE(*.twl*) .rodata.*)
 .rodata.cube_bin
                0x0000000002014ce4      0x10c cube.bin.o
                0x0000000002014ce4                cube_bin
                0x0000000002014df0                cube_bin_end
 .rodata.debug_plane_bin
                0x0000000002014df0       0x38 debug_plane.bin.o
                0x0000000002014df0                debug_plane_bin
                0x0000000002014e28                debug_plane_bin_end
 .rodata.str1.4
                0x0000000002014e28       0xab D:\devkitPro/nitro-engine/lib\libNE.a(NEModel.o)
 .rodata.str1.4
                0x0000000002014ed3       0xab D:\devkitPro/nitro-engine/lib\libNE.a(dsma.o)
 *fill*         0x0000000002014ed3        0x1 ff
 .rodata.str1.4
                0x0000000002014ed4        0x7 D:\devkitPro/nitro-engine/lib\libNE.a(NEFAT.o)
 *fill*         0x0000000002014edb        0x1 ff
 .rodata.SIN_LUT
                0x0000000002014edc      0x102 D:\devkitPro/libnds/lib\libnds9.a(trig.o)
                0x0000000002014edc                SIN_LUT
 *fill*         0x0000000002014fde        0x2 ff
 .rodata.TAN_LUT
                0x0000000002014fe0      0x204 D:\devkitPro/libnds/lib\libnds9.a(trig.o)
                0x0000000002014fe0                TAN_LUT
 .rodata.__sassert.str1.4
                0x00000000020151e4       0x42 D:\devkitPro/libnds/lib\libnds9.a(sassert.o)
 *fill*         0x0000000002015226        0x2 ff
 .rodata.con_write.str1.4
                0x0000000002015228       0x30 D:\devkitPro/libnds/lib\libnds9.a(console.o)
 .rodata.con_write
                0x0000000002015258       0xd4 D:\devkitPro/libnds/lib\libnds9.a(console.o)
 .rodata.str1.4
                0x000000000201532c       0x14 D:\devkitPro/libnds/lib\libnds9.a(console.o)
 .rodata.dotab_stdout
                0x0000000002015340       0x70 D:\devkitPro/libnds/lib\libnds9.a(console.o)
 .rodata.default_font_bin
                0x00000000020153b0     0x2000 D:\devkitPro/libnds/lib\libnds9.a(default_font.bin.o)
                0x00000000020153b0                default_font_bin
                0x00000000020173b0                default_font_bin_end
 .rodata._global_impure_ptr
                0x00000000020173b0        0x4 d:/devkitpro/devkitarm/bin/../lib/gcc/arm-none-eabi/11.2.0/../../../../arm-none-eabi/lib\libg.a(lib_a-impure.o)
                0x00000000020173b0                _global_impure_ptr
 .rodata.basefix.0
                0x00000000020173b4       0x22 d:/devkitpro/devkitarm/bin/../lib/gcc/arm-none-eabi/11.2.0/../../../../arm-none-eabi/lib\libg.a(lib_a-svfiscanf.o)
 .rodata._vfiprintf_r.str1.1
                0x00000000020173d6       0x29 d:/devkitpro/devkitarm/bin/../lib/gcc/arm-none-eabi/11.2.0/../../../../arm-none-eabi/lib\libg.a(lib_a-vfiprintf.o)
 *fill*         0x00000000020173ff        0x1 ff
 .rodata.blanks.1
                0x0000000002017400       0x10 d:/devkitpro/devkitarm/bin/../lib/gcc/arm-none-eabi/11.2.0/../../../../arm-none-eabi/lib\libg.a(lib_a-vfiprintf.o)
 .rodata.zeroes.0
                0x0000000002017410       0x10 d:/devkitpro/devkitarm/bin/../lib/gcc/arm-none-eabi/11.2.0/../../../../arm-none-eabi/lib\libg.a(lib_a-vfiprintf.o)
 .rodata._ctype_
                0x0000000002017420      0x101 d:/devkitpro/devkitarm/bin/../lib/gcc/arm-none-eabi/11.2.0/../../../../arm-none-eabi/lib\libg.a(lib_a-ctype_.o)
                0x0000000002017420                _ctype_
 *fill*         0x0000000002017521        0x3 ff
 .rodata.str1.4
                0x0000000002017524       0x48 d:/devkitpro/devkitarm/bin/../lib/gcc/arm-none-eabi/11.2.0/../../../../arm-none-eabi/lib\libg.a(lib_a-locale.o)
                                         0x4c (size before relaxing)
 .rodata._mbrtowc_r.str1.4
                0x000000000201756c        0x1 d:/devkitpro/devkitarm/bin/../lib/gcc/arm-none-eabi/11.2.0/../../../../arm-none-eabi/lib\libg.a(lib_a-mbrtowc.o)
 .rodata.__action_table
                0x000000000201756c       0x6c d:/devkitpro/devkitarm/bin/../lib/gcc/arm-none-eabi/11.2.0/../../../../arm-none-eabi/lib\libg.a(lib_a-svfiprintf.o)
                0x000000000201756c                __action_table
 .rodata.__chclass
                0x00000000020175d8      0x100 d:/devkitpro/devkitarm/bin/../lib/gcc/arm-none-eabi/11.2.0/../../../../arm-none-eabi/lib\libg.a(lib_a-svfiprintf.o)
                0x00000000020175d8                __chclass
 .rodata.__state_table
                0x00000000020176d8       0x6c d:/devkitpro/devkitarm/bin/../lib/gcc/arm-none-eabi/11.2.0/../../../../arm-none-eabi/lib\libg.a(lib_a-svfiprintf.o)
                0x00000000020176d8                __state_table
 .rodata._jp2uc_l.str1.4
                0x0000000002017744       0x12 d:/devkitpro/devkitarm/bin/../lib/gcc/arm-none-eabi/11.2.0/../../../../arm-none-eabi/lib\libg.a(lib_a-jp2uc.o)
 *fill*         0x0000000002017756        0x2 ff
 .rodata.a1     0x0000000002017758       0xbc d:/devkitpro/devkitarm/bin/../lib/gcc/arm-none-eabi/11.2.0/../../../../arm-none-eabi/lib\libg.a(lib_a-jp2uc.o)
 .rodata.a2     0x0000000002017814       0xbc d:/devkitpro/devkitarm/bin/../lib/gcc/arm-none-eabi/11.2.0/../../../../arm-none-eabi/lib\libg.a(lib_a-jp2uc.o)
 .rodata.a3     0x00000000020178d0       0x5b d:/devkitpro/devkitarm/bin/../lib/gcc/arm-none-eabi/11.2.0/../../../../arm-none-eabi/lib\libg.a(lib_a-jp2uc.o)
 *fill*         0x000000000201792b        0x1 ff
 .rodata.a6     0x000000000201792c       0x70 d:/devkitpro/devkitarm/bin/../lib/gcc/arm-none-eabi/11.2.0/../../../../arm-none-eabi/lib\libg.a(lib_a-jp2uc.o)
 .rodata.a7     0x000000000201799c       0xa2 d:/devkitpro/devkitarm/bin/../lib/gcc/arm-none-eabi/11.2.0/../../../../arm-none-eabi/lib\libg.a(lib_a-jp2uc.o)
 *fill*         0x0000000002017a3e        0x2 ff
 .rodata.a8     0x0000000002017a40       0x40 d:/devkitpro/devkitarm/bin/../lib/gcc/arm-none-eabi/11.2.0/../../../../arm-none-eabi/lib\libg.a(lib_a-jp2uc.o)
 .rodata.b02cf  0x0000000002017a80     0x172a d:/devkitpro/devkitarm/bin/../lib/gcc/arm-none-eabi/11.2.0/../../../../arm-none-eabi/lib\libg.a(lib_a-jp2uc.o)
 *fill*         0x00000000020191aa        0x2 ff
 .rodata.d02f4  0x00000000020191ac     0x1a7c d:/devkitpro/devkitarm/bin/../lib/gcc/arm-none-eabi/11.2.0/../../../../arm-none-eabi/lib\libg.a(lib_a-jp2uc.o)
 .rodata.categories
                0x000000000201ac28     0x31e6 d:/devkitpro/devkitarm/bin/../lib/gcc/arm-none-eabi/11.2.0/../../../../arm-none-eabi/lib\libg.a(lib_a-categories.o)
 *fill*         0x000000000201de0e        0x2 ff
 .rodata.AddDevice.str1.4
                0x000000000201de10        0x8 d:/devkitpro/devkitarm/bin/../lib/gcc/arm-none-eabi/11.2.0/../../../../arm-none-eabi/lib\libsysbase.a(iosupport.o)
 .rodata.dotab_stdnull
                0x000000000201de18       0x70 d:/devkitpro/devkitarm/bin/../lib/gcc/arm-none-eabi/11.2.0/../../../../arm-none-eabi/lib\libsysbase.a(iosupport.o)
                0x000000000201de18                dotab_stdnull
 *(EXCLUDE_FILE(*.twl*) .gnu.linkonce.r*)
                0x000000000201de88                . = ALIGN (0x4)

.ARM.extab
 *(.ARM.extab* .gnu.linkonce.armextab.*)
                0x000000000201de88                __exidx_start = .

ARM.exidx
 *(.ARM.exidx* .gnu.linkonce.armexidx.*)
                0x000000000201de88                __exidx_end = .
                0x000000000201de88                . = ALIGN (0x4)
                0x000000000201de88                PROVIDE (__preinit_array_start = .)

.preinit_array
 *(.preinit_array)
                0x000000000201de88                PROVIDE (__preinit_array_end = .)
                0x000000000201de88                PROVIDE (__init_array_start = .)

.init_array     0x000000000201de88        0x4
 *(SORT_BY_NAME(.init_array.*))
 *(.init_array)
 .init_array    0x000000000201de88        0x4 d:/devkitpro/devkitarm/bin/../lib/gcc/arm-none-eabi/11.2.0/crtbegin.o
                0x000000000201de8c                PROVIDE (__init_array_end = .)
                [!provide]                        PROVIDE (__fini_array_start = .)

.fini_array     0x000000000201de8c        0x4
 *(.fini_array)
 .fini_array    0x000000000201de8c        0x4 d:/devkitpro/devkitarm/bin/../lib/gcc/arm-none-eabi/11.2.0/crtbegin.o
 *(SORT_BY_NAME(.fini_array.*))
                [!provide]                        PROVIDE (__fini_array_end = .)

.ctors          0x000000000201de90        0x0
 *crtbegin.o(.ctors)
 *(EXCLUDE_FILE(*crtend.o) .ctors)
 *(SORT_BY_NAME(.ctors.*))
 *(.ctors)
                0x000000000201de90                . = ALIGN (0x4)

.dtors          0x000000000201de90        0x0
 *crtbegin.o(.dtors)
 *(EXCLUDE_FILE(*crtend.o) .dtors)
 *(SORT_BY_NAME(.dtors.*))
 *(.dtors)
                0x000000000201de90                . = ALIGN (0x4)

.eh_frame       0x000000000201de90        0x4
 *(.eh_frame)
 .eh_frame      0x000000000201de90        0x0 d:/devkitpro/devkitarm/bin/../lib/gcc/arm-none-eabi/11.2.0/crtbegin.o
 .eh_frame      0x000000000201de90        0x4 d:/devkitpro/devkitarm/bin/../lib/gcc/arm-none-eabi/11.2.0/crtend.o
                0x000000000201de94                . = ALIGN (0x4)

.rel.dyn        0x000000000201de94        0x0
 .rel.iplt      0x000000000201de94        0x0 d:/devkitpro/devkitarm/bin/../lib/gcc/arm-none-eabi/11.2.0/../../../../arm-none-eabi/lib/ds_arm9_crt0.o

.gcc_except_table
                0x000000000201de94        0x0
 *(.gcc_except_table)
                0x000000000201de94                . = ALIGN (0x4)

.jcr
 *(.jcr)

.got
 *(.got.plt)
 *(.got)
 *(.rel.got)

.ewram          0x000000000201de94        0x0
                0x000000000201de94                __ewram_start = ABSOLUTE (.)
 *(.ewram)
 *ewram.*(.text)
                0x000000000201de94                . = ALIGN (0x4)

.data           0x000000000201de94     0x1ba4
                0x000000000201de94                __data_start = ABSOLUTE (.)
 *(EXCLUDE_FILE(*.twl*) .data)
 .data          0x000000000201de94       0x10 D:\devkitPro/nitro-engine/lib\libNE.a(NEGeneral.o)
 .data          0x000000000201dea4       0x28 D:\devkitPro/libnds/lib\libnds9.a(mpu_setup.o)
 *(EXCLUDE_FILE(*.twl*) .data.*)
 .data.currentConsole
                0x000000000201decc        0x4 D:\devkitPro/libnds/lib\libnds9.a(console.o)
                0x000000000201decc                currentConsole
 .data.defaultConsole
                0x000000000201ded0       0x5c D:\devkitPro/libnds/lib\libnds9.a(console.o)
                0x000000000201ded0                defaultConsole
 .data.firstConsoleInit.0
                0x000000000201df2c        0x1 D:\devkitPro/libnds/lib\libnds9.a(console.o)
 *fill*         0x000000000201df2d        0x3 ff
 .data.fifo_buffer_free
                0x000000000201df30        0x4 D:\devkitPro/libnds/lib\libnds9.a(fifosystem.o)
                0x000000000201df30                fifo_buffer_free
 .data.fifo_freewords
                0x000000000201df34        0x4 D:\devkitPro/libnds/lib\libnds9.a(fifosystem.o)
                0x000000000201df34                fifo_freewords
 .data.fifo_receive_queue
                0x000000000201df38        0x4 D:\devkitPro/libnds/lib\libnds9.a(fifosystem.o)
                0x000000000201df38                fifo_receive_queue
 .data.fifo_send_queue
                0x000000000201df3c        0x4 D:\devkitPro/libnds/lib\libnds9.a(fifosystem.o)
                0x000000000201df3c                fifo_send_queue
 .data.bgControl
                0x000000000201df40       0x20 D:\devkitPro/libnds/lib\libnds9.a(background.o)
                0x000000000201df40                bgControl
 .data.bgScrollTable
                0x000000000201df60       0x20 D:\devkitPro/libnds/lib\libnds9.a(background.o)
                0x000000000201df60                bgScrollTable
 .data.bgTransform
                0x000000000201df80       0x20 D:\devkitPro/libnds/lib\libnds9.a(background.o)
                0x000000000201df80                bgTransform
 .data._impure_ptr
                0x000000000201dfa0        0x4 d:/devkitpro/devkitarm/bin/../lib/gcc/arm-none-eabi/11.2.0/../../../../arm-none-eabi/lib\libg.a(lib_a-impure.o)
                0x000000000201dfa0                _impure_ptr
 *fill*         0x000000000201dfa4        0x4 ff
 .data.impure_data
                0x000000000201dfa8      0x460 d:/devkitpro/devkitarm/bin/../lib/gcc/arm-none-eabi/11.2.0/../../../../arm-none-eabi/lib\libg.a(lib_a-impure.o)
 .data.__malloc_av_
                0x000000000201e408      0x408 d:/devkitpro/devkitarm/bin/../lib/gcc/arm-none-eabi/11.2.0/../../../../arm-none-eabi/lib\libg.a(lib_a-mallocr.o)
                0x000000000201e408                __malloc_av_
 .data.__malloc_sbrk_base
                0x000000000201e810        0x4 d:/devkitpro/devkitarm/bin/../lib/gcc/arm-none-eabi/11.2.0/../../../../arm-none-eabi/lib\libg.a(lib_a-mallocr.o)
                0x000000000201e810                __malloc_sbrk_base
 .data.__malloc_trim_threshold
                0x000000000201e814        0x4 d:/devkitpro/devkitarm/bin/../lib/gcc/arm-none-eabi/11.2.0/../../../../arm-none-eabi/lib\libg.a(lib_a-mallocr.o)
                0x000000000201e814                __malloc_trim_threshold
 .data.__global_locale
                0x000000000201e818      0x16c d:/devkitpro/devkitarm/bin/../lib/gcc/arm-none-eabi/11.2.0/../../../../arm-none-eabi/lib\libg.a(lib_a-locale.o)
                0x000000000201e818                __global_locale
 .data.defaultDevice
                0x000000000201e984        0x4 d:/devkitpro/devkitarm/bin/../lib/gcc/arm-none-eabi/11.2.0/../../../../arm-none-eabi/lib\libsysbase.a(iosupport.o)
 .data.devoptab_list
                0x000000000201e988       0x8c d:/devkitpro/devkitarm/bin/../lib/gcc/arm-none-eabi/11.2.0/../../../../arm-none-eabi/lib\libsysbase.a(iosupport.o)
                0x000000000201e988                devoptab_list
 .data.__stderr_handle
                0x000000000201ea14        0xc d:/devkitpro/devkitarm/bin/../lib/gcc/arm-none-eabi/11.2.0/../../../../arm-none-eabi/lib\libsysbase.a(handle_manager.o)
 .data.__stdin_handle
                0x000000000201ea20        0xc d:/devkitpro/devkitarm/bin/../lib/gcc/arm-none-eabi/11.2.0/../../../../arm-none-eabi/lib\libsysbase.a(handle_manager.o)
 .data.__stdout_handle
                0x000000000201ea2c        0xc d:/devkitpro/devkitarm/bin/../lib/gcc/arm-none-eabi/11.2.0/../../../../arm-none-eabi/lib\libsysbase.a(handle_manager.o)
 .data.handles  0x000000000201ea38     0x1000 d:/devkitpro/devkitarm/bin/../lib/gcc/arm-none-eabi/11.2.0/../../../../arm-none-eabi/lib\libsysbase.a(handle_manager.o)
 *(EXCLUDE_FILE(*.twl*) .gnu.linkonce.d*)
                0x000000000201fa38                . = ALIGN (0x4)
                0x000000000201fa38                __data_end = ABSOLUTE (.)
                0x000000000201fa38                __bss_vma = .

.igot.plt       0x000000000201fa38        0x0
 .igot.plt      0x000000000201fa38        0x0 d:/devkitpro/devkitarm/bin/../lib/gcc/arm-none-eabi/11.2.0/../../../../arm-none-eabi/lib/ds_arm9_crt0.o

.dtcm           0x0000000002ff0000        0x0 load address 0x000000000201fa38
                0x000000000201fa38                __dtcm_lma = LOADADDR (.dtcm)
                0x0000000002ff0000                __dtcm_start = ABSOLUTE (.)
 *(.dtcm)
 *(.dtcm.*)
                0x0000000002ff0000                . = ALIGN (0x4)
                0x0000000002ff0000                __dtcm_end = ABSOLUTE (.)

.itcm           0x0000000001000100      0xb08 load address 0x000000000201fa38
                0x000000000201fa38                __itcm_lma = LOADADDR (.itcm)
                0x0000000001000100                __itcm_start = ABSOLUTE (.)
 *(.itcm)
 .itcm          0x0000000001000100      0x964 D:\devkitPro/nitro-engine/lib\libNE.a(dsma.o)
                0x0000000001000100                DSMA_DrawModel
                0x0000000001000528                DSMA_DrawModelBlendAnimation
 .itcm          0x0000000001000a64       0xc8 D:\devkitPro/libnds/lib\libnds9.a(interrupts.o)
                0x0000000001000a64                irqTable
 .itcm          0x0000000001000b2c       0xcc D:\devkitPro/libnds/lib\libnds9.a(interruptDispatcher.o)
                0x0000000001000b2c                IntrMain
 .itcm.__stub   0x0000000001000bf8        0xc linker stubs
 *.itcm*(.text .stub .text.*)
                0x0000000001000c04                . = ALIGN (0x4)
                0x0000000001000c08                __itcm_end = ABSOLUTE (.)

.vectors        0x0000000001000000        0x0 load address 0x0000000002020540
                0x0000000002020540                __vectors_lma = LOADADDR (.vectors)
                0x0000000001000000                __vectors_start = ABSOLUTE (.)
 *(.vectors .vectors.*)
                0x0000000001000000                . = ALIGN (0x4)
                0x0000000001000000                __vectors_end = ABSOLUTE (.)

.sbss           0x0000000002ff0000        0x0
                0x0000000002ff0000                __sbss_start = ABSOLUTE (.)
                0x0000000002ff0000                __sbss_start__ = ABSOLUTE (.)
 *(.sbss)
                0x0000000002ff0000                . = ALIGN (0x4)
                0x0000000002ff0000                __sbss_end = ABSOLUTE (.)

.bss            0x000000000201fa38      0xe10
                0x000000000201fa38                __bss_start = ABSOLUTE (.)
                0x000000000201fa38                __bss_start__ = ABSOLUTE (.)
 *(EXCLUDE_FILE(*.twl*) .dynbss)
 *(EXCLUDE_FILE(*.twl*) .gnu.linkonce.b*)
 *(EXCLUDE_FILE(*.twl*) .bss*)
 .bss.completed.1
                0x000000000201fa38        0x1 d:/devkitpro/devkitarm/bin/../lib/gcc/arm-none-eabi/11.2.0/crtbegin.o
 *fill*         0x000000000201fa39        0x3 
 .bss.object.0  0x000000000201fa3c       0x18 d:/devkitpro/devkitarm/bin/../lib/gcc/arm-none-eabi/11.2.0/crtbegin.o
 .bss           0x000000000201fa54       0x3c main.o
                0x000000000201fa54                Camara
                0x000000000201fa58                Model
                0x000000000201fa74                Physics
 .bss           0x000000000201fa90        0x9 D:\devkitPro/nitro-engine/lib\libNE.a(NECamera.o)
 *fill*         0x000000000201fa99        0x3 
 .bss           0x000000000201fa9c       0x5c D:\devkitPro/nitro-engine/lib\libNE.a(NEGeneral.o)
                0x000000000201fa9c                NE_Dual
                0x000000000201fac4                ne_input
                0x000000000201faf0                NE_TestTouch
 .bss           0x000000000201faf8        0xd D:\devkitPro/nitro-engine/lib\libNE.a(NEModel.o)
 *fill*         0x000000000201fb05        0x3 
 .bss           0x000000000201fb08        0x9 D:\devkitPro/nitro-engine/lib\libNE.a(NEPhysics.o)
 *fill*         0x000000000201fb11        0x3 
 .bss           0x000000000201fb14        0x4 D:\devkitPro/nitro-engine/lib\libNE.a(NEPolygon.o)
 .bss           0x000000000201fb18       0x64 D:\devkitPro/nitro-engine/lib\libNE.a(NEText.o)
 .bss           0x000000000201fb7c       0x30 D:\devkitPro/nitro-engine/lib\libNE.a(NETexture.o)
 .bss           0x000000000201fbac        0x9 D:\devkitPro/nitro-engine/lib\libNE.a(NE2D.o)
 *fill*         0x000000000201fbb5        0x3 
 .bss           0x000000000201fbb8        0x9 D:\devkitPro/nitro-engine/lib\libNE.a(NEAnimation.o)
 *fill*         0x000000000201fbc1        0x3 
 .bss           0x000000000201fbc4        0x9 D:\devkitPro/nitro-engine/lib\libNE.a(NEGUI.o)
 *fill*         0x000000000201fbcd        0x3 
 .bss           0x000000000201fbd0       0x18 D:\devkitPro/nitro-engine/lib\libNE.a(NEPalette.o)
 .bss.SDcallback
                0x000000000201fbe8        0x4 D:\devkitPro/libnds/lib\libnds9.a(system.o)
 .bss.currentCopy
                0x000000000201fbec       0x5c D:\devkitPro/libnds/lib\libnds9.a(console.o)
                0x000000000201fbec                currentCopy
 .bss.keys      0x000000000201fc48        0x2 D:\devkitPro/libnds/lib\libnds9.a(keys.o)
 .bss.keysold   0x000000000201fc4a        0x2 D:\devkitPro/libnds/lib\libnds9.a(keys.o)
 .bss.__dsimode
                0x000000000201fc4c        0x1 D:\devkitPro/libnds/lib\libnds9.a(initSystem.o)
                0x000000000201fc4c                __dsimode
 *fill*         0x000000000201fc4d        0x3 
 .bss.punixTime
                0x000000000201fc50        0x4 D:\devkitPro/libnds/lib\libnds9.a(initSystem.o)
                0x000000000201fc50                punixTime
 .bss.fifo_address_data
                0x000000000201fc54       0x40 D:\devkitPro/libnds/lib\libnds9.a(fifosystem.o)
                0x000000000201fc54                fifo_address_data
 .bss.fifo_address_func
                0x000000000201fc94       0x40 D:\devkitPro/libnds/lib\libnds9.a(fifosystem.o)
                0x000000000201fc94                fifo_address_func
 .bss.fifo_address_queue
                0x000000000201fcd4       0x40 D:\devkitPro/libnds/lib\libnds9.a(fifosystem.o)
                0x000000000201fcd4                fifo_address_queue
 .bss.fifo_buffer
                0x000000000201fd14      0x800 D:\devkitPro/libnds/lib\libnds9.a(fifosystem.o)
                0x000000000201fd14                fifo_buffer
 .bss.fifo_data_queue
                0x0000000002020514       0x40 D:\devkitPro/libnds/lib\libnds9.a(fifosystem.o)
                0x0000000002020514                fifo_data_queue
 .bss.fifo_datamsg_data
                0x0000000002020554       0x40 D:\devkitPro/libnds/lib\libnds9.a(fifosystem.o)
                0x0000000002020554                fifo_datamsg_data
 .bss.fifo_datamsg_func
                0x0000000002020594       0x40 D:\devkitPro/libnds/lib\libnds9.a(fifosystem.o)
                0x0000000002020594                fifo_datamsg_func
 .bss.fifo_value32_data
                0x00000000020205d4       0x40 D:\devkitPro/libnds/lib\libnds9.a(fifosystem.o)
                0x00000000020205d4                fifo_value32_data
 .bss.fifo_value32_func
                0x0000000002020614       0x40 D:\devkitPro/libnds/lib\libnds9.a(fifosystem.o)
                0x0000000002020614                fifo_value32_func
 .bss.fifo_value32_queue
                0x0000000002020654       0x40 D:\devkitPro/libnds/lib\libnds9.a(fifosystem.o)
                0x0000000002020654                fifo_value32_queue
 .bss.processing
                0x0000000002020694        0x4 D:\devkitPro/libnds/lib\libnds9.a(fifosystem.o)
                0x0000000002020694                processing
 .bss.bgIsTextLut
                0x0000000002020698        0x8 D:\devkitPro/libnds/lib\libnds9.a(background.o)
                0x0000000002020698                bgIsTextLut
 .bss.bgState   0x00000000020206a0      0x140 D:\devkitPro/libnds/lib\libnds9.a(background.o)
                0x00000000020206a0                bgState
 .bss.__sfp_recursive_mutex
                0x00000000020207e0        0xc d:/devkitpro/devkitarm/bin/../lib/gcc/arm-none-eabi/11.2.0/../../../../arm-none-eabi/lib\libg.a(lib_a-findfp.o)
 .bss.__sinit_recursive_mutex
                0x00000000020207ec        0xc d:/devkitpro/devkitarm/bin/../lib/gcc/arm-none-eabi/11.2.0/../../../../arm-none-eabi/lib\libg.a(lib_a-findfp.o)
 .bss.__malloc_current_mallinfo
                0x00000000020207f8       0x28 d:/devkitpro/devkitarm/bin/../lib/gcc/arm-none-eabi/11.2.0/../../../../arm-none-eabi/lib\libg.a(lib_a-mallocr.o)
                0x00000000020207f8                __malloc_current_mallinfo
 .bss.__malloc_max_sbrked_mem
                0x0000000002020820        0x4 d:/devkitpro/devkitarm/bin/../lib/gcc/arm-none-eabi/11.2.0/../../../../arm-none-eabi/lib\libg.a(lib_a-mallocr.o)
                0x0000000002020820                __malloc_max_sbrked_mem
 .bss.__malloc_max_total_mem
                0x0000000002020824        0x4 d:/devkitpro/devkitarm/bin/../lib/gcc/arm-none-eabi/11.2.0/../../../../arm-none-eabi/lib\libg.a(lib_a-mallocr.o)
                0x0000000002020824                __malloc_max_total_mem
 .bss.__malloc_top_pad
                0x0000000002020828        0x4 d:/devkitpro/devkitarm/bin/../lib/gcc/arm-none-eabi/11.2.0/../../../../arm-none-eabi/lib\libg.a(lib_a-mallocr.o)
                0x0000000002020828                __malloc_top_pad
 .bss.__malloc_recursive_mutex
                0x000000000202082c        0xc d:/devkitpro/devkitarm/bin/../lib/gcc/arm-none-eabi/11.2.0/../../../../arm-none-eabi/lib\libg.a(lib_a-mlock.o)
 .bss.heap_start.0
                0x0000000002020838        0x4 d:/devkitpro/devkitarm/bin/../lib/gcc/arm-none-eabi/11.2.0/../../../../arm-none-eabi/lib\libsysbase.a(sbrk.o)
 .bss.fake_heap_end
                0x000000000202083c        0x4 d:/devkitpro/devkitarm/bin/../lib/gcc/arm-none-eabi/11.2.0/../../../../arm-none-eabi/lib\libsysbase.a(malloc_vars.o)
                0x000000000202083c                fake_heap_end
 .bss.fake_heap_start
                0x0000000002020840        0x4 d:/devkitpro/devkitarm/bin/../lib/gcc/arm-none-eabi/11.2.0/../../../../arm-none-eabi/lib\libsysbase.a(malloc_vars.o)
                0x0000000002020840                fake_heap_start
 .bss.__hndl_lock
                0x0000000002020844        0x4 d:/devkitpro/devkitarm/bin/../lib/gcc/arm-none-eabi/11.2.0/../../../../arm-none-eabi/lib\libsysbase.a(handle_manager.o)
 *(EXCLUDE_FILE(*.twl*) COMMON)
                0x0000000002020848                . = ALIGN (0x4)
                0x0000000002020848                __bss_end__ = ABSOLUTE (.)
                0x0000000002020848                __end__ = ABSOLUTE (.)

.twl            0x0000000002020848        0x0 load address 0x0000000002400000
                0x0000000002400000                __arm9i_lma__ = LOADADDR (.twl)
                0x0000000002020848                __arm9i_start__ = ABSOLUTE (.)
 *(.twl)
 *.twl*(.text .stub .text.* .gnu.linkonce.t.*)
 *.twl*(.rodata)
 *.twl*(.roda)
 *.twl*(.rodata.*)
 *.twl*(.data)
 *.twl*(.data.*)
 *.twl*(.gnu.linkonce.d*)
                0x0000000002020848                __arm9i_end__ = ABSOLUTE (.)

.twl_bss        0x0000000002020848        0x0
                0x0000000002020848                __twl_bss_start__ = ABSOLUTE (.)
 *(.twl_bss)
 *.twl*(.dynbss)
 *.twl*(.gnu.linkonce.b*)
 *.twl*(.bss*)
 *.twl*(COMMON)
                0x0000000002020848                . = ALIGN (0x4)
                0x0000000002020848                __twl_bss_end__ = ABSOLUTE (.)
                0x0000000002020848                __twl_end__ = ABSOLUTE (.)

.stab
 *(.stab)

.stabstr
 *(.stabstr)

.stab.excl
 *(.stab.excl)

.stab.exclstr
 *(.stab.exclstr)

.stab.index
 *(.stab.index)

.stab.indexstr
 *(.stab.indexstr)

.comment        0x0000000000000000       0x23
 *(.comment)
 .comment       0x0000000000000000       0x23 d:/devkitpro/devkitarm/bin/../lib/gcc/arm-none-eabi/11.2.0/crtbegin.o
                                         0x24 (size before relaxing)
 .comment       0x0000000000000023       0x24 main.o
 .comment       0x0000000000000023       0x24 D:\devkitPro/nitro-engine/lib\libNE.a(NECamera.o)
 .comment       0x0000000000000023       0x24 D:\devkitPro/nitro-engine/lib\libNE.a(NEGeneral.o)
 .comment       0x0000000000000023       0x24 D:\devkitPro/nitro-engine/lib\libNE.a(NEModel.o)
 .comment       0x0000000000000023       0x24 D:\devkitPro/nitro-engine/lib\libNE.a(NEPhysics.o)
 .comment       0x0000000000000023       0x24 D:\devkitPro/nitro-engine/lib\libNE.a(NEPolygon.o)
 .comment       0x0000000000000023       0x24 D:\devkitPro/nitro-engine/lib\libNE.a(NEText.o)
 .comment       0x0000000000000023       0x24 D:\devkitPro/nitro-engine/lib\libNE.a(NETexture.o)
 .comment       0x0000000000000023       0x24 D:\devkitPro/nitro-engine/lib\libNE.a(dsma.o)
 .comment       0x0000000000000023       0x24 D:\devkitPro/nitro-engine/lib\libNE.a(NE2D.o)
 .comment       0x0000000000000023       0x24 D:\devkitPro/nitro-engine/lib\libNE.a(NEAlloc.o)
 .comment       0x0000000000000023       0x24 D:\devkitPro/nitro-engine/lib\libNE.a(NEAnimation.o)
 .comment       0x0000000000000023       0x24 D:\devkitPro/nitro-engine/lib\libNE.a(NEFAT.o)
 .comment       0x0000000000000023       0x24 D:\devkitPro/nitro-engine/lib\libNE.a(NEGUI.o)
 .comment       0x0000000000000023       0x24 D:\devkitPro/nitro-engine/lib\libNE.a(NEPalette.o)
 .comment       0x0000000000000023       0x24 D:\devkitPro/libnds/lib\libnds9.a(trig.o)
 .comment       0x0000000000000023       0x24 D:\devkitPro/libnds/lib\libnds9.a(video.o)
 .comment       0x0000000000000023       0x24 D:\devkitPro/libnds/lib\libnds9.a(touch.o)
 .comment       0x0000000000000023       0x24 D:\devkitPro/libnds/lib\libnds9.a(sassert.o)
 .comment       0x0000000000000023       0x24 D:\devkitPro/libnds/lib\libnds9.a(system.o)
 .comment       0x0000000000000023       0x24 D:\devkitPro/libnds/lib\libnds9.a(console.o)
 .comment       0x0000000000000023       0x24 D:\devkitPro/libnds/lib\libnds9.a(keys.o)
 .comment       0x0000000000000023       0x24 D:\devkitPro/libnds/lib\libnds9.a(initSystem.o)
 .comment       0x0000000000000023       0x24 D:\devkitPro/libnds/lib\libnds9.a(securearea.o)
 .comment       0x0000000000000023       0x24 D:\devkitPro/libnds/lib\libnds9.a(interrupts.o)
 .comment       0x0000000000000023       0x24 D:\devkitPro/libnds/lib\libnds9.a(libnds_exit.arm.o)
 .comment       0x0000000000000023       0x24 D:\devkitPro/libnds/lib\libnds9.a(fifosystem.o)
 .comment       0x0000000000000023       0x24 D:\devkitPro/libnds/lib\libnds9.a(background.o)
 .comment       0x0000000000000023       0x24 d:/devkitpro/devkitarm/bin/../lib/gcc/arm-none-eabi/11.2.0\libgcc.a(_muldi3.o)
 .comment       0x0000000000000023       0x24 d:/devkitpro/devkitarm/bin/../lib/gcc/arm-none-eabi/11.2.0/../../../../arm-none-eabi/lib\libg.a(lib_a-calloc.o)
 .comment       0x0000000000000023       0x24 d:/devkitpro/devkitarm/bin/../lib/gcc/arm-none-eabi/11.2.0/../../../../arm-none-eabi/lib\libg.a(lib_a-callocr.o)
 .comment       0x0000000000000023       0x24 d:/devkitpro/devkitarm/bin/../lib/gcc/arm-none-eabi/11.2.0/../../../../arm-none-eabi/lib\libg.a(lib_a-errno.o)
 .comment       0x0000000000000023       0x24 d:/devkitpro/devkitarm/bin/../lib/gcc/arm-none-eabi/11.2.0/../../../../arm-none-eabi/lib\libg.a(lib_a-fclose.o)
 .comment       0x0000000000000023       0x24 d:/devkitpro/devkitarm/bin/../lib/gcc/arm-none-eabi/11.2.0/../../../../arm-none-eabi/lib\libg.a(lib_a-fflush.o)
 .comment       0x0000000000000023       0x24 d:/devkitpro/devkitarm/bin/../lib/gcc/arm-none-eabi/11.2.0/../../../../arm-none-eabi/lib\libg.a(lib_a-findfp.o)
 .comment       0x0000000000000023       0x24 d:/devkitpro/devkitarm/bin/../lib/gcc/arm-none-eabi/11.2.0/../../../../arm-none-eabi/lib\libg.a(lib_a-fopen.o)
 .comment       0x0000000000000023       0x24 d:/devkitpro/devkitarm/bin/../lib/gcc/arm-none-eabi/11.2.0/../../../../arm-none-eabi/lib\libg.a(lib_a-fread.o)
 .comment       0x0000000000000023       0x24 d:/devkitpro/devkitarm/bin/../lib/gcc/arm-none-eabi/11.2.0/../../../../arm-none-eabi/lib\libg.a(lib_a-freer.o)
 .comment       0x0000000000000023       0x24 d:/devkitpro/devkitarm/bin/../lib/gcc/arm-none-eabi/11.2.0/../../../../arm-none-eabi/lib\libg.a(lib_a-fseek.o)
 .comment       0x0000000000000023       0x24 d:/devkitpro/devkitarm/bin/../lib/gcc/arm-none-eabi/11.2.0/../../../../arm-none-eabi/lib\libg.a(lib_a-fseeko.o)
 .comment       0x0000000000000023       0x24 d:/devkitpro/devkitarm/bin/../lib/gcc/arm-none-eabi/11.2.0/../../../../arm-none-eabi/lib\libg.a(lib_a-ftell.o)
 .comment       0x0000000000000023       0x24 d:/devkitpro/devkitarm/bin/../lib/gcc/arm-none-eabi/11.2.0/../../../../arm-none-eabi/lib\libg.a(lib_a-ftello.o)
 .comment       0x0000000000000023       0x24 d:/devkitpro/devkitarm/bin/../lib/gcc/arm-none-eabi/11.2.0/../../../../arm-none-eabi/lib\libg.a(lib_a-fwalk.o)
 .comment       0x0000000000000023       0x24 d:/devkitpro/devkitarm/bin/../lib/gcc/arm-none-eabi/11.2.0/../../../../arm-none-eabi/lib\libg.a(lib_a-fwrite.o)
 .comment       0x0000000000000023       0x24 d:/devkitpro/devkitarm/bin/../lib/gcc/arm-none-eabi/11.2.0/../../../../arm-none-eabi/lib\libg.a(lib_a-impure.o)
 .comment       0x0000000000000023       0x24 d:/devkitpro/devkitarm/bin/../lib/gcc/arm-none-eabi/11.2.0/../../../../arm-none-eabi/lib\libg.a(lib_a-init.o)
 .comment       0x0000000000000023       0x24 d:/devkitpro/devkitarm/bin/../lib/gcc/arm-none-eabi/11.2.0/../../../../arm-none-eabi/lib\libg.a(lib_a-iprintf.o)
 .comment       0x0000000000000023       0x24 d:/devkitpro/devkitarm/bin/../lib/gcc/arm-none-eabi/11.2.0/../../../../arm-none-eabi/lib\libg.a(lib_a-makebuf.o)
 .comment       0x0000000000000023       0x24 d:/devkitpro/devkitarm/bin/../lib/gcc/arm-none-eabi/11.2.0/../../../../arm-none-eabi/lib\libg.a(lib_a-malloc.o)
 .comment       0x0000000000000023       0x24 d:/devkitpro/devkitarm/bin/../lib/gcc/arm-none-eabi/11.2.0/../../../../arm-none-eabi/lib\libg.a(lib_a-mallocr.o)
 .comment       0x0000000000000023       0x24 d:/devkitpro/devkitarm/bin/../lib/gcc/arm-none-eabi/11.2.0/../../../../arm-none-eabi/lib\libg.a(lib_a-memcpy-stub.o)
 .comment       0x0000000000000023       0x24 d:/devkitpro/devkitarm/bin/../lib/gcc/arm-none-eabi/11.2.0/../../../../arm-none-eabi/lib\libg.a(lib_a-memset.o)
 .comment       0x0000000000000023       0x24 d:/devkitpro/devkitarm/bin/../lib/gcc/arm-none-eabi/11.2.0/../../../../arm-none-eabi/lib\libg.a(lib_a-mlock.o)
 .comment       0x0000000000000023       0x24 d:/devkitpro/devkitarm/bin/../lib/gcc/arm-none-eabi/11.2.0/../../../../arm-none-eabi/lib\libg.a(lib_a-rand.o)
 .comment       0x0000000000000023       0x24 d:/devkitpro/devkitarm/bin/../lib/gcc/arm-none-eabi/11.2.0/../../../../arm-none-eabi/lib\libg.a(lib_a-refill.o)
 .comment       0x0000000000000023       0x24 d:/devkitpro/devkitarm/bin/../lib/gcc/arm-none-eabi/11.2.0/../../../../arm-none-eabi/lib\libg.a(lib_a-rewind.o)
 .comment       0x0000000000000023       0x24 d:/devkitpro/devkitarm/bin/../lib/gcc/arm-none-eabi/11.2.0/../../../../arm-none-eabi/lib\libg.a(lib_a-setvbuf.o)
 .comment       0x0000000000000023       0x24 d:/devkitpro/devkitarm/bin/../lib/gcc/arm-none-eabi/11.2.0/../../../../arm-none-eabi/lib\libg.a(lib_a-siscanf.o)
 .comment       0x0000000000000023       0x24 d:/devkitpro/devkitarm/bin/../lib/gcc/arm-none-eabi/11.2.0/../../../../arm-none-eabi/lib\libg.a(lib_a-stdio.o)
 .comment       0x0000000000000023       0x24 d:/devkitpro/devkitarm/bin/../lib/gcc/arm-none-eabi/11.2.0/../../../../arm-none-eabi/lib\libg.a(lib_a-strlen-stub.o)
 .comment       0x0000000000000023       0x24 d:/devkitpro/devkitarm/bin/../lib/gcc/arm-none-eabi/11.2.0/../../../../arm-none-eabi/lib\libg.a(lib_a-svfiscanf.o)
 .comment       0x0000000000000023       0x24 d:/devkitpro/devkitarm/bin/../lib/gcc/arm-none-eabi/11.2.0/../../../../arm-none-eabi/lib\libg.a(lib_a-ungetc.o)
 .comment       0x0000000000000023       0x24 d:/devkitpro/devkitarm/bin/../lib/gcc/arm-none-eabi/11.2.0/../../../../arm-none-eabi/lib\libg.a(lib_a-vfiprintf.o)
 .comment       0x0000000000000023       0x24 d:/devkitpro/devkitarm/bin/../lib/gcc/arm-none-eabi/11.2.0/../../../../arm-none-eabi/lib\libg.a(lib_a-viprintf.o)
 .comment       0x0000000000000023       0x24 d:/devkitpro/devkitarm/bin/../lib/gcc/arm-none-eabi/11.2.0/../../../../arm-none-eabi/lib\libg.a(lib_a-wcrtomb.o)
 .comment       0x0000000000000023       0x24 d:/devkitpro/devkitarm/bin/../lib/gcc/arm-none-eabi/11.2.0/../../../../arm-none-eabi/lib\libg.a(lib_a-wcsrtombs.o)
 .comment       0x0000000000000023       0x24 d:/devkitpro/devkitarm/bin/../lib/gcc/arm-none-eabi/11.2.0/../../../../arm-none-eabi/lib\libg.a(lib_a-wsetup.o)
 .comment       0x0000000000000023       0x24 d:/devkitpro/devkitarm/bin/../lib/gcc/arm-none-eabi/11.2.0/../../../../arm-none-eabi/lib\libg.a(lib_a-ctype_.o)