Archive member included to satisfy reference by file (symbol)

D:/devkitPro/nitro-engine/lib\libNE.a(NECamera.o)
                              main.o (NE_CameraCreate)
D:/devkitPro/nitro-engine/lib\libNE.a(NEGeneral.o)
                              main.o (NE_Init3D)
D:/devkitPro/nitro-engine/lib\libNE.a(NEModel.o)
                              main.o (NE_ModelCreate)
D:/devkitPro/nitro-engine/lib\libNE.a(NEPalette.o)
                              load.o (NE_PaletteCreate)
D:/devkitPro/nitro-engine/lib\libNE.a(NEPhysics.o)
                              main.o (NE_PhysicsCreate)
D:/devkitPro/nitro-engine/lib\libNE.a(NEPolygon.o)
                              D:/devkitPro/nitro-engine/lib\libNE.a(NEGeneral.o) (NE_LightOff)
D:/devkitPro/nitro-engine/lib\libNE.a(NEText.o)
                              D:/devkitPro/nitro-engine/lib\libNE.a(NEGeneral.o) (NE_TextPriorityReset)
D:/devkitPro/nitro-engine/lib\libNE.a(NETexture.o)
                              load.o (NE_MaterialCreate)
D:/devkitPro/nitro-engine/lib\libNE.a(dsma.o)
                              D:/devkitPro/nitro-engine/lib\libNE.a(NEModel.o) (DSMA_DrawModel)
D:/devkitPro/nitro-engine/lib\libNE.a(NE2D.o)
                              D:/devkitPro/nitro-engine/lib\libNE.a(NEGeneral.o) (NE_SpriteSystemReset)
D:/devkitPro/nitro-engine/lib\libNE.a(NEAlloc.o)
                              D:/devkitPro/nitro-engine/lib\libNE.a(NEPalette.o) (NE_AllocInit)
D:/devkitPro/nitro-engine/lib\libNE.a(NEAnimation.o)
                              D:/devkitPro/nitro-engine/lib\libNE.a(NEGeneral.o) (NE_AnimationSystemReset)
D:/devkitPro/nitro-engine/lib\libNE.a(NEFAT.o)
                              D:/devkitPro/nitro-engine/lib\libNE.a(NEModel.o) (NE_FATLoadData)
D:/devkitPro/nitro-engine/lib\libNE.a(NEGUI.o)
                              D:/devkitPro/nitro-engine/lib\libNE.a(NEGeneral.o) (NE_GUIUpdate)
D:/devkitPro/libnds/lib\libnds9.a(trig.o)
                              D:/devkitPro/nitro-engine/lib\libNE.a(NECamera.o) (sinLerp)
D:/devkitPro/libnds/lib\libnds9.a(video.o)
                              D:/devkitPro/nitro-engine/lib\libNE.a(NETexture.o) (vramSetPrimaryBanks)
D:/devkitPro/libnds/lib\libnds9.a(touch.o)
                              D:/devkitPro/nitro-engine/lib\libNE.a(NEGeneral.o) (touchRead)
D:/devkitPro/libnds/lib\libnds9.a(sassert.o)
                              D:/devkitPro/nitro-engine/lib\libNE.a(NEModel.o) (__sassert)
D:/devkitPro/libnds/lib\libnds9.a(system.o)
                              D:/devkitPro/nitro-engine/lib\libNE.a(NEGeneral.o) (powerOn)
D:/devkitPro/libnds/lib\libnds9.a(console.o)
                              D:/devkitPro/nitro-engine/lib\libNE.a(NEGeneral.o) (consoleInit)
D:/devkitPro/libnds/lib\libnds9.a(keys.o)
                              main.o (scanKeys)
D:/devkitPro/libnds/lib\libnds9.a(initSystem.o)
                              d:/devkitpro/devkitarm/bin/../lib/gcc/arm-none-eabi/12.2.0/../../../../arm-none-eabi/lib/ds_arm9_crt0.o (initSystem)
D:/devkitPro/libnds/lib\libnds9.a(securearea.o)
                              d:/devkitpro/devkitarm/bin/../lib/gcc/arm-none-eabi/12.2.0/../../../../arm-none-eabi/lib/ds_arm9_crt0.o (__secure_area__)
D:/devkitPro/libnds/lib\libnds9.a(interrupts.o)
                              main.o (irqSet)
D:/devkitPro/libnds/lib\libnds9.a(libnds_exit.arm.o)
                              d:/devkitpro/devkitarm/bin/../lib/gcc/arm-none-eabi/12.2.0/../../../../arm-none-eabi/lib/ds_arm9_crt0.o (__libnds_exit)
D:/devkitPro/libnds/lib\libnds9.a(fifosystem.o)
                              D:/devkitPro/libnds/lib\libnds9.a(initSystem.o) (fifoSetValue32Handler)
D:/devkitPro/libnds/lib\libnds9.a(dcache.o)
                              D:/devkitPro/nitro-engine/lib\libNE.a(NEFAT.o) (DC_FlushAll)
D:/devkitPro/libnds/lib\libnds9.a(mpu_setup.o)
                              d:/devkitpro/devkitarm/bin/../lib/gcc/arm-none-eabi/12.2.0/../../../../arm-none-eabi/lib/ds_arm9_crt0.o (__libnds_mpu_setup)
D:/devkitPro/libnds/lib\libnds9.a(IntrWait.o)
                              D:/devkitPro/nitro-engine/lib\libNE.a(NEGeneral.o) (swiWaitForVBlank)
D:/devkitPro/libnds/lib\libnds9.a(cpu_clock.o)
                              D:/devkitPro/libnds/lib\libnds9.a(initSystem.o) (setCpuClock)
D:/devkitPro/libnds/lib\libnds9.a(interruptDispatcher.o)
                              D:/devkitPro/libnds/lib\libnds9.a(interrupts.o) (IntrMain)
D:/devkitPro/libnds/lib\libnds9.a(biosCalls.o)
                              D:/devkitPro/libnds/lib\libnds9.a(system.o) (swiDelay)
D:/devkitPro/libnds/lib\libnds9.a(debugprint.o)
                              D:/devkitPro/libnds/lib\libnds9.a(console.o) (nocashWrite)
D:/devkitPro/libnds/lib\libnds9.a(swiSoftReset.o)
                              D:/devkitPro/libnds/lib\libnds9.a(fifosystem.o) (swiSoftReset)
D:/devkitPro/libnds/lib\libnds9.a(default_font.bin.o)
                              D:/devkitPro/libnds/lib\libnds9.a(console.o) (default_font_bin)
[...]
Memory Configuration

Name             Origin             Length             Attributes
ewram            0x0000000002000000 0x0000000000380000
dtcm             0x0000000002ff0000 0x0000000000004000
vectors          0x0000000001000000 0x0000000000000100
itcm             0x0000000001000100 0x0000000000007f00
*default*        0x0000000000000000 0xffffffffffffffff

Linker script and memory map

                0x0000000002380000                __ewram_end = (ORIGIN (ewram) + LENGTH (ewram))
                0x0000000002380000                __eheap_end = (ORIGIN (ewram) + LENGTH (ewram))
                0x0000000002ff4000                __dtcm_top = (ORIGIN (dtcm) + LENGTH (dtcm))
                0x0000000002ff3ff8                __irq_flags = (__dtcm_top - 0x8)
                0x0000000002ff3ffc                __irq_vector = (__dtcm_top - 0x4)
                0x0000000002ff3f00                __sp_svc = (__dtcm_top - 0x100)
                0x0000000002ff3e00                __sp_irq = (__sp_svc - 0x100)
                0x0000000002ff3d00                __sp_usr = (__sp_irq - 0x100)

.secure         0x0000000002000000      0x800
 *(.secure)
 .secure        0x0000000002000000      0x800 D:/devkitPro/libnds/lib\libnds9.a(securearea.o)
                0x0000000002000000                __secure_area__

.crt0           0x0000000002000800      0x300
                0x0000000002000800                __text_start = .
 *(.crt0)
 .crt0          0x0000000002000800      0x300 d:/devkitpro/devkitarm/bin/../lib/gcc/arm-none-eabi/12.2.0/../../../../arm-none-eabi/lib/ds_arm9_crt0.o
                0x0000000002000800                _start
                0x0000000002000b00                . = ALIGN (0x4)

.plt
 *(.plt)

.init           0x0000000002000b00       0x18
 *(SORT_NONE(.init))
 .init          0x0000000002000b00        0xc d:/devkitpro/devkitarm/bin/../lib/gcc/arm-none-eabi/12.2.0/crti.o
                0x0000000002000b00                _init
 .init          0x0000000002000b0c        0xc d:/devkitpro/devkitarm/bin/../lib/gcc/arm-none-eabi/12.2.0/crtn.o

.text           0x0000000002000b18    0x1c628
 *(EXCLUDE_FILE(*.twl* *.vectors* *.itcm*) .text)
 .text          0x0000000002000b18      0x664 load.o
                0x0000000002000b18                LoadTextures
                0x0000000002000d54                CreateBlockSide
 .text          0x000000000200117c      0x3d8 main.o
                0x000000000200117c                Draw3DScene
 .text          0x0000000002001554     0x1640 D:/devkitPro/nitro-engine/lib\libNE.a(NECamera.o)
                0x0000000002001878                NE_CameraCreate
                0x00000000020018bc                NE_CameraSetI
                0x00000000020018e4                NE_CameraUse
                0x0000000002001de0                NE_CameraMoveFreeI
                0x0000000002002344                NE_CameraMoveI
                0x0000000002002374                NE_CameraRotate
                0x0000000002002564                NE_CameraRotateAxisI
                0x0000000002002578                NE_CameraRotateFree
                0x0000000002002a38                NE_CameraDelete
                0x0000000002002a64                NE_CameraSystemReset
                0x0000000002002a94                NE_CameraSystemEnd
                0x0000000002002aa8                NE_ViewPush
                0x0000000002002ab4                NE_ViewPop
                0x0000000002002ac0                NE_ViewMoveI
                0x0000000002002ad0                NE_ViewRotate
                0x0000000002002b84                NE_ViewScaleI
 .text          0x0000000002002b94      0xd84 D:/devkitPro/nitro-engine/lib\libNE.a(NEGeneral.o)
                0x0000000002002e34                NE_End
                0x0000000002002e48                NE_Viewport
                0x0000000002003094                NE_MainScreenSetOnTop
                0x00000000020030a0                NE_MainScreenSetOnBottom
                0x00000000020030ac                NE_MainScreenIsOnTop
                0x00000000020030b8                NE_SwapScreens
                0x00000000020030c8                NE_SetFov
                0x00000000020030d4                NE_UpdateInput
                0x0000000002003100                NE_Init3D
                0x0000000002003150                NE_InitDual3D
                0x0000000002003288                NE_InitConsole
                0x00000000020032ec                NE_SetConsoleColor
                0x00000000020032f8                NE_Process
                0x00000000020033c8                NE_ProcessDual
                0x0000000002003500                NE_ClippingPlanesSetI
                0x000000000200350c                NE_AntialiasEnable
                0x0000000002003528                NE_GetPolygonCount
                0x0000000002003544                NE_GetVertexCount
                0x0000000002003560                NE_VBLFunc
                0x0000000002003594                NE_SpecialEffectPause
                0x00000000020035e8                NE_HBLFunc
                0x0000000002003678                NE_SpecialEffectNoiseConfig
                0x0000000002003684                NE_SpecialEffectSineConfig
                0x0000000002003690                NE_SpecialEffectSet
                0x00000000020036a8                NE_WaitForVBL
                0x0000000002003730                NE_GetCPUPercent
                0x000000000200373c                NE_GPUIsRendering
                0x0000000002003758                NE_TouchTestStart
                0x0000000002003864                NE_TouchTestObject
                0x000000000200389c                NE_TouchTestResult
                0x00000000020038e8                NE_TouchTestEnd
 .text          0x0000000002003918      0x838 D:/devkitPro/nitro-engine/lib\libNE.a(NEModel.o)
                0x0000000002003988                NE_ModelCreate
                0x00000000020039f8                NE_ModelDelete
                0x0000000002003a0c                NE_ModelLoadStaticMeshFAT
                0x0000000002003a9c                NE_ModelLoadStaticMesh
                0x0000000002003b08                NE_ModelFreeMeshWhenDeleted
                0x0000000002003b24                NE_ModelSetMaterial
                0x0000000002003b28                NE_ModelSetAnimation
                0x0000000002003b3c                NE_ModelSetAnimationSecondary
                0x0000000002003b50                NE_ModelDraw
                0x0000000002003d74                NE_ModelClone
                0x0000000002003de4                NE_ModelScaleI
                0x0000000002003dec                NE_ModelTranslateI
                0x0000000002003e04                NE_ModelSetCoordI
                0x0000000002003e0c                NE_ModelRotate
                0x0000000002003e30                NE_ModelSetRot
                0x0000000002003e38                NE_ModelAnimateAll
                0x0000000002003ecc                NE_ModelAnimStart
                0x0000000002003ed8                NE_ModelAnimSecondaryStart
                0x0000000002003ee8                NE_ModelAnimSetSpeed
                0x0000000002003ef0                NE_ModelAnimSecondarySetSpeed
                0x0000000002003ef8                NE_ModelAnimGetFrame
                0x0000000002003f00                NE_ModelAnimSecondaryGetFrame
                0x0000000002003f08                NE_ModelAnimSetFrame
                0x0000000002003f10                NE_ModelAnimSecondarySetFrame
                0x0000000002003f18                NE_ModelAnimSecondarySetFactor
                0x0000000002003f2c                NE_ModelAnimSecondaryClear
                0x0000000002003f58                NE_ModelLoadDSMFAT
                0x0000000002003fe8                NE_ModelLoadDSM
                0x0000000002004054                NE_ModelDeleteAll
                0x0000000002004080                NE_ModelSystemReset
                0x0000000002004110                NE_ModelSystemEnd
 .text          0x0000000002004150      0x33c D:/devkitPro/nitro-engine/lib\libNE.a(NEPalette.o)
                0x0000000002004274                NE_PaletteCreate
                0x00000000020042b0                NE_PaletteLoadFAT
                0x0000000002004310                NE_PaletteLoad
                0x0000000002004328                NE_PaletteLoadSize
                0x0000000002004344                NE_PaletteDelete
                0x0000000002004358                NE_PaletteUse
                0x0000000002004380                NE_PaletteSystemReset
                0x00000000020043f0                NE_PaletteFreeMem
                0x0000000002004410                NE_PaletteFreeMemPercent
                0x0000000002004430                NE_PaletteDefragMem
                0x0000000002004434                NE_PaletteSystemEnd
                0x0000000002004448                NE_PaletteModificationStart
                0x0000000002004464                NE_PaletteRGB256SetColor
                0x0000000002004474                NE_PaletteModificationEnd
 .text          0x000000000200448c      0x6b8 D:/devkitPro/nitro-engine/lib\libNE.a(NEPhysics.o)
                0x000000000200495c                NE_PhysicsCreate
                0x00000000020049b8                NE_PhysicsDelete
                0x00000000020049ec                NE_PhysicsDeleteAll
                0x0000000002004a00                NE_PhysicsSystemReset
                0x0000000002004a34                NE_PhysicsSystemEnd
                0x0000000002004a54                NE_PhysicsSetRadiusI
                0x0000000002004a58                NE_PhysicsSetSpeedI
                0x0000000002004a60                NE_PhysicsSetSizeI
                0x0000000002004a68                NE_PhysicsSetGravityI
                0x0000000002004a6c                NE_PhysicsSetFrictionI
                0x0000000002004a70                NE_PhysicsSetBounceEnergy
                0x0000000002004a74                NE_PhysicsEnable
                0x0000000002004a78                NE_PhysicsSetModel
                0x0000000002004a7c                NE_PhysicsSetGroup
                0x0000000002004a80                NE_PhysicsOnCollision
                0x0000000002004a88                NE_PhysicsIsColliding
                0x0000000002004a90                NE_PhysicsUpdateAll
                0x0000000002004ac4                NE_PhysicsUpdate
                0x0000000002004ae0                NE_PhysicsCheckCollision
 .text          0x0000000002004b44      0x35c D:/devkitPro/nitro-engine/lib\libNE.a(NEPolygon.o)
                0x0000000002004b44                NE_PolyColor
                0x0000000002004b50                NE_LightOff
                0x0000000002004b64                NE_LightSetColor
                0x0000000002004b74                NE_LightSetI
                0x0000000002004bac                NE_ShininessTableGenerate
                0x0000000002004c50                NE_PolyBegin
                0x0000000002004c5c                NE_PolyEnd
                0x0000000002004c68                NE_PolyNormalI
                0x0000000002004c88                NE_PolyVertexI
                0x0000000002004ca0                NE_PolyTexCoord
                0x0000000002004cb4                NE_PolyFormat
                0x0000000002004cd0                NE_OutliningEnable
                0x0000000002004cec                NE_OutliningSetColor
                0x0000000002004d00                NE_ShadingEnable
                0x0000000002004d44                NE_ToonHighlightEnable
                0x0000000002004d60                NE_FogEnable
                0x0000000002004dc4                NE_FogEnableBackground
                0x0000000002004dec                NE_FogDisable
                0x0000000002004e00                NE_ClearColorSet
                0x0000000002004e38                NE_ClearBMPEnable
                0x0000000002004e88                NE_ClearBMPScroll
 .text          0x0000000002004ea0      0x46c D:/devkitPro/nitro-engine/lib\libNE.a(NEText.o)
                0x0000000002004f58                NE_TextPrioritySet
                0x0000000002004f64                NE_TextPriorityReset
                0x0000000002004f70                NE_TextInit
                0x0000000002004f88                NE_TextEnd
                0x0000000002004fa0                NE_TextResetSystem
                0x0000000002004fbc                NE_TextPrint
                0x0000000002005074                NE_TextPrintBox
                0x0000000002005178                NE_TextPrintFree
                0x0000000002005214                NE_TextPrintBoxFree
 .text          0x000000000200530c      0x954 D:/devkitPro/nitro-engine/lib\libNE.a(NETexture.o)
                0x0000000002005708                NE_MaterialCreate
                0x0000000002005758                NE_MaterialColorSet
                0x000000000200575c                NE_MaterialColorDelete
                0x0000000002005768                NE_MaterialTexLoadFAT
                0x00000000020057d4                NE_MaterialTexLoad
                0x000000000200581c                NE_MaterialClone
                0x0000000002005844                NE_MaterialSetPalette
                0x0000000002005848                NE_MaterialUse
                0x00000000020058b0                NE_TextureSystemReset
                0x0000000002005a14                NE_MaterialDelete
                0x0000000002005a50                NE_TextureFreeMem
                0x0000000002005a70                NE_TextureFreeMemPercent
                0x0000000002005a90                NE_TextureDefragMem
                0x0000000002005a94                NE_TextureSystemEnd
                0x0000000002005aa8                __NE_TextureGetRawX
                0x0000000002005ac0                __NE_TextureGetRawY
                0x0000000002005ad8                NE_TextureGetRealSizeX
                0x0000000002005af4                NE_TextureGetRealSizeY
                0x0000000002005b10                NE_TextureGetSizeX
                0x0000000002005b28                NE_TextureGetSizeY
                0x0000000002005b40                NE_MaterialSetPropierties
                0x0000000002005b64                NE_MaterialSetDefaultPropierties
                0x0000000002005b9c                NE_TextureDrawingStart
                0x0000000002005bec                NE_TexturePutPixelRGBA
                0x0000000002005c10                NE_TexturePutPixelRGB256
                0x0000000002005c4c                NE_TextureDrawingEnd
 .text          0x0000000002005c60        0x4 D:/devkitPro/nitro-engine/lib\libNE.a(dsma.o)
                0x0000000002005c60                DSMA_GetNumFrames
 .text          0x0000000002005c64      0x8dc D:/devkitPro/nitro-engine/lib\libNE.a(NE2D.o)
                0x0000000002005cb8                NE_SpriteCreate
                0x0000000002005d08                NE_SpriteSetPos
                0x0000000002005d10                NE_SpriteSetSize
                0x0000000002005d18                NE_SpriteSetRot
                0x0000000002005d1c                NE_SpriteSetScaleI
                0x0000000002005d20                NE_SpriteSetMaterial
                0x0000000002005d24                NE_SpriteSetPriority
                0x0000000002005d28                NE_SpriteVisible
                0x0000000002005d2c                NE_SpriteSetParams
                0x0000000002005d34                NE_SpriteDelete
                0x0000000002005d68                NE_SpriteDeleteAll
                0x0000000002005d7c                NE_SpriteSystemReset
                0x0000000002005db0                NE_SpriteSystemEnd
                0x0000000002005dd0                NE_2DViewInit
                0x0000000002005f90                NE_2DViewRotateScaleByPositionI
                0x0000000002005ff8                NE_2DViewRotateByPosition
                0x0000000002006048                NE_2DViewScaleByPositionI
                0x0000000002006074                NE_2DDrawQuad
                0x00000000020060c8                NE_2DDrawQuadGradient
                0x0000000002006128                NE_2DDrawTexturedQuad
                0x00000000020061e0                NE_2DDrawTexturedQuadColor
                0x00000000020062a0                NE_SpriteDraw
                0x0000000002006368                NE_SpriteDrawAll
                0x0000000002006470                NE_2DDrawTexturedQuadGradient
 .text          0x0000000002006540      0x39c D:/devkitPro/nitro-engine/lib\libNE.a(NEAlloc.o)
                0x0000000002006540                NE_AllocInit
                0x0000000002006574                NE_AllocEnd
                0x000000000200659c                NE_AllocFindInRange
                0x00000000020065f4                NE_AllocAddress
                0x00000000020066ac                NE_Alloc
                0x0000000002006724                NE_AllocFromEnd
                0x0000000002006788                NE_Free
                0x0000000002006808                NE_Lock
                0x0000000002006838                NE_Unlock
                0x0000000002006868                NE_MemGetInformation
 .text          0x00000000020068dc      0x204 D:/devkitPro/nitro-engine/lib\libNE.a(NEAnimation.o)
                0x000000000200691c                NE_AnimationCreate
                0x0000000002006958                NE_AnimationDelete
                0x000000000200696c                NE_AnimationLoadFAT
                0x00000000020069c0                NE_AnimationLoad
                0x0000000002006a08                NE_AnimationDeleteAll
                0x0000000002006a34                NE_AnimationSystemReset
                0x0000000002006aa8                NE_AnimationSystemEnd
 .text          0x0000000002006ae0      0x268 D:/devkitPro/nitro-engine/lib\libNE.a(NEFAT.o)
                0x0000000002006ae0                NE_FATLoadData
                0x0000000002006b28                NE_FATFileSize
                0x0000000002006b58                NE_ScreenshotBMP
 .text          0x0000000002006d48      0xf30 D:/devkitPro/nitro-engine/lib\libNE.a(NEGUI.o)
                0x0000000002006db0                NE_GUIUpdate
                0x00000000020072d8                NE_GUIDraw
                0x0000000002007708                NE_GUIButtonCreate
                0x000000000200778c                NE_GUICheckBoxCreate
                0x0000000002007820                NE_GUIRadioButtonCreate
                0x00000000020078d0                NE_GUISlideBarCreate
                0x0000000002007a64                NE_GUIButtonConfig
                0x0000000002007a7c                NE_GUICheckBoxConfig
                0x0000000002007a94                NE_GUIRadioButtonConfig
                0x0000000002007aac                NE_GUISlideBarConfig
                0x0000000002007ad0                NE_GUISlideBarSetMinMax
                0x0000000002007b88                NE_GUIObjectGetEvent
                0x0000000002007bbc                NE_GUICheckBoxGetValue
                0x0000000002007bc4                NE_GUIRadioButtonGetValue
                0x0000000002007bcc                NE_GUISlideBarGetValue
                0x0000000002007bd8                NE_GUIDeleteObject
                0x0000000002007c10                NE_GUIDeleteAll
                0x0000000002007c24                NE_GUISystemReset
                0x0000000002007c58                NE_GUISystemEnd
 .text          0x0000000002007c78      0x114 d:/devkitpro/devkitarm/bin/../lib/gcc/arm-none-eabi/12.2.0\libgcc.a(_udivsi3.o)
                0x0000000002007c78                __aeabi_uidiv
                0x0000000002007c78                __udivsi3
                0x0000000002007d6c                __aeabi_uidivmod
 .text          0x0000000002007d8c      0x148 d:/devkitpro/devkitarm/bin/../lib/gcc/arm-none-eabi/12.2.0\libgcc.a(_divsi3.o)
                0x0000000002007d8c                __divsi3
                0x0000000002007d8c                __aeabi_idiv
                0x0000000002007eb4                __aeabi_idivmod
 .text          0x0000000002007ed4        0x4 d:/devkitpro/devkitarm/bin/../lib/gcc/arm-none-eabi/12.2.0\libgcc.a(_dvmd_tls.o)
                0x0000000002007ed4                __aeabi_idiv0
                0x0000000002007ed4                __aeabi_ldiv0
 .text          0x0000000002007ed8      0x424 d:/devkitpro/devkitarm/bin/../lib/gcc/arm-none-eabi/12.2.0\libgcc.a(_arm_addsubdf3.o)
                0x0000000002007ed8                __aeabi_drsub
                0x0000000002007ee0                __aeabi_dsub
                0x0000000002007ee0                __subdf3
                0x0000000002007ee4                __aeabi_dadd
                0x0000000002007ee4                __adddf3
                0x00000000020081f4                __floatunsidf
                0x00000000020081f4                __aeabi_ui2d
                0x0000000002008218                __floatsidf
                0x0000000002008218                __aeabi_i2d
                0x0000000002008240                __aeabi_f2d
                0x0000000002008240                __extendsfdf2
                0x0000000002008288                __floatundidf
                0x0000000002008288                __aeabi_ul2d
                0x000000000200829c                __floatdidf
                0x000000000200829c                __aeabi_l2d
 .text          0x00000000020082fc       0x5c d:/devkitpro/devkitarm/bin/../lib/gcc/arm-none-eabi/12.2.0\libgcc.a(_arm_fixdfsi.o)
                0x00000000020082fc                __aeabi_d2iz
                0x00000000020082fc                __fixdfsi
 .text          0x0000000002008358      0x2ac d:/devkitpro/devkitarm/bin/../lib/gcc/arm-none-eabi/12.2.0\libgcc.a(_arm_addsubsf3.o)
                0x0000000002008358                __aeabi_frsub
                0x0000000002008360                __subsf3
                0x0000000002008360                __aeabi_fsub
                0x0000000002008364                __aeabi_fadd
                0x0000000002008364                __addsf3
                0x0000000002008520                __aeabi_ui2f
                0x0000000002008520                __floatunsisf
                0x0000000002008528                __aeabi_i2f
                0x0000000002008528                __floatsisf
                0x0000000002008548                __aeabi_ul2f
                0x0000000002008548                __floatundisf
                0x0000000002008558                __aeabi_l2f
                0x0000000002008558                __floatdisf
 .text          0x0000000002008604      0x2f8 d:/devkitpro/devkitarm/bin/../lib/gcc/arm-none-eabi/12.2.0\libgcc.a(_arm_muldivsf3.o)
                0x0000000002008604                __mulsf3
                0x0000000002008604                __aeabi_fmul
                0x000000000200879c                __aeabi_fdiv
                0x000000000200879c                __divsf3
 .text          0x00000000020088fc      0x114 d:/devkitpro/devkitarm/bin/../lib/gcc/arm-none-eabi/12.2.0\libgcc.a(_arm_cmpsf2.o)
                0x00000000020088fc                __gesf2
                0x00000000020088fc                __gtsf2
                0x0000000002008904                __lesf2
                0x0000000002008904                __ltsf2
                0x000000000200890c                __nesf2
                0x000000000200890c                __eqsf2
                0x000000000200890c                __cmpsf2
                0x0000000002008970                __aeabi_cfrcmple
                0x0000000002008980                __aeabi_cfcmpeq
                0x0000000002008980                __aeabi_cfcmple
                0x0000000002008998                __aeabi_fcmpeq
                0x00000000020089b0                __aeabi_fcmplt
                0x00000000020089c8                __aeabi_fcmple
                0x00000000020089e0                __aeabi_fcmpge
                0x00000000020089f8                __aeabi_fcmpgt
 .text          0x0000000002008a10       0x5c d:/devkitpro/devkitarm/bin/../lib/gcc/arm-none-eabi/12.2.0\libgcc.a(_arm_fixsfsi.o)
                0x0000000002008a10                __aeabi_f2iz
                0x0000000002008a10                __fixsfsi
 .text          0x0000000002008a6c      0x224 d:/devkitpro/devkitarm/bin/../lib/gcc/arm-none-eabi/12.2.0/../../../../arm-none-eabi/lib\libg.a(lib_a-strcmp.o)
                0x0000000002008a6c                strcmp
 .text          0x0000000002008c90      0x49c d:/devkitpro/devkitarm/bin/../lib/gcc/arm-none-eabi/12.2.0\libgcc.a(_arm_muldivdf3.o)
                0x0000000002008c90                __aeabi_dmul
                0x0000000002008c90                __muldf3
                0x0000000002008f20                __divdf3
                0x0000000002008f20                __aeabi_ddiv
 .text          0x000000000200912c      0x144 d:/devkitpro/devkitarm/bin/../lib/gcc/arm-none-eabi/12.2.0\libgcc.a(_arm_cmpdf2.o)
                0x000000000200912c                __gtdf2
                0x000000000200912c                __gedf2
                0x0000000002009134                __ltdf2
                0x0000000002009134                __ledf2
                0x000000000200913c                __nedf2
                0x000000000200913c                __eqdf2
                0x000000000200913c                __cmpdf2
                0x00000000020091c4                __aeabi_cdrcmple
                0x00000000020091e0                __aeabi_cdcmpeq
                0x00000000020091e0                __aeabi_cdcmple
                0x00000000020091f8                __aeabi_dcmpeq
                0x0000000002009210                __aeabi_dcmplt
                0x0000000002009228                __aeabi_dcmple
                0x0000000002009240                __aeabi_dcmpge
                0x0000000002009258                __aeabi_dcmpgt
 .text          0x0000000002009270       0x38 d:/devkitpro/devkitarm/bin/../lib/gcc/arm-none-eabi/12.2.0\libgcc.a(_arm_unorddf2.o)
                0x0000000002009270                __unorddf2
                0x0000000002009270                __aeabi_dcmpun
 .text          0x00000000020092a8       0xd4 d:/devkitpro/devkitarm/bin/../lib/gcc/arm-none-eabi/12.2.0\libgcc.a(_aeabi_ldivmod.o)
                0x00000000020092a8                __aeabi_ldivmod
 .text          0x000000000200937c       0x3c d:/devkitpro/devkitarm/bin/../lib/gcc/arm-none-eabi/12.2.0\libgcc.a(_aeabi_uldivmod.o)
                0x000000000200937c                __aeabi_uldivmod
 .text          0x00000000020093b8       0x28 d:/devkitpro/devkitarm/bin/../lib/gcc/arm-none-eabi/12.2.0\libgcc.a(_clzdi2.o)
                0x00000000020093b8                __clzdi2
 .text          0x00000000020093e0       0x48 d:/devkitpro/devkitarm/bin/../lib/gcc/arm-none-eabi/12.2.0\libgcc.a(_clzsi2.o)
                0x00000000020093e0                __clzsi2
 *(EXCLUDE_FILE(*.twl* *.vectors* *.itcm*) .stub)
 *(EXCLUDE_FILE(*.twl* *.vectors* *.itcm*) .text.*)
 .text.__do_global_dtors_aux
                0x0000000002009428       0x40 d:/devkitpro/devkitarm/bin/../lib/gcc/arm-none-eabi/12.2.0/crtbegin.o
 .text.frame_dummy
                0x0000000002009468       0x30 d:/devkitpro/devkitarm/bin/../lib/gcc/arm-none-eabi/12.2.0/crtbegin.o
 .text.startup  0x0000000002009498      0x3c8 main.o
                0x0000000002009498                main
 .text.sinLutLookup
                0x0000000002009860       0x4c D:/devkitPro/libnds/lib\libnds9.a(trig.o)
                0x0000000002009860                sinLutLookup
 .text.sinLerp  0x00000000020098ac       0x40 D:/devkitPro/libnds/lib\libnds9.a(trig.o)
                0x00000000020098ac                sinLerp
 .text.cosLerp  0x00000000020098ec       0x4c D:/devkitPro/libnds/lib\libnds9.a(trig.o)
                0x00000000020098ec                cosLerp
 .text.tanLerp  0x0000000002009938       0xb0 D:/devkitPro/libnds/lib\libnds9.a(trig.o)
                0x0000000002009938                tanLerp
 .text.vramSetPrimaryBanks
                0x00000000020099e8       0x44 D:/devkitPro/libnds/lib\libnds9.a(video.o)
                0x00000000020099e8                vramSetPrimaryBanks
 .text.vramRestorePrimaryBanks
                0x0000000002009a2c        0xc D:/devkitPro/libnds/lib\libnds9.a(video.o)
                0x0000000002009a2c                vramRestorePrimaryBanks
 .text.vramDefault
                0x0000000002009a38       0xd0 D:/devkitPro/libnds/lib\libnds9.a(video.o)
                0x0000000002009a38                vramDefault
 .text.touchRead
                0x0000000002009b08       0x24 D:/devkitPro/libnds/lib\libnds9.a(touch.o)
                0x0000000002009b08                touchRead
 .text.__sassert
                0x0000000002009b2c       0x38 D:/devkitPro/libnds/lib\libnds9.a(sassert.o)
                0x0000000002009b2c                __sassert
 .text.systemValueHandler
                0x0000000002009b64       0x48 D:/devkitPro/libnds/lib\libnds9.a(system.o)
                0x0000000002009b64                systemValueHandler
 .text.systemMsgHandler
                0x0000000002009bac       0x60 D:/devkitPro/libnds/lib\libnds9.a(system.o)
                0x0000000002009bac                systemMsgHandler
 .text.powerOn  0x0000000002009c0c       0x2c D:/devkitPro/libnds/lib\libnds9.a(system.o)
                0x0000000002009c0c                powerOn
 .text.powerOff
                0x0000000002009c38       0x28 D:/devkitPro/libnds/lib\libnds9.a(system.o)
                0x0000000002009c38                powerOff
 .text.newRow   0x0000000002009c60       0xa8 D:/devkitPro/libnds/lib\libnds9.a(console.o)
 .text.consolePrintChar
                0x0000000002009d08       0xe0 D:/devkitPro/libnds/lib\libnds9.a(console.o)
                0x0000000002009d08                consolePrintChar
 .text.con_write
                0x0000000002009de8      0x36c D:/devkitPro/libnds/lib\libnds9.a(console.o)
                0x0000000002009de8                con_write
 .text.consoleLoadFont
                0x000000000200a154      0x2a0 D:/devkitPro/libnds/lib\libnds9.a(console.o)
                0x000000000200a154                consoleLoadFont
 .text.consoleInit
                0x000000000200a3f4      0x18c D:/devkitPro/libnds/lib\libnds9.a(console.o)
                0x000000000200a3f4                consoleInit
 .text.consoleDemoInit
                0x000000000200a580       0x40 D:/devkitPro/libnds/lib\libnds9.a(console.o)
                0x000000000200a580                consoleDemoInit
 .text.scanKeys
                0x000000000200a5c0       0x8c D:/devkitPro/libnds/lib\libnds9.a(keys.o)
                0x000000000200a5c0                scanKeys
 .text.keysHeld
                0x000000000200a64c        0xc D:/devkitPro/libnds/lib\libnds9.a(keys.o)
                0x000000000200a64c                keysHeld
 .text.keysDown
                0x000000000200a658       0x14 D:/devkitPro/libnds/lib\libnds9.a(keys.o)
                0x000000000200a658                keysDown
 .text.keysUp   0x000000000200a66c       0x18 D:/devkitPro/libnds/lib\libnds9.a(keys.o)
                0x000000000200a66c                keysUp
 .text.__syscall_gettod_r
                0x000000000200a684       0x28 D:/devkitPro/libnds/lib\libnds9.a(initSystem.o)
                0x000000000200a684                __syscall_gettod_r
 .text.__syscall_exit
                0x000000000200a6ac        0x8 D:/devkitPro/libnds/lib\libnds9.a(initSystem.o)
                0x000000000200a6ac                __syscall_exit
 .text.initSystem
                0x000000000200a6b4      0x180 D:/devkitPro/libnds/lib\libnds9.a(initSystem.o)
                0x000000000200a6b4                initSystem
 .text.irqDummy
                0x000000000200a834        0x4 D:/devkitPro/libnds/lib\libnds9.a(interrupts.o)
                0x000000000200a834                irqDummy
 .text.irqSet   0x000000000200a838       0x6c D:/devkitPro/libnds/lib\libnds9.a(interrupts.o)
                0x000000000200a838                irqSet
 .text.irqInit  0x000000000200a8a4       0x50 D:/devkitPro/libnds/lib\libnds9.a(interrupts.o)
                0x000000000200a8a4                irqInit
 .text.irqEnable
                0x000000000200a8f4       0x64 D:/devkitPro/libnds/lib\libnds9.a(interrupts.o)
                0x000000000200a8f4                irqEnable
 .text.systemErrorExit
                0x000000000200a958        0x4 D:/devkitPro/libnds/lib\libnds9.a(libnds_exit.arm.o)
                0x000000000200a958                systemErrorExit
 .text.__libnds_exit
                0x000000000200a95c       0x5c D:/devkitPro/libnds/lib\libnds9.a(libnds_exit.arm.o)
                0x000000000200a95c                __libnds_exit
 .text.fifo_queueBlock
                0x000000000200a9b8       0x44 D:/devkitPro/libnds/lib\libnds9.a(fifosystem.o)
 .text.fifo_waitBlock
                0x000000000200a9fc       0x80 D:/devkitPro/libnds/lib\libnds9.a(fifosystem.o)
 .text.fifoInternalSend.part.0
                0x000000000200aa7c       0xd4 D:/devkitPro/libnds/lib\libnds9.a(fifosystem.o)
 .text.fifoInternalSendInterrupt
                0x000000000200ab50       0xb0 D:/devkitPro/libnds/lib\libnds9.a(fifosystem.o)
 .text.fifoSetValue32Handler
                0x000000000200ac00       0xd4 D:/devkitPro/libnds/lib\libnds9.a(fifosystem.o)
                0x000000000200ac00                fifoSetValue32Handler
 .text.fifoSendValue32
                0x000000000200acd4       0x4c D:/devkitPro/libnds/lib\libnds9.a(fifosystem.o)
                0x000000000200acd4                fifoSendValue32
 .text.fifoGetDatamsg
                0x000000000200ad20       0xf4 D:/devkitPro/libnds/lib\libnds9.a(fifosystem.o)
                0x000000000200ad20                fifoGetDatamsg
 .text.fifoInternalRecvInterrupt
                0x000000000200ae14      0x37c D:/devkitPro/libnds/lib\libnds9.a(fifosystem.o)
 .text.fifoSetDatamsgHandler
                0x000000000200b190       0x9c D:/devkitPro/libnds/lib\libnds9.a(fifosystem.o)
                0x000000000200b190                fifoSetDatamsgHandler
 .text.fifoInit
                0x000000000200b22c      0x108 D:/devkitPro/libnds/lib\libnds9.a(fifosystem.o)
                0x000000000200b22c                fifoInit
 .text.DC_FlushAll
                0x000000000200b334       0x2c D:/devkitPro/libnds/lib\libnds9.a(dcache.o)
                0x000000000200b334                DC_FlushAll
 .text.DC_FlushRange
                0x000000000200b360       0x24 D:/devkitPro/libnds/lib\libnds9.a(dcache.o)
                0x000000000200b360                DC_FlushRange
 .text.__libnds_mpu_setup
                0x000000000200b384      0x174 D:/devkitPro/libnds/lib\libnds9.a(mpu_setup.o)
                0x000000000200b384                __libnds_mpu_setup
 .text.memUncached
                0x000000000200b4f8       0x20 D:/devkitPro/libnds/lib\libnds9.a(mpu_setup.o)
                0x000000000200b4f8                memUncached
 .text.swiWaitForVBlank
                0x000000000200b518        0x8 D:/devkitPro/libnds/lib\libnds9.a(IntrWait.o)
                0x000000000200b518                swiWaitForVBlank
 .text.swiIntrWait
                0x000000000200b520       0x70 D:/devkitPro/libnds/lib\libnds9.a(IntrWait.o)
                0x000000000200b520                swiIntrWait
 .text.setCpuClock
                0x000000000200b590       0x50 D:/devkitPro/libnds/lib\libnds9.a(cpu_clock.o)
                0x000000000200b590                setCpuClock
 .text.swiDelay
                0x000000000200b5e0        0x4 D:/devkitPro/libnds/lib\libnds9.a(biosCalls.o)
                0x000000000200b5e0                swiDelay
 .text.swiCopy  0x000000000200b5e4        0x4 D:/devkitPro/libnds/lib\libnds9.a(biosCalls.o)
                0x000000000200b5e4                swiCopy
 .text.swiSoftReset
                0x000000000200b5e8       0x2c D:/devkitPro/libnds/lib\libnds9.a(swiSoftReset.o)
                0x000000000200b5e8                swiSoftReset
 .text.checkIfText
                0x000000000200b614       0x5c D:/devkitPro/libnds/lib\libnds9.a(background.o)
                0x000000000200b614                checkIfText
 .text.bgUpdate
                0x000000000200b670       0xf4 D:/devkitPro/libnds/lib\libnds9.a(background.o)
                0x000000000200b670                bgUpdate
 .text.bgInit_call
                0x000000000200b764       0xc4 D:/devkitPro/libnds/lib\libnds9.a(background.o)
                0x000000000200b764                bgInit_call
 .text.bgInitSub_call
                0x000000000200b828       0xcc D:/devkitPro/libnds/lib\libnds9.a(background.o)
                0x000000000200b828                bgInitSub_call
 .text.__muldi3
                0x000000000200b8f4       0x18 d:/devkitpro/devkitarm/bin/../lib/gcc/arm-none-eabi/12.2.0\libgcc.a(_muldi3.o)
                0x000000000200b8f4                __muldi3
                0x000000000200b8f4                __aeabi_lmul
 .text.calloc   0x000000000200b90c       0x24 d:/devkitpro/devkitarm/bin/../lib/gcc/arm-none-eabi/12.2.0/../../../../arm-none-eabi/lib\libg.a(lib_a-calloc.o)
                0x000000000200b90c                calloc
 .text._calloc_r
                0x000000000200b930       0xd0 d:/devkitpro/devkitarm/bin/../lib/gcc/arm-none-eabi/12.2.0/../../../../arm-none-eabi/lib\libg.a(lib_a-callocr.o)
                0x000000000200b930                _calloc_r
 .text.__errno  0x000000000200ba00       0x10 d:/devkitpro/devkitarm/bin/../lib/gcc/arm-none-eabi/12.2.0/../../../../arm-none-eabi/lib\libg.a(lib_a-errno.o)
                0x000000000200ba00                __errno
 .text._fclose_r
                0x000000000200ba10      0x164 d:/devkitpro/devkitarm/bin/../lib/gcc/arm-none-eabi/12.2.0/../../../../arm-none-eabi/lib\libg.a(lib_a-fclose.o)
                0x000000000200ba10                _fclose_r
 .text.fclose   0x000000000200bb74       0x18 d:/devkitpro/devkitarm/bin/../lib/gcc/arm-none-eabi/12.2.0/../../../../arm-none-eabi/lib\libg.a(lib_a-fclose.o)
                0x000000000200bb74                fclose
 .text.__sflush_r
                0x000000000200bb8c      0x250 d:/devkitpro/devkitarm/bin/../lib/gcc/arm-none-eabi/12.2.0/../../../../arm-none-eabi/lib\libg.a(lib_a-fflush.o)
                0x000000000200bb8c                __sflush_r
 .text._fflush_r
                0x000000000200bddc       0x9c d:/devkitpro/devkitarm/bin/../lib/gcc/arm-none-eabi/12.2.0/../../../../arm-none-eabi/lib\libg.a(lib_a-fflush.o)
                0x000000000200bddc                _fflush_r
 .text.fflush   0x000000000200be78       0x3c d:/devkitpro/devkitarm/bin/../lib/gcc/arm-none-eabi/12.2.0/../../../../arm-none-eabi/lib\libg.a(lib_a-fflush.o)
                0x000000000200be78                fflush
 .text._cleanup_r
                0x000000000200beb4       0x18 d:/devkitpro/devkitarm/bin/../lib/gcc/arm-none-eabi/12.2.0/../../../../arm-none-eabi/lib\libg.a(lib_a-findfp.o)
                0x000000000200beb4                _cleanup_r
 .text.__sinit  0x000000000200becc      0x18c d:/devkitpro/devkitarm/bin/../lib/gcc/arm-none-eabi/12.2.0/../../../../arm-none-eabi/lib\libg.a(lib_a-findfp.o)
                0x000000000200becc                __sinit
 .text.__sfp    0x000000000200c058      0x138 d:/devkitpro/devkitarm/bin/../lib/gcc/arm-none-eabi/12.2.0/../../../../arm-none-eabi/lib\libg.a(lib_a-findfp.o)
                0x000000000200c058                __sfp
 .text.__sfp_lock_acquire
                0x000000000200c190       0x18 d:/devkitpro/devkitarm/bin/../lib/gcc/arm-none-eabi/12.2.0/../../../../arm-none-eabi/lib\libg.a(lib_a-findfp.o)
                0x000000000200c190                __sfp_lock_acquire
 .text.__sfp_lock_release
                0x000000000200c1a8       0x18 d:/devkitpro/devkitarm/bin/../lib/gcc/arm-none-eabi/12.2.0/../../../../arm-none-eabi/lib\libg.a(lib_a-findfp.o)
                0x000000000200c1a8                __sfp_lock_release
 .text._fopen_r
                0x000000000200c1c0      0x140 d:/devkitpro/devkitarm/bin/../lib/gcc/arm-none-eabi/12.2.0/../../../../arm-none-eabi/lib\libg.a(lib_a-fopen.o)
                0x000000000200c1c0                _fopen_r
 .text.fopen    0x000000000200c300       0x20 d:/devkitpro/devkitarm/bin/../lib/gcc/arm-none-eabi/12.2.0/../../../../arm-none-eabi/lib\libg.a(lib_a-fopen.o)
                0x000000000200c300                fopen
 .text._fread_r
                0x000000000200c320      0x2d8 d:/devkitpro/devkitarm/bin/../lib/gcc/arm-none-eabi/12.2.0/../../../../arm-none-eabi/lib\libg.a(lib_a-fread.o)
                0x000000000200c320                _fread_r
 .text.fread    0x000000000200c5f8       0x3c d:/devkitpro/devkitarm/bin/../lib/gcc/arm-none-eabi/12.2.0/../../../../arm-none-eabi/lib\libg.a(lib_a-fread.o)
                0x000000000200c5f8                fread
 .text._malloc_trim_r
                0x000000000200c634      0x100 d:/devkitpro/devkitarm/bin/../lib/gcc/arm-none-eabi/12.2.0/../../../../arm-none-eabi/lib\libg.a(lib_a-freer.o)
                0x000000000200c634                _malloc_trim_r
 .text._free_r  0x000000000200c734      0x2e8 d:/devkitpro/devkitarm/bin/../lib/gcc/arm-none-eabi/12.2.0/../../../../arm-none-eabi/lib\libg.a(lib_a-freer.o)
                0x000000000200c734                _free_r
 .text._fseek_r
                0x000000000200ca1c       0x20 d:/devkitpro/devkitarm/bin/../lib/gcc/arm-none-eabi/12.2.0/../../../../arm-none-eabi/lib\libg.a(lib_a-fseek.o)
                0x000000000200ca1c                _fseek_r
 .text.fseek    0x000000000200ca3c       0x38 d:/devkitpro/devkitarm/bin/../lib/gcc/arm-none-eabi/12.2.0/../../../../arm-none-eabi/lib\libg.a(lib_a-fseek.o)
                0x000000000200ca3c                fseek
 .text._fseeko_r
                0x000000000200ca74      0x5a0 d:/devkitpro/devkitarm/bin/../lib/gcc/arm-none-eabi/12.2.0/../../../../arm-none-eabi/lib\libg.a(lib_a-fseeko.o)
                0x000000000200ca74                _fseeko_r
 .text.ftell    0x000000000200d014       0x30 d:/devkitpro/devkitarm/bin/../lib/gcc/arm-none-eabi/12.2.0/../../../../arm-none-eabi/lib\libg.a(lib_a-ftell.o)
                0x000000000200d014                ftell
 .text._ftello_r
                0x000000000200d044      0x1c0 d:/devkitpro/devkitarm/bin/../lib/gcc/arm-none-eabi/12.2.0/../../../../arm-none-eabi/lib\libg.a(lib_a-ftello.o)
                0x000000000200d044                _ftello_r
 .text._fwalk   0x000000000200d204       0x70 d:/devkitpro/devkitarm/bin/../lib/gcc/arm-none-eabi/12.2.0/../../../../arm-none-eabi/lib\libg.a(lib_a-fwalk.o)
                0x000000000200d204                _fwalk
 .text._fwalk_reent
                0x000000000200d274       0x78 d:/devkitpro/devkitarm/bin/../lib/gcc/arm-none-eabi/12.2.0/../../../../arm-none-eabi/lib\libg.a(lib_a-fwalk.o)
                0x000000000200d274                _fwalk_reent
 .text._fwrite_r
                0x000000000200d2ec       0xf4 d:/devkitpro/devkitarm/bin/../lib/gcc/arm-none-eabi/12.2.0/../../../../arm-none-eabi/lib\libg.a(lib_a-fwrite.o)
                0x000000000200d2ec                _fwrite_r
 .text.fwrite   0x000000000200d3e0       0x3c d:/devkitpro/devkitarm/bin/../lib/gcc/arm-none-eabi/12.2.0/../../../../arm-none-eabi/lib\libg.a(lib_a-fwrite.o)
                0x000000000200d3e0                fwrite
 .text.gmtime   0x000000000200d41c       0x24 d:/devkitpro/devkitarm/bin/../lib/gcc/arm-none-eabi/12.2.0/../../../../arm-none-eabi/lib\libg.a(lib_a-gmtime.o)
                0x000000000200d41c                gmtime
 .text.gmtime_r
                0x000000000200d440      0x26c d:/devkitpro/devkitarm/bin/../lib/gcc/arm-none-eabi/12.2.0/../../../../arm-none-eabi/lib\libg.a(lib_a-gmtime_r.o)
                0x000000000200d440                gmtime_r
 .text.__libc_init_array
                0x000000000200d6ac       0x90 d:/devkitpro/devkitarm/bin/../lib/gcc/arm-none-eabi/12.2.0/../../../../arm-none-eabi/lib\libg.a(lib_a-init.o)
                0x000000000200d6ac                __libc_init_array
 .text.iprintf  0x000000000200d73c       0x34 d:/devkitpro/devkitarm/bin/../lib/gcc/arm-none-eabi/12.2.0/../../../../arm-none-eabi/lib\libg.a(lib_a-iprintf.o)
                0x000000000200d73c                iprintf
 .text.__smakebuf_r
                0x000000000200d770      0x144 d:/devkitpro/devkitarm/bin/../lib/gcc/arm-none-eabi/12.2.0/../../../../arm-none-eabi/lib\libg.a(lib_a-makebuf.o)
                0x000000000200d770                __smakebuf_r
 .text.__swhatbuf_r
                0x000000000200d8b4       0x80 d:/devkitpro/devkitarm/bin/../lib/gcc/arm-none-eabi/12.2.0/../../../../arm-none-eabi/lib\libg.a(lib_a-makebuf.o)
                0x000000000200d8b4                __swhatbuf_r
 .text.malloc   0x000000000200d934       0x1c d:/devkitpro/devkitarm/bin/../lib/gcc/arm-none-eabi/12.2.0/../../../../arm-none-eabi/lib\libg.a(lib_a-malloc.o)
                0x000000000200d934                malloc
 .text.free     0x000000000200d950       0x1c d:/devkitpro/devkitarm/bin/../lib/gcc/arm-none-eabi/12.2.0/../../../../arm-none-eabi/lib\libg.a(lib_a-malloc.o)
                0x000000000200d950                free
 .text._malloc_r
                0x000000000200d96c      0x7f0 d:/devkitpro/devkitarm/bin/../lib/gcc/arm-none-eabi/12.2.0/../../../../arm-none-eabi/lib\libg.a(lib_a-mallocr.o)
                0x000000000200d96c                _malloc_r
 .text.memcpy   0x000000000200e15c      0x114 d:/devkitpro/devkitarm/bin/../lib/gcc/arm-none-eabi/12.2.0/../../../../arm-none-eabi/lib\libg.a(lib_a-memcpy-stub.o)
                0x000000000200e15c                memcpy
 .text.memset   0x000000000200e270       0xfc d:/devkitpro/devkitarm/bin/../lib/gcc/arm-none-eabi/12.2.0/../../../../arm-none-eabi/lib\libg.a(lib_a-memset.o)
                0x000000000200e270                memset
 .text.__malloc_lock
                0x000000000200e36c       0x18 d:/devkitpro/devkitarm/bin/../lib/gcc/arm-none-eabi/12.2.0/../../../../arm-none-eabi/lib\libg.a(lib_a-mlock.o)
                0x000000000200e36c                __malloc_lock
 .text.__malloc_unlock
                0x000000000200e384       0x18 d:/devkitpro/devkitarm/bin/../lib/gcc/arm-none-eabi/12.2.0/../../../../arm-none-eabi/lib\libg.a(lib_a-mlock.o)
                0x000000000200e384                __malloc_unlock
 .text.printf   0x000000000200e39c       0x34 d:/devkitpro/devkitarm/bin/../lib/gcc/arm-none-eabi/12.2.0/../../../../arm-none-eabi/lib\libg.a(lib_a-printf.o)
                0x000000000200e39c                printf
 .text.rand     0x000000000200e3d0       0x48 d:/devkitpro/devkitarm/bin/../lib/gcc/arm-none-eabi/12.2.0/../../../../arm-none-eabi/lib\libg.a(lib_a-rand.o)
                0x000000000200e3d0                rand
 .text.lflush   0x000000000200e418       0x28 d:/devkitpro/devkitarm/bin/../lib/gcc/arm-none-eabi/12.2.0/../../../../arm-none-eabi/lib\libg.a(lib_a-refill.o)
 .text.__srefill_r
                0x000000000200e440      0x198 d:/devkitpro/devkitarm/bin/../lib/gcc/arm-none-eabi/12.2.0/../../../../arm-none-eabi/lib\libg.a(lib_a-refill.o)
                0x000000000200e440                __srefill_r
 .text.rewind   0x000000000200e5d8       0x30 d:/devkitpro/devkitarm/bin/../lib/gcc/arm-none-eabi/12.2.0/../../../../arm-none-eabi/lib\libg.a(lib_a-rewind.o)
                0x000000000200e5d8                rewind
 .text.setvbuf  0x000000000200e608      0x25c d:/devkitpro/devkitarm/bin/../lib/gcc/arm-none-eabi/12.2.0/../../../../arm-none-eabi/lib\libg.a(lib_a-setvbuf.o)
                0x000000000200e608                setvbuf
 .text.siscanf  0x000000000200e864       0x74 d:/devkitpro/devkitarm/bin/../lib/gcc/arm-none-eabi/12.2.0/../../../../arm-none-eabi/lib\libg.a(lib_a-siscanf.o)
                0x000000000200e864                siscanf
 .text.__sread  0x000000000200e8d8       0x4c d:/devkitpro/devkitarm/bin/../lib/gcc/arm-none-eabi/12.2.0/../../../../arm-none-eabi/lib\libg.a(lib_a-stdio.o)
                0x000000000200e8d8                __sread
 .text.__seofread
                0x000000000200e924        0x8 d:/devkitpro/devkitarm/bin/../lib/gcc/arm-none-eabi/12.2.0/../../../../arm-none-eabi/lib\libg.a(lib_a-stdio.o)
                0x000000000200e924                __seofread
 .text.__swrite
                0x000000000200e92c       0x6c d:/devkitpro/devkitarm/bin/../lib/gcc/arm-none-eabi/12.2.0/../../../../arm-none-eabi/lib\libg.a(lib_a-stdio.o)
                0x000000000200e92c                __swrite
 .text.__sseek  0x000000000200e998       0x48 d:/devkitpro/devkitarm/bin/../lib/gcc/arm-none-eabi/12.2.0/../../../../arm-none-eabi/lib\libg.a(lib_a-stdio.o)
                0x000000000200e998                __sseek
 .text.__sclose
                0x000000000200e9e0       0x14 d:/devkitpro/devkitarm/bin/../lib/gcc/arm-none-eabi/12.2.0/../../../../arm-none-eabi/lib\libg.a(lib_a-stdio.o)
                0x000000000200e9e0                __sclose
 .text.strlen   0x000000000200e9f4       0x60 d:/devkitpro/devkitarm/bin/../lib/gcc/arm-none-eabi/12.2.0/../../../../arm-none-eabi/lib\libg.a(lib_a-strlen-stub.o)
                0x000000000200e9f4                strlen
 .text.get_arg  0x000000000200ea54       0x54 d:/devkitpro/devkitarm/bin/../lib/gcc/arm-none-eabi/12.2.0/../../../../arm-none-eabi/lib\libg.a(lib_a-svfiscanf.o)
 .text._sungetc_r
                0x000000000200eaa8       0xdc d:/devkitpro/devkitarm/bin/../lib/gcc/arm-none-eabi/12.2.0/../../../../arm-none-eabi/lib\libg.a(lib_a-svfiscanf.o)
                0x000000000200eaa8                _sungetc_r
 .text.__ssrefill_r
                0x000000000200eb84       0x68 d:/devkitpro/devkitarm/bin/../lib/gcc/arm-none-eabi/12.2.0/../../../../arm-none-eabi/lib\libg.a(lib_a-svfiscanf.o)
                0x000000000200eb84                __ssrefill_r
 .text._sfread_r
                0x000000000200ebec       0xc8 d:/devkitpro/devkitarm/bin/../lib/gcc/arm-none-eabi/12.2.0/../../../../arm-none-eabi/lib\libg.a(lib_a-svfiscanf.o)
                0x000000000200ebec                _sfread_r
 .text.__ssvfiscanf_r
                0x000000000200ecb4     0x2338 d:/devkitpro/devkitarm/bin/../lib/gcc/arm-none-eabi/12.2.0/../../../../arm-none-eabi/lib\libg.a(lib_a-svfiscanf.o)
                0x000000000200ecb4                __ssvfiscanf_r
 .text.time     0x0000000002010fec       0x40 d:/devkitpro/devkitarm/bin/../lib/gcc/arm-none-eabi/12.2.0/../../../../arm-none-eabi/lib\libg.a(lib_a-time.o)
                0x0000000002010fec                time
 .text.__submore
                0x000000000201102c       0xa8 d:/devkitpro/devkitarm/bin/../lib/gcc/arm-none-eabi/12.2.0/../../../../arm-none-eabi/lib\libg.a(lib_a-ungetc.o)
                0x000000000201102c                __submore
 .text.get_arg  0x00000000020110d4      0x674 d:/devkitpro/devkitarm/bin/../lib/gcc/arm-none-eabi/12.2.0/../../../../arm-none-eabi/lib\libg.a(lib_a-vfiprintf.o)
 .text.__sprint_r
                0x0000000002011748       0x34 d:/devkitpro/devkitarm/bin/../lib/gcc/arm-none-eabi/12.2.0/../../../../arm-none-eabi/lib\libg.a(lib_a-vfiprintf.o)
                0x0000000002011748                __sprint_r
 .text._vfiprintf_r
                0x000000000201177c     0x2320 d:/devkitpro/devkitarm/bin/../lib/gcc/arm-none-eabi/12.2.0/../../../../arm-none-eabi/lib\libg.a(lib_a-vfiprintf.o)
                0x000000000201177c                _vfiprintf_r
 .text.__sbprintf
                0x0000000002013a9c       0xd4 d:/devkitpro/devkitarm/bin/../lib/gcc/arm-none-eabi/12.2.0/../../../../arm-none-eabi/lib\libg.a(lib_a-vfiprintf.o)
 .text.get_arg  0x0000000002013b70      0x674 d:/devkitpro/devkitarm/bin/../lib/gcc/arm-none-eabi/12.2.0/../../../../arm-none-eabi/lib\libg.a(lib_a-vfprintf.o)
 .text._vfprintf_r
                0x00000000020141e4     0x370c d:/devkitpro/devkitarm/bin/../lib/gcc/arm-none-eabi/12.2.0/../../../../arm-none-eabi/lib\libg.a(lib_a-vfprintf.o)
                0x00000000020141e4                _vfprintf_r
 .text.__sbprintf
                0x00000000020178f0       0xd4 d:/devkitpro/devkitarm/bin/../lib/gcc/arm-none-eabi/12.2.0/../../../../arm-none-eabi/lib\libg.a(lib_a-vfprintf.o)
 .text.viprintf
                0x00000000020179c4       0x28 d:/devkitpro/devkitarm/bin/../lib/gcc/arm-none-eabi/12.2.0/../../../../arm-none-eabi/lib\libg.a(lib_a-viprintf.o)
                0x00000000020179c4                viprintf
 .text._wcrtomb_r
                0x00000000020179ec       0x5c d:/devkitpro/devkitarm/bin/../lib/gcc/arm-none-eabi/12.2.0/../../../../arm-none-eabi/lib\libg.a(lib_a-wcrtomb.o)
                0x00000000020179ec                _wcrtomb_r
 .text._wcsrtombs_r
                0x0000000002017a48       0x2c d:/devkitpro/devkitarm/bin/../lib/gcc/arm-none-eabi/12.2.0/../../../../arm-none-eabi/lib\libg.a(lib_a-wcsrtombs.o)
                0x0000000002017a48                _wcsrtombs_r
 .text.__swsetup_r
                0x0000000002017a74      0x148 d:/devkitpro/devkitarm/bin/../lib/gcc/arm-none-eabi/12.2.0/../../../../arm-none-eabi/lib\libg.a(lib_a-wsetup.o)
                0x0000000002017a74                __swsetup_r
 .text.quorem   0x0000000002017bbc      0x1d0 d:/devkitpro/devkitarm/bin/../lib/gcc/arm-none-eabi/12.2.0/../../../../arm-none-eabi/lib\libg.a(lib_a-dtoa.o)
 *fill*         0x0000000002017d8c        0x4 ff
 .text._dtoa_r  0x0000000002017d90     0x1658 d:/devkitpro/devkitarm/bin/../lib/gcc/arm-none-eabi/12.2.0/../../../../arm-none-eabi/lib\libg.a(lib_a-dtoa.o)
                0x0000000002017d90                _dtoa_r
 .text.__sflags
                0x00000000020193e8       0xd0 d:/devkitpro/devkitarm/bin/../lib/gcc/arm-none-eabi/12.2.0/../../../../arm-none-eabi/lib\libg.a(lib_a-flags.o)
                0x00000000020193e8                __sflags
 .text.__sfvwrite_r
                0x00000000020194b8      0x4c8 d:/devkitpro/devkitarm/bin/../lib/gcc/arm-none-eabi/12.2.0/../../../../arm-none-eabi/lib\libg.a(lib_a-fvwrite.o)
                0x00000000020194b8                __sfvwrite_r
 .text.iswspace
                0x0000000002019980       0x14 d:/devkitpro/devkitarm/bin/../lib/gcc/arm-none-eabi/12.2.0/../../../../arm-none-eabi/lib\libg.a(lib_a-iswspace.o)
                0x0000000002019980                iswspace
 .text._localeconv_r
                0x0000000002019994        0xc d:/devkitpro/devkitarm/bin/../lib/gcc/arm-none-eabi/12.2.0/../../../../arm-none-eabi/lib\libg.a(lib_a-localeconv.o)
                0x0000000002019994                _localeconv_r
 .text.__locale_mb_cur_max
                0x00000000020199a0       0x10 d:/devkitpro/devkitarm/bin/../lib/gcc/arm-none-eabi/12.2.0/../../../../arm-none-eabi/lib\libg.a(lib_a-locale.o)
                0x00000000020199a0                __locale_mb_cur_max
 .text._mbrtowc_r
                0x00000000020199b0       0x70 d:/devkitpro/devkitarm/bin/../lib/gcc/arm-none-eabi/12.2.0/../../../../arm-none-eabi/lib\libg.a(lib_a-mbrtowc.o)
                0x00000000020199b0                _mbrtowc_r
 .text.__utf8_mbtowc
                0x0000000002019a20      0x308 d:/devkitpro/devkitarm/bin/../lib/gcc/arm-none-eabi/12.2.0/../../../../arm-none-eabi/lib\libg.a(lib_a-mbtowc_r.o)
                0x0000000002019a20                __utf8_mbtowc
 .text.memchr   0x0000000002019d28       0xf4 d:/devkitpro/devkitarm/bin/../lib/gcc/arm-none-eabi/12.2.0/../../../../arm-none-eabi/lib\libg.a(lib_a-memchr-stub.o)
                0x0000000002019d28                memchr
 .text.memmove  0x0000000002019e1c      0x154 d:/devkitpro/devkitarm/bin/../lib/gcc/arm-none-eabi/12.2.0/../../../../arm-none-eabi/lib\libg.a(lib_a-memmove.o)
                0x0000000002019e1c                memmove
 .text._Balloc  0x0000000002019f70       0x8c d:/devkitpro/devkitarm/bin/../lib/gcc/arm-none-eabi/12.2.0/../../../../arm-none-eabi/lib\libg.a(lib_a-mprec.o)
                0x0000000002019f70                _Balloc
 .text._Bfree   0x0000000002019ffc       0x1c d:/devkitpro/devkitarm/bin/../lib/gcc/arm-none-eabi/12.2.0/../../../../arm-none-eabi/lib\libg.a(lib_a-mprec.o)
                0x0000000002019ffc                _Bfree
 .text.__multadd
                0x000000000201a018      0x100 d:/devkitpro/devkitarm/bin/../lib/gcc/arm-none-eabi/12.2.0/../../../../arm-none-eabi/lib\libg.a(lib_a-mprec.o)
                0x000000000201a018                __multadd
 .text.__hi0bits
                0x000000000201a118       0x60 d:/devkitpro/devkitarm/bin/../lib/gcc/arm-none-eabi/12.2.0/../../../../arm-none-eabi/lib\libg.a(lib_a-mprec.o)
                0x000000000201a118                __hi0bits
 .text.__lo0bits
                0x000000000201a178       0xa0 d:/devkitpro/devkitarm/bin/../lib/gcc/arm-none-eabi/12.2.0/../../../../arm-none-eabi/lib\libg.a(lib_a-mprec.o)
                0x000000000201a178                __lo0bits
 .text.__i2b    0x000000000201a218       0xa8 d:/devkitpro/devkitarm/bin/../lib/gcc/arm-none-eabi/12.2.0/../../../../arm-none-eabi/lib\libg.a(lib_a-mprec.o)
                0x000000000201a218                __i2b
 .text.__multiply
                0x000000000201a2c0      0x218 d:/devkitpro/devkitarm/bin/../lib/gcc/arm-none-eabi/12.2.0/../../../../arm-none-eabi/lib\libg.a(lib_a-mprec.o)
                0x000000000201a2c0                __multiply
 .text.__pow5mult
                0x000000000201a4d8      0x128 d:/devkitpro/devkitarm/bin/../lib/gcc/arm-none-eabi/12.2.0/../../../../arm-none-eabi/lib\libg.a(lib_a-mprec.o)
                0x000000000201a4d8                __pow5mult
 .text.__lshift
                0x000000000201a600      0x144 d:/devkitpro/devkitarm/bin/../lib/gcc/arm-none-eabi/12.2.0/../../../../arm-none-eabi/lib\libg.a(lib_a-mprec.o)
                0x000000000201a600                __lshift
 .text.__mcmp   0x000000000201a744       0x54 d:/devkitpro/devkitarm/bin/../lib/gcc/arm-none-eabi/12.2.0/../../../../arm-none-eabi/lib\libg.a(lib_a-mprec.o)
                0x000000000201a744                __mcmp
 .text.__mdiff  0x000000000201a798      0x204 d:/devkitpro/devkitarm/bin/../lib/gcc/arm-none-eabi/12.2.0/../../../../arm-none-eabi/lib\libg.a(lib_a-mprec.o)
                0x000000000201a798                __mdiff
 .text.__d2b    0x000000000201a99c      0x128 d:/devkitpro/devkitarm/bin/../lib/gcc/arm-none-eabi/12.2.0/../../../../arm-none-eabi/lib\libg.a(lib_a-mprec.o)
                0x000000000201a99c                __d2b
 .text.realloc  0x000000000201aac4       0x24 d:/devkitpro/devkitarm/bin/../lib/gcc/arm-none-eabi/12.2.0/../../../../arm-none-eabi/lib\libg.a(lib_a-realloc.o)
                0x000000000201aac4                realloc
 .text._realloc_r
                0x000000000201aae8      0x4b8 d:/devkitpro/devkitarm/bin/../lib/gcc/arm-none-eabi/12.2.0/../../../../arm-none-eabi/lib\libg.a(lib_a-reallocr.o)
                0x000000000201aae8                _realloc_r
 .text.__sccl   0x000000000201afa0       0xe4 d:/devkitpro/devkitarm/bin/../lib/gcc/arm-none-eabi/12.2.0/../../../../arm-none-eabi/lib\libg.a(lib_a-sccl.o)
                0x000000000201afa0                __sccl
 .text.frexp    0x000000000201b084       0xa4 d:/devkitpro/devkitarm/bin/../lib/gcc/arm-none-eabi/12.2.0/../../../../arm-none-eabi/lib\libg.a(lib_a-s_frexp.o)
                0x000000000201b084                frexp
 .text.strchr   0x000000000201b128      0x13c d:/devkitpro/devkitarm/bin/../lib/gcc/arm-none-eabi/12.2.0/../../../../arm-none-eabi/lib\libg.a(lib_a-strchr.o)
                0x000000000201b128                strchr
 .text.strncpy  0x000000000201b264       0xd0 d:/devkitpro/devkitarm/bin/../lib/gcc/arm-none-eabi/12.2.0/../../../../arm-none-eabi/lib\libg.a(lib_a-strncpy.o)
                0x000000000201b264                strncpy
 .text._strtoll_l.constprop.0
                0x000000000201b334      0x234 d:/devkitpro/devkitarm/bin/../lib/gcc/arm-none-eabi/12.2.0/../../../../arm-none-eabi/lib\libg.a(lib_a-strtoll.o)
 .text._strtoll_r
                0x000000000201b568        0x4 d:/devkitpro/devkitarm/bin/../lib/gcc/arm-none-eabi/12.2.0/../../../../arm-none-eabi/lib\libg.a(lib_a-strtoll.o)
                0x000000000201b568                _strtoll_r
 .text._strtol_l.part.0
                0x000000000201b56c      0x1a8 d:/devkitpro/devkitarm/bin/../lib/gcc/arm-none-eabi/12.2.0/../../../../arm-none-eabi/lib\libg.a(lib_a-strtol.o)
 .text._strtol_r
                0x000000000201b714       0x3c d:/devkitpro/devkitarm/bin/../lib/gcc/arm-none-eabi/12.2.0/../../../../arm-none-eabi/lib\libg.a(lib_a-strtol.o)
                0x000000000201b714                _strtol_r
 .text._strtoull_l.constprop.0
                0x000000000201b750      0x248 d:/devkitpro/devkitarm/bin/../lib/gcc/arm-none-eabi/12.2.0/../../../../arm-none-eabi/lib\libg.a(lib_a-strtoull.o)
 .text._strtoull_r
                0x000000000201b998        0x4 d:/devkitpro/devkitarm/bin/../lib/gcc/arm-none-eabi/12.2.0/../../../../arm-none-eabi/lib\libg.a(lib_a-strtoull.o)
                0x000000000201b998                _strtoull_r
 .text._strtoul_l.constprop.0
                0x000000000201b99c      0x1c8 d:/devkitpro/devkitarm/bin/../lib/gcc/arm-none-eabi/12.2.0/../../../../arm-none-eabi/lib\libg.a(lib_a-strtoul.o)
 .text._strtoul_r
                0x000000000201bb64        0x4 d:/devkitpro/devkitarm/bin/../lib/gcc/arm-none-eabi/12.2.0/../../../../arm-none-eabi/lib\libg.a(lib_a-strtoul.o)
                0x000000000201bb64                _strtoul_r
 .text._wcsnrtombs_l
                0x000000000201bb68      0x198 d:/devkitpro/devkitarm/bin/../lib/gcc/arm-none-eabi/12.2.0/../../../../arm-none-eabi/lib\libg.a(lib_a-wcsnrtombs.o)
                0x000000000201bb68                _wcsnrtombs_l
 .text._wcsnrtombs_r
                0x000000000201bd00       0x50 d:/devkitpro/devkitarm/bin/../lib/gcc/arm-none-eabi/12.2.0/../../../../arm-none-eabi/lib\libg.a(lib_a-wcsnrtombs.o)
                0x000000000201bd00                _wcsnrtombs_r
 .text.__utf8_wctomb
                0x000000000201bd50       0xf4 d:/devkitpro/devkitarm/bin/../lib/gcc/arm-none-eabi/12.2.0/../../../../arm-none-eabi/lib\libg.a(lib_a-wctomb_r.o)
                0x000000000201bd50                __utf8_wctomb
 .text.__assert_func
                0x000000000201be44       0x5c d:/devkitpro/devkitarm/bin/../lib/gcc/arm-none-eabi/12.2.0/../../../../arm-none-eabi/lib\libg.a(lib_a-assert.o)
                0x000000000201be44                __assert_func
 .text.fiprintf
                0x000000000201bea0       0x3c d:/devkitpro/devkitarm/bin/../lib/gcc/arm-none-eabi/12.2.0/../../../../arm-none-eabi/lib\libg.a(lib_a-fiprintf.o)
                0x000000000201bea0                fiprintf
 .text.iswspace_l
                0x000000000201bedc       0x44 d:/devkitpro/devkitarm/bin/../lib/gcc/arm-none-eabi/12.2.0/../../../../arm-none-eabi/lib\libg.a(lib_a-iswspace_l.o)
                0x000000000201bedc                iswspace_l
 .text.__jp2uc  0x000000000201bf20      0x1e8 d:/devkitpro/devkitarm/bin/../lib/gcc/arm-none-eabi/12.2.0/../../../../arm-none-eabi/lib\libg.a(lib_a-jp2uc.o)
 .text._jp2uc_l
                0x000000000201c108       0x94 d:/devkitpro/devkitarm/bin/../lib/gcc/arm-none-eabi/12.2.0/../../../../arm-none-eabi/lib\libg.a(lib_a-jp2uc.o)
                0x000000000201c108                _jp2uc_l
 .text.strncmp  0x000000000201c19c       0xec d:/devkitpro/devkitarm/bin/../lib/gcc/arm-none-eabi/12.2.0/../../../../arm-none-eabi/lib\libg.a(lib_a-strncmp.o)
                0x000000000201c19c                strncmp
 .text.abort    0x000000000201c288       0x14 d:/devkitpro/devkitarm/bin/../lib/gcc/arm-none-eabi/12.2.0/../../../../arm-none-eabi/lib\libg.a(lib_a-abort.o)
                0x000000000201c288                abort
 .text.category
                0x000000000201c29c       0x94 d:/devkitpro/devkitarm/bin/../lib/gcc/arm-none-eabi/12.2.0/../../../../arm-none-eabi/lib\libg.a(lib_a-categories.o)
                0x000000000201c29c                category
 .text._raise_r
                0x000000000201c330       0x94 d:/devkitpro/devkitarm/bin/../lib/gcc/arm-none-eabi/12.2.0/../../../../arm-none-eabi/lib\libg.a(lib_a-signal.o)
                0x000000000201c330                _raise_r
 .text.raise    0x000000000201c3c4       0x18 d:/devkitpro/devkitarm/bin/../lib/gcc/arm-none-eabi/12.2.0/../../../../arm-none-eabi/lib\libg.a(lib_a-signal.o)
                0x000000000201c3c4                raise
 .text.null_write
                0x000000000201c3dc        0x8 d:/devkitpro/devkitarm/bin/../lib/gcc/arm-none-eabi/12.2.0/../../../../arm-none-eabi/lib\libsysbase.a(iosupport.o)
 .text.FindDevice
                0x000000000201c3e4       0xd4 d:/devkitpro/devkitarm/bin/../lib/gcc/arm-none-eabi/12.2.0/../../../../arm-none-eabi/lib\libsysbase.a(iosupport.o)
                0x000000000201c3e4                FindDevice
 .text._fstat_r
                0x000000000201c4b8       0x7c d:/devkitpro/devkitarm/bin/../lib/gcc/arm-none-eabi/12.2.0/../../../../arm-none-eabi/lib\libsysbase.a(fstat.o)
                0x000000000201c4b8                _fstat_r
 .text._getpid_r
                0x000000000201c534       0x14 d:/devkitpro/devkitarm/bin/../lib/gcc/arm-none-eabi/12.2.0/../../../../arm-none-eabi/lib\libsysbase.a(getpid.o)
                0x000000000201c534                _getpid_r
 .text._gettimeofday_r
                0x000000000201c548       0x34 d:/devkitpro/devkitarm/bin/../lib/gcc/arm-none-eabi/12.2.0/../../../../arm-none-eabi/lib\libsysbase.a(gettod.o)
                0x000000000201c548                _gettimeofday_r
 .text._isatty_r
                0x000000000201c57c        0x8 d:/devkitpro/devkitarm/bin/../lib/gcc/arm-none-eabi/12.2.0/../../../../arm-none-eabi/lib\libsysbase.a(isatty.o)
                0x000000000201c57c                _isatty_r
 .text._kill_r  0x000000000201c584       0x14 d:/devkitpro/devkitarm/bin/../lib/gcc/arm-none-eabi/12.2.0/../../../../arm-none-eabi/lib\libsysbase.a(kill.o)
                0x000000000201c584                _kill_r
 .text._lseek_r
                0x000000000201c598       0x88 d:/devkitpro/devkitarm/bin/../lib/gcc/arm-none-eabi/12.2.0/../../../../arm-none-eabi/lib\libsysbase.a(lseek.o)
                0x000000000201c598                _lseek_r
 .text._open_r  0x000000000201c620       0xc8 d:/devkitpro/devkitarm/bin/../lib/gcc/arm-none-eabi/12.2.0/../../../../arm-none-eabi/lib\libsysbase.a(open.o)
                0x000000000201c620                _open_r
 .text._read_r  0x000000000201c6e8       0x84 d:/devkitpro/devkitarm/bin/../lib/gcc/arm-none-eabi/12.2.0/../../../../arm-none-eabi/lib\libsysbase.a(read.o)
                0x000000000201c6e8                _read_r
 .text._sbrk_r  0x000000000201c76c       0x7c d:/devkitpro/devkitarm/bin/../lib/gcc/arm-none-eabi/12.2.0/../../../../arm-none-eabi/lib\libsysbase.a(sbrk.o)
                0x000000000201c76c                _sbrk_r
 .text._write_r
                0x000000000201c7e8       0x84 d:/devkitpro/devkitarm/bin/../lib/gcc/arm-none-eabi/12.2.0/../../../../arm-none-eabi/lib\libsysbase.a(write.o)
                0x000000000201c7e8                _write_r
 .text._exit    0x000000000201c86c       0x20 d:/devkitpro/devkitarm/bin/../lib/gcc/arm-none-eabi/12.2.0/../../../../arm-none-eabi/lib\libsysbase.a(_exit.o)
                0x000000000201c86c                _exit
 .text.build_argv
                0x000000000201c88c       0x80 d:/devkitpro/devkitarm/bin/../lib/gcc/arm-none-eabi/12.2.0/../../../../arm-none-eabi/lib\libsysbase.a(build_argv.o)
                0x000000000201c88c                build_argv
 .text.__flockfile
                0x000000000201c90c       0x14 d:/devkitpro/devkitarm/bin/../lib/gcc/arm-none-eabi/12.2.0/../../../../arm-none-eabi/lib\libsysbase.a(flock.o)
                0x000000000201c90c                __flockfile
 .text.__funlockfile
                0x000000000201c920       0x14 d:/devkitpro/devkitarm/bin/../lib/gcc/arm-none-eabi/12.2.0/../../../../arm-none-eabi/lib\libsysbase.a(flock.o)
                0x000000000201c920                __funlockfile
 .text.__release_handle
                0x000000000201c934       0x90 d:/devkitpro/devkitarm/bin/../lib/gcc/arm-none-eabi/12.2.0/../../../../arm-none-eabi/lib\libsysbase.a(handle_manager.o)
                0x000000000201c934                __release_handle
 .text.__alloc_handle
                0x000000000201c9c4       0xb4 d:/devkitpro/devkitarm/bin/../lib/gcc/arm-none-eabi/12.2.0/../../../../arm-none-eabi/lib\libsysbase.a(handle_manager.o)
                0x000000000201c9c4                __alloc_handle
 .text.__get_handle
                0x000000000201ca78       0x40 d:/devkitpro/devkitarm/bin/../lib/gcc/arm-none-eabi/12.2.0/../../../../arm-none-eabi/lib\libsysbase.a(handle_manager.o)
                0x000000000201ca78                __get_handle
 .text._close_r
                0x000000000201cab8       0xfc d:/devkitpro/devkitarm/bin/../lib/gcc/arm-none-eabi/12.2.0/../../../../arm-none-eabi/lib\libsysbase.a(handle_manager.o)
                0x000000000201cab8                _close_r
 .text.__getreent
                0x000000000201cbb4       0x30 d:/devkitpro/devkitarm/bin/../lib/gcc/arm-none-eabi/12.2.0/../../../../arm-none-eabi/lib\libsysbase.a(getreent.o)
                0x000000000201cbb4                __getreent
 .text.__libc_lock_acquire
                0x000000000201cbe4       0x20 d:/devkitpro/devkitarm/bin/../lib/gcc/arm-none-eabi/12.2.0/../../../../arm-none-eabi/lib\libsysbase.a(syscall_support.o)
                0x000000000201cbe4                __libc_lock_acquire
 .text.__libc_lock_release
                0x000000000201cc04       0x20 d:/devkitpro/devkitarm/bin/../lib/gcc/arm-none-eabi/12.2.0/../../../../arm-none-eabi/lib\libsysbase.a(syscall_support.o)
                0x000000000201cc04                __libc_lock_release
 .text.__libc_lock_init_recursive
                0x000000000201cc24       0x20 d:/devkitpro/devkitarm/bin/../lib/gcc/arm-none-eabi/12.2.0/../../../../arm-none-eabi/lib\libsysbase.a(syscall_support.o)
                0x000000000201cc24                __libc_lock_init_recursive
 .text.__libc_lock_acquire_recursive
                0x000000000201cc44       0x20 d:/devkitpro/devkitarm/bin/../lib/gcc/arm-none-eabi/12.2.0/../../../../arm-none-eabi/lib\libsysbase.a(syscall_support.o)
                0x000000000201cc44                __libc_lock_acquire_recursive
 .text.__libc_lock_release_recursive
                0x000000000201cc64       0x20 d:/devkitpro/devkitarm/bin/../lib/gcc/arm-none-eabi/12.2.0/../../../../arm-none-eabi/lib\libsysbase.a(syscall_support.o)
                0x000000000201cc64                __libc_lock_release_recursive
 .text.__libc_lock_close_recursive
                0x000000000201cc84       0x20 d:/devkitpro/devkitarm/bin/../lib/gcc/arm-none-eabi/12.2.0/../../../../arm-none-eabi/lib\libsysbase.a(syscall_support.o)
                0x000000000201cc84                __libc_lock_close_recursive
 .text.__udivmoddi4
                0x000000000201cca4      0x128 d:/devkitpro/devkitarm/bin/../lib/gcc/arm-none-eabi/12.2.0\libgcc.a(_udivmoddi4.o)
                0x000000000201cca4                __udivmoddi4
 *fill*         0x000000000201cdcc        0x4 ff
 .text.__udivmoddi4.__stub
                0x000000000201cdd0      0x2d0 linker stubs
 *(EXCLUDE_FILE(*.twl*) .gnu.warning)
 *(EXCLUDE_FILE(*.twl*) .gnu.linkonce.t*)
 *(.glue_7)
 .glue_7        0x000000000201d140        0x0 linker stubs
 *(.glue_7t)
 .glue_7t       0x000000000201d140        0x0 linker stubs
                0x000000000201d140                . = ALIGN (0x4)

.vfp11_veneer   0x000000000201d140        0x0
 .vfp11_veneer  0x000000000201d140        0x0 linker stubs

.v4_bx          0x000000000201d140        0x0
 .v4_bx         0x000000000201d140        0x0 linker stubs

.iplt           0x000000000201d140        0x0
 .iplt          0x000000000201d140        0x0 d:/devkitpro/devkitarm/bin/../lib/gcc/arm-none-eabi/12.2.0/../../../../arm-none-eabi/lib/ds_arm9_crt0.o

.fini           0x000000000201d140       0x18
 *(.fini)
 .fini          0x000000000201d140        0xc d:/devkitpro/devkitarm/bin/../lib/gcc/arm-none-eabi/12.2.0/crti.o
                0x000000000201d140                _fini
 .fini          0x000000000201d14c        0xc d:/devkitpro/devkitarm/bin/../lib/gcc/arm-none-eabi/12.2.0/crtn.o
                0x000000000201d158                __text_end = .

.rodata         0x000000000201d158    0x457f4
 *(EXCLUDE_FILE(*.twl*) .rodata)
 .rodata        0x000000000201d158       0x24 D:/devkitPro/nitro-engine/lib\libNE.a(NETexture.o)
 *all.rodata*(*)
 *(EXCLUDE_FILE(*.twl*) .roda)
 *(EXCLUDE_FILE(*.twl*) .rodata.*)
 .rodata.Debug_tex_bin
                0x000000000201d17c     0x8000 Debug_tex.bin.o
                0x000000000201d17c                Debug_tex_bin
                0x000000000202517c                Debug_tex_bin_end
 .rodata.black_floor_metal_001c_pal_bin
                0x000000000202517c       0x48 black_floor_metal_001c_pal.bin.o
                0x000000000202517c                black_floor_metal_001c_pal_bin
                0x00000000020251c4                black_floor_metal_001c_pal_bin_end
 .rodata.black_floor_metal_001c_tex_bin
                0x00000000020251c4    0x10000 black_floor_metal_001c_tex.bin.o
                0x00000000020251c4                black_floor_metal_001c_tex_bin
                0x00000000020351c4                black_floor_metal_001c_tex_bin_end
 .rodata.black_wall_metal_002c_pal_bin
                0x00000000020351c4       0x2c black_wall_metal_002c_pal.bin.o
                0x00000000020351c4                black_wall_metal_002c_pal_bin
                0x00000000020351f0                black_wall_metal_002c_pal_bin_end
 .rodata.black_wall_metal_002c_tex_bin
                0x00000000020351f0    0x10000 black_wall_metal_002c_tex.bin.o
                0x00000000020351f0                black_wall_metal_002c_tex_bin
                0x00000000020451f0                black_wall_metal_002c_tex_bin_end
 .rodata.cube_bin
                0x00000000020451f0      0x10c cube.bin.o
                0x00000000020451f0                cube_bin
                0x00000000020452fc                cube_bin_end
 .rodata.debugempty_tex_bin
                0x00000000020452fc     0x2000 debugempty_tex.bin.o
                0x00000000020452fc                debugempty_tex_bin
                0x00000000020472fc                debugempty_tex_bin_end
 .rodata.white_ceiling_tile002a_pal_bin
                0x00000000020472fc       0x1c white_ceiling_tile002a_pal.bin.o
                0x00000000020472fc                white_ceiling_tile002a_pal_bin
                0x0000000002047318                white_ceiling_tile002a_pal_bin_end
 .rodata.white_ceiling_tile002a_tex_bin
                0x0000000002047318     0x8000 white_ceiling_tile002a_tex.bin.o
                0x0000000002047318                white_ceiling_tile002a_tex_bin
                0x000000000204f318                white_ceiling_tile002a_tex_bin_end
 .rodata.white_floor_tile002a_pal_bin
                0x000000000204f318       0x16 white_floor_tile002a_pal.bin.o
                0x000000000204f318                white_floor_tile002a_pal_bin
                0x000000000204f32e                white_floor_tile002a_pal_bin_end
 *fill*         0x000000000204f32e        0x2 ff
 .rodata.white_floor_tile002a_tex_bin
                0x000000000204f330     0x8000 white_floor_tile002a_tex.bin.o
                0x000000000204f330                white_floor_tile002a_tex_bin
                0x0000000002057330                white_floor_tile002a_tex_bin_end
 .rodata.white_wall_tile003a_pal_bin
                0x0000000002057330       0x14 white_wall_tile003a_pal.bin.o
                0x0000000002057330                white_wall_tile003a_pal_bin
                0x0000000002057344                white_wall_tile003a_pal_bin_end
 .rodata.white_wall_tile003a_tex_bin
                0x0000000002057344     0x2000 white_wall_tile003a_tex.bin.o
                0x0000000002057344                white_wall_tile003a_tex_bin
                0x0000000002059344                white_wall_tile003a_tex_bin_end
 .rodata.str1.4
                0x0000000002059344       0x41 main.o
 *fill*         0x0000000002059385        0x3 ff
 .rodata.str1.4
                0x0000000002059388       0xab D:/devkitPro/nitro-engine/lib\libNE.a(NEModel.o)
 .rodata.str1.4
                0x0000000002059433       0xab D:/devkitPro/nitro-engine/lib\libNE.a(dsma.o)
 *fill*         0x0000000002059433        0x1 ff
 .rodata.str1.4
                0x0000000002059434        0x7 D:/devkitPro/nitro-engine/lib\libNE.a(NEFAT.o)
 *fill*         0x000000000205943b        0x1 ff
 .rodata.SIN_LUT
                0x000000000205943c      0x102 D:/devkitPro/libnds/lib\libnds9.a(trig.o)
                0x000000000205943c                SIN_LUT
 *fill*         0x000000000205953e        0x2 ff
 .rodata.TAN_LUT
                0x0000000002059540      0x204 D:/devkitPro/libnds/lib\libnds9.a(trig.o)
                0x0000000002059540                TAN_LUT
 .rodata.__sassert.str1.4
                0x0000000002059744       0x42 D:/devkitPro/libnds/lib\libnds9.a(sassert.o)
 *fill*         0x0000000002059786        0x2 ff
 .rodata.con_write.str1.4
                0x0000000002059788       0x30 D:/devkitPro/libnds/lib\libnds9.a(console.o)
 .rodata.con_write
                0x00000000020597b8       0xd4 D:/devkitPro/libnds/lib\libnds9.a(console.o)
 .rodata.str1.4
                0x000000000205988c       0x14 D:/devkitPro/libnds/lib\libnds9.a(console.o)
 .rodata.dotab_stdout
                0x00000000020598a0       0x70 D:/devkitPro/libnds/lib\libnds9.a(console.o)
 .rodata.default_font_bin
                0x0000000002059910     0x2000 D:/devkitPro/libnds/lib\libnds9.a(default_font.bin.o)
                0x0000000002059910                default_font_bin
                0x000000000205b910                default_font_bin_end
 .rodata._global_impure_ptr
                0x000000000205b910        0x4 d:/devkitpro/devkitarm/bin/../lib/gcc/arm-none-eabi/12.2.0/../../../../arm-none-eabi/lib\libg.a(lib_a-impure.o)
                0x000000000205b910                _global_impure_ptr
 .rodata.basefix.0
                0x000000000205b914       0x22 d:/devkitpro/devkitarm/bin/../lib/gcc/arm-none-eabi/12.2.0/../../../../arm-none-eabi/lib\libg.a(lib_a-svfiscanf.o)
 .rodata._vfiprintf_r.str1.1
                0x000000000205b936       0x29 d:/devkitpro/devkitarm/bin/../lib/gcc/arm-none-eabi/12.2.0/../../../../arm-none-eabi/lib\libg.a(lib_a-vfiprintf.o)
 *fill*         0x000000000205b95f        0x1 ff
 .rodata.zeroes.0
                0x000000000205b960       0x10 d:/devkitpro/devkitarm/bin/../lib/gcc/arm-none-eabi/12.2.0/../../../../arm-none-eabi/lib\libg.a(lib_a-vfiprintf.o)
 .rodata.blanks.1
                0x000000000205b970       0x10 d:/devkitpro/devkitarm/bin/../lib/gcc/arm-none-eabi/12.2.0/../../../../arm-none-eabi/lib\libg.a(lib_a-vfiprintf.o)
 .rodata._vfprintf_r.str1.1
                0x000000000205b980       0x12 d:/devkitpro/devkitarm/bin/../lib/gcc/arm-none-eabi/12.2.0/../../../../arm-none-eabi/lib\libg.a(lib_a-vfprintf.o)
                                         0x3b (size before relaxing)
 *fill*         0x000000000205b992        0x2 ff
 .rodata.zeroes.0
                0x000000000205b994       0x10 d:/devkitpro/devkitarm/bin/../lib/gcc/arm-none-eabi/12.2.0/../../../../arm-none-eabi/lib\libg.a(lib_a-vfprintf.o)
 .rodata.blanks.1
                0x000000000205b9a4       0x10 d:/devkitpro/devkitarm/bin/../lib/gcc/arm-none-eabi/12.2.0/../../../../arm-none-eabi/lib\libg.a(lib_a-vfprintf.o)
 .rodata._ctype_
                0x000000000205b9b4      0x101 d:/devkitpro/devkitarm/bin/../lib/gcc/arm-none-eabi/12.2.0/../../../../arm-none-eabi/lib\libg.a(lib_a-ctype_.o)
                0x000000000205b9b4                _ctype_
 *fill*         0x000000000205bab5        0x3 ff
 .rodata._dtoa_r.str1.4
                0x000000000205bab8       0x6a d:/devkitpro/devkitarm/bin/../lib/gcc/arm-none-eabi/12.2.0/../../../../arm-none-eabi/lib\libg.a(lib_a-dtoa.o)
 *fill*         0x000000000205bb22        0x2 ff
 .rodata.str1.4
                0x000000000205bb24       0x48 d:/devkitpro/devkitarm/bin/../lib/gcc/arm-none-eabi/12.2.0/../../../../arm-none-eabi/lib\libg.a(lib_a-locale.o)
                                         0x4c (size before relaxing)
 .rodata._mbrtowc_r.str1.4
                0x000000000205bb6c        0x1 d:/devkitpro/devkitarm/bin/../lib/gcc/arm-none-eabi/12.2.0/../../../../arm-none-eabi/lib\libg.a(lib_a-mbrtowc.o)
 .rodata.__multadd.str1.4
                0x000000000205bb6c       0x43 d:/devkitpro/devkitarm/bin/../lib/gcc/arm-none-eabi/12.2.0/../../../../arm-none-eabi/lib\libg.a(lib_a-mprec.o)
                                         0x57 (size before relaxing)
 *fill*         0x000000000205bbaf        0x1 ff
 .rodata.p05.0  0x000000000205bbb0        0xc d:/devkitpro/devkitarm/bin/../lib/gcc/arm-none-eabi/12.2.0/../../../../arm-none-eabi/lib\libg.a(lib_a-mprec.o)
 *fill*         0x000000000205bbbc        0x4 ff
 .rodata.__mprec_bigtens
                0x000000000205bbc0       0x28 d:/devkitpro/devkitarm/bin/../lib/gcc/arm-none-eabi/12.2.0/../../../../arm-none-eabi/lib\libg.a(lib_a-mprec.o)
                0x000000000205bbc0                __mprec_bigtens
 .rodata.__mprec_tens
                0x000000000205bbe8       0xc8 d:/devkitpro/devkitarm/bin/../lib/gcc/arm-none-eabi/12.2.0/../../../../arm-none-eabi/lib\libg.a(lib_a-mprec.o)
                0x000000000205bbe8                __mprec_tens
 .rodata.__action_table
                0x000000000205bcb0       0x6c d:/devkitpro/devkitarm/bin/../lib/gcc/arm-none-eabi/12.2.0/../../../../arm-none-eabi/lib\libg.a(lib_a-svfiprintf.o)
                0x000000000205bcb0                __action_table
 .rodata.__state_table
                0x000000000205bd1c       0x6c d:/devkitpro/devkitarm/bin/../lib/gcc/arm-none-eabi/12.2.0/../../../../arm-none-eabi/lib\libg.a(lib_a-svfiprintf.o)
                0x000000000205bd1c                __state_table
 .rodata.__chclass
                0x000000000205bd88      0x100 d:/devkitpro/devkitarm/bin/../lib/gcc/arm-none-eabi/12.2.0/../../../../arm-none-eabi/lib\libg.a(lib_a-svfiprintf.o)
                0x000000000205bd88                __chclass
 .rodata.__assert_func.str1.4
                0x000000000205be88       0x3f d:/devkitpro/devkitarm/bin/../lib/gcc/arm-none-eabi/12.2.0/../../../../arm-none-eabi/lib\libg.a(lib_a-assert.o)
                                         0x43 (size before relaxing)
 *fill*         0x000000000205bec7        0x1 ff
 .rodata._jp2uc_l.str1.4
                0x000000000205bec8       0x12 d:/devkitpro/devkitarm/bin/../lib/gcc/arm-none-eabi/12.2.0/../../../../arm-none-eabi/lib\libg.a(lib_a-jp2uc.o)
 *fill*         0x000000000205beda        0x2 ff
 .rodata.d02f4  0x000000000205bedc     0x1a7c d:/devkitpro/devkitarm/bin/../lib/gcc/arm-none-eabi/12.2.0/../../../../arm-none-eabi/lib\libg.a(lib_a-jp2uc.o)
 .rodata.b02cf  0x000000000205d958     0x172a d:/devkitpro/devkitarm/bin/../lib/gcc/arm-none-eabi/12.2.0/../../../../arm-none-eabi/lib\libg.a(lib_a-jp2uc.o)
 *fill*         0x000000000205f082        0x2 ff
 .rodata.a8     0x000000000205f084       0x40 d:/devkitpro/devkitarm/bin/../lib/gcc/arm-none-eabi/12.2.0/../../../../arm-none-eabi/lib\libg.a(lib_a-jp2uc.o)
 .rodata.a7     0x000000000205f0c4       0xa2 d:/devkitpro/devkitarm/bin/../lib/gcc/arm-none-eabi/12.2.0/../../../../arm-none-eabi/lib\libg.a(lib_a-jp2uc.o)
 *fill*         0x000000000205f166        0x2 ff
 .rodata.a6     0x000000000205f168       0x70 d:/devkitpro/devkitarm/bin/../lib/gcc/arm-none-eabi/12.2.0/../../../../arm-none-eabi/lib\libg.a(lib_a-jp2uc.o)
 .rodata.a3     0x000000000205f1d8       0x5b d:/devkitpro/devkitarm/bin/../lib/gcc/arm-none-eabi/12.2.0/../../../../arm-none-eabi/lib\libg.a(lib_a-jp2uc.o)
 *fill*         0x000000000205f233        0x1 ff
 .rodata.a2     0x000000000205f234       0xbc d:/devkitpro/devkitarm/bin/../lib/gcc/arm-none-eabi/12.2.0/../../../../arm-none-eabi/lib\libg.a(lib_a-jp2uc.o)
 .rodata.a1     0x000000000205f2f0       0xbc d:/devkitpro/devkitarm/bin/../lib/gcc/arm-none-eabi/12.2.0/../../../../arm-none-eabi/lib\libg.a(lib_a-jp2uc.o)
 .rodata.categories
                0x000000000205f3ac     0x3528 d:/devkitpro/devkitarm/bin/../lib/gcc/arm-none-eabi/12.2.0/../../../../arm-none-eabi/lib\libg.a(lib_a-categories.o)
 .rodata.AddDevice.str1.4
                0x00000000020628d4        0x8 d:/devkitpro/devkitarm/bin/../lib/gcc/arm-none-eabi/12.2.0/../../../../arm-none-eabi/lib\libsysbase.a(iosupport.o)
 .rodata.dotab_stdnull
                0x00000000020628dc       0x70 d:/devkitpro/devkitarm/bin/../lib/gcc/arm-none-eabi/12.2.0/../../../../arm-none-eabi/lib\libsysbase.a(iosupport.o)
                0x00000000020628dc                dotab_stdnull
 *(EXCLUDE_FILE(*.twl*) .gnu.linkonce.r*)
                0x000000000206294c                . = ALIGN (0x4)

.ARM.extab
 *(.ARM.extab* .gnu.linkonce.armextab.*)
                0x000000000206294c                __exidx_start = .

ARM.exidx
 *(.ARM.exidx* .gnu.linkonce.armexidx.*)
                0x000000000206294c                __exidx_end = .
                0x000000000206294c                . = ALIGN (0x4)
                0x000000000206294c                PROVIDE (__preinit_array_start = .)

.preinit_array
 *(.preinit_array)
                0x000000000206294c                PROVIDE (__preinit_array_end = .)
                0x000000000206294c                PROVIDE (__init_array_start = .)

.init_array     0x000000000206294c        0x4
 *(SORT_BY_NAME(.init_array.*))
 *(.init_array)
 .init_array    0x000000000206294c        0x4 d:/devkitpro/devkitarm/bin/../lib/gcc/arm-none-eabi/12.2.0/crtbegin.o
                0x0000000002062950                PROVIDE (__init_array_end = .)
                [!provide]                        PROVIDE (__fini_array_start = .)

.fini_array     0x0000000002062950        0x4
 *(.fini_array)
 .fini_array    0x0000000002062950        0x4 d:/devkitpro/devkitarm/bin/../lib/gcc/arm-none-eabi/12.2.0/crtbegin.o
 *(SORT_BY_NAME(.fini_array.*))
                [!provide]                        PROVIDE (__fini_array_end = .)

.ctors          0x0000000002062954        0x0
 *crtbegin.o(.ctors)
 *(EXCLUDE_FILE(*crtend.o) .ctors)
 *(SORT_BY_NAME(.ctors.*))
 *(.ctors)
                0x0000000002062954                . = ALIGN (0x4)

.dtors          0x0000000002062954        0x0
 *crtbegin.o(.dtors)
 *(EXCLUDE_FILE(*crtend.o) .dtors)
 *(SORT_BY_NAME(.dtors.*))
 *(.dtors)
                0x0000000002062954                . = ALIGN (0x4)

.eh_frame       0x0000000002062954        0x4
 *(.eh_frame)
 .eh_frame      0x0000000002062954        0x0 d:/devkitpro/devkitarm/bin/../lib/gcc/arm-none-eabi/12.2.0/crtbegin.o
 .eh_frame      0x0000000002062954        0x4 d:/devkitpro/devkitarm/bin/../lib/gcc/arm-none-eabi/12.2.0/crtend.o
                0x0000000002062958                . = ALIGN (0x4)

.rel.dyn        0x0000000002062958        0x0
 .rel.iplt      0x0000000002062958        0x0 d:/devkitpro/devkitarm/bin/../lib/gcc/arm-none-eabi/12.2.0/../../../../arm-none-eabi/lib/ds_arm9_crt0.o

.gcc_except_table
                0x0000000002062958        0x0
 *(.gcc_except_table)
                0x0000000002062958                . = ALIGN (0x4)

.jcr
 *(.jcr)

.got
 *(.got.plt)
 *(.got)
 *(.rel.got)

.ewram          0x0000000002062958        0x0
                0x0000000002062958                __ewram_start = ABSOLUTE (.)
 *(.ewram)
 *ewram.*(.text)
                0x0000000002062958                . = ALIGN (0x4)

.data           0x0000000002062958     0x1ba0
                0x0000000002062958                __data_start = ABSOLUTE (.)
 *(EXCLUDE_FILE(*.twl*) .data)
 .data          0x0000000002062958       0x10 D:/devkitPro/nitro-engine/lib\libNE.a(NEGeneral.o)
 .data          0x0000000002062968       0x28 D:/devkitPro/libnds/lib\libnds9.a(mpu_setup.o)
 *(EXCLUDE_FILE(*.twl*) .data.*)
 .data.currentConsole
                0x0000000002062990        0x4 D:/devkitPro/libnds/lib\libnds9.a(console.o)
                0x0000000002062990                currentConsole
 .data.defaultConsole
                0x0000000002062994       0x5c D:/devkitPro/libnds/lib\libnds9.a(console.o)
                0x0000000002062994                defaultConsole
 .data.firstConsoleInit.0
                0x00000000020629f0        0x1 D:/devkitPro/libnds/lib\libnds9.a(console.o)
 .data.count    0x00000000020629f1        0x1 D:/devkitPro/libnds/lib\libnds9.a(keys.o)
 .data.delay    0x00000000020629f2        0x1 D:/devkitPro/libnds/lib\libnds9.a(keys.o)
 .data.repeat   0x00000000020629f3        0x1 D:/devkitPro/libnds/lib\libnds9.a(keys.o)
 .data.fifo_buffer_free
                0x00000000020629f4        0x4 D:/devkitPro/libnds/lib\libnds9.a(fifosystem.o)
                0x00000000020629f4                fifo_buffer_free
 .data.fifo_freewords
                0x00000000020629f8        0x4 D:/devkitPro/libnds/lib\libnds9.a(fifosystem.o)
                0x00000000020629f8                fifo_freewords
 .data.fifo_receive_queue
                0x00000000020629fc        0x4 D:/devkitPro/libnds/lib\libnds9.a(fifosystem.o)
                0x00000000020629fc                fifo_receive_queue
 .data.fifo_send_queue
                0x0000000002062a00        0x4 D:/devkitPro/libnds/lib\libnds9.a(fifosystem.o)
                0x0000000002062a00                fifo_send_queue
 .data.bgControl
                0x0000000002062a04       0x20 D:/devkitPro/libnds/lib\libnds9.a(background.o)
                0x0000000002062a04                bgControl
 .data.bgScrollTable
                0x0000000002062a24       0x20 D:/devkitPro/libnds/lib\libnds9.a(background.o)
                0x0000000002062a24                bgScrollTable
 .data.bgTransform
                0x0000000002062a44       0x20 D:/devkitPro/libnds/lib\libnds9.a(background.o)
                0x0000000002062a44                bgTransform
 .data._impure_ptr
                0x0000000002062a64        0x4 d:/devkitpro/devkitarm/bin/../lib/gcc/arm-none-eabi/12.2.0/../../../../arm-none-eabi/lib\libg.a(lib_a-impure.o)
                0x0000000002062a64                _impure_ptr
 .data.impure_data
                0x0000000002062a68      0x460 d:/devkitpro/devkitarm/bin/../lib/gcc/arm-none-eabi/12.2.0/../../../../arm-none-eabi/lib\libg.a(lib_a-impure.o)
 .data.__malloc_sbrk_base
                0x0000000002062ec8        0x4 d:/devkitpro/devkitarm/bin/../lib/gcc/arm-none-eabi/12.2.0/../../../../arm-none-eabi/lib\libg.a(lib_a-mallocr.o)
                0x0000000002062ec8                __malloc_sbrk_base
 .data.__malloc_trim_threshold
                0x0000000002062ecc        0x4 d:/devkitpro/devkitarm/bin/../lib/gcc/arm-none-eabi/12.2.0/../../../../arm-none-eabi/lib\libg.a(lib_a-mallocr.o)
                0x0000000002062ecc                __malloc_trim_threshold
 .data.__malloc_av_
                0x0000000002062ed0      0x408 d:/devkitpro/devkitarm/bin/../lib/gcc/arm-none-eabi/12.2.0/../../../../arm-none-eabi/lib\libg.a(lib_a-mallocr.o)
                0x0000000002062ed0                __malloc_av_
 .data.__global_locale
                0x00000000020632d8      0x16c d:/devkitpro/devkitarm/bin/../lib/gcc/arm-none-eabi/12.2.0/../../../../arm-none-eabi/lib\libg.a(lib_a-locale.o)
                0x00000000020632d8                __global_locale
 .data.devoptab_list
                0x0000000002063444       0x8c d:/devkitpro/devkitarm/bin/../lib/gcc/arm-none-eabi/12.2.0/../../../../arm-none-eabi/lib\libsysbase.a(iosupport.o)
                0x0000000002063444                devoptab_list
 .data.defaultDevice
                0x00000000020634d0        0x4 d:/devkitpro/devkitarm/bin/../lib/gcc/arm-none-eabi/12.2.0/../../../../arm-none-eabi/lib\libsysbase.a(iosupport.o)
 .data.handles  0x00000000020634d4     0x1000 d:/devkitpro/devkitarm/bin/../lib/gcc/arm-none-eabi/12.2.0/../../../../arm-none-eabi/lib\libsysbase.a(handle_manager.o)
 .data.__stderr_handle
                0x00000000020644d4        0xc d:/devkitpro/devkitarm/bin/../lib/gcc/arm-none-eabi/12.2.0/../../../../arm-none-eabi/lib\libsysbase.a(handle_manager.o)
 .data.__stdout_handle
                0x00000000020644e0        0xc d:/devkitpro/devkitarm/bin/../lib/gcc/arm-none-eabi/12.2.0/../../../../arm-none-eabi/lib\libsysbase.a(handle_manager.o)
 .data.__stdin_handle
                0x00000000020644ec        0xc d:/devkitpro/devkitarm/bin/../lib/gcc/arm-none-eabi/12.2.0/../../../../arm-none-eabi/lib\libsysbase.a(handle_manager.o)
 *(EXCLUDE_FILE(*.twl*) .gnu.linkonce.d*)
                0x00000000020644f8                . = ALIGN (0x4)
                0x00000000020644f8                __data_end = ABSOLUTE (.)
                0x00000000020644f8                __bss_vma = .

.igot.plt       0x00000000020644f8        0x0
 .igot.plt      0x00000000020644f8        0x0 d:/devkitpro/devkitarm/bin/../lib/gcc/arm-none-eabi/12.2.0/../../../../arm-none-eabi/lib/ds_arm9_crt0.o

.dtcm           0x0000000002ff0000        0x0 load address 0x00000000020644f8
                0x00000000020644f8                __dtcm_lma = LOADADDR (.dtcm)
                0x0000000002ff0000                __dtcm_start = ABSOLUTE (.)
 *(.dtcm)
 *(.dtcm.*)
                0x0000000002ff0000                . = ALIGN (0x4)
                0x0000000002ff0000                __dtcm_end = ABSOLUTE (.)

.itcm           0x0000000001000100      0xb08 load address 0x00000000020644f8
                0x00000000020644f8                __itcm_lma = LOADADDR (.itcm)
                0x0000000001000100                __itcm_start = ABSOLUTE (.)
 *(.itcm)
 .itcm          0x0000000001000100      0x964 D:/devkitPro/nitro-engine/lib\libNE.a(dsma.o)
                0x0000000001000100                DSMA_DrawModel
                0x0000000001000528                DSMA_DrawModelBlendAnimation
 .itcm          0x0000000001000a64       0xc8 D:/devkitPro/libnds/lib\libnds9.a(interrupts.o)
                0x0000000001000a64                irqTable
 .itcm          0x0000000001000b2c       0xcc D:/devkitPro/libnds/lib\libnds9.a(interruptDispatcher.o)
                0x0000000001000b2c                IntrMain
 .itcm.__stub   0x0000000001000bf8        0xc linker stubs
 *.itcm*(.text .stub .text.*)
                0x0000000001000c04                . = ALIGN (0x4)
                0x0000000001000c08                __itcm_end = ABSOLUTE (.)

.vectors        0x0000000001000000        0x0 load address 0x0000000002065000
                0x0000000002065000                __vectors_lma = LOADADDR (.vectors)
                0x0000000001000000                __vectors_start = ABSOLUTE (.)
 *(.vectors .vectors.*)
                0x0000000001000000                . = ALIGN (0x4)