Archive member included to satisfy reference by file (symbol)

D:/devkitPro/nitro-engine/lib\libNE.a(NECamera.o)
                              main.o (NE_CameraCreate)
D:/devkitPro/nitro-engine/lib\libNE.a(NEGeneral.o)
                              main.o (NE_Init3D)
D:/devkitPro/nitro-engine/lib\libNE.a(NEModel.o)
                              main.o (NE_ModelCreate)
D:/devkitPro/nitro-engine/lib\libNE.a(NEPalette.o)
                              main.o (NE_PaletteCreate)
D:/devkitPro/nitro-engine/lib\libNE.a(NEPhysics.o)
                              main.o (NE_PhysicsCreate)
D:/devkitPro/nitro-engine/lib\libNE.a(NEPolygon.o)
                              D:/devkitPro/nitro-engine/lib\libNE.a(NEGeneral.o) (NE_LightOff)
D:/devkitPro/nitro-engine/lib\libNE.a(NEText.o)
                              D:/devkitPro/nitro-engine/lib\libNE.a(NEGeneral.o) (NE_TextPriorityReset)
D:/devkitPro/nitro-engine/lib\libNE.a(NETexture.o)
                              main.o (NE_MaterialCreate)
D:/devkitPro/nitro-engine/lib\libNE.a(dsma.o)
                              D:/devkitPro/nitro-engine/lib\libNE.a(NEModel.o) (DSMA_DrawModel)
D:/devkitPro/nitro-engine/lib\libNE.a(NE2D.o)
                              D:/devkitPro/nitro-engine/lib\libNE.a(NEGeneral.o) (NE_SpriteSystemReset)
D:/devkitPro/nitro-engine/lib\libNE.a(NEAlloc.o)
                              D:/devkitPro/nitro-engine/lib\libNE.a(NEPalette.o) (NE_AllocInit)
D:/devkitPro/nitro-engine/lib\libNE.a(NEAnimation.o)
                              D:/devkitPro/nitro-engine/lib\libNE.a(NEGeneral.o) (NE_AnimationSystemReset)
D:/devkitPro/nitro-engine/lib\libNE.a(NEFAT.o)
                              D:/devkitPro/nitro-engine/lib\libNE.a(NEModel.o) (NE_FATLoadData)
D:/devkitPro/nitro-engine/lib\libNE.a(NEGUI.o)
                              D:/devkitPro/nitro-engine/lib\libNE.a(NEGeneral.o) (NE_GUIUpdate)
D:/devkitPro/libnds/lib\libnds9.a(trig.o)
                              D:/devkitPro/nitro-engine/lib\libNE.a(NECamera.o) (sinLerp)
D:/devkitPro/libnds/lib\libnds9.a(video.o)
                              D:/devkitPro/nitro-engine/lib\libNE.a(NETexture.o) (vramSetPrimaryBanks)
D:/devkitPro/libnds/lib\libnds9.a(touch.o)
                              D:/devkitPro/nitro-engine/lib\libNE.a(NEGeneral.o) (touchRead)
D:/devkitPro/libnds/lib\libnds9.a(sassert.o)
                              D:/devkitPro/nitro-engine/lib\libNE.a(NEModel.o) (__sassert)
D:/devkitPro/libnds/lib\libnds9.a(system.o)
                              D:/devkitPro/nitro-engine/lib\libNE.a(NEGeneral.o) (powerOn)
D:/devkitPro/libnds/lib\libnds9.a(console.o)
                              D:/devkitPro/nitro-engine/lib\libNE.a(NEGeneral.o) (consoleInit)
D:/devkitPro/libnds/lib\libnds9.a(keys.o)
                              main.o (scanKeys)
D:/devkitPro/libnds/lib\libnds9.a(initSystem.o)
                              d:/devkitpro/devkitarm/bin/../lib/gcc/arm-none-eabi/12.2.0/../../../../arm-none-eabi/lib/ds_arm9_crt0.o (initSystem)
D:/devkitPro/libnds/lib\libnds9.a(securearea.o)
                              d:/devkitpro/devkitarm/bin/../lib/gcc/arm-none-eabi/12.2.0/../../../../arm-none-eabi/lib/ds_arm9_crt0.o (__secure_area__)
D:/devkitPro/libnds/lib\libnds9.a(interrupts.o)
                              main.o (irqSet)
D:/devkitPro/libnds/lib\libnds9.a(libnds_exit.arm.o)
                              d:/devkitpro/devkitarm/bin/../lib/gcc/arm-none-eabi/12.2.0/../../../../arm-none-eabi/lib/ds_arm9_crt0.o (__libnds_exit)
D:/devkitPro/libnds/lib\libnds9.a(fifosystem.o)
                              D:/devkitPro/libnds/lib\libnds9.a(initSystem.o) (fifoSetValue32Handler)
D:/devkitPro/libnds/lib\libnds9.a(dcache.o)
                              D:/devkitPro/nitro-engine/lib\libNE.a(NEFAT.o) (DC_FlushAll)
D:/devkitPro/libnds/lib\libnds9.a(mpu_setup.o)
                              d:/devkitpro/devkitarm/bin/../lib/gcc/arm-none-eabi/12.2.0/../../../../arm-none-eabi/lib/ds_arm9_crt0.o (__libnds_mpu_setup)
D:/devkitPro/libnds/lib\libnds9.a(IntrWait.o)
                              D:/devkitPro/nitro-engine/lib\libNE.a(NEGeneral.o) (swiWaitForVBlank)
D:/devkitPro/libnds/lib\libnds9.a(cpu_clock.o)
                              D:/devkitPro/libnds/lib\libnds9.a(initSystem.o) (setCpuClock)
D:/devkitPro/libnds/lib\libnds9.a(interruptDispatcher.o)
                              D:/devkitPro/libnds/lib\libnds9.a(interrupts.o) (IntrMain)
D:/devkitPro/libnds/lib\libnds9.a(biosCalls.o)
                              D:/devkitPro/libnds/lib\libnds9.a(system.o) (swiDelay)
D:/devkitPro/libnds/lib\libnds9.a(debugprint.o)
                              D:/devkitPro/libnds/lib\libnds9.a(console.o) (nocashWrite)
D:/devkitPro/libnds/lib\libnds9.a(swiSoftReset.o)
                              D:/devkitPro/libnds/lib\libnds9.a(fifosystem.o) (swiSoftReset)
D:/devkitPro/libnds/lib\libnds9.a(default_font.bin.o)
                              D:/devkitPro/libnds/lib\libnds9.a(console.o) (default_font_bin)
[...]
Memory Configuration

Name             Origin             Length             Attributes
ewram            0x0000000002000000 0x0000000000380000
dtcm             0x0000000002ff0000 0x0000000000004000
vectors          0x0000000001000000 0x0000000000000100
itcm             0x0000000001000100 0x0000000000007f00
*default*        0x0000000000000000 0xffffffffffffffff

Linker script and memory map

                0x0000000002380000                __ewram_end = (ORIGIN (ewram) + LENGTH (ewram))
                0x0000000002380000                __eheap_end = (ORIGIN (ewram) + LENGTH (ewram))
                0x0000000002ff4000                __dtcm_top = (ORIGIN (dtcm) + LENGTH (dtcm))
                0x0000000002ff3ff8                __irq_flags = (__dtcm_top - 0x8)
                0x0000000002ff3ffc                __irq_vector = (__dtcm_top - 0x4)
                0x0000000002ff3f00                __sp_svc = (__dtcm_top - 0x100)
                0x0000000002ff3e00                __sp_irq = (__sp_svc - 0x100)
                0x0000000002ff3d00                __sp_usr = (__sp_irq - 0x100)

.secure         0x0000000002000000      0x800
 *(.secure)
 .secure        0x0000000002000000      0x800 D:/devkitPro/libnds/lib\libnds9.a(securearea.o)
                0x0000000002000000                __secure_area__

.crt0           0x0000000002000800      0x300
                0x0000000002000800                __text_start = .
 *(.crt0)
 .crt0          0x0000000002000800      0x300 d:/devkitpro/devkitarm/bin/../lib/gcc/arm-none-eabi/12.2.0/../../../../arm-none-eabi/lib/ds_arm9_crt0.o
                0x0000000002000800                _start
                0x0000000002000b00                . = ALIGN (0x4)

.plt
 *(.plt)

.init           0x0000000002000b00       0x18
 *(SORT_NONE(.init))
 .init          0x0000000002000b00        0xc d:/devkitpro/devkitarm/bin/../lib/gcc/arm-none-eabi/12.2.0/crti.o
                0x0000000002000b00                _init
 .init          0x0000000002000b0c        0xc d:/devkitpro/devkitarm/bin/../lib/gcc/arm-none-eabi/12.2.0/crtn.o

.text           0x0000000002000b18    0x1c5a0
 *(EXCLUDE_FILE(*.twl* *.vectors* *.itcm*) .text)
 .text          0x0000000002000b18      0x434 load.o
                0x0000000002000b18                CreateBlockSide
 .text          0x0000000002000f4c      0x3a8 main.o
                0x0000000002000f4c                Draw3DScene
 .text          0x00000000020012f4     0x1640 D:/devkitPro/nitro-engine/lib\libNE.a(NECamera.o)
                0x0000000002001618                NE_CameraCreate
                0x000000000200165c                NE_CameraSetI
                0x0000000002001684                NE_CameraUse
                0x0000000002001b80                NE_CameraMoveFreeI
                0x00000000020020e4                NE_CameraMoveI
                0x0000000002002114                NE_CameraRotate
                0x0000000002002304                NE_CameraRotateAxisI
                0x0000000002002318                NE_CameraRotateFree
                0x00000000020027d8                NE_CameraDelete
                0x0000000002002804                NE_CameraSystemReset
                0x0000000002002834                NE_CameraSystemEnd
                0x0000000002002848                NE_ViewPush
                0x0000000002002854                NE_ViewPop
                0x0000000002002860                NE_ViewMoveI
                0x0000000002002870                NE_ViewRotate
                0x0000000002002924                NE_ViewScaleI
 .text          0x0000000002002934      0xd84 D:/devkitPro/nitro-engine/lib\libNE.a(NEGeneral.o)
                0x0000000002002bd4                NE_End
                0x0000000002002be8                NE_Viewport
                0x0000000002002e34                NE_MainScreenSetOnTop
                0x0000000002002e40                NE_MainScreenSetOnBottom
                0x0000000002002e4c                NE_MainScreenIsOnTop
                0x0000000002002e58                NE_SwapScreens
                0x0000000002002e68                NE_SetFov
                0x0000000002002e74                NE_UpdateInput
                0x0000000002002ea0                NE_Init3D
                0x0000000002002ef0                NE_InitDual3D
                0x0000000002003028                NE_InitConsole
                0x000000000200308c                NE_SetConsoleColor
                0x0000000002003098                NE_Process
                0x0000000002003168                NE_ProcessDual
                0x00000000020032a0                NE_ClippingPlanesSetI
                0x00000000020032ac                NE_AntialiasEnable
                0x00000000020032c8                NE_GetPolygonCount
                0x00000000020032e4                NE_GetVertexCount
                0x0000000002003300                NE_VBLFunc
                0x0000000002003334                NE_SpecialEffectPause
                0x0000000002003388                NE_HBLFunc
                0x0000000002003418                NE_SpecialEffectNoiseConfig
                0x0000000002003424                NE_SpecialEffectSineConfig
                0x0000000002003430                NE_SpecialEffectSet
                0x0000000002003448                NE_WaitForVBL
                0x00000000020034d0                NE_GetCPUPercent
                0x00000000020034dc                NE_GPUIsRendering
                0x00000000020034f8                NE_TouchTestStart
                0x0000000002003604                NE_TouchTestObject
                0x000000000200363c                NE_TouchTestResult
                0x0000000002003688                NE_TouchTestEnd
 .text          0x00000000020036b8      0x838 D:/devkitPro/nitro-engine/lib\libNE.a(NEModel.o)
                0x0000000002003728                NE_ModelCreate
                0x0000000002003798                NE_ModelDelete
                0x00000000020037ac                NE_ModelLoadStaticMeshFAT
                0x000000000200383c                NE_ModelLoadStaticMesh
                0x00000000020038a8                NE_ModelFreeMeshWhenDeleted
                0x00000000020038c4                NE_ModelSetMaterial
                0x00000000020038c8                NE_ModelSetAnimation
                0x00000000020038dc                NE_ModelSetAnimationSecondary
                0x00000000020038f0                NE_ModelDraw
                0x0000000002003b14                NE_ModelClone
                0x0000000002003b84                NE_ModelScaleI
                0x0000000002003b8c                NE_ModelTranslateI
                0x0000000002003ba4                NE_ModelSetCoordI
                0x0000000002003bac                NE_ModelRotate
                0x0000000002003bd0                NE_ModelSetRot
                0x0000000002003bd8                NE_ModelAnimateAll
                0x0000000002003c6c                NE_ModelAnimStart
                0x0000000002003c78                NE_ModelAnimSecondaryStart
                0x0000000002003c88                NE_ModelAnimSetSpeed
                0x0000000002003c90                NE_ModelAnimSecondarySetSpeed
                0x0000000002003c98                NE_ModelAnimGetFrame
                0x0000000002003ca0                NE_ModelAnimSecondaryGetFrame
                0x0000000002003ca8                NE_ModelAnimSetFrame
                0x0000000002003cb0                NE_ModelAnimSecondarySetFrame
                0x0000000002003cb8                NE_ModelAnimSecondarySetFactor
                0x0000000002003ccc                NE_ModelAnimSecondaryClear
                0x0000000002003cf8                NE_ModelLoadDSMFAT
                0x0000000002003d88                NE_ModelLoadDSM
                0x0000000002003df4                NE_ModelDeleteAll
                0x0000000002003e20                NE_ModelSystemReset
                0x0000000002003eb0                NE_ModelSystemEnd
 .text          0x0000000002003ef0      0x33c D:/devkitPro/nitro-engine/lib\libNE.a(NEPalette.o)
                0x0000000002004014                NE_PaletteCreate
                0x0000000002004050                NE_PaletteLoadFAT
                0x00000000020040b0                NE_PaletteLoad
                0x00000000020040c8                NE_PaletteLoadSize
                0x00000000020040e4                NE_PaletteDelete
                0x00000000020040f8                NE_PaletteUse
                0x0000000002004120                NE_PaletteSystemReset
                0x0000000002004190                NE_PaletteFreeMem
                0x00000000020041b0                NE_PaletteFreeMemPercent
                0x00000000020041d0                NE_PaletteDefragMem
                0x00000000020041d4                NE_PaletteSystemEnd
                0x00000000020041e8                NE_PaletteModificationStart
                0x0000000002004204                NE_PaletteRGB256SetColor
                0x0000000002004214                NE_PaletteModificationEnd
 .text          0x000000000200422c      0x6b8 D:/devkitPro/nitro-engine/lib\libNE.a(NEPhysics.o)
                0x00000000020046fc                NE_PhysicsCreate
                0x0000000002004758                NE_PhysicsDelete
                0x000000000200478c                NE_PhysicsDeleteAll
                0x00000000020047a0                NE_PhysicsSystemReset
                0x00000000020047d4                NE_PhysicsSystemEnd
                0x00000000020047f4                NE_PhysicsSetRadiusI
                0x00000000020047f8                NE_PhysicsSetSpeedI
                0x0000000002004800                NE_PhysicsSetSizeI
                0x0000000002004808                NE_PhysicsSetGravityI
                0x000000000200480c                NE_PhysicsSetFrictionI
                0x0000000002004810                NE_PhysicsSetBounceEnergy
                0x0000000002004814                NE_PhysicsEnable
                0x0000000002004818                NE_PhysicsSetModel
                0x000000000200481c                NE_PhysicsSetGroup
                0x0000000002004820                NE_PhysicsOnCollision
                0x0000000002004828                NE_PhysicsIsColliding
                0x0000000002004830                NE_PhysicsUpdateAll
                0x0000000002004864                NE_PhysicsUpdate
                0x0000000002004880                NE_PhysicsCheckCollision
 .text          0x00000000020048e4      0x35c D:/devkitPro/nitro-engine/lib\libNE.a(NEPolygon.o)
                0x00000000020048e4                NE_PolyColor
                0x00000000020048f0                NE_LightOff
                0x0000000002004904                NE_LightSetColor
                0x0000000002004914                NE_LightSetI
                0x000000000200494c                NE_ShininessTableGenerate
                0x00000000020049f0                NE_PolyBegin
                0x00000000020049fc                NE_PolyEnd
                0x0000000002004a08                NE_PolyNormalI
                0x0000000002004a28                NE_PolyVertexI
                0x0000000002004a40                NE_PolyTexCoord
                0x0000000002004a54                NE_PolyFormat
                0x0000000002004a70                NE_OutliningEnable
                0x0000000002004a8c                NE_OutliningSetColor
                0x0000000002004aa0                NE_ShadingEnable
                0x0000000002004ae4                NE_ToonHighlightEnable
                0x0000000002004b00                NE_FogEnable
                0x0000000002004b64                NE_FogEnableBackground
                0x0000000002004b8c                NE_FogDisable
                0x0000000002004ba0                NE_ClearColorSet
                0x0000000002004bd8                NE_ClearBMPEnable
                0x0000000002004c28                NE_ClearBMPScroll
 .text          0x0000000002004c40      0x46c D:/devkitPro/nitro-engine/lib\libNE.a(NEText.o)
                0x0000000002004cf8                NE_TextPrioritySet
                0x0000000002004d04                NE_TextPriorityReset
                0x0000000002004d10                NE_TextInit
                0x0000000002004d28                NE_TextEnd
                0x0000000002004d40                NE_TextResetSystem
                0x0000000002004d5c                NE_TextPrint
                0x0000000002004e14                NE_TextPrintBox
                0x0000000002004f18                NE_TextPrintFree
                0x0000000002004fb4                NE_TextPrintBoxFree
 .text          0x00000000020050ac      0x954 D:/devkitPro/nitro-engine/lib\libNE.a(NETexture.o)
                0x00000000020054a8                NE_MaterialCreate
                0x00000000020054f8                NE_MaterialColorSet
                0x00000000020054fc                NE_MaterialColorDelete
                0x0000000002005508                NE_MaterialTexLoadFAT
                0x0000000002005574                NE_MaterialTexLoad
                0x00000000020055bc                NE_MaterialClone
                0x00000000020055e4                NE_MaterialSetPalette
                0x00000000020055e8                NE_MaterialUse
                0x0000000002005650                NE_TextureSystemReset
                0x00000000020057b4                NE_MaterialDelete
                0x00000000020057f0                NE_TextureFreeMem
                0x0000000002005810                NE_TextureFreeMemPercent
                0x0000000002005830                NE_TextureDefragMem
                0x0000000002005834                NE_TextureSystemEnd
                0x0000000002005848                __NE_TextureGetRawX
                0x0000000002005860                __NE_TextureGetRawY
                0x0000000002005878                NE_TextureGetRealSizeX
                0x0000000002005894                NE_TextureGetRealSizeY
                0x00000000020058b0                NE_TextureGetSizeX
                0x00000000020058c8                NE_TextureGetSizeY
                0x00000000020058e0                NE_MaterialSetPropierties
                0x0000000002005904                NE_MaterialSetDefaultPropierties
                0x000000000200593c                NE_TextureDrawingStart
                0x000000000200598c                NE_TexturePutPixelRGBA
                0x00000000020059b0                NE_TexturePutPixelRGB256
                0x00000000020059ec                NE_TextureDrawingEnd
 .text          0x0000000002005a00        0x4 D:/devkitPro/nitro-engine/lib\libNE.a(dsma.o)
                0x0000000002005a00                DSMA_GetNumFrames
 .text          0x0000000002005a04      0x8dc D:/devkitPro/nitro-engine/lib\libNE.a(NE2D.o)
                0x0000000002005a58                NE_SpriteCreate
                0x0000000002005aa8                NE_SpriteSetPos
                0x0000000002005ab0                NE_SpriteSetSize
                0x0000000002005ab8                NE_SpriteSetRot
                0x0000000002005abc                NE_SpriteSetScaleI
                0x0000000002005ac0                NE_SpriteSetMaterial
                0x0000000002005ac4                NE_SpriteSetPriority
                0x0000000002005ac8                NE_SpriteVisible
                0x0000000002005acc                NE_SpriteSetParams
                0x0000000002005ad4                NE_SpriteDelete
                0x0000000002005b08                NE_SpriteDeleteAll
                0x0000000002005b1c                NE_SpriteSystemReset
                0x0000000002005b50                NE_SpriteSystemEnd
                0x0000000002005b70                NE_2DViewInit
                0x0000000002005d30                NE_2DViewRotateScaleByPositionI
                0x0000000002005d98                NE_2DViewRotateByPosition
                0x0000000002005de8                NE_2DViewScaleByPositionI
                0x0000000002005e14                NE_2DDrawQuad
                0x0000000002005e68                NE_2DDrawQuadGradient
                0x0000000002005ec8                NE_2DDrawTexturedQuad
                0x0000000002005f80                NE_2DDrawTexturedQuadColor
                0x0000000002006040                NE_SpriteDraw
                0x0000000002006108                NE_SpriteDrawAll
                0x0000000002006210                NE_2DDrawTexturedQuadGradient
 .text          0x00000000020062e0      0x39c D:/devkitPro/nitro-engine/lib\libNE.a(NEAlloc.o)
                0x00000000020062e0                NE_AllocInit
                0x0000000002006314                NE_AllocEnd
                0x000000000200633c                NE_AllocFindInRange
                0x0000000002006394                NE_AllocAddress
                0x000000000200644c                NE_Alloc
                0x00000000020064c4                NE_AllocFromEnd
                0x0000000002006528                NE_Free
                0x00000000020065a8                NE_Lock
                0x00000000020065d8                NE_Unlock
                0x0000000002006608                NE_MemGetInformation
 .text          0x000000000200667c      0x204 D:/devkitPro/nitro-engine/lib\libNE.a(NEAnimation.o)
                0x00000000020066bc                NE_AnimationCreate
                0x00000000020066f8                NE_AnimationDelete
                0x000000000200670c                NE_AnimationLoadFAT
                0x0000000002006760                NE_AnimationLoad
                0x00000000020067a8                NE_AnimationDeleteAll
                0x00000000020067d4                NE_AnimationSystemReset
                0x0000000002006848                NE_AnimationSystemEnd
 .text          0x0000000002006880      0x268 D:/devkitPro/nitro-engine/lib\libNE.a(NEFAT.o)
                0x0000000002006880                NE_FATLoadData
                0x00000000020068c8                NE_FATFileSize
                0x00000000020068f8                NE_ScreenshotBMP
 .text          0x0000000002006ae8      0xf30 D:/devkitPro/nitro-engine/lib\libNE.a(NEGUI.o)
                0x0000000002006b50                NE_GUIUpdate
                0x0000000002007078                NE_GUIDraw
                0x00000000020074a8                NE_GUIButtonCreate
                0x000000000200752c                NE_GUICheckBoxCreate
                0x00000000020075c0                NE_GUIRadioButtonCreate
                0x0000000002007670                NE_GUISlideBarCreate
                0x0000000002007804                NE_GUIButtonConfig
                0x000000000200781c                NE_GUICheckBoxConfig
                0x0000000002007834                NE_GUIRadioButtonConfig
                0x000000000200784c                NE_GUISlideBarConfig
                0x0000000002007870                NE_GUISlideBarSetMinMax
                0x0000000002007928                NE_GUIObjectGetEvent
                0x000000000200795c                NE_GUICheckBoxGetValue
                0x0000000002007964                NE_GUIRadioButtonGetValue
                0x000000000200796c                NE_GUISlideBarGetValue
                0x0000000002007978                NE_GUIDeleteObject
                0x00000000020079b0                NE_GUIDeleteAll
                0x00000000020079c4                NE_GUISystemReset
                0x00000000020079f8                NE_GUISystemEnd
 .text          0x0000000002007a18      0x114 d:/devkitpro/devkitarm/bin/../lib/gcc/arm-none-eabi/12.2.0\libgcc.a(_udivsi3.o)
                0x0000000002007a18                __aeabi_uidiv
                0x0000000002007a18                __udivsi3
                0x0000000002007b0c                __aeabi_uidivmod
 .text          0x0000000002007b2c      0x148 d:/devkitpro/devkitarm/bin/../lib/gcc/arm-none-eabi/12.2.0\libgcc.a(_divsi3.o)
                0x0000000002007b2c                __divsi3
                0x0000000002007b2c                __aeabi_idiv
                0x0000000002007c54                __aeabi_idivmod
 .text          0x0000000002007c74        0x4 d:/devkitpro/devkitarm/bin/../lib/gcc/arm-none-eabi/12.2.0\libgcc.a(_dvmd_tls.o)
                0x0000000002007c74                __aeabi_idiv0
                0x0000000002007c74                __aeabi_ldiv0
 .text          0x0000000002007c78      0x424 d:/devkitpro/devkitarm/bin/../lib/gcc/arm-none-eabi/12.2.0\libgcc.a(_arm_addsubdf3.o)
                0x0000000002007c78                __aeabi_drsub
                0x0000000002007c80                __aeabi_dsub
                0x0000000002007c80                __subdf3
                0x0000000002007c84                __aeabi_dadd
                0x0000000002007c84                __adddf3
                0x0000000002007f94                __floatunsidf
                0x0000000002007f94                __aeabi_ui2d
                0x0000000002007fb8                __floatsidf
                0x0000000002007fb8                __aeabi_i2d
                0x0000000002007fe0                __aeabi_f2d
                0x0000000002007fe0                __extendsfdf2
                0x0000000002008028                __floatundidf
                0x0000000002008028                __aeabi_ul2d
                0x000000000200803c                __floatdidf
                0x000000000200803c                __aeabi_l2d
 .text          0x000000000200809c       0x5c d:/devkitpro/devkitarm/bin/../lib/gcc/arm-none-eabi/12.2.0\libgcc.a(_arm_fixdfsi.o)
                0x000000000200809c                __aeabi_d2iz
                0x000000000200809c                __fixdfsi
 .text          0x00000000020080f8      0x2ac d:/devkitpro/devkitarm/bin/../lib/gcc/arm-none-eabi/12.2.0\libgcc.a(_arm_addsubsf3.o)
                0x00000000020080f8                __aeabi_frsub
                0x0000000002008100                __subsf3
                0x0000000002008100                __aeabi_fsub
                0x0000000002008104                __aeabi_fadd
                0x0000000002008104                __addsf3
                0x00000000020082c0                __aeabi_ui2f
                0x00000000020082c0                __floatunsisf
                0x00000000020082c8                __aeabi_i2f
                0x00000000020082c8                __floatsisf
                0x00000000020082e8                __aeabi_ul2f
                0x00000000020082e8                __floatundisf
                0x00000000020082f8                __aeabi_l2f
                0x00000000020082f8                __floatdisf
 .text          0x00000000020083a4      0x2f8 d:/devkitpro/devkitarm/bin/../lib/gcc/arm-none-eabi/12.2.0\libgcc.a(_arm_muldivsf3.o)
                0x00000000020083a4                __mulsf3
                0x00000000020083a4                __aeabi_fmul
                0x000000000200853c                __aeabi_fdiv
                0x000000000200853c                __divsf3
 .text          0x000000000200869c      0x114 d:/devkitpro/devkitarm/bin/../lib/gcc/arm-none-eabi/12.2.0\libgcc.a(_arm_cmpsf2.o)
                0x000000000200869c                __gesf2
                0x000000000200869c                __gtsf2
                0x00000000020086a4                __lesf2
                0x00000000020086a4                __ltsf2
                0x00000000020086ac                __nesf2
                0x00000000020086ac                __eqsf2
                0x00000000020086ac                __cmpsf2
                0x0000000002008710                __aeabi_cfrcmple
                0x0000000002008720                __aeabi_cfcmpeq
                0x0000000002008720                __aeabi_cfcmple
                0x0000000002008738                __aeabi_fcmpeq
                0x0000000002008750                __aeabi_fcmplt
                0x0000000002008768                __aeabi_fcmple
                0x0000000002008780                __aeabi_fcmpge
                0x0000000002008798                __aeabi_fcmpgt
 .text          0x00000000020087b0       0x5c d:/devkitpro/devkitarm/bin/../lib/gcc/arm-none-eabi/12.2.0\libgcc.a(_arm_fixsfsi.o)
                0x00000000020087b0                __aeabi_f2iz
                0x00000000020087b0                __fixsfsi
 .text          0x000000000200880c      0x224 d:/devkitpro/devkitarm/bin/../lib/gcc/arm-none-eabi/12.2.0/../../../../arm-none-eabi/lib\libg.a(lib_a-strcmp.o)
                0x000000000200880c                strcmp
 .text          0x0000000002008a30      0x49c d:/devkitpro/devkitarm/bin/../lib/gcc/arm-none-eabi/12.2.0\libgcc.a(_arm_muldivdf3.o)
                0x0000000002008a30                __aeabi_dmul
                0x0000000002008a30                __muldf3
                0x0000000002008cc0                __divdf3
                0x0000000002008cc0                __aeabi_ddiv
 .text          0x0000000002008ecc      0x144 d:/devkitpro/devkitarm/bin/../lib/gcc/arm-none-eabi/12.2.0\libgcc.a(_arm_cmpdf2.o)
                0x0000000002008ecc                __gtdf2
                0x0000000002008ecc                __gedf2
                0x0000000002008ed4                __ltdf2
                0x0000000002008ed4                __ledf2
                0x0000000002008edc                __nedf2
                0x0000000002008edc                __eqdf2
                0x0000000002008edc                __cmpdf2
                0x0000000002008f64                __aeabi_cdrcmple
                0x0000000002008f80                __aeabi_cdcmpeq
                0x0000000002008f80                __aeabi_cdcmple
                0x0000000002008f98                __aeabi_dcmpeq
                0x0000000002008fb0                __aeabi_dcmplt
                0x0000000002008fc8                __aeabi_dcmple
                0x0000000002008fe0                __aeabi_dcmpge
                0x0000000002008ff8                __aeabi_dcmpgt
 .text          0x0000000002009010       0x38 d:/devkitpro/devkitarm/bin/../lib/gcc/arm-none-eabi/12.2.0\libgcc.a(_arm_unorddf2.o)
                0x0000000002009010                __unorddf2
                0x0000000002009010                __aeabi_dcmpun
 .text          0x0000000002009048       0xd4 d:/devkitpro/devkitarm/bin/../lib/gcc/arm-none-eabi/12.2.0\libgcc.a(_aeabi_ldivmod.o)
                0x0000000002009048                __aeabi_ldivmod
 .text          0x000000000200911c       0x3c d:/devkitpro/devkitarm/bin/../lib/gcc/arm-none-eabi/12.2.0\libgcc.a(_aeabi_uldivmod.o)
                0x000000000200911c                __aeabi_uldivmod
 .text          0x0000000002009158       0x28 d:/devkitpro/devkitarm/bin/../lib/gcc/arm-none-eabi/12.2.0\libgcc.a(_clzdi2.o)
                0x0000000002009158                __clzdi2
 .text          0x0000000002009180       0x48 d:/devkitpro/devkitarm/bin/../lib/gcc/arm-none-eabi/12.2.0\libgcc.a(_clzsi2.o)
                0x0000000002009180                __clzsi2
 *(EXCLUDE_FILE(*.twl* *.vectors* *.itcm*) .stub)
 *(EXCLUDE_FILE(*.twl* *.vectors* *.itcm*) .text.*)
 .text.__do_global_dtors_aux
                0x00000000020091c8       0x40 d:/devkitpro/devkitarm/bin/../lib/gcc/arm-none-eabi/12.2.0/crtbegin.o
 .text.frame_dummy
                0x0000000002009208       0x30 d:/devkitpro/devkitarm/bin/../lib/gcc/arm-none-eabi/12.2.0/crtbegin.o
 .text.startup  0x0000000002009238      0x5a0 main.o
                0x0000000002009238                main
 .text.sinLutLookup
                0x00000000020097d8       0x4c D:/devkitPro/libnds/lib\libnds9.a(trig.o)
                0x00000000020097d8                sinLutLookup
 .text.sinLerp  0x0000000002009824       0x40 D:/devkitPro/libnds/lib\libnds9.a(trig.o)
                0x0000000002009824                sinLerp
 .text.cosLerp  0x0000000002009864       0x4c D:/devkitPro/libnds/lib\libnds9.a(trig.o)
                0x0000000002009864                cosLerp
 .text.tanLerp  0x00000000020098b0       0xb0 D:/devkitPro/libnds/lib\libnds9.a(trig.o)
                0x00000000020098b0                tanLerp
 .text.vramSetPrimaryBanks
                0x0000000002009960       0x44 D:/devkitPro/libnds/lib\libnds9.a(video.o)
                0x0000000002009960                vramSetPrimaryBanks
 .text.vramRestorePrimaryBanks
                0x00000000020099a4        0xc D:/devkitPro/libnds/lib\libnds9.a(video.o)
                0x00000000020099a4                vramRestorePrimaryBanks
 .text.vramDefault
                0x00000000020099b0       0xd0 D:/devkitPro/libnds/lib\libnds9.a(video.o)
                0x00000000020099b0                vramDefault
 .text.touchRead
                0x0000000002009a80       0x24 D:/devkitPro/libnds/lib\libnds9.a(touch.o)
                0x0000000002009a80                touchRead
 .text.__sassert
                0x0000000002009aa4       0x38 D:/devkitPro/libnds/lib\libnds9.a(sassert.o)
                0x0000000002009aa4                __sassert
 .text.systemValueHandler
                0x0000000002009adc       0x48 D:/devkitPro/libnds/lib\libnds9.a(system.o)
                0x0000000002009adc                systemValueHandler
 .text.systemMsgHandler
                0x0000000002009b24       0x60 D:/devkitPro/libnds/lib\libnds9.a(system.o)
                0x0000000002009b24                systemMsgHandler
 .text.powerOn  0x0000000002009b84       0x2c D:/devkitPro/libnds/lib\libnds9.a(system.o)
                0x0000000002009b84                powerOn
 .text.powerOff
                0x0000000002009bb0       0x28 D:/devkitPro/libnds/lib\libnds9.a(system.o)
                0x0000000002009bb0                powerOff
 .text.newRow   0x0000000002009bd8       0xa8 D:/devkitPro/libnds/lib\libnds9.a(console.o)
 .text.consolePrintChar
                0x0000000002009c80       0xe0 D:/devkitPro/libnds/lib\libnds9.a(console.o)
                0x0000000002009c80                consolePrintChar
 .text.con_write
                0x0000000002009d60      0x36c D:/devkitPro/libnds/lib\libnds9.a(console.o)
                0x0000000002009d60                con_write
 .text.consoleLoadFont
                0x000000000200a0cc      0x2a0 D:/devkitPro/libnds/lib\libnds9.a(console.o)
                0x000000000200a0cc                consoleLoadFont
 .text.consoleInit
                0x000000000200a36c      0x18c D:/devkitPro/libnds/lib\libnds9.a(console.o)
                0x000000000200a36c                consoleInit
 .text.consoleDemoInit
                0x000000000200a4f8       0x40 D:/devkitPro/libnds/lib\libnds9.a(console.o)
                0x000000000200a4f8                consoleDemoInit
 .text.scanKeys
                0x000000000200a538       0x8c D:/devkitPro/libnds/lib\libnds9.a(keys.o)
                0x000000000200a538                scanKeys
 .text.keysHeld
                0x000000000200a5c4        0xc D:/devkitPro/libnds/lib\libnds9.a(keys.o)
                0x000000000200a5c4                keysHeld
 .text.keysDown
                0x000000000200a5d0       0x14 D:/devkitPro/libnds/lib\libnds9.a(keys.o)
                0x000000000200a5d0                keysDown
 .text.keysUp   0x000000000200a5e4       0x18 D:/devkitPro/libnds/lib\libnds9.a(keys.o)
                0x000000000200a5e4                keysUp
 .text.__syscall_gettod_r
                0x000000000200a5fc       0x28 D:/devkitPro/libnds/lib\libnds9.a(initSystem.o)
                0x000000000200a5fc                __syscall_gettod_r
 .text.__syscall_exit
                0x000000000200a624        0x8 D:/devkitPro/libnds/lib\libnds9.a(initSystem.o)
                0x000000000200a624                __syscall_exit
 .text.initSystem
                0x000000000200a62c      0x180 D:/devkitPro/libnds/lib\libnds9.a(initSystem.o)
                0x000000000200a62c                initSystem
 .text.irqDummy
                0x000000000200a7ac        0x4 D:/devkitPro/libnds/lib\libnds9.a(interrupts.o)
                0x000000000200a7ac                irqDummy
 .text.irqSet   0x000000000200a7b0       0x6c D:/devkitPro/libnds/lib\libnds9.a(interrupts.o)
                0x000000000200a7b0                irqSet
 .text.irqInit  0x000000000200a81c       0x50 D:/devkitPro/libnds/lib\libnds9.a(interrupts.o)
                0x000000000200a81c                irqInit
 .text.irqEnable
                0x000000000200a86c       0x64 D:/devkitPro/libnds/lib\libnds9.a(interrupts.o)
                0x000000000200a86c                irqEnable
 .text.systemErrorExit
                0x000000000200a8d0        0x4 D:/devkitPro/libnds/lib\libnds9.a(libnds_exit.arm.o)
                0x000000000200a8d0                systemErrorExit
 .text.__libnds_exit
                0x000000000200a8d4       0x5c D:/devkitPro/libnds/lib\libnds9.a(libnds_exit.arm.o)
                0x000000000200a8d4                __libnds_exit
 .text.fifo_queueBlock
                0x000000000200a930       0x44 D:/devkitPro/libnds/lib\libnds9.a(fifosystem.o)
 .text.fifo_waitBlock
                0x000000000200a974       0x80 D:/devkitPro/libnds/lib\libnds9.a(fifosystem.o)
 .text.fifoInternalSend.part.0
                0x000000000200a9f4       0xd4 D:/devkitPro/libnds/lib\libnds9.a(fifosystem.o)
 .text.fifoInternalSendInterrupt
                0x000000000200aac8       0xb0 D:/devkitPro/libnds/lib\libnds9.a(fifosystem.o)
 .text.fifoSetValue32Handler
                0x000000000200ab78       0xd4 D:/devkitPro/libnds/lib\libnds9.a(fifosystem.o)
                0x000000000200ab78                fifoSetValue32Handler
 .text.fifoSendValue32
                0x000000000200ac4c       0x4c D:/devkitPro/libnds/lib\libnds9.a(fifosystem.o)
                0x000000000200ac4c                fifoSendValue32
 .text.fifoGetDatamsg
                0x000000000200ac98       0xf4 D:/devkitPro/libnds/lib\libnds9.a(fifosystem.o)
                0x000000000200ac98                fifoGetDatamsg
 .text.fifoInternalRecvInterrupt
                0x000000000200ad8c      0x37c D:/devkitPro/libnds/lib\libnds9.a(fifosystem.o)
 .text.fifoSetDatamsgHandler
                0x000000000200b108       0x9c D:/devkitPro/libnds/lib\libnds9.a(fifosystem.o)
                0x000000000200b108                fifoSetDatamsgHandler
 .text.fifoInit
                0x000000000200b1a4      0x108 D:/devkitPro/libnds/lib\libnds9.a(fifosystem.o)
                0x000000000200b1a4                fifoInit
 .text.DC_FlushAll
                0x000000000200b2ac       0x2c D:/devkitPro/libnds/lib\libnds9.a(dcache.o)
                0x000000000200b2ac                DC_FlushAll
 .text.DC_FlushRange
                0x000000000200b2d8       0x24 D:/devkitPro/libnds/lib\libnds9.a(dcache.o)
                0x000000000200b2d8                DC_FlushRange
 .text.__libnds_mpu_setup
                0x000000000200b2fc      0x174 D:/devkitPro/libnds/lib\libnds9.a(mpu_setup.o)
                0x000000000200b2fc                __libnds_mpu_setup
 .text.memUncached
                0x000000000200b470       0x20 D:/devkitPro/libnds/lib\libnds9.a(mpu_setup.o)
                0x000000000200b470                memUncached
 .text.swiWaitForVBlank
                0x000000000200b490        0x8 D:/devkitPro/libnds/lib\libnds9.a(IntrWait.o)
                0x000000000200b490                swiWaitForVBlank
 .text.swiIntrWait
                0x000000000200b498       0x70 D:/devkitPro/libnds/lib\libnds9.a(IntrWait.o)
                0x000000000200b498                swiIntrWait
 .text.setCpuClock
                0x000000000200b508       0x50 D:/devkitPro/libnds/lib\libnds9.a(cpu_clock.o)
                0x000000000200b508                setCpuClock
 .text.swiDelay
                0x000000000200b558        0x4 D:/devkitPro/libnds/lib\libnds9.a(biosCalls.o)
                0x000000000200b558                swiDelay
 .text.swiCopy  0x000000000200b55c        0x4 D:/devkitPro/libnds/lib\libnds9.a(biosCalls.o)
                0x000000000200b55c                swiCopy
 .text.swiSoftReset
                0x000000000200b560       0x2c D:/devkitPro/libnds/lib\libnds9.a(swiSoftReset.o)
                0x000000000200b560                swiSoftReset
 .text.checkIfText
                0x000000000200b58c       0x5c D:/devkitPro/libnds/lib\libnds9.a(background.o)
                0x000000000200b58c                checkIfText
 .text.bgUpdate
                0x000000000200b5e8       0xf4 D:/devkitPro/libnds/lib\libnds9.a(background.o)
                0x000000000200b5e8                bgUpdate
 .text.bgInit_call
                0x000000000200b6dc       0xc4 D:/devkitPro/libnds/lib\libnds9.a(background.o)
                0x000000000200b6dc                bgInit_call
 .text.bgInitSub_call
                0x000000000200b7a0       0xcc D:/devkitPro/libnds/lib\libnds9.a(background.o)
                0x000000000200b7a0                bgInitSub_call
 .text.__muldi3
                0x000000000200b86c       0x18 d:/devkitpro/devkitarm/bin/../lib/gcc/arm-none-eabi/12.2.0\libgcc.a(_muldi3.o)
                0x000000000200b86c                __muldi3
                0x000000000200b86c                __aeabi_lmul
 .text.calloc   0x000000000200b884       0x24 d:/devkitpro/devkitarm/bin/../lib/gcc/arm-none-eabi/12.2.0/../../../../arm-none-eabi/lib\libg.a(lib_a-calloc.o)
                0x000000000200b884                calloc
 .text._calloc_r
                0x000000000200b8a8       0xd0 d:/devkitpro/devkitarm/bin/../lib/gcc/arm-none-eabi/12.2.0/../../../../arm-none-eabi/lib\libg.a(lib_a-callocr.o)
                0x000000000200b8a8                _calloc_r
 .text.__errno  0x000000000200b978       0x10 d:/devkitpro/devkitarm/bin/../lib/gcc/arm-none-eabi/12.2.0/../../../../arm-none-eabi/lib\libg.a(lib_a-errno.o)
                0x000000000200b978                __errno
 .text._fclose_r
                0x000000000200b988      0x164 d:/devkitpro/devkitarm/bin/../lib/gcc/arm-none-eabi/12.2.0/../../../../arm-none-eabi/lib\libg.a(lib_a-fclose.o)
                0x000000000200b988                _fclose_r
 .text.fclose   0x000000000200baec       0x18 d:/devkitpro/devkitarm/bin/../lib/gcc/arm-none-eabi/12.2.0/../../../../arm-none-eabi/lib\libg.a(lib_a-fclose.o)
                0x000000000200baec                fclose
 .text.__sflush_r
                0x000000000200bb04      0x250 d:/devkitpro/devkitarm/bin/../lib/gcc/arm-none-eabi/12.2.0/../../../../arm-none-eabi/lib\libg.a(lib_a-fflush.o)
                0x000000000200bb04                __sflush_r
 .text._fflush_r
                0x000000000200bd54       0x9c d:/devkitpro/devkitarm/bin/../lib/gcc/arm-none-eabi/12.2.0/../../../../arm-none-eabi/lib\libg.a(lib_a-fflush.o)
                0x000000000200bd54                _fflush_r
 .text.fflush   0x000000000200bdf0       0x3c d:/devkitpro/devkitarm/bin/../lib/gcc/arm-none-eabi/12.2.0/../../../../arm-none-eabi/lib\libg.a(lib_a-fflush.o)
                0x000000000200bdf0                fflush
 .text._cleanup_r
                0x000000000200be2c       0x18 d:/devkitpro/devkitarm/bin/../lib/gcc/arm-none-eabi/12.2.0/../../../../arm-none-eabi/lib\libg.a(lib_a-findfp.o)
                0x000000000200be2c                _cleanup_r
 .text.__sinit  0x000000000200be44      0x18c d:/devkitpro/devkitarm/bin/../lib/gcc/arm-none-eabi/12.2.0/../../../../arm-none-eabi/lib\libg.a(lib_a-findfp.o)
                0x000000000200be44                __sinit
 .text.__sfp    0x000000000200bfd0      0x138 d:/devkitpro/devkitarm/bin/../lib/gcc/arm-none-eabi/12.2.0/../../../../arm-none-eabi/lib\libg.a(lib_a-findfp.o)
                0x000000000200bfd0                __sfp
 .text.__sfp_lock_acquire
                0x000000000200c108       0x18 d:/devkitpro/devkitarm/bin/../lib/gcc/arm-none-eabi/12.2.0/../../../../arm-none-eabi/lib\libg.a(lib_a-findfp.o)
                0x000000000200c108                __sfp_lock_acquire
 .text.__sfp_lock_release
                0x000000000200c120       0x18 d:/devkitpro/devkitarm/bin/../lib/gcc/arm-none-eabi/12.2.0/../../../../arm-none-eabi/lib\libg.a(lib_a-findfp.o)
                0x000000000200c120                __sfp_lock_release
 .text._fopen_r
                0x000000000200c138      0x140 d:/devkitpro/devkitarm/bin/../lib/gcc/arm-none-eabi/12.2.0/../../../../arm-none-eabi/lib\libg.a(lib_a-fopen.o)
                0x000000000200c138                _fopen_r
 .text.fopen    0x000000000200c278       0x20 d:/devkitpro/devkitarm/bin/../lib/gcc/arm-none-eabi/12.2.0/../../../../arm-none-eabi/lib\libg.a(lib_a-fopen.o)
                0x000000000200c278                fopen
 .text._fread_r
                0x000000000200c298      0x2d8 d:/devkitpro/devkitarm/bin/../lib/gcc/arm-none-eabi/12.2.0/../../../../arm-none-eabi/lib\libg.a(lib_a-fread.o)
                0x000000000200c298                _fread_r
 .text.fread    0x000000000200c570       0x3c d:/devkitpro/devkitarm/bin/../lib/gcc/arm-none-eabi/12.2.0/../../../../arm-none-eabi/lib\libg.a(lib_a-fread.o)
                0x000000000200c570                fread
 .text._malloc_trim_r
                0x000000000200c5ac      0x100 d:/devkitpro/devkitarm/bin/../lib/gcc/arm-none-eabi/12.2.0/../../../../arm-none-eabi/lib\libg.a(lib_a-freer.o)
                0x000000000200c5ac                _malloc_trim_r
 .text._free_r  0x000000000200c6ac      0x2e8 d:/devkitpro/devkitarm/bin/../lib/gcc/arm-none-eabi/12.2.0/../../../../arm-none-eabi/lib\libg.a(lib_a-freer.o)
                0x000000000200c6ac                _free_r
 .text._fseek_r
                0x000000000200c994       0x20 d:/devkitpro/devkitarm/bin/../lib/gcc/arm-none-eabi/12.2.0/../../../../arm-none-eabi/lib\libg.a(lib_a-fseek.o)
                0x000000000200c994                _fseek_r
 .text.fseek    0x000000000200c9b4       0x38 d:/devkitpro/devkitarm/bin/../lib/gcc/arm-none-eabi/12.2.0/../../../../arm-none-eabi/lib\libg.a(lib_a-fseek.o)
                0x000000000200c9b4                fseek
 .text._fseeko_r
                0x000000000200c9ec      0x5a0 d:/devkitpro/devkitarm/bin/../lib/gcc/arm-none-eabi/12.2.0/../../../../arm-none-eabi/lib\libg.a(lib_a-fseeko.o)
                0x000000000200c9ec                _fseeko_r
 .text.ftell    0x000000000200cf8c       0x30 d:/devkitpro/devkitarm/bin/../lib/gcc/arm-none-eabi/12.2.0/../../../../arm-none-eabi/lib\libg.a(lib_a-ftell.o)
                0x000000000200cf8c                ftell
 .text._ftello_r
                0x000000000200cfbc      0x1c0 d:/devkitpro/devkitarm/bin/../lib/gcc/arm-none-eabi/12.2.0/../../../../arm-none-eabi/lib\libg.a(lib_a-ftello.o)
                0x000000000200cfbc                _ftello_r
 .text._fwalk   0x000000000200d17c       0x70 d:/devkitpro/devkitarm/bin/../lib/gcc/arm-none-eabi/12.2.0/../../../../arm-none-eabi/lib\libg.a(lib_a-fwalk.o)
                0x000000000200d17c                _fwalk
 .text._fwalk_reent
                0x000000000200d1ec       0x78 d:/devkitpro/devkitarm/bin/../lib/gcc/arm-none-eabi/12.2.0/../../../../arm-none-eabi/lib\libg.a(lib_a-fwalk.o)
                0x000000000200d1ec                _fwalk_reent
 .text._fwrite_r
                0x000000000200d264       0xf4 d:/devkitpro/devkitarm/bin/../lib/gcc/arm-none-eabi/12.2.0/../../../../arm-none-eabi/lib\libg.a(lib_a-fwrite.o)
                0x000000000200d264                _fwrite_r
 .text.fwrite   0x000000000200d358       0x3c d:/devkitpro/devkitarm/bin/../lib/gcc/arm-none-eabi/12.2.0/../../../../arm-none-eabi/lib\libg.a(lib_a-fwrite.o)
                0x000000000200d358                fwrite
 .text.gmtime   0x000000000200d394       0x24 d:/devkitpro/devkitarm/bin/../lib/gcc/arm-none-eabi/12.2.0/../../../../arm-none-eabi/lib\libg.a(lib_a-gmtime.o)
                0x000000000200d394                gmtime
 .text.gmtime_r
                0x000000000200d3b8      0x26c d:/devkitpro/devkitarm/bin/../lib/gcc/arm-none-eabi/12.2.0/../../../../arm-none-eabi/lib\libg.a(lib_a-gmtime_r.o)
                0x000000000200d3b8                gmtime_r
 .text.__libc_init_array
                0x000000000200d624       0x90 d:/devkitpro/devkitarm/bin/../lib/gcc/arm-none-eabi/12.2.0/../../../../arm-none-eabi/lib\libg.a(lib_a-init.o)
                0x000000000200d624                __libc_init_array
 .text.iprintf  0x000000000200d6b4       0x34 d:/devkitpro/devkitarm/bin/../lib/gcc/arm-none-eabi/12.2.0/../../../../arm-none-eabi/lib\libg.a(lib_a-iprintf.o)
                0x000000000200d6b4                iprintf
 .text.__smakebuf_r
                0x000000000200d6e8      0x144 d:/devkitpro/devkitarm/bin/../lib/gcc/arm-none-eabi/12.2.0/../../../../arm-none-eabi/lib\libg.a(lib_a-makebuf.o)
                0x000000000200d6e8                __smakebuf_r
 .text.__swhatbuf_r
                0x000000000200d82c       0x80 d:/devkitpro/devkitarm/bin/../lib/gcc/arm-none-eabi/12.2.0/../../../../arm-none-eabi/lib\libg.a(lib_a-makebuf.o)
                0x000000000200d82c                __swhatbuf_r
 .text.malloc   0x000000000200d8ac       0x1c d:/devkitpro/devkitarm/bin/../lib/gcc/arm-none-eabi/12.2.0/../../../../arm-none-eabi/lib\libg.a(lib_a-malloc.o)
                0x000000000200d8ac                malloc
 .text.free     0x000000000200d8c8       0x1c d:/devkitpro/devkitarm/bin/../lib/gcc/arm-none-eabi/12.2.0/../../../../arm-none-eabi/lib\libg.a(lib_a-malloc.o)
                0x000000000200d8c8                free
 .text._malloc_r
                0x000000000200d8e4      0x7f0 d:/devkitpro/devkitarm/bin/../lib/gcc/arm-none-eabi/12.2.0/../../../../arm-none-eabi/lib\libg.a(lib_a-mallocr.o)
                0x000000000200d8e4                _malloc_r
 .text.memcpy   0x000000000200e0d4      0x114 d:/devkitpro/devkitarm/bin/../lib/gcc/arm-none-eabi/12.2.0/../../../../arm-none-eabi/lib\libg.a(lib_a-memcpy-stub.o)
                0x000000000200e0d4                memcpy
 .text.memset   0x000000000200e1e8       0xfc d:/devkitpro/devkitarm/bin/../lib/gcc/arm-none-eabi/12.2.0/../../../../arm-none-eabi/lib\libg.a(lib_a-memset.o)
                0x000000000200e1e8                memset
 .text.__malloc_lock
                0x000000000200e2e4       0x18 d:/devkitpro/devkitarm/bin/../lib/gcc/arm-none-eabi/12.2.0/../../../../arm-none-eabi/lib\libg.a(lib_a-mlock.o)
                0x000000000200e2e4                __malloc_lock
 .text.__malloc_unlock
                0x000000000200e2fc       0x18 d:/devkitpro/devkitarm/bin/../lib/gcc/arm-none-eabi/12.2.0/../../../../arm-none-eabi/lib\libg.a(lib_a-mlock.o)
                0x000000000200e2fc                __malloc_unlock
 .text.printf   0x000000000200e314       0x34 d:/devkitpro/devkitarm/bin/../lib/gcc/arm-none-eabi/12.2.0/../../../../arm-none-eabi/lib\libg.a(lib_a-printf.o)
                0x000000000200e314                printf
 .text.rand     0x000000000200e348       0x48 d:/devkitpro/devkitarm/bin/../lib/gcc/arm-none-eabi/12.2.0/../../../../arm-none-eabi/lib\libg.a(lib_a-rand.o)
                0x000000000200e348                rand
 .text.lflush   0x000000000200e390       0x28 d:/devkitpro/devkitarm/bin/../lib/gcc/arm-none-eabi/12.2.0/../../../../arm-none-eabi/lib\libg.a(lib_a-refill.o)
 .text.__srefill_r
                0x000000000200e3b8      0x198 d:/devkitpro/devkitarm/bin/../lib/gcc/arm-none-eabi/12.2.0/../../../../arm-none-eabi/lib\libg.a(lib_a-refill.o)
                0x000000000200e3b8                __srefill_r
 .text.rewind   0x000000000200e550       0x30 d:/devkitpro/devkitarm/bin/../lib/gcc/arm-none-eabi/12.2.0/../../../../arm-none-eabi/lib\libg.a(lib_a-rewind.o)
                0x000000000200e550                rewind
 .text.setvbuf  0x000000000200e580      0x25c d:/devkitpro/devkitarm/bin/../lib/gcc/arm-none-eabi/12.2.0/../../../../arm-none-eabi/lib\libg.a(lib_a-setvbuf.o)
                0x000000000200e580                setvbuf
 .text.siscanf  0x000000000200e7dc       0x74 d:/devkitpro/devkitarm/bin/../lib/gcc/arm-none-eabi/12.2.0/../../../../arm-none-eabi/lib\libg.a(lib_a-siscanf.o)
                0x000000000200e7dc                siscanf
 .text.__sread  0x000000000200e850       0x4c d:/devkitpro/devkitarm/bin/../lib/gcc/arm-none-eabi/12.2.0/../../../../arm-none-eabi/lib\libg.a(lib_a-stdio.o)
                0x000000000200e850                __sread
 .text.__seofread
                0x000000000200e89c        0x8 d:/devkitpro/devkitarm/bin/../lib/gcc/arm-none-eabi/12.2.0/../../../../arm-none-eabi/lib\libg.a(lib_a-stdio.o)
                0x000000000200e89c                __seofread
 .text.__swrite
                0x000000000200e8a4       0x6c d:/devkitpro/devkitarm/bin/../lib/gcc/arm-none-eabi/12.2.0/../../../../arm-none-eabi/lib\libg.a(lib_a-stdio.o)
                0x000000000200e8a4                __swrite
 .text.__sseek  0x000000000200e910       0x48 d:/devkitpro/devkitarm/bin/../lib/gcc/arm-none-eabi/12.2.0/../../../../arm-none-eabi/lib\libg.a(lib_a-stdio.o)
                0x000000000200e910                __sseek
 .text.__sclose
                0x000000000200e958       0x14 d:/devkitpro/devkitarm/bin/../lib/gcc/arm-none-eabi/12.2.0/../../../../arm-none-eabi/lib\libg.a(lib_a-stdio.o)
                0x000000000200e958                __sclose
 .text.strlen   0x000000000200e96c       0x60 d:/devkitpro/devkitarm/bin/../lib/gcc/arm-none-eabi/12.2.0/../../../../arm-none-eabi/lib\libg.a(lib_a-strlen-stub.o)
                0x000000000200e96c                strlen
 .text.get_arg  0x000000000200e9cc       0x54 d:/devkitpro/devkitarm/bin/../lib/gcc/arm-none-eabi/12.2.0/../../../../arm-none-eabi/lib\libg.a(lib_a-svfiscanf.o)
 .text._sungetc_r
                0x000000000200ea20       0xdc d:/devkitpro/devkitarm/bin/../lib/gcc/arm-none-eabi/12.2.0/../../../../arm-none-eabi/lib\libg.a(lib_a-svfiscanf.o)
                0x000000000200ea20                _sungetc_r
 .text.__ssrefill_r
                0x000000000200eafc       0x68 d:/devkitpro/devkitarm/bin/../lib/gcc/arm-none-eabi/12.2.0/../../../../arm-none-eabi/lib\libg.a(lib_a-svfiscanf.o)
                0x000000000200eafc                __ssrefill_r
 .text._sfread_r
                0x000000000200eb64       0xc8 d:/devkitpro/devkitarm/bin/../lib/gcc/arm-none-eabi/12.2.0/../../../../arm-none-eabi/lib\libg.a(lib_a-svfiscanf.o)
                0x000000000200eb64                _sfread_r
 .text.__ssvfiscanf_r
                0x000000000200ec2c     0x2338 d:/devkitpro/devkitarm/bin/../lib/gcc/arm-none-eabi/12.2.0/../../../../arm-none-eabi/lib\libg.a(lib_a-svfiscanf.o)
                0x000000000200ec2c                __ssvfiscanf_r
 .text.time     0x0000000002010f64       0x40 d:/devkitpro/devkitarm/bin/../lib/gcc/arm-none-eabi/12.2.0/../../../../arm-none-eabi/lib\libg.a(lib_a-time.o)
                0x0000000002010f64                time
 .text.__submore
                0x0000000002010fa4       0xa8 d:/devkitpro/devkitarm/bin/../lib/gcc/arm-none-eabi/12.2.0/../../../../arm-none-eabi/lib\libg.a(lib_a-ungetc.o)
                0x0000000002010fa4                __submore
 .text.get_arg  0x000000000201104c      0x674 d:/devkitpro/devkitarm/bin/../lib/gcc/arm-none-eabi/12.2.0/../../../../arm-none-eabi/lib\libg.a(lib_a-vfiprintf.o)
 .text.__sprint_r
                0x00000000020116c0       0x34 d:/devkitpro/devkitarm/bin/../lib/gcc/arm-none-eabi/12.2.0/../../../../arm-none-eabi/lib\libg.a(lib_a-vfiprintf.o)
                0x00000000020116c0                __sprint_r
 .text._vfiprintf_r
                0x00000000020116f4     0x2320 d:/devkitpro/devkitarm/bin/../lib/gcc/arm-none-eabi/12.2.0/../../../../arm-none-eabi/lib\libg.a(lib_a-vfiprintf.o)
                0x00000000020116f4                _vfiprintf_r
 .text.__sbprintf
                0x0000000002013a14       0xd4 d:/devkitpro/devkitarm/bin/../lib/gcc/arm-none-eabi/12.2.0/../../../../arm-none-eabi/lib\libg.a(lib_a-vfiprintf.o)
 .text.get_arg  0x0000000002013ae8      0x674 d:/devkitpro/devkitarm/bin/../lib/gcc/arm-none-eabi/12.2.0/../../../../arm-none-eabi/lib\libg.a(lib_a-vfprintf.o)
 .text._vfprintf_r
                0x000000000201415c     0x370c d:/devkitpro/devkitarm/bin/../lib/gcc/arm-none-eabi/12.2.0/../../../../arm-none-eabi/lib\libg.a(lib_a-vfprintf.o)
                0x000000000201415c                _vfprintf_r
 .text.__sbprintf
                0x0000000002017868       0xd4 d:/devkitpro/devkitarm/bin/../lib/gcc/arm-none-eabi/12.2.0/../../../../arm-none-eabi/lib\libg.a(lib_a-vfprintf.o)
 .text.viprintf
                0x000000000201793c       0x28 d:/devkitpro/devkitarm/bin/../lib/gcc/arm-none-eabi/12.2.0/../../../../arm-none-eabi/lib\libg.a(lib_a-viprintf.o)
                0x000000000201793c                viprintf
 .text._wcrtomb_r
                0x0000000002017964       0x5c d:/devkitpro/devkitarm/bin/../lib/gcc/arm-none-eabi/12.2.0/../../../../arm-none-eabi/lib\libg.a(lib_a-wcrtomb.o)
                0x0000000002017964                _wcrtomb_r
 .text._wcsrtombs_r
                0x00000000020179c0       0x2c d:/devkitpro/devkitarm/bin/../lib/gcc/arm-none-eabi/12.2.0/../../../../arm-none-eabi/lib\libg.a(lib_a-wcsrtombs.o)
                0x00000000020179c0                _wcsrtombs_r
 .text.__swsetup_r
                0x00000000020179ec      0x148 d:/devkitpro/devkitarm/bin/../lib/gcc/arm-none-eabi/12.2.0/../../../../arm-none-eabi/lib\libg.a(lib_a-wsetup.o)
                0x00000000020179ec                __swsetup_r
 .text.quorem   0x0000000002017b34      0x1d0 d:/devkitpro/devkitarm/bin/../lib/gcc/arm-none-eabi/12.2.0/../../../../arm-none-eabi/lib\libg.a(lib_a-dtoa.o)
 *fill*         0x0000000002017d04        0x4 ff
 .text._dtoa_r  0x0000000002017d08     0x1658 d:/devkitpro/devkitarm/bin/../lib/gcc/arm-none-eabi/12.2.0/../../../../arm-none-eabi/lib\libg.a(lib_a-dtoa.o)
                0x0000000002017d08                _dtoa_r
 .text.__sflags
                0x0000000002019360       0xd0 d:/devkitpro/devkitarm/bin/../lib/gcc/arm-none-eabi/12.2.0/../../../../arm-none-eabi/lib\libg.a(lib_a-flags.o)
                0x0000000002019360                __sflags
 .text.__sfvwrite_r
                0x0000000002019430      0x4c8 d:/devkitpro/devkitarm/bin/../lib/gcc/arm-none-eabi/12.2.0/../../../../arm-none-eabi/lib\libg.a(lib_a-fvwrite.o)
                0x0000000002019430                __sfvwrite_r
 .text.iswspace
                0x00000000020198f8       0x14 d:/devkitpro/devkitarm/bin/../lib/gcc/arm-none-eabi/12.2.0/../../../../arm-none-eabi/lib\libg.a(lib_a-iswspace.o)
                0x00000000020198f8                iswspace
 .text._localeconv_r
                0x000000000201990c        0xc d:/devkitpro/devkitarm/bin/../lib/gcc/arm-none-eabi/12.2.0/../../../../arm-none-eabi/lib\libg.a(lib_a-localeconv.o)
                0x000000000201990c                _localeconv_r
 .text.__locale_mb_cur_max
                0x0000000002019918       0x10 d:/devkitpro/devkitarm/bin/../lib/gcc/arm-none-eabi/12.2.0/../../../../arm-none-eabi/lib\libg.a(lib_a-locale.o)
                0x0000000002019918                __locale_mb_cur_max
 .text._mbrtowc_r
                0x0000000002019928       0x70 d:/devkitpro/devkitarm/bin/../lib/gcc/arm-none-eabi/12.2.0/../../../../arm-none-eabi/lib\libg.a(lib_a-mbrtowc.o)
                0x0000000002019928                _mbrtowc_r
 .text.__utf8_mbtowc
                0x0000000002019998      0x308 d:/devkitpro/devkitarm/bin/../lib/gcc/arm-none-eabi/12.2.0/../../../../arm-none-eabi/lib\libg.a(lib_a-mbtowc_r.o)
                0x0000000002019998                __utf8_mbtowc
 .text.memchr   0x0000000002019ca0       0xf4 d:/devkitpro/devkitarm/bin/../lib/gcc/arm-none-eabi/12.2.0/../../../../arm-none-eabi/lib\libg.a(lib_a-memchr-stub.o)
                0x0000000002019ca0                memchr
 .text.memmove  0x0000000002019d94      0x154 d:/devkitpro/devkitarm/bin/../lib/gcc/arm-none-eabi/12.2.0/../../../../arm-none-eabi/lib\libg.a(lib_a-memmove.o)
                0x0000000002019d94                memmove
 .text._Balloc  0x0000000002019ee8       0x8c d:/devkitpro/devkitarm/bin/../lib/gcc/arm-none-eabi/12.2.0/../../../../arm-none-eabi/lib\libg.a(lib_a-mprec.o)
                0x0000000002019ee8                _Balloc
 .text._Bfree   0x0000000002019f74       0x1c d:/devkitpro/devkitarm/bin/../lib/gcc/arm-none-eabi/12.2.0/../../../../arm-none-eabi/lib\libg.a(lib_a-mprec.o)
                0x0000000002019f74                _Bfree
 .text.__multadd
                0x0000000002019f90      0x100 d:/devkitpro/devkitarm/bin/../lib/gcc/arm-none-eabi/12.2.0/../../../../arm-none-eabi/lib\libg.a(lib_a-mprec.o)
                0x0000000002019f90                __multadd
 .text.__hi0bits
                0x000000000201a090       0x60 d:/devkitpro/devkitarm/bin/../lib/gcc/arm-none-eabi/12.2.0/../../../../arm-none-eabi/lib\libg.a(lib_a-mprec.o)
                0x000000000201a090                __hi0bits
 .text.__lo0bits
                0x000000000201a0f0       0xa0 d:/devkitpro/devkitarm/bin/../lib/gcc/arm-none-eabi/12.2.0/../../../../arm-none-eabi/lib\libg.a(lib_a-mprec.o)
                0x000000000201a0f0                __lo0bits
 .text.__i2b    0x000000000201a190       0xa8 d:/devkitpro/devkitarm/bin/../lib/gcc/arm-none-eabi/12.2.0/../../../../arm-none-eabi/lib\libg.a(lib_a-mprec.o)
                0x000000000201a190                __i2b
 .text.__multiply
                0x000000000201a238      0x218 d:/devkitpro/devkitarm/bin/../lib/gcc/arm-none-eabi/12.2.0/../../../../arm-none-eabi/lib\libg.a(lib_a-mprec.o)
                0x000000000201a238                __multiply
 .text.__pow5mult
                0x000000000201a450      0x128 d:/devkitpro/devkitarm/bin/../lib/gcc/arm-none-eabi/12.2.0/../../../../arm-none-eabi/lib\libg.a(lib_a-mprec.o)
                0x000000000201a450                __pow5mult
 .text.__lshift
                0x000000000201a578      0x144 d:/devkitpro/devkitarm/bin/../lib/gcc/arm-none-eabi/12.2.0/../../../../arm-none-eabi/lib\libg.a(lib_a-mprec.o)
                0x000000000201a578                __lshift
 .text.__mcmp   0x000000000201a6bc       0x54 d:/devkitpro/devkitarm/bin/../lib/gcc/arm-none-eabi/12.2.0/../../../../arm-none-eabi/lib\libg.a(lib_a-mprec.o)
                0x000000000201a6bc                __mcmp
 .text.__mdiff  0x000000000201a710      0x204 d:/devkitpro/devkitarm/bin/../lib/gcc/arm-none-eabi/12.2.0/../../../../arm-none-eabi/lib\libg.a(lib_a-mprec.o)
                0x000000000201a710                __mdiff
 .text.__d2b    0x000000000201a914      0x128 d:/devkitpro/devkitarm/bin/../lib/gcc/arm-none-eabi/12.2.0/../../../../arm-none-eabi/lib\libg.a(lib_a-mprec.o)
                0x000000000201a914                __d2b
 .text.realloc  0x000000000201aa3c       0x24 d:/devkitpro/devkitarm/bin/../lib/gcc/arm-none-eabi/12.2.0/../../../../arm-none-eabi/lib\libg.a(lib_a-realloc.o)
                0x000000000201aa3c                realloc
 .text._realloc_r
                0x000000000201aa60      0x4b8 d:/devkitpro/devkitarm/bin/../lib/gcc/arm-none-eabi/12.2.0/../../../../arm-none-eabi/lib\libg.a(lib_a-reallocr.o)
                0x000000000201aa60                _realloc_r
 .text.__sccl   0x000000000201af18       0xe4 d:/devkitpro/devkitarm/bin/../lib/gcc/arm-none-eabi/12.2.0/../../../../arm-none-eabi/lib\libg.a(lib_a-sccl.o)
                0x000000000201af18                __sccl
 .text.frexp    0x000000000201affc       0xa4 d:/devkitpro/devkitarm/bin/../lib/gcc/arm-none-eabi/12.2.0/../../../../arm-none-eabi/lib\libg.a(lib_a-s_frexp.o)
                0x000000000201affc                frexp
 .text.strchr   0x000000000201b0a0      0x13c d:/devkitpro/devkitarm/bin/../lib/gcc/arm-none-eabi/12.2.0/../../../../arm-none-eabi/lib\libg.a(lib_a-strchr.o)
                0x000000000201b0a0                strchr
 .text.strncpy  0x000000000201b1dc       0xd0 d:/devkitpro/devkitarm/bin/../lib/gcc/arm-none-eabi/12.2.0/../../../../arm-none-eabi/lib\libg.a(lib_a-strncpy.o)
                0x000000000201b1dc                strncpy
 .text._strtoll_l.constprop.0
                0x000000000201b2ac      0x234 d:/devkitpro/devkitarm/bin/../lib/gcc/arm-none-eabi/12.2.0/../../../../arm-none-eabi/lib\libg.a(lib_a-strtoll.o)
 .text._strtoll_r
                0x000000000201b4e0        0x4 d:/devkitpro/devkitarm/bin/../lib/gcc/arm-none-eabi/12.2.0/../../../../arm-none-eabi/lib\libg.a(lib_a-strtoll.o)
                0x000000000201b4e0                _strtoll_r
 .text._strtol_l.part.0
                0x000000000201b4e4      0x1a8 d:/devkitpro/devkitarm/bin/../lib/gcc/arm-none-eabi/12.2.0/../../../../arm-none-eabi/lib\libg.a(lib_a-strtol.o)
 .text._strtol_r
                0x000000000201b68c       0x3c d:/devkitpro/devkitarm/bin/../lib/gcc/arm-none-eabi/12.2.0/../../../../arm-none-eabi/lib\libg.a(lib_a-strtol.o)
                0x000000000201b68c                _strtol_r
 .text._strtoull_l.constprop.0
                0x000000000201b6c8      0x248 d:/devkitpro/devkitarm/bin/../lib/gcc/arm-none-eabi/12.2.0/../../../../arm-none-eabi/lib\libg.a(lib_a-strtoull.o)
 .text._strtoull_r
                0x000000000201b910        0x4 d:/devkitpro/devkitarm/bin/../lib/gcc/arm-none-eabi/12.2.0/../../../../arm-none-eabi/lib\libg.a(lib_a-strtoull.o)
                0x000000000201b910                _strtoull_r
 .text._strtoul_l.constprop.0
                0x000000000201b914      0x1c8 d:/devkitpro/devkitarm/bin/../lib/gcc/arm-none-eabi/12.2.0/../../../../arm-none-eabi/lib\libg.a(lib_a-strtoul.o)
 .text._strtoul_r
                0x000000000201badc        0x4 d:/devkitpro/devkitarm/bin/../lib/gcc/arm-none-eabi/12.2.0/../../../../arm-none-eabi/lib\libg.a(lib_a-strtoul.o)
                0x000000000201badc                _strtoul_r
 .text._wcsnrtombs_l
                0x000000000201bae0      0x198 d:/devkitpro/devkitarm/bin/../lib/gcc/arm-none-eabi/12.2.0/../../../../arm-none-eabi/lib\libg.a(lib_a-wcsnrtombs.o)
                0x000000000201bae0                _wcsnrtombs_l
 .text._wcsnrtombs_r
                0x000000000201bc78       0x50 d:/devkitpro/devkitarm/bin/../lib/gcc/arm-none-eabi/12.2.0/../../../../arm-none-eabi/lib\libg.a(lib_a-wcsnrtombs.o)
                0x000000000201bc78                _wcsnrtombs_r
 .text.__utf8_wctomb
                0x000000000201bcc8       0xf4 d:/devkitpro/devkitarm/bin/../lib/gcc/arm-none-eabi/12.2.0/../../../../arm-none-eabi/lib\libg.a(lib_a-wctomb_r.o)
                0x000000000201bcc8                __utf8_wctomb
 .text.__assert_func
                0x000000000201bdbc       0x5c d:/devkitpro/devkitarm/bin/../lib/gcc/arm-none-eabi/12.2.0/../../../../arm-none-eabi/lib\libg.a(lib_a-assert.o)
                0x000000000201bdbc                __assert_func
 .text.fiprintf
                0x000000000201be18       0x3c d:/devkitpro/devkitarm/bin/../lib/gcc/arm-none-eabi/12.2.0/../../../../arm-none-eabi/lib\libg.a(lib_a-fiprintf.o)
                0x000000000201be18                fiprintf
 .text.iswspace_l
                0x000000000201be54       0x44 d:/devkitpro/devkitarm/bin/../lib/gcc/arm-none-eabi/12.2.0/../../../../arm-none-eabi/lib\libg.a(lib_a-iswspace_l.o)
                0x000000000201be54                iswspace_l
 .text.__jp2uc  0x000000000201be98      0x1e8 d:/devkitpro/devkitarm/bin/../lib/gcc/arm-none-eabi/12.2.0/../../../../arm-none-eabi/lib\libg.a(lib_a-jp2uc.o)
 .text._jp2uc_l
                0x000000000201c080       0x94 d:/devkitpro/devkitarm/bin/../lib/gcc/arm-none-eabi/12.2.0/../../../../arm-none-eabi/lib\libg.a(lib_a-jp2uc.o)
                0x000000000201c080                _jp2uc_l
 .text.strncmp  0x000000000201c114       0xec d:/devkitpro/devkitarm/bin/../lib/gcc/arm-none-eabi/12.2.0/../../../../arm-none-eabi/lib\libg.a(lib_a-strncmp.o)
                0x000000000201c114                strncmp
 .text.abort    0x000000000201c200       0x14 d:/devkitpro/devkitarm/bin/../lib/gcc/arm-none-eabi/12.2.0/../../../../arm-none-eabi/lib\libg.a(lib_a-abort.o)
                0x000000000201c200                abort
 .text.category
                0x000000000201c214       0x94 d:/devkitpro/devkitarm/bin/../lib/gcc/arm-none-eabi/12.2.0/../../../../arm-none-eabi/lib\libg.a(lib_a-categories.o)
                0x000000000201c214                category
 .text._raise_r
                0x000000000201c2a8       0x94 d:/devkitpro/devkitarm/bin/../lib/gcc/arm-none-eabi/12.2.0/../../../../arm-none-eabi/lib\libg.a(lib_a-signal.o)
                0x000000000201c2a8                _raise_r
 .text.raise    0x000000000201c33c       0x18 d:/devkitpro/devkitarm/bin/../lib/gcc/arm-none-eabi/12.2.0/../../../../arm-none-eabi/lib\libg.a(lib_a-signal.o)
                0x000000000201c33c                raise
 .text.null_write
                0x000000000201c354        0x8 d:/devkitpro/devkitarm/bin/../lib/gcc/arm-none-eabi/12.2.0/../../../../arm-none-eabi/lib\libsysbase.a(iosupport.o)
 .text.FindDevice
                0x000000000201c35c       0xd4 d:/devkitpro/devkitarm/bin/../lib/gcc/arm-none-eabi/12.2.0/../../../../arm-none-eabi/lib\libsysbase.a(iosupport.o)
                0x000000000201c35c                FindDevice
 .text._fstat_r
                0x000000000201c430       0x7c d:/devkitpro/devkitarm/bin/../lib/gcc/arm-none-eabi/12.2.0/../../../../arm-none-eabi/lib\libsysbase.a(fstat.o)
                0x000000000201c430                _fstat_r
 .text._getpid_r
                0x000000000201c4ac       0x14 d:/devkitpro/devkitarm/bin/../lib/gcc/arm-none-eabi/12.2.0/../../../../arm-none-eabi/lib\libsysbase.a(getpid.o)
                0x000000000201c4ac                _getpid_r
 .text._gettimeofday_r
                0x000000000201c4c0       0x34 d:/devkitpro/devkitarm/bin/../lib/gcc/arm-none-eabi/12.2.0/../../../../arm-none-eabi/lib\libsysbase.a(gettod.o)
                0x000000000201c4c0                _gettimeofday_r
 .text._isatty_r
                0x000000000201c4f4        0x8 d:/devkitpro/devkitarm/bin/../lib/gcc/arm-none-eabi/12.2.0/../../../../arm-none-eabi/lib\libsysbase.a(isatty.o)
                0x000000000201c4f4                _isatty_r
 .text._kill_r  0x000000000201c4fc       0x14 d:/devkitpro/devkitarm/bin/../lib/gcc/arm-none-eabi/12.2.0/../../../../arm-none-eabi/lib\libsysbase.a(kill.o)
                0x000000000201c4fc                _kill_r
 .text._lseek_r
                0x000000000201c510       0x88 d:/devkitpro/devkitarm/bin/../lib/gcc/arm-none-eabi/12.2.0/../../../../arm-none-eabi/lib\libsysbase.a(lseek.o)
                0x000000000201c510                _lseek_r
 .text._open_r  0x000000000201c598       0xc8 d:/devkitpro/devkitarm/bin/../lib/gcc/arm-none-eabi/12.2.0/../../../../arm-none-eabi/lib\libsysbase.a(open.o)
                0x000000000201c598                _open_r
 .text._read_r  0x000000000201c660       0x84 d:/devkitpro/devkitarm/bin/../lib/gcc/arm-none-eabi/12.2.0/../../../../arm-none-eabi/lib\libsysbase.a(read.o)
                0x000000000201c660                _read_r
 .text._sbrk_r  0x000000000201c6e4       0x7c d:/devkitpro/devkitarm/bin/../lib/gcc/arm-none-eabi/12.2.0/../../../../arm-none-eabi/lib\libsysbase.a(sbrk.o)
                0x000000000201c6e4                _sbrk_r
 .text._write_r
                0x000000000201c760       0x84 d:/devkitpro/devkitarm/bin/../lib/gcc/arm-none-eabi/12.2.0/../../../../arm-none-eabi/lib\libsysbase.a(write.o)
                0x000000000201c760                _write_r
 .text._exit    0x000000000201c7e4       0x20 d:/devkitpro/devkitarm/bin/../lib/gcc/arm-none-eabi/12.2.0/../../../../arm-none-eabi/lib\libsysbase.a(_exit.o)
                0x000000000201c7e4                _exit
 .text.build_argv
                0x000000000201c804       0x80 d:/devkitpro/devkitarm/bin/../lib/gcc/arm-none-eabi/12.2.0/../../../../arm-none-eabi/lib\libsysbase.a(build_argv.o)
                0x000000000201c804                build_argv
 .text.__flockfile
                0x000000000201c884       0x14 d:/devkitpro/devkitarm/bin/../lib/gcc/arm-none-eabi/12.2.0/../../../../arm-none-eabi/lib\libsysbase.a(flock.o)
                0x000000000201c884                __flockfile
 .text.__funlockfile
                0x000000000201c898       0x14 d:/devkitpro/devkitarm/bin/../lib/gcc/arm-none-eabi/12.2.0/../../../../arm-none-eabi/lib\libsysbase.a(flock.o)
                0x000000000201c898                __funlockfile
 .text.__release_handle
                0x000000000201c8ac       0x90 d:/devkitpro/devkitarm/bin/../lib/gcc/arm-none-eabi/12.2.0/../../../../arm-none-eabi/lib\libsysbase.a(handle_manager.o)
                0x000000000201c8ac                __release_handle
 .text.__alloc_handle
                0x000000000201c93c       0xb4 d:/devkitpro/devkitarm/bin/../lib/gcc/arm-none-eabi/12.2.0/../../../../arm-none-eabi/lib\libsysbase.a(handle_manager.o)
                0x000000000201c93c                __alloc_handle
 .text.__get_handle
                0x000000000201c9f0       0x40 d:/devkitpro/devkitarm/bin/../lib/gcc/arm-none-eabi/12.2.0/../../../../arm-none-eabi/lib\libsysbase.a(handle_manager.o)
                0x000000000201c9f0                __get_handle
 .text._close_r
                0x000000000201ca30       0xfc d:/devkitpro/devkitarm/bin/../lib/gcc/arm-none-eabi/12.2.0/../../../../arm-none-eabi/lib\libsysbase.a(handle_manager.o)
                0x000000000201ca30                _close_r
 .text.__getreent
                0x000000000201cb2c       0x30 d:/devkitpro/devkitarm/bin/../lib/gcc/arm-none-eabi/12.2.0/../../../../arm-none-eabi/lib\libsysbase.a(getreent.o)
                0x000000000201cb2c                __getreent
 .text.__libc_lock_acquire
                0x000000000201cb5c       0x20 d:/devkitpro/devkitarm/bin/../lib/gcc/arm-none-eabi/12.2.0/../../../../arm-none-eabi/lib\libsysbase.a(syscall_support.o)
                0x000000000201cb5c                __libc_lock_acquire
 .text.__libc_lock_release
                0x000000000201cb7c       0x20 d:/devkitpro/devkitarm/bin/../lib/gcc/arm-none-eabi/12.2.0/../../../../arm-none-eabi/lib\libsysbase.a(syscall_support.o)
                0x000000000201cb7c                __libc_lock_release
 .text.__libc_lock_init_recursive
                0x000000000201cb9c       0x20 d:/devkitpro/devkitarm/bin/../lib/gcc/arm-none-eabi/12.2.0/../../../../arm-none-eabi/lib\libsysbase.a(syscall_support.o)
                0x000000000201cb9c                __libc_lock_init_recursive
 .text.__libc_lock_acquire_recursive
                0x000000000201cbbc       0x20 d:/devkitpro/devkitarm/bin/../lib/gcc/arm-none-eabi/12.2.0/../../../../arm-none-eabi/lib\libsysbase.a(syscall_support.o)
                0x000000000201cbbc                __libc_lock_acquire_recursive
 .text.__libc_lock_release_recursive
                0x000000000201cbdc       0x20 d:/devkitpro/devkitarm/bin/../lib/gcc/arm-none-eabi/12.2.0/../../../../arm-none-eabi/lib\libsysbase.a(syscall_support.o)
                0x000000000201cbdc                __libc_lock_release_recursive
 .text.__libc_lock_close_recursive
                0x000000000201cbfc       0x20 d:/devkitpro/devkitarm/bin/../lib/gcc/arm-none-eabi/12.2.0/../../../../arm-none-eabi/lib\libsysbase.a(syscall_support.o)
                0x000000000201cbfc                __libc_lock_close_recursive
 .text.__udivmoddi4
                0x000000000201cc1c      0x128 d:/devkitpro/devkitarm/bin/../lib/gcc/arm-none-eabi/12.2.0\libgcc.a(_udivmoddi4.o)
                0x000000000201cc1c                __udivmoddi4
 *fill*         0x000000000201cd44        0x4 ff
 .text.__udivmoddi4.__stub
                0x000000000201cd48      0x2d0 linker stubs
 *(EXCLUDE_FILE(*.twl*) .gnu.warning)
 *(EXCLUDE_FILE(*.twl*) .gnu.linkonce.t*)
 *(.glue_7)
 .glue_7        0x000000000201d0b8        0x0 linker stubs
 *(.glue_7t)
 .glue_7t       0x000000000201d0b8        0x0 linker stubs
                0x000000000201d0b8                . = ALIGN (0x4)

.vfp11_veneer   0x000000000201d0b8        0x0
 .vfp11_veneer  0x000000000201d0b8        0x0 linker stubs

.v4_bx          0x000000000201d0b8        0x0
 .v4_bx         0x000000000201d0b8        0x0 linker stubs

.iplt           0x000000000201d0b8        0x0
 .iplt          0x000000000201d0b8        0x0 d:/devkitpro/devkitarm/bin/../lib/gcc/arm-none-eabi/12.2.0/../../../../arm-none-eabi/lib/ds_arm9_crt0.o

.fini           0x000000000201d0b8       0x18
 *(.fini)
 .fini          0x000000000201d0b8        0xc d:/devkitpro/devkitarm/bin/../lib/gcc/arm-none-eabi/12.2.0/crti.o
                0x000000000201d0b8                _fini
 .fini          0x000000000201d0c4        0xc d:/devkitpro/devkitarm/bin/../lib/gcc/arm-none-eabi/12.2.0/crtn.o
                0x000000000201d0d0                __text_end = .

.rodata         0x000000000201d0d0    0x6386c
 *(EXCLUDE_FILE(*.twl*) .rodata)
 .rodata        0x000000000201d0d0       0x24 D:/devkitPro/nitro-engine/lib\libNE.a(NETexture.o)
 *all.rodata*(*)
 *(EXCLUDE_FILE(*.twl*) .roda)
 *(EXCLUDE_FILE(*.twl*) .rodata.*)
 .rodata.Debug_tex_bin
                0x000000000201d0f4     0x8000 Debug_tex.bin.o
                0x000000000201d0f4                Debug_tex_bin
                0x00000000020250f4                Debug_tex_bin_end
 .rodata.black_floor_metal_001c_pal_bin
                0x00000000020250f4       0x48 black_floor_metal_001c_pal.bin.o
                0x00000000020250f4                black_floor_metal_001c_pal_bin
                0x000000000202513c                black_floor_metal_001c_pal_bin_end
 .rodata.black_floor_metal_001c_tex_bin
                0x000000000202513c    0x10000 black_floor_metal_001c_tex.bin.o
                0x000000000202513c                black_floor_metal_001c_tex_bin
                0x000000000203513c                black_floor_metal_001c_tex_bin_end
 .rodata.black_wall_metal_002c_pal_bin
                0x000000000203513c       0x2c black_wall_metal_002c_pal.bin.o
                0x000000000203513c                black_wall_metal_002c_pal_bin
                0x0000000002035168                black_wall_metal_002c_pal_bin_end
 .rodata.black_wall_metal_002c_tex_bin
                0x0000000002035168    0x10000 black_wall_metal_002c_tex.bin.o
                0x0000000002035168                black_wall_metal_002c_tex_bin
                0x0000000002045168                black_wall_metal_002c_tex_bin_end
 .rodata.cube_bin
                0x0000000002045168      0x10c cube.bin.o
                0x0000000002045168                cube_bin
                0x0000000002045274                cube_bin_end
 .rodata.debugempty_tex_bin
                0x0000000002045274     0x2000 debugempty_tex.bin.o
                0x0000000002045274                debugempty_tex_bin
                0x0000000002047274                debugempty_tex_bin_end
 .rodata.white_ceiling_tile002a_pal_bin
                0x0000000002047274       0x34 white_ceiling_tile002a_pal.bin.o
                0x0000000002047274                white_ceiling_tile002a_pal_bin
                0x00000000020472a8                white_ceiling_tile002a_pal_bin_end
 .rodata.white_ceiling_tile002a_tex_bin
                0x00000000020472a8    0x10000 white_ceiling_tile002a_tex.bin.o
                0x00000000020472a8                white_ceiling_tile002a_tex_bin
                0x00000000020572a8                white_ceiling_tile002a_tex_bin_end
 .rodata.white_floor_tile002a_pal_bin
                0x00000000020572a8       0x34 white_floor_tile002a_pal.bin.o
                0x00000000020572a8                white_floor_tile002a_pal_bin
                0x00000000020572dc                white_floor_tile002a_pal_bin_end
 .rodata.white_floor_tile002a_tex_bin
                0x00000000020572dc    0x10000 white_floor_tile002a_tex.bin.o
                0x00000000020572dc                white_floor_tile002a_tex_bin
                0x00000000020672dc                white_floor_tile002a_tex_bin_end
 .rodata.white_wall_tile003a_pal_bin
                0x00000000020672dc       0x5c white_wall_tile003a_pal.bin.o
                0x00000000020672dc                white_wall_tile003a_pal_bin
                0x0000000002067338                white_wall_tile003a_pal_bin_end
 .rodata.white_wall_tile003a_tex_bin
                0x0000000002067338    0x10000 white_wall_tile003a_tex.bin.o
                0x0000000002067338                white_wall_tile003a_tex_bin
                0x0000000002077338                white_wall_tile003a_tex_bin_end
 .rodata.str1.4
                0x0000000002077338       0x41 main.o
 *fill*         0x0000000002077379        0x3 ff
 .rodata.str1.4
                0x000000000207737c       0xab D:/devkitPro/nitro-engine/lib\libNE.a(NEModel.o)
 .rodata.str1.4
                0x0000000002077427       0xab D:/devkitPro/nitro-engine/lib\libNE.a(dsma.o)
 *fill*         0x0000000002077427        0x1 ff
 .rodata.str1.4
                0x0000000002077428        0x7 D:/devkitPro/nitro-engine/lib\libNE.a(NEFAT.o)
 *fill*         0x000000000207742f        0x1 ff
 .rodata.SIN_LUT
                0x0000000002077430      0x102 D:/devkitPro/libnds/lib\libnds9.a(trig.o)
                0x0000000002077430                SIN_LUT
 *fill*         0x0000000002077532        0x2 ff
 .rodata.TAN_LUT
                0x0000000002077534      0x204 D:/devkitPro/libnds/lib\libnds9.a(trig.o)
                0x0000000002077534                TAN_LUT
 .rodata.__sassert.str1.4
                0x0000000002077738       0x42 D:/devkitPro/libnds/lib\libnds9.a(sassert.o)
 *fill*         0x000000000207777a        0x2 ff
 .rodata.con_write.str1.4
                0x000000000207777c       0x30 D:/devkitPro/libnds/lib\libnds9.a(console.o)
 .rodata.con_write
                0x00000000020777ac       0xd4 D:/devkitPro/libnds/lib\libnds9.a(console.o)
 .rodata.str1.4
                0x0000000002077880       0x14 D:/devkitPro/libnds/lib\libnds9.a(console.o)
 .rodata.dotab_stdout
                0x0000000002077894       0x70 D:/devkitPro/libnds/lib\libnds9.a(console.o)
 .rodata.default_font_bin
                0x0000000002077904     0x2000 D:/devkitPro/libnds/lib\libnds9.a(default_font.bin.o)
                0x0000000002077904                default_font_bin
                0x0000000002079904                default_font_bin_end
 .rodata._global_impure_ptr
                0x0000000002079904        0x4 d:/devkitpro/devkitarm/bin/../lib/gcc/arm-none-eabi/12.2.0/../../../../arm-none-eabi/lib\libg.a(lib_a-impure.o)
                0x0000000002079904                _global_impure_ptr
 .rodata.basefix.0
                0x0000000002079908       0x22 d:/devkitpro/devkitarm/bin/../lib/gcc/arm-none-eabi/12.2.0/../../../../arm-none-eabi/lib\libg.a(lib_a-svfiscanf.o)
 .rodata._vfiprintf_r.str1.1
                0x000000000207992a       0x29 d:/devkitpro/devkitarm/bin/../lib/gcc/arm-none-eabi/12.2.0/../../../../arm-none-eabi/lib\libg.a(lib_a-vfiprintf.o)
 *fill*         0x0000000002079953        0x1 ff
 .rodata.zeroes.0
                0x0000000002079954       0x10 d:/devkitpro/devkitarm/bin/../lib/gcc/arm-none-eabi/12.2.0/../../../../arm-none-eabi/lib\libg.a(lib_a-vfiprintf.o)
 .rodata.blanks.1
                0x0000000002079964       0x10 d:/devkitpro/devkitarm/bin/../lib/gcc/arm-none-eabi/12.2.0/../../../../arm-none-eabi/lib\libg.a(lib_a-vfiprintf.o)
 .rodata._vfprintf_r.str1.1
                0x0000000002079974       0x12 d:/devkitpro/devkitarm/bin/../lib/gcc/arm-none-eabi/12.2.0/../../../../arm-none-eabi/lib\libg.a(lib_a-vfprintf.o)
                                         0x3b (size before relaxing)
 *fill*         0x0000000002079986        0x2 ff
 .rodata.zeroes.0
                0x0000000002079988       0x10 d:/devkitpro/devkitarm/bin/../lib/gcc/arm-none-eabi/12.2.0/../../../../arm-none-eabi/lib\libg.a(lib_a-vfprintf.o)
 .rodata.blanks.1
                0x0000000002079998       0x10 d:/devkitpro/devkitarm/bin/../lib/gcc/arm-none-eabi/12.2.0/../../../../arm-none-eabi/lib\libg.a(lib_a-vfprintf.o)
 .rodata._ctype_
                0x00000000020799a8      0x101 d:/devkitpro/devkitarm/bin/../lib/gcc/arm-none-eabi/12.2.0/../../../../arm-none-eabi/lib\libg.a(lib_a-ctype_.o)
                0x00000000020799a8                _ctype_
 *fill*         0x0000000002079aa9        0x3 ff
 .rodata._dtoa_r.str1.4
                0x0000000002079aac       0x6a d:/devkitpro/devkitarm/bin/../lib/gcc/arm-none-eabi/12.2.0/../../../../arm-none-eabi/lib\libg.a(lib_a-dtoa.o)
 *fill*         0x0000000002079b16        0x2 ff
 .rodata.str1.4
                0x0000000002079b18       0x48 d:/devkitpro/devkitarm/bin/../lib/gcc/arm-none-eabi/12.2.0/../../../../arm-none-eabi/lib\libg.a(lib_a-locale.o)
                                         0x4c (size before relaxing)
 .rodata._mbrtowc_r.str1.4
                0x0000000002079b60        0x1 d:/devkitpro/devkitarm/bin/../lib/gcc/arm-none-eabi/12.2.0/../../../../arm-none-eabi/lib\libg.a(lib_a-mbrtowc.o)
 .rodata.__multadd.str1.4
                0x0000000002079b60       0x43 d:/devkitpro/devkitarm/bin/../lib/gcc/arm-none-eabi/12.2.0/../../../../arm-none-eabi/lib\libg.a(lib_a-mprec.o)
                                         0x57 (size before relaxing)
 *fill*         0x0000000002079ba3        0x1 ff
 .rodata.p05.0  0x0000000002079ba4        0xc d:/devkitpro/devkitarm/bin/../lib/gcc/arm-none-eabi/12.2.0/../../../../arm-none-eabi/lib\libg.a(lib_a-mprec.o)
 .rodata.__mprec_bigtens
                0x0000000002079bb0       0x28 d:/devkitpro/devkitarm/bin/../lib/gcc/arm-none-eabi/12.2.0/../../../../arm-none-eabi/lib\libg.a(lib_a-mprec.o)
                0x0000000002079bb0                __mprec_bigtens
 .rodata.__mprec_tens
                0x0000000002079bd8       0xc8 d:/devkitpro/devkitarm/bin/../lib/gcc/arm-none-eabi/12.2.0/../../../../arm-none-eabi/lib\libg.a(lib_a-mprec.o)
                0x0000000002079bd8                __mprec_tens
 .rodata.__action_table
                0x0000000002079ca0       0x6c d:/devkitpro/devkitarm/bin/../lib/gcc/arm-none-eabi/12.2.0/../../../../arm-none-eabi/lib\libg.a(lib_a-svfiprintf.o)
                0x0000000002079ca0                __action_table
 .rodata.__state_table
                0x0000000002079d0c       0x6c d:/devkitpro/devkitarm/bin/../lib/gcc/arm-none-eabi/12.2.0/../../../../arm-none-eabi/lib\libg.a(lib_a-svfiprintf.o)
                0x0000000002079d0c                __state_table
 .rodata.__chclass
                0x0000000002079d78      0x100 d:/devkitpro/devkitarm/bin/../lib/gcc/arm-none-eabi/12.2.0/../../../../arm-none-eabi/lib\libg.a(lib_a-svfiprintf.o)
                0x0000000002079d78                __chclass
 .rodata.__assert_func.str1.4
                0x0000000002079e78       0x3f d:/devkitpro/devkitarm/bin/../lib/gcc/arm-none-eabi/12.2.0/../../../../arm-none-eabi/lib\libg.a(lib_a-assert.o)
                                         0x43 (size before relaxing)
 *fill*         0x0000000002079eb7        0x1 ff
 .rodata._jp2uc_l.str1.4
                0x0000000002079eb8       0x12 d:/devkitpro/devkitarm/bin/../lib/gcc/arm-none-eabi/12.2.0/../../../../arm-none-eabi/lib\libg.a(lib_a-jp2uc.o)
 *fill*         0x0000000002079eca        0x2 ff
 .rodata.d02f4  0x0000000002079ecc     0x1a7c d:/devkitpro/devkitarm/bin/../lib/gcc/arm-none-eabi/12.2.0/../../../../arm-none-eabi/lib\libg.a(lib_a-jp2uc.o)
 .rodata.b02cf  0x000000000207b948     0x172a d:/devkitpro/devkitarm/bin/../lib/gcc/arm-none-eabi/12.2.0/../../../../arm-none-eabi/lib\libg.a(lib_a-jp2uc.o)
 *fill*         0x000000000207d072        0x2 ff
 .rodata.a8     0x000000000207d074       0x40 d:/devkitpro/devkitarm/bin/../lib/gcc/arm-none-eabi/12.2.0/../../../../arm-none-eabi/lib\libg.a(lib_a-jp2uc.o)
 .rodata.a7     0x000000000207d0b4       0xa2 d:/devkitpro/devkitarm/bin/../lib/gcc/arm-none-eabi/12.2.0/../../../../arm-none-eabi/lib\libg.a(lib_a-jp2uc.o)
 *fill*         0x000000000207d156        0x2 ff
 .rodata.a6     0x000000000207d158       0x70 d:/devkitpro/devkitarm/bin/../lib/gcc/arm-none-eabi/12.2.0/../../../../arm-none-eabi/lib\libg.a(lib_a-jp2uc.o)
 .rodata.a3     0x000000000207d1c8       0x5b d:/devkitpro/devkitarm/bin/../lib/gcc/arm-none-eabi/12.2.0/../../../../arm-none-eabi/lib\libg.a(lib_a-jp2uc.o)
 *fill*         0x000000000207d223        0x1 ff
 .rodata.a2     0x000000000207d224       0xbc d:/devkitpro/devkitarm/bin/../lib/gcc/arm-none-eabi/12.2.0/../../../../arm-none-eabi/lib\libg.a(lib_a-jp2uc.o)
 .rodata.a1     0x000000000207d2e0       0xbc d:/devkitpro/devkitarm/bin/../lib/gcc/arm-none-eabi/12.2.0/../../../../arm-none-eabi/lib\libg.a(lib_a-jp2uc.o)
 .rodata.categories
                0x000000000207d39c     0x3528 d:/devkitpro/devkitarm/bin/../lib/gcc/arm-none-eabi/12.2.0/../../../../arm-none-eabi/lib\libg.a(lib_a-categories.o)
 .rodata.AddDevice.str1.4
                0x00000000020808c4        0x8 d:/devkitpro/devkitarm/bin/../lib/gcc/arm-none-eabi/12.2.0/../../../../arm-none-eabi/lib\libsysbase.a(iosupport.o)
 .rodata.dotab_stdnull
                0x00000000020808cc       0x70 d:/devkitpro/devkitarm/bin/../lib/gcc/arm-none-eabi/12.2.0/../../../../arm-none-eabi/lib\libsysbase.a(iosupport.o)
                0x00000000020808cc                dotab_stdnull
 *(EXCLUDE_FILE(*.twl*) .gnu.linkonce.r*)
                0x000000000208093c                . = ALIGN (0x4)

.ARM.extab
 *(.ARM.extab* .gnu.linkonce.armextab.*)
                0x000000000208093c                __exidx_start = .

ARM.exidx
 *(.ARM.exidx* .gnu.linkonce.armexidx.*)
                0x000000000208093c                __exidx_end = .
                0x000000000208093c                . = ALIGN (0x4)
                0x000000000208093c                PROVIDE (__preinit_array_start = .)

.preinit_array
 *(.preinit_array)
                0x000000000208093c                PROVIDE (__preinit_array_end = .)
                0x000000000208093c                PROVIDE (__init_array_start = .)

.init_array     0x000000000208093c        0x4
 *(SORT_BY_NAME(.init_array.*))
 *(.init_array)
 .init_array    0x000000000208093c        0x4 d:/devkitpro/devkitarm/bin/../lib/gcc/arm-none-eabi/12.2.0/crtbegin.o
                0x0000000002080940                PROVIDE (__init_array_end = .)
                [!provide]                        PROVIDE (__fini_array_start = .)

.fini_array     0x0000000002080940        0x4
 *(.fini_array)
 .fini_array    0x0000000002080940        0x4 d:/devkitpro/devkitarm/bin/../lib/gcc/arm-none-eabi/12.2.0/crtbegin.o
 *(SORT_BY_NAME(.fini_array.*))
                [!provide]                        PROVIDE (__fini_array_end = .)

.ctors          0x0000000002080944        0x0
 *crtbegin.o(.ctors)
 *(EXCLUDE_FILE(*crtend.o) .ctors)
 *(SORT_BY_NAME(.ctors.*))
 *(.ctors)
                0x0000000002080944                . = ALIGN (0x4)

.dtors          0x0000000002080944        0x0
 *crtbegin.o(.dtors)
 *(EXCLUDE_FILE(*crtend.o) .dtors)
 *(SORT_BY_NAME(.dtors.*))
 *(.dtors)
                0x0000000002080944                . = ALIGN (0x4)

.eh_frame       0x0000000002080944        0x4
 *(.eh_frame)
 .eh_frame      0x0000000002080944        0x0 d:/devkitpro/devkitarm/bin/../lib/gcc/arm-none-eabi/12.2.0/crtbegin.o
 .eh_frame      0x0000000002080944        0x4 d:/devkitpro/devkitarm/bin/../lib/gcc/arm-none-eabi/12.2.0/crtend.o
                0x0000000002080948                . = ALIGN (0x4)

.rel.dyn        0x0000000002080948        0x0
 .rel.iplt      0x0000000002080948        0x0 d:/devkitpro/devkitarm/bin/../lib/gcc/arm-none-eabi/12.2.0/../../../../arm-none-eabi/lib/ds_arm9_crt0.o

.gcc_except_table
                0x0000000002080948        0x0
 *(.gcc_except_table)
                0x0000000002080948                . = ALIGN (0x4)

.jcr
 *(.jcr)

.got
 *(.got.plt)
 *(.got)
 *(.rel.got)

.ewram          0x0000000002080948        0x0
                0x0000000002080948                __ewram_start = ABSOLUTE (.)
 *(.ewram)
 *ewram.*(.text)
                0x0000000002080948                . = ALIGN (0x4)

.data           0x0000000002080948     0x1ba0
                0x0000000002080948                __data_start = ABSOLUTE (.)
 *(EXCLUDE_FILE(*.twl*) .data)
 .data          0x0000000002080948       0x10 D:/devkitPro/nitro-engine/lib\libNE.a(NEGeneral.o)
 .data          0x0000000002080958       0x28 D:/devkitPro/libnds/lib\libnds9.a(mpu_setup.o)
 *(EXCLUDE_FILE(*.twl*) .data.*)
 .data.currentConsole
                0x0000000002080980        0x4 D:/devkitPro/libnds/lib\libnds9.a(console.o)
                0x0000000002080980                currentConsole
 .data.defaultConsole
                0x0000000002080984       0x5c D:/devkitPro/libnds/lib\libnds9.a(console.o)
                0x0000000002080984                defaultConsole
 .data.firstConsoleInit.0
                0x00000000020809e0        0x1 D:/devkitPro/libnds/lib\libnds9.a(console.o)
 .data.count    0x00000000020809e1        0x1 D:/devkitPro/libnds/lib\libnds9.a(keys.o)
 .data.delay    0x00000000020809e2        0x1 D:/devkitPro/libnds/lib\libnds9.a(keys.o)
 .data.repeat   0x00000000020809e3        0x1 D:/devkitPro/libnds/lib\libnds9.a(keys.o)
 .data.fifo_buffer_free
                0x00000000020809e4        0x4 D:/devkitPro/libnds/lib\libnds9.a(fifosystem.o)
                0x00000000020809e4                fifo_buffer_free
 .data.fifo_freewords
                0x00000000020809e8        0x4 D:/devkitPro/libnds/lib\libnds9.a(fifosystem.o)
                0x00000000020809e8                fifo_freewords
 .data.fifo_receive_queue
                0x00000000020809ec        0x4 D:/devkitPro/libnds/lib\libnds9.a(fifosystem.o)
                0x00000000020809ec                fifo_receive_queue
 .data.fifo_send_queue
                0x00000000020809f0        0x4 D:/devkitPro/libnds/lib\libnds9.a(fifosystem.o)
                0x00000000020809f0                fifo_send_queue
 .data.bgControl
                0x00000000020809f4       0x20 D:/devkitPro/libnds/lib\libnds9.a(background.o)
                0x00000000020809f4                bgControl
 .data.bgScrollTable
                0x0000000002080a14       0x20 D:/devkitPro/libnds/lib\libnds9.a(background.o)
                0x0000000002080a14                bgScrollTable
 .data.bgTransform
                0x0000000002080a34       0x20 D:/devkitPro/libnds/lib\libnds9.a(background.o)
                0x0000000002080a34                bgTransform
 .data._impure_ptr
                0x0000000002080a54        0x4 d:/devkitpro/devkitarm/bin/../lib/gcc/arm-none-eabi/12.2.0/../../../../arm-none-eabi/lib\libg.a(lib_a-impure.o)
                0x0000000002080a54                _impure_ptr
 .data.impure_data
                0x0000000002080a58      0x460 d:/devkitpro/devkitarm/bin/../lib/gcc/arm-none-eabi/12.2.0/../../../../arm-none-eabi/lib\libg.a(lib_a-impure.o)
 .data.__malloc_sbrk_base
                0x0000000002080eb8        0x4 d:/devkitpro/devkitarm/bin/../lib/gcc/arm-none-eabi/12.2.0/../../../../arm-none-eabi/lib\libg.a(lib_a-mallocr.o)
                0x0000000002080eb8                __malloc_sbrk_base
 .data.__malloc_trim_threshold
                0x0000000002080ebc        0x4 d:/devkitpro/devkitarm/bin/../lib/gcc/arm-none-eabi/12.2.0/../../../../arm-none-eabi/lib\libg.a(lib_a-mallocr.o)
                0x0000000002080ebc                __malloc_trim_threshold
 .data.__malloc_av_
                0x0000000002080ec0      0x408 d:/devkitpro/devkitarm/bin/../lib/gcc/arm-none-eabi/12.2.0/../../../../arm-none-eabi/lib\libg.a(lib_a-mallocr.o)
                0x0000000002080ec0                __malloc_av_
 .data.__global_locale
                0x00000000020812c8      0x16c d:/devkitpro/devkitarm/bin/../lib/gcc/arm-none-eabi/12.2.0/../../../../arm-none-eabi/lib\libg.a(lib_a-locale.o)
                0x00000000020812c8                __global_locale
 .data.devoptab_list
                0x0000000002081434       0x8c d:/devkitpro/devkitarm/bin/../lib/gcc/arm-none-eabi/12.2.0/../../../../arm-none-eabi/lib\libsysbase.a(iosupport.o)
                0x0000000002081434                devoptab_list
 .data.defaultDevice
                0x00000000020814c0        0x4 d:/devkitpro/devkitarm/bin/../lib/gcc/arm-none-eabi/12.2.0/../../../../arm-none-eabi/lib\libsysbase.a(iosupport.o)
 .data.handles  0x00000000020814c4     0x1000 d:/devkitpro/devkitarm/bin/../lib/gcc/arm-none-eabi/12.2.0/../../../../arm-none-eabi/lib\libsysbase.a(handle_manager.o)
 .data.__stderr_handle
                0x00000000020824c4        0xc d:/devkitpro/devkitarm/bin/../lib/gcc/arm-none-eabi/12.2.0/../../../../arm-none-eabi/lib\libsysbase.a(handle_manager.o)
 .data.__stdout_handle
                0x00000000020824d0        0xc d:/devkitpro/devkitarm/bin/../lib/gcc/arm-none-eabi/12.2.0/../../../../arm-none-eabi/lib\libsysbase.a(handle_manager.o)
 .data.__stdin_handle
                0x00000000020824dc        0xc d:/devkitpro/devkitarm/bin/../lib/gcc/arm-none-eabi/12.2.0/../../../../arm-none-eabi/lib\libsysbase.a(handle_manager.o)
 *(EXCLUDE_FILE(*.twl*) .gnu.linkonce.d*)
                0x00000000020824e8                . = ALIGN (0x4)
                0x00000000020824e8                __data_end = ABSOLUTE (.)
                0x00000000020824e8                __bss_vma = .

.igot.plt       0x00000000020824e8        0x0
 .igot.plt      0x00000000020824e8        0x0 d:/devkitpro/devkitarm/bin/../lib/gcc/arm-none-eabi/12.2.0/../../../../arm-none-eabi/lib/ds_arm9_crt0.o

.dtcm           0x0000000002ff0000        0x0 load address 0x00000000020824e8
                0x00000000020824e8                __dtcm_lma = LOADADDR (.dtcm)
                0x0000000002ff0000                __dtcm_start = ABSOLUTE (.)
 *(.dtcm)
 *(.dtcm.*)
                0x0000000002ff0000                . = ALIGN (0x4)
                0x0000000002ff0000                __dtcm_end = ABSOLUTE (.)

.itcm           0x0000000001000100      0xb08 load address 0x00000000020824e8
                0x00000000020824e8                __itcm_lma = LOADADDR (.itcm)
                0x0000000001000100                __itcm_start = ABSOLUTE (.)
 *(.itcm)
 .itcm          0x0000000001000100      0x964 D:/devkitPro/nitro-engine/lib\libNE.a(dsma.o)
                0x0000000001000100                DSMA_DrawModel
                0x0000000001000528                DSMA_DrawModelBlendAnimation
 .itcm          0x0000000001000a64       0xc8 D:/devkitPro/libnds/lib\libnds9.a(interrupts.o)
                0x0000000001000a64                irqTable
 .itcm          0x0000000001000b2c       0xcc D:/devkitPro/libnds/lib\libnds9.a(interruptDispatcher.o)
                0x0000000001000b2c                IntrMain
 .itcm.__stub   0x0000000001000bf8        0xc linker stubs
 *.itcm*(.text .stub .text.*)
                0x0000000001000c04                . = ALIGN (0x4)
                0x0000000001000c08                __itcm_end = ABSOLUTE (.)

.vectors        0x0000000001000000        0x0 load address 0x0000000002082ff0
                0x0000000002082ff0                __vectors_lma = LOADADDR (.vectors)
                0x0000000001000000                __vectors_start = ABSOLUTE (.)
 *(.vectors .vectors.*)
                0x0000000001000000                . = ALIGN (0x4)
                0x0000000001000000                __vectors_end = ABSOLUTE (.)

.sbss           0x0000000002ff0000        0x0