Archive member included to satisfy reference by file (symbol)

D:/devkitPro/nitro-engine/lib\libNE.a(NECamera.o)
                              main.o (NE_CameraCreate)
D:/devkitPro/nitro-engine/lib\libNE.a(NEGeneral.o)
                              main.o (NE_Init3D)
D:/devkitPro/nitro-engine/lib\libNE.a(NEModel.o)
                              main.o (NE_ModelCreate)
D:/devkitPro/nitro-engine/lib\libNE.a(NEPalette.o)
                              load.o (NE_PaletteCreate)
D:/devkitPro/nitro-engine/lib\libNE.a(NEPhysics.o)
                              main.o (NE_PhysicsCreate)
D:/devkitPro/nitro-engine/lib\libNE.a(NEPolygon.o)
                              D:/devkitPro/nitro-engine/lib\libNE.a(NEGeneral.o) (NE_LightOff)
D:/devkitPro/nitro-engine/lib\libNE.a(NEText.o)
                              D:/devkitPro/nitro-engine/lib\libNE.a(NEGeneral.o) (NE_TextPriorityReset)
D:/devkitPro/nitro-engine/lib\libNE.a(NETexture.o)
                              load.o (NE_MaterialCreate)
D:/devkitPro/nitro-engine/lib\libNE.a(dsma.o)
                              D:/devkitPro/nitro-engine/lib\libNE.a(NEModel.o) (DSMA_DrawModel)
D:/devkitPro/nitro-engine/lib\libNE.a(NE2D.o)
                              D:/devkitPro/nitro-engine/lib\libNE.a(NEGeneral.o) (NE_SpriteSystemReset)
D:/devkitPro/nitro-engine/lib\libNE.a(NEAlloc.o)
                              D:/devkitPro/nitro-engine/lib\libNE.a(NEPalette.o) (NE_AllocInit)
D:/devkitPro/nitro-engine/lib\libNE.a(NEAnimation.o)
                              D:/devkitPro/nitro-engine/lib\libNE.a(NEGeneral.o) (NE_AnimationSystemReset)
D:/devkitPro/nitro-engine/lib\libNE.a(NEFAT.o)
                              D:/devkitPro/nitro-engine/lib\libNE.a(NEModel.o) (NE_FATLoadData)
D:/devkitPro/nitro-engine/lib\libNE.a(NEGUI.o)
                              D:/devkitPro/nitro-engine/lib\libNE.a(NEGeneral.o) (NE_GUIUpdate)
D:/devkitPro/libnds/lib\libnds9.a(trig.o)
                              D:/devkitPro/nitro-engine/lib\libNE.a(NECamera.o) (sinLerp)
D:/devkitPro/libnds/lib\libnds9.a(video.o)
                              D:/devkitPro/nitro-engine/lib\libNE.a(NETexture.o) (vramSetPrimaryBanks)
D:/devkitPro/libnds/lib\libnds9.a(touch.o)
                              D:/devkitPro/nitro-engine/lib\libNE.a(NEGeneral.o) (touchRead)
D:/devkitPro/libnds/lib\libnds9.a(sassert.o)
                              D:/devkitPro/nitro-engine/lib\libNE.a(NEModel.o) (__sassert)
D:/devkitPro/libnds/lib\libnds9.a(system.o)
                              D:/devkitPro/nitro-engine/lib\libNE.a(NEGeneral.o) (powerOn)
D:/devkitPro/libnds/lib\libnds9.a(console.o)
                              D:/devkitPro/nitro-engine/lib\libNE.a(NEGeneral.o) (consoleInit)
D:/devkitPro/libnds/lib\libnds9.a(keys.o)
                              main.o (scanKeys)
D:/devkitPro/libnds/lib\libnds9.a(initSystem.o)
                              d:/devkitpro/devkitarm/bin/../lib/gcc/arm-none-eabi/12.2.0/../../../../arm-none-eabi/lib/ds_arm9_crt0.o (initSystem)
D:/devkitPro/libnds/lib\libnds9.a(securearea.o)
                              d:/devkitpro/devkitarm/bin/../lib/gcc/arm-none-eabi/12.2.0/../../../../arm-none-eabi/lib/ds_arm9_crt0.o (__secure_area__)
D:/devkitPro/libnds/lib\libnds9.a(interrupts.o)
                              main.o (irqSet)
D:/devkitPro/libnds/lib\libnds9.a(libnds_exit.arm.o)
                              d:/devkitpro/devkitarm/bin/../lib/gcc/arm-none-eabi/12.2.0/../../../../arm-none-eabi/lib/ds_arm9_crt0.o (__libnds_exit)
D:/devkitPro/libnds/lib\libnds9.a(fifosystem.o)
                              D:/devkitPro/libnds/lib\libnds9.a(initSystem.o) (fifoSetValue32Handler)
D:/devkitPro/libnds/lib\libnds9.a(dcache.o)
                              D:/devkitPro/nitro-engine/lib\libNE.a(NEFAT.o) (DC_FlushAll)
D:/devkitPro/libnds/lib\libnds9.a(mpu_setup.o)
                              d:/devkitpro/devkitarm/bin/../lib/gcc/arm-none-eabi/12.2.0/../../../../arm-none-eabi/lib/ds_arm9_crt0.o (__libnds_mpu_setup)
D:/devkitPro/libnds/lib\libnds9.a(IntrWait.o)
                              D:/devkitPro/nitro-engine/lib\libNE.a(NEGeneral.o) (swiWaitForVBlank)
D:/devkitPro/libnds/lib\libnds9.a(cpu_clock.o)
                              D:/devkitPro/libnds/lib\libnds9.a(initSystem.o) (setCpuClock)
D:/devkitPro/libnds/lib\libnds9.a(interruptDispatcher.o)
                              D:/devkitPro/libnds/lib\libnds9.a(interrupts.o) (IntrMain)
D:/devkitPro/libnds/lib\libnds9.a(biosCalls.o)
                              D:/devkitPro/libnds/lib\libnds9.a(system.o) (swiDelay)
D:/devkitPro/libnds/lib\libnds9.a(debugprint.o)
                              D:/devkitPro/libnds/lib\libnds9.a(console.o) (nocashWrite)
D:/devkitPro/libnds/lib\libnds9.a(swiSoftReset.o)
                              D:/devkitPro/libnds/lib\libnds9.a(fifosystem.o) (swiSoftReset)
D:/devkitPro/libnds/lib\libnds9.a(default_font.bin.o)
                              D:/devkitPro/libnds/lib\libnds9.a(console.o) (default_font_bin)
[...]
Memory Configuration

Name             Origin             Length             Attributes
ewram            0x0000000002000000 0x0000000000380000
dtcm             0x0000000002ff0000 0x0000000000004000
vectors          0x0000000001000000 0x0000000000000100
itcm             0x0000000001000100 0x0000000000007f00
*default*        0x0000000000000000 0xffffffffffffffff

Linker script and memory map

                0x0000000002380000                __ewram_end = (ORIGIN (ewram) + LENGTH (ewram))
                0x0000000002380000                __eheap_end = (ORIGIN (ewram) + LENGTH (ewram))
                0x0000000002ff4000                __dtcm_top = (ORIGIN (dtcm) + LENGTH (dtcm))
                0x0000000002ff3ff8                __irq_flags = (__dtcm_top - 0x8)
                0x0000000002ff3ffc                __irq_vector = (__dtcm_top - 0x4)
                0x0000000002ff3f00                __sp_svc = (__dtcm_top - 0x100)
                0x0000000002ff3e00                __sp_irq = (__sp_svc - 0x100)
                0x0000000002ff3d00                __sp_usr = (__sp_irq - 0x100)

.secure         0x0000000002000000      0x800
 *(.secure)
 .secure        0x0000000002000000      0x800 D:/devkitPro/libnds/lib\libnds9.a(securearea.o)
                0x0000000002000000                __secure_area__

.crt0           0x0000000002000800      0x300
                0x0000000002000800                __text_start = .
 *(.crt0)
 .crt0          0x0000000002000800      0x300 d:/devkitpro/devkitarm/bin/../lib/gcc/arm-none-eabi/12.2.0/../../../../arm-none-eabi/lib/ds_arm9_crt0.o
                0x0000000002000800                _start
                0x0000000002000b00                . = ALIGN (0x4)

.plt
 *(.plt)

.init           0x0000000002000b00       0x18
 *(SORT_NONE(.init))
 .init          0x0000000002000b00        0xc d:/devkitpro/devkitarm/bin/../lib/gcc/arm-none-eabi/12.2.0/crti.o
                0x0000000002000b00                _init
 .init          0x0000000002000b0c        0xc d:/devkitpro/devkitarm/bin/../lib/gcc/arm-none-eabi/12.2.0/crtn.o

.text           0x0000000002000b18    0x1ca68
 *(EXCLUDE_FILE(*.twl* *.vectors* *.itcm*) .text)
 .text          0x0000000002000b18      0xaa8 load.o
                0x0000000002000b18                LoadPal16
                0x0000000002000b70                LoadTextures
                0x0000000002000f70                CreateBlockSide
 .text          0x00000000020015c0      0x3d8 main.o
                0x00000000020015c0                Draw3DScene
 .text          0x0000000002001998     0x1640 D:/devkitPro/nitro-engine/lib\libNE.a(NECamera.o)
                0x0000000002001cbc                NE_CameraCreate
                0x0000000002001d00                NE_CameraSetI
                0x0000000002001d28                NE_CameraUse
                0x0000000002002224                NE_CameraMoveFreeI
                0x0000000002002788                NE_CameraMoveI
                0x00000000020027b8                NE_CameraRotate
                0x00000000020029a8                NE_CameraRotateAxisI
                0x00000000020029bc                NE_CameraRotateFree
                0x0000000002002e7c                NE_CameraDelete
                0x0000000002002ea8                NE_CameraSystemReset
                0x0000000002002ed8                NE_CameraSystemEnd
                0x0000000002002eec                NE_ViewPush
                0x0000000002002ef8                NE_ViewPop
                0x0000000002002f04                NE_ViewMoveI
                0x0000000002002f14                NE_ViewRotate
                0x0000000002002fc8                NE_ViewScaleI
 .text          0x0000000002002fd8      0xd84 D:/devkitPro/nitro-engine/lib\libNE.a(NEGeneral.o)
                0x0000000002003278                NE_End
                0x000000000200328c                NE_Viewport
                0x00000000020034d8                NE_MainScreenSetOnTop
                0x00000000020034e4                NE_MainScreenSetOnBottom
                0x00000000020034f0                NE_MainScreenIsOnTop
                0x00000000020034fc                NE_SwapScreens
                0x000000000200350c                NE_SetFov
                0x0000000002003518                NE_UpdateInput
                0x0000000002003544                NE_Init3D
                0x0000000002003594                NE_InitDual3D
                0x00000000020036cc                NE_InitConsole
                0x0000000002003730                NE_SetConsoleColor
                0x000000000200373c                NE_Process
                0x000000000200380c                NE_ProcessDual
                0x0000000002003944                NE_ClippingPlanesSetI
                0x0000000002003950                NE_AntialiasEnable
                0x000000000200396c                NE_GetPolygonCount
                0x0000000002003988                NE_GetVertexCount
                0x00000000020039a4                NE_VBLFunc
                0x00000000020039d8                NE_SpecialEffectPause
                0x0000000002003a2c                NE_HBLFunc
                0x0000000002003abc                NE_SpecialEffectNoiseConfig
                0x0000000002003ac8                NE_SpecialEffectSineConfig
                0x0000000002003ad4                NE_SpecialEffectSet
                0x0000000002003aec                NE_WaitForVBL
                0x0000000002003b74                NE_GetCPUPercent
                0x0000000002003b80                NE_GPUIsRendering
                0x0000000002003b9c                NE_TouchTestStart
                0x0000000002003ca8                NE_TouchTestObject
                0x0000000002003ce0                NE_TouchTestResult
                0x0000000002003d2c                NE_TouchTestEnd
 .text          0x0000000002003d5c      0x838 D:/devkitPro/nitro-engine/lib\libNE.a(NEModel.o)
                0x0000000002003dcc                NE_ModelCreate
                0x0000000002003e3c                NE_ModelDelete
                0x0000000002003e50                NE_ModelLoadStaticMeshFAT
                0x0000000002003ee0                NE_ModelLoadStaticMesh
                0x0000000002003f4c                NE_ModelFreeMeshWhenDeleted
                0x0000000002003f68                NE_ModelSetMaterial
                0x0000000002003f6c                NE_ModelSetAnimation
                0x0000000002003f80                NE_ModelSetAnimationSecondary
                0x0000000002003f94                NE_ModelDraw
                0x00000000020041b8                NE_ModelClone
                0x0000000002004228                NE_ModelScaleI
                0x0000000002004230                NE_ModelTranslateI
                0x0000000002004248                NE_ModelSetCoordI
                0x0000000002004250                NE_ModelRotate
                0x0000000002004274                NE_ModelSetRot
                0x000000000200427c                NE_ModelAnimateAll
                0x0000000002004310                NE_ModelAnimStart
                0x000000000200431c                NE_ModelAnimSecondaryStart
                0x000000000200432c                NE_ModelAnimSetSpeed
                0x0000000002004334                NE_ModelAnimSecondarySetSpeed
                0x000000000200433c                NE_ModelAnimGetFrame
                0x0000000002004344                NE_ModelAnimSecondaryGetFrame
                0x000000000200434c                NE_ModelAnimSetFrame
                0x0000000002004354                NE_ModelAnimSecondarySetFrame
                0x000000000200435c                NE_ModelAnimSecondarySetFactor
                0x0000000002004370                NE_ModelAnimSecondaryClear
                0x000000000200439c                NE_ModelLoadDSMFAT
                0x000000000200442c                NE_ModelLoadDSM
                0x0000000002004498                NE_ModelDeleteAll
                0x00000000020044c4                NE_ModelSystemReset
                0x0000000002004554                NE_ModelSystemEnd
 .text          0x0000000002004594      0x33c D:/devkitPro/nitro-engine/lib\libNE.a(NEPalette.o)
                0x00000000020046b8                NE_PaletteCreate
                0x00000000020046f4                NE_PaletteLoadFAT
                0x0000000002004754                NE_PaletteLoad
                0x000000000200476c                NE_PaletteLoadSize
                0x0000000002004788                NE_PaletteDelete
                0x000000000200479c                NE_PaletteUse
                0x00000000020047c4                NE_PaletteSystemReset
                0x0000000002004834                NE_PaletteFreeMem
                0x0000000002004854                NE_PaletteFreeMemPercent
                0x0000000002004874                NE_PaletteDefragMem
                0x0000000002004878                NE_PaletteSystemEnd
                0x000000000200488c                NE_PaletteModificationStart
                0x00000000020048a8                NE_PaletteRGB256SetColor
                0x00000000020048b8                NE_PaletteModificationEnd
 .text          0x00000000020048d0      0x6b8 D:/devkitPro/nitro-engine/lib\libNE.a(NEPhysics.o)
                0x0000000002004da0                NE_PhysicsCreate
                0x0000000002004dfc                NE_PhysicsDelete
                0x0000000002004e30                NE_PhysicsDeleteAll
                0x0000000002004e44                NE_PhysicsSystemReset
                0x0000000002004e78                NE_PhysicsSystemEnd
                0x0000000002004e98                NE_PhysicsSetRadiusI
                0x0000000002004e9c                NE_PhysicsSetSpeedI
                0x0000000002004ea4                NE_PhysicsSetSizeI
                0x0000000002004eac                NE_PhysicsSetGravityI
                0x0000000002004eb0                NE_PhysicsSetFrictionI
                0x0000000002004eb4                NE_PhysicsSetBounceEnergy
                0x0000000002004eb8                NE_PhysicsEnable
                0x0000000002004ebc                NE_PhysicsSetModel
                0x0000000002004ec0                NE_PhysicsSetGroup
                0x0000000002004ec4                NE_PhysicsOnCollision
                0x0000000002004ecc                NE_PhysicsIsColliding
                0x0000000002004ed4                NE_PhysicsUpdateAll
                0x0000000002004f08                NE_PhysicsUpdate
                0x0000000002004f24                NE_PhysicsCheckCollision
 .text          0x0000000002004f88      0x35c D:/devkitPro/nitro-engine/lib\libNE.a(NEPolygon.o)
                0x0000000002004f88                NE_PolyColor
                0x0000000002004f94                NE_LightOff
                0x0000000002004fa8                NE_LightSetColor
                0x0000000002004fb8                NE_LightSetI
                0x0000000002004ff0                NE_ShininessTableGenerate
                0x0000000002005094                NE_PolyBegin
                0x00000000020050a0                NE_PolyEnd
                0x00000000020050ac                NE_PolyNormalI
                0x00000000020050cc                NE_PolyVertexI
                0x00000000020050e4                NE_PolyTexCoord
                0x00000000020050f8                NE_PolyFormat
                0x0000000002005114                NE_OutliningEnable
                0x0000000002005130                NE_OutliningSetColor
                0x0000000002005144                NE_ShadingEnable
                0x0000000002005188                NE_ToonHighlightEnable
                0x00000000020051a4                NE_FogEnable
                0x0000000002005208                NE_FogEnableBackground
                0x0000000002005230                NE_FogDisable
                0x0000000002005244                NE_ClearColorSet
                0x000000000200527c                NE_ClearBMPEnable
                0x00000000020052cc                NE_ClearBMPScroll
 .text          0x00000000020052e4      0x46c D:/devkitPro/nitro-engine/lib\libNE.a(NEText.o)
                0x000000000200539c                NE_TextPrioritySet
                0x00000000020053a8                NE_TextPriorityReset
                0x00000000020053b4                NE_TextInit
                0x00000000020053cc                NE_TextEnd
                0x00000000020053e4                NE_TextResetSystem
                0x0000000002005400                NE_TextPrint
                0x00000000020054b8                NE_TextPrintBox
                0x00000000020055bc                NE_TextPrintFree
                0x0000000002005658                NE_TextPrintBoxFree
 .text          0x0000000002005750      0x954 D:/devkitPro/nitro-engine/lib\libNE.a(NETexture.o)
                0x0000000002005b4c                NE_MaterialCreate
                0x0000000002005b9c                NE_MaterialColorSet
                0x0000000002005ba0                NE_MaterialColorDelete
                0x0000000002005bac                NE_MaterialTexLoadFAT
                0x0000000002005c18                NE_MaterialTexLoad
                0x0000000002005c60                NE_MaterialClone
                0x0000000002005c88                NE_MaterialSetPalette
                0x0000000002005c8c                NE_MaterialUse
                0x0000000002005cf4                NE_TextureSystemReset
                0x0000000002005e58                NE_MaterialDelete
                0x0000000002005e94                NE_TextureFreeMem
                0x0000000002005eb4                NE_TextureFreeMemPercent
                0x0000000002005ed4                NE_TextureDefragMem
                0x0000000002005ed8                NE_TextureSystemEnd
                0x0000000002005eec                __NE_TextureGetRawX
                0x0000000002005f04                __NE_TextureGetRawY
                0x0000000002005f1c                NE_TextureGetRealSizeX
                0x0000000002005f38                NE_TextureGetRealSizeY
                0x0000000002005f54                NE_TextureGetSizeX
                0x0000000002005f6c                NE_TextureGetSizeY
                0x0000000002005f84                NE_MaterialSetPropierties
                0x0000000002005fa8                NE_MaterialSetDefaultPropierties
                0x0000000002005fe0                NE_TextureDrawingStart
                0x0000000002006030                NE_TexturePutPixelRGBA
                0x0000000002006054                NE_TexturePutPixelRGB256
                0x0000000002006090                NE_TextureDrawingEnd
 .text          0x00000000020060a4        0x4 D:/devkitPro/nitro-engine/lib\libNE.a(dsma.o)
                0x00000000020060a4                DSMA_GetNumFrames
 .text          0x00000000020060a8      0x8dc D:/devkitPro/nitro-engine/lib\libNE.a(NE2D.o)
                0x00000000020060fc                NE_SpriteCreate
                0x000000000200614c                NE_SpriteSetPos
                0x0000000002006154                NE_SpriteSetSize
                0x000000000200615c                NE_SpriteSetRot
                0x0000000002006160                NE_SpriteSetScaleI
                0x0000000002006164                NE_SpriteSetMaterial
                0x0000000002006168                NE_SpriteSetPriority
                0x000000000200616c                NE_SpriteVisible
                0x0000000002006170                NE_SpriteSetParams
                0x0000000002006178                NE_SpriteDelete
                0x00000000020061ac                NE_SpriteDeleteAll
                0x00000000020061c0                NE_SpriteSystemReset
                0x00000000020061f4                NE_SpriteSystemEnd
                0x0000000002006214                NE_2DViewInit
                0x00000000020063d4                NE_2DViewRotateScaleByPositionI
                0x000000000200643c                NE_2DViewRotateByPosition
                0x000000000200648c                NE_2DViewScaleByPositionI
                0x00000000020064b8                NE_2DDrawQuad
                0x000000000200650c                NE_2DDrawQuadGradient
                0x000000000200656c                NE_2DDrawTexturedQuad
                0x0000000002006624                NE_2DDrawTexturedQuadColor
                0x00000000020066e4                NE_SpriteDraw
                0x00000000020067ac                NE_SpriteDrawAll
                0x00000000020068b4                NE_2DDrawTexturedQuadGradient
 .text          0x0000000002006984      0x39c D:/devkitPro/nitro-engine/lib\libNE.a(NEAlloc.o)
                0x0000000002006984                NE_AllocInit
                0x00000000020069b8                NE_AllocEnd
                0x00000000020069e0                NE_AllocFindInRange
                0x0000000002006a38                NE_AllocAddress
                0x0000000002006af0                NE_Alloc
                0x0000000002006b68                NE_AllocFromEnd
                0x0000000002006bcc                NE_Free
                0x0000000002006c4c                NE_Lock
                0x0000000002006c7c                NE_Unlock
                0x0000000002006cac                NE_MemGetInformation
 .text          0x0000000002006d20      0x204 D:/devkitPro/nitro-engine/lib\libNE.a(NEAnimation.o)
                0x0000000002006d60                NE_AnimationCreate
                0x0000000002006d9c                NE_AnimationDelete
                0x0000000002006db0                NE_AnimationLoadFAT
                0x0000000002006e04                NE_AnimationLoad
                0x0000000002006e4c                NE_AnimationDeleteAll
                0x0000000002006e78                NE_AnimationSystemReset
                0x0000000002006eec                NE_AnimationSystemEnd
 .text          0x0000000002006f24      0x268 D:/devkitPro/nitro-engine/lib\libNE.a(NEFAT.o)
                0x0000000002006f24                NE_FATLoadData
                0x0000000002006f6c                NE_FATFileSize
                0x0000000002006f9c                NE_ScreenshotBMP
 .text          0x000000000200718c      0xf30 D:/devkitPro/nitro-engine/lib\libNE.a(NEGUI.o)
                0x00000000020071f4                NE_GUIUpdate
                0x000000000200771c                NE_GUIDraw
                0x0000000002007b4c                NE_GUIButtonCreate
                0x0000000002007bd0                NE_GUICheckBoxCreate
                0x0000000002007c64                NE_GUIRadioButtonCreate
                0x0000000002007d14                NE_GUISlideBarCreate
                0x0000000002007ea8                NE_GUIButtonConfig
                0x0000000002007ec0                NE_GUICheckBoxConfig
                0x0000000002007ed8                NE_GUIRadioButtonConfig
                0x0000000002007ef0                NE_GUISlideBarConfig
                0x0000000002007f14                NE_GUISlideBarSetMinMax
                0x0000000002007fcc                NE_GUIObjectGetEvent
                0x0000000002008000                NE_GUICheckBoxGetValue
                0x0000000002008008                NE_GUIRadioButtonGetValue
                0x0000000002008010                NE_GUISlideBarGetValue
                0x000000000200801c                NE_GUIDeleteObject
                0x0000000002008054                NE_GUIDeleteAll
                0x0000000002008068                NE_GUISystemReset
                0x000000000200809c                NE_GUISystemEnd
 .text          0x00000000020080bc      0x114 d:/devkitpro/devkitarm/bin/../lib/gcc/arm-none-eabi/12.2.0\libgcc.a(_udivsi3.o)
                0x00000000020080bc                __aeabi_uidiv
                0x00000000020080bc                __udivsi3
                0x00000000020081b0                __aeabi_uidivmod
 .text          0x00000000020081d0      0x148 d:/devkitpro/devkitarm/bin/../lib/gcc/arm-none-eabi/12.2.0\libgcc.a(_divsi3.o)
                0x00000000020081d0                __divsi3
                0x00000000020081d0                __aeabi_idiv
                0x00000000020082f8                __aeabi_idivmod
 .text          0x0000000002008318        0x4 d:/devkitpro/devkitarm/bin/../lib/gcc/arm-none-eabi/12.2.0\libgcc.a(_dvmd_tls.o)
                0x0000000002008318                __aeabi_idiv0
                0x0000000002008318                __aeabi_ldiv0
 .text          0x000000000200831c      0x424 d:/devkitpro/devkitarm/bin/../lib/gcc/arm-none-eabi/12.2.0\libgcc.a(_arm_addsubdf3.o)
                0x000000000200831c                __aeabi_drsub
                0x0000000002008324                __aeabi_dsub
                0x0000000002008324                __subdf3
                0x0000000002008328                __aeabi_dadd
                0x0000000002008328                __adddf3
                0x0000000002008638                __floatunsidf
                0x0000000002008638                __aeabi_ui2d
                0x000000000200865c                __floatsidf
                0x000000000200865c                __aeabi_i2d
                0x0000000002008684                __aeabi_f2d
                0x0000000002008684                __extendsfdf2
                0x00000000020086cc                __floatundidf
                0x00000000020086cc                __aeabi_ul2d
                0x00000000020086e0                __floatdidf
                0x00000000020086e0                __aeabi_l2d
 .text          0x0000000002008740       0x5c d:/devkitpro/devkitarm/bin/../lib/gcc/arm-none-eabi/12.2.0\libgcc.a(_arm_fixdfsi.o)
                0x0000000002008740                __aeabi_d2iz
                0x0000000002008740                __fixdfsi
 .text          0x000000000200879c      0x2ac d:/devkitpro/devkitarm/bin/../lib/gcc/arm-none-eabi/12.2.0\libgcc.a(_arm_addsubsf3.o)
                0x000000000200879c                __aeabi_frsub
                0x00000000020087a4                __subsf3
                0x00000000020087a4                __aeabi_fsub
                0x00000000020087a8                __aeabi_fadd
                0x00000000020087a8                __addsf3
                0x0000000002008964                __aeabi_ui2f
                0x0000000002008964                __floatunsisf
                0x000000000200896c                __aeabi_i2f
                0x000000000200896c                __floatsisf
                0x000000000200898c                __aeabi_ul2f
                0x000000000200898c                __floatundisf
                0x000000000200899c                __aeabi_l2f
                0x000000000200899c                __floatdisf
 .text          0x0000000002008a48      0x2f8 d:/devkitpro/devkitarm/bin/../lib/gcc/arm-none-eabi/12.2.0\libgcc.a(_arm_muldivsf3.o)
                0x0000000002008a48                __mulsf3
                0x0000000002008a48                __aeabi_fmul
                0x0000000002008be0                __aeabi_fdiv
                0x0000000002008be0                __divsf3
 .text          0x0000000002008d40      0x114 d:/devkitpro/devkitarm/bin/../lib/gcc/arm-none-eabi/12.2.0\libgcc.a(_arm_cmpsf2.o)
                0x0000000002008d40                __gesf2
                0x0000000002008d40                __gtsf2
                0x0000000002008d48                __lesf2
                0x0000000002008d48                __ltsf2
                0x0000000002008d50                __nesf2
                0x0000000002008d50                __eqsf2
                0x0000000002008d50                __cmpsf2
                0x0000000002008db4                __aeabi_cfrcmple
                0x0000000002008dc4                __aeabi_cfcmpeq
                0x0000000002008dc4                __aeabi_cfcmple
                0x0000000002008ddc                __aeabi_fcmpeq
                0x0000000002008df4                __aeabi_fcmplt
                0x0000000002008e0c                __aeabi_fcmple
                0x0000000002008e24                __aeabi_fcmpge
                0x0000000002008e3c                __aeabi_fcmpgt
 .text          0x0000000002008e54       0x5c d:/devkitpro/devkitarm/bin/../lib/gcc/arm-none-eabi/12.2.0\libgcc.a(_arm_fixsfsi.o)
                0x0000000002008e54                __aeabi_f2iz
                0x0000000002008e54                __fixsfsi
 .text          0x0000000002008eb0      0x224 d:/devkitpro/devkitarm/bin/../lib/gcc/arm-none-eabi/12.2.0/../../../../arm-none-eabi/lib\libg.a(lib_a-strcmp.o)
                0x0000000002008eb0                strcmp
 .text          0x00000000020090d4      0x49c d:/devkitpro/devkitarm/bin/../lib/gcc/arm-none-eabi/12.2.0\libgcc.a(_arm_muldivdf3.o)
                0x00000000020090d4                __aeabi_dmul
                0x00000000020090d4                __muldf3
                0x0000000002009364                __divdf3
                0x0000000002009364                __aeabi_ddiv
 .text          0x0000000002009570      0x144 d:/devkitpro/devkitarm/bin/../lib/gcc/arm-none-eabi/12.2.0\libgcc.a(_arm_cmpdf2.o)
                0x0000000002009570                __gtdf2
                0x0000000002009570                __gedf2
                0x0000000002009578                __ltdf2
                0x0000000002009578                __ledf2
                0x0000000002009580                __nedf2
                0x0000000002009580                __eqdf2
                0x0000000002009580                __cmpdf2
                0x0000000002009608                __aeabi_cdrcmple
                0x0000000002009624                __aeabi_cdcmpeq
                0x0000000002009624                __aeabi_cdcmple
                0x000000000200963c                __aeabi_dcmpeq
                0x0000000002009654                __aeabi_dcmplt
                0x000000000200966c                __aeabi_dcmple
                0x0000000002009684                __aeabi_dcmpge
                0x000000000200969c                __aeabi_dcmpgt
 .text          0x00000000020096b4       0x38 d:/devkitpro/devkitarm/bin/../lib/gcc/arm-none-eabi/12.2.0\libgcc.a(_arm_unorddf2.o)
                0x00000000020096b4                __unorddf2
                0x00000000020096b4                __aeabi_dcmpun
 .text          0x00000000020096ec       0xd4 d:/devkitpro/devkitarm/bin/../lib/gcc/arm-none-eabi/12.2.0\libgcc.a(_aeabi_ldivmod.o)
                0x00000000020096ec                __aeabi_ldivmod
 .text          0x00000000020097c0       0x3c d:/devkitpro/devkitarm/bin/../lib/gcc/arm-none-eabi/12.2.0\libgcc.a(_aeabi_uldivmod.o)
                0x00000000020097c0                __aeabi_uldivmod
 .text          0x00000000020097fc       0x28 d:/devkitpro/devkitarm/bin/../lib/gcc/arm-none-eabi/12.2.0\libgcc.a(_clzdi2.o)
                0x00000000020097fc                __clzdi2
 .text          0x0000000002009824       0x48 d:/devkitpro/devkitarm/bin/../lib/gcc/arm-none-eabi/12.2.0\libgcc.a(_clzsi2.o)
                0x0000000002009824                __clzsi2
 *(EXCLUDE_FILE(*.twl* *.vectors* *.itcm*) .stub)
 *(EXCLUDE_FILE(*.twl* *.vectors* *.itcm*) .text.*)
 .text.__do_global_dtors_aux
                0x000000000200986c       0x40 d:/devkitpro/devkitarm/bin/../lib/gcc/arm-none-eabi/12.2.0/crtbegin.o
 .text.frame_dummy
                0x00000000020098ac       0x30 d:/devkitpro/devkitarm/bin/../lib/gcc/arm-none-eabi/12.2.0/crtbegin.o
 .text.startup  0x00000000020098dc      0x3c4 main.o
                0x00000000020098dc                main
 .text.sinLutLookup
                0x0000000002009ca0       0x4c D:/devkitPro/libnds/lib\libnds9.a(trig.o)
                0x0000000002009ca0                sinLutLookup
 .text.sinLerp  0x0000000002009cec       0x40 D:/devkitPro/libnds/lib\libnds9.a(trig.o)
                0x0000000002009cec                sinLerp
 .text.cosLerp  0x0000000002009d2c       0x4c D:/devkitPro/libnds/lib\libnds9.a(trig.o)
                0x0000000002009d2c                cosLerp
 .text.tanLerp  0x0000000002009d78       0xb0 D:/devkitPro/libnds/lib\libnds9.a(trig.o)
                0x0000000002009d78                tanLerp
 .text.vramSetPrimaryBanks
                0x0000000002009e28       0x44 D:/devkitPro/libnds/lib\libnds9.a(video.o)
                0x0000000002009e28                vramSetPrimaryBanks
 .text.vramRestorePrimaryBanks
                0x0000000002009e6c        0xc D:/devkitPro/libnds/lib\libnds9.a(video.o)
                0x0000000002009e6c                vramRestorePrimaryBanks
 .text.vramDefault
                0x0000000002009e78       0xd0 D:/devkitPro/libnds/lib\libnds9.a(video.o)
                0x0000000002009e78                vramDefault
 .text.touchRead
                0x0000000002009f48       0x24 D:/devkitPro/libnds/lib\libnds9.a(touch.o)
                0x0000000002009f48                touchRead
 .text.__sassert
                0x0000000002009f6c       0x38 D:/devkitPro/libnds/lib\libnds9.a(sassert.o)
                0x0000000002009f6c                __sassert
 .text.systemValueHandler
                0x0000000002009fa4       0x48 D:/devkitPro/libnds/lib\libnds9.a(system.o)
                0x0000000002009fa4                systemValueHandler
 .text.systemMsgHandler
                0x0000000002009fec       0x60 D:/devkitPro/libnds/lib\libnds9.a(system.o)
                0x0000000002009fec                systemMsgHandler
 .text.powerOn  0x000000000200a04c       0x2c D:/devkitPro/libnds/lib\libnds9.a(system.o)
                0x000000000200a04c                powerOn
 .text.powerOff
                0x000000000200a078       0x28 D:/devkitPro/libnds/lib\libnds9.a(system.o)
                0x000000000200a078                powerOff
 .text.newRow   0x000000000200a0a0       0xa8 D:/devkitPro/libnds/lib\libnds9.a(console.o)
 .text.consolePrintChar
                0x000000000200a148       0xe0 D:/devkitPro/libnds/lib\libnds9.a(console.o)
                0x000000000200a148                consolePrintChar
 .text.con_write
                0x000000000200a228      0x36c D:/devkitPro/libnds/lib\libnds9.a(console.o)
                0x000000000200a228                con_write
 .text.consoleLoadFont
                0x000000000200a594      0x2a0 D:/devkitPro/libnds/lib\libnds9.a(console.o)
                0x000000000200a594                consoleLoadFont
 .text.consoleInit
                0x000000000200a834      0x18c D:/devkitPro/libnds/lib\libnds9.a(console.o)
                0x000000000200a834                consoleInit
 .text.consoleDemoInit
                0x000000000200a9c0       0x40 D:/devkitPro/libnds/lib\libnds9.a(console.o)
                0x000000000200a9c0                consoleDemoInit
 .text.scanKeys
                0x000000000200aa00       0x8c D:/devkitPro/libnds/lib\libnds9.a(keys.o)
                0x000000000200aa00                scanKeys
 .text.keysHeld
                0x000000000200aa8c        0xc D:/devkitPro/libnds/lib\libnds9.a(keys.o)
                0x000000000200aa8c                keysHeld
 .text.keysDown
                0x000000000200aa98       0x14 D:/devkitPro/libnds/lib\libnds9.a(keys.o)
                0x000000000200aa98                keysDown
 .text.keysUp   0x000000000200aaac       0x18 D:/devkitPro/libnds/lib\libnds9.a(keys.o)
                0x000000000200aaac                keysUp
 .text.__syscall_gettod_r
                0x000000000200aac4       0x28 D:/devkitPro/libnds/lib\libnds9.a(initSystem.o)
                0x000000000200aac4                __syscall_gettod_r
 .text.__syscall_exit
                0x000000000200aaec        0x8 D:/devkitPro/libnds/lib\libnds9.a(initSystem.o)
                0x000000000200aaec                __syscall_exit
 .text.initSystem
                0x000000000200aaf4      0x180 D:/devkitPro/libnds/lib\libnds9.a(initSystem.o)
                0x000000000200aaf4                initSystem
 .text.irqDummy
                0x000000000200ac74        0x4 D:/devkitPro/libnds/lib\libnds9.a(interrupts.o)
                0x000000000200ac74                irqDummy
 .text.irqSet   0x000000000200ac78       0x6c D:/devkitPro/libnds/lib\libnds9.a(interrupts.o)
                0x000000000200ac78                irqSet
 .text.irqInit  0x000000000200ace4       0x50 D:/devkitPro/libnds/lib\libnds9.a(interrupts.o)
                0x000000000200ace4                irqInit
 .text.irqEnable
                0x000000000200ad34       0x64 D:/devkitPro/libnds/lib\libnds9.a(interrupts.o)
                0x000000000200ad34                irqEnable
 .text.systemErrorExit
                0x000000000200ad98        0x4 D:/devkitPro/libnds/lib\libnds9.a(libnds_exit.arm.o)
                0x000000000200ad98                systemErrorExit
 .text.__libnds_exit
                0x000000000200ad9c       0x5c D:/devkitPro/libnds/lib\libnds9.a(libnds_exit.arm.o)
                0x000000000200ad9c                __libnds_exit
 .text.fifo_queueBlock
                0x000000000200adf8       0x44 D:/devkitPro/libnds/lib\libnds9.a(fifosystem.o)
 .text.fifo_waitBlock
                0x000000000200ae3c       0x80 D:/devkitPro/libnds/lib\libnds9.a(fifosystem.o)
 .text.fifoInternalSend.part.0
                0x000000000200aebc       0xd4 D:/devkitPro/libnds/lib\libnds9.a(fifosystem.o)
 .text.fifoInternalSendInterrupt
                0x000000000200af90       0xb0 D:/devkitPro/libnds/lib\libnds9.a(fifosystem.o)
 .text.fifoSetValue32Handler
                0x000000000200b040       0xd4 D:/devkitPro/libnds/lib\libnds9.a(fifosystem.o)
                0x000000000200b040                fifoSetValue32Handler
 .text.fifoSendValue32
                0x000000000200b114       0x4c D:/devkitPro/libnds/lib\libnds9.a(fifosystem.o)
                0x000000000200b114                fifoSendValue32
 .text.fifoGetDatamsg
                0x000000000200b160       0xf4 D:/devkitPro/libnds/lib\libnds9.a(fifosystem.o)
                0x000000000200b160                fifoGetDatamsg
 .text.fifoInternalRecvInterrupt
                0x000000000200b254      0x37c D:/devkitPro/libnds/lib\libnds9.a(fifosystem.o)
 .text.fifoSetDatamsgHandler
                0x000000000200b5d0       0x9c D:/devkitPro/libnds/lib\libnds9.a(fifosystem.o)
                0x000000000200b5d0                fifoSetDatamsgHandler
 .text.fifoInit
                0x000000000200b66c      0x108 D:/devkitPro/libnds/lib\libnds9.a(fifosystem.o)
                0x000000000200b66c                fifoInit
 .text.DC_FlushAll
                0x000000000200b774       0x2c D:/devkitPro/libnds/lib\libnds9.a(dcache.o)
                0x000000000200b774                DC_FlushAll
 .text.DC_FlushRange
                0x000000000200b7a0       0x24 D:/devkitPro/libnds/lib\libnds9.a(dcache.o)
                0x000000000200b7a0                DC_FlushRange
 .text.__libnds_mpu_setup
                0x000000000200b7c4      0x174 D:/devkitPro/libnds/lib\libnds9.a(mpu_setup.o)
                0x000000000200b7c4                __libnds_mpu_setup
 .text.memUncached
                0x000000000200b938       0x20 D:/devkitPro/libnds/lib\libnds9.a(mpu_setup.o)
                0x000000000200b938                memUncached
 .text.swiWaitForVBlank
                0x000000000200b958        0x8 D:/devkitPro/libnds/lib\libnds9.a(IntrWait.o)
                0x000000000200b958                swiWaitForVBlank
 .text.swiIntrWait
                0x000000000200b960       0x70 D:/devkitPro/libnds/lib\libnds9.a(IntrWait.o)
                0x000000000200b960                swiIntrWait
 .text.setCpuClock
                0x000000000200b9d0       0x50 D:/devkitPro/libnds/lib\libnds9.a(cpu_clock.o)
                0x000000000200b9d0                setCpuClock
 .text.swiDelay
                0x000000000200ba20        0x4 D:/devkitPro/libnds/lib\libnds9.a(biosCalls.o)
                0x000000000200ba20                swiDelay
 .text.swiCopy  0x000000000200ba24        0x4 D:/devkitPro/libnds/lib\libnds9.a(biosCalls.o)
                0x000000000200ba24                swiCopy
 .text.swiSoftReset
                0x000000000200ba28       0x2c D:/devkitPro/libnds/lib\libnds9.a(swiSoftReset.o)
                0x000000000200ba28                swiSoftReset
 .text.checkIfText
                0x000000000200ba54       0x5c D:/devkitPro/libnds/lib\libnds9.a(background.o)
                0x000000000200ba54                checkIfText
 .text.bgUpdate
                0x000000000200bab0       0xf4 D:/devkitPro/libnds/lib\libnds9.a(background.o)
                0x000000000200bab0                bgUpdate
 .text.bgInit_call
                0x000000000200bba4       0xc4 D:/devkitPro/libnds/lib\libnds9.a(background.o)
                0x000000000200bba4                bgInit_call
 .text.bgInitSub_call
                0x000000000200bc68       0xcc D:/devkitPro/libnds/lib\libnds9.a(background.o)
                0x000000000200bc68                bgInitSub_call
 .text.__muldi3
                0x000000000200bd34       0x18 d:/devkitpro/devkitarm/bin/../lib/gcc/arm-none-eabi/12.2.0\libgcc.a(_muldi3.o)
                0x000000000200bd34                __muldi3
                0x000000000200bd34                __aeabi_lmul
 .text.calloc   0x000000000200bd4c       0x24 d:/devkitpro/devkitarm/bin/../lib/gcc/arm-none-eabi/12.2.0/../../../../arm-none-eabi/lib\libg.a(lib_a-calloc.o)
                0x000000000200bd4c                calloc
 .text._calloc_r
                0x000000000200bd70       0xd0 d:/devkitpro/devkitarm/bin/../lib/gcc/arm-none-eabi/12.2.0/../../../../arm-none-eabi/lib\libg.a(lib_a-callocr.o)
                0x000000000200bd70                _calloc_r
 .text.__errno  0x000000000200be40       0x10 d:/devkitpro/devkitarm/bin/../lib/gcc/arm-none-eabi/12.2.0/../../../../arm-none-eabi/lib\libg.a(lib_a-errno.o)
                0x000000000200be40                __errno
 .text._fclose_r
                0x000000000200be50      0x164 d:/devkitpro/devkitarm/bin/../lib/gcc/arm-none-eabi/12.2.0/../../../../arm-none-eabi/lib\libg.a(lib_a-fclose.o)
                0x000000000200be50                _fclose_r
 .text.fclose   0x000000000200bfb4       0x18 d:/devkitpro/devkitarm/bin/../lib/gcc/arm-none-eabi/12.2.0/../../../../arm-none-eabi/lib\libg.a(lib_a-fclose.o)
                0x000000000200bfb4                fclose
 .text.__sflush_r
                0x000000000200bfcc      0x250 d:/devkitpro/devkitarm/bin/../lib/gcc/arm-none-eabi/12.2.0/../../../../arm-none-eabi/lib\libg.a(lib_a-fflush.o)
                0x000000000200bfcc                __sflush_r
 .text._fflush_r
                0x000000000200c21c       0x9c d:/devkitpro/devkitarm/bin/../lib/gcc/arm-none-eabi/12.2.0/../../../../arm-none-eabi/lib\libg.a(lib_a-fflush.o)
                0x000000000200c21c                _fflush_r
 .text.fflush   0x000000000200c2b8       0x3c d:/devkitpro/devkitarm/bin/../lib/gcc/arm-none-eabi/12.2.0/../../../../arm-none-eabi/lib\libg.a(lib_a-fflush.o)
                0x000000000200c2b8                fflush
 .text._cleanup_r
                0x000000000200c2f4       0x18 d:/devkitpro/devkitarm/bin/../lib/gcc/arm-none-eabi/12.2.0/../../../../arm-none-eabi/lib\libg.a(lib_a-findfp.o)
                0x000000000200c2f4                _cleanup_r
 .text.__sinit  0x000000000200c30c      0x18c d:/devkitpro/devkitarm/bin/../lib/gcc/arm-none-eabi/12.2.0/../../../../arm-none-eabi/lib\libg.a(lib_a-findfp.o)
                0x000000000200c30c                __sinit
 .text.__sfp    0x000000000200c498      0x138 d:/devkitpro/devkitarm/bin/../lib/gcc/arm-none-eabi/12.2.0/../../../../arm-none-eabi/lib\libg.a(lib_a-findfp.o)
                0x000000000200c498                __sfp
 .text.__sfp_lock_acquire
                0x000000000200c5d0       0x18 d:/devkitpro/devkitarm/bin/../lib/gcc/arm-none-eabi/12.2.0/../../../../arm-none-eabi/lib\libg.a(lib_a-findfp.o)
                0x000000000200c5d0                __sfp_lock_acquire
 .text.__sfp_lock_release
                0x000000000200c5e8       0x18 d:/devkitpro/devkitarm/bin/../lib/gcc/arm-none-eabi/12.2.0/../../../../arm-none-eabi/lib\libg.a(lib_a-findfp.o)
                0x000000000200c5e8                __sfp_lock_release
 .text._fopen_r
                0x000000000200c600      0x140 d:/devkitpro/devkitarm/bin/../lib/gcc/arm-none-eabi/12.2.0/../../../../arm-none-eabi/lib\libg.a(lib_a-fopen.o)
                0x000000000200c600                _fopen_r
 .text.fopen    0x000000000200c740       0x20 d:/devkitpro/devkitarm/bin/../lib/gcc/arm-none-eabi/12.2.0/../../../../arm-none-eabi/lib\libg.a(lib_a-fopen.o)
                0x000000000200c740                fopen
 .text._fread_r
                0x000000000200c760      0x2d8 d:/devkitpro/devkitarm/bin/../lib/gcc/arm-none-eabi/12.2.0/../../../../arm-none-eabi/lib\libg.a(lib_a-fread.o)
                0x000000000200c760                _fread_r
 .text.fread    0x000000000200ca38       0x3c d:/devkitpro/devkitarm/bin/../lib/gcc/arm-none-eabi/12.2.0/../../../../arm-none-eabi/lib\libg.a(lib_a-fread.o)
                0x000000000200ca38                fread
 .text._malloc_trim_r
                0x000000000200ca74      0x100 d:/devkitpro/devkitarm/bin/../lib/gcc/arm-none-eabi/12.2.0/../../../../arm-none-eabi/lib\libg.a(lib_a-freer.o)
                0x000000000200ca74                _malloc_trim_r
 .text._free_r  0x000000000200cb74      0x2e8 d:/devkitpro/devkitarm/bin/../lib/gcc/arm-none-eabi/12.2.0/../../../../arm-none-eabi/lib\libg.a(lib_a-freer.o)
                0x000000000200cb74                _free_r
 .text._fseek_r
                0x000000000200ce5c       0x20 d:/devkitpro/devkitarm/bin/../lib/gcc/arm-none-eabi/12.2.0/../../../../arm-none-eabi/lib\libg.a(lib_a-fseek.o)
                0x000000000200ce5c                _fseek_r
 .text.fseek    0x000000000200ce7c       0x38 d:/devkitpro/devkitarm/bin/../lib/gcc/arm-none-eabi/12.2.0/../../../../arm-none-eabi/lib\libg.a(lib_a-fseek.o)
                0x000000000200ce7c                fseek
 .text._fseeko_r
                0x000000000200ceb4      0x5a0 d:/devkitpro/devkitarm/bin/../lib/gcc/arm-none-eabi/12.2.0/../../../../arm-none-eabi/lib\libg.a(lib_a-fseeko.o)
                0x000000000200ceb4                _fseeko_r
 .text.ftell    0x000000000200d454       0x30 d:/devkitpro/devkitarm/bin/../lib/gcc/arm-none-eabi/12.2.0/../../../../arm-none-eabi/lib\libg.a(lib_a-ftell.o)
                0x000000000200d454                ftell
 .text._ftello_r
                0x000000000200d484      0x1c0 d:/devkitpro/devkitarm/bin/../lib/gcc/arm-none-eabi/12.2.0/../../../../arm-none-eabi/lib\libg.a(lib_a-ftello.o)
                0x000000000200d484                _ftello_r
 .text._fwalk   0x000000000200d644       0x70 d:/devkitpro/devkitarm/bin/../lib/gcc/arm-none-eabi/12.2.0/../../../../arm-none-eabi/lib\libg.a(lib_a-fwalk.o)
                0x000000000200d644                _fwalk
 .text._fwalk_reent
                0x000000000200d6b4       0x78 d:/devkitpro/devkitarm/bin/../lib/gcc/arm-none-eabi/12.2.0/../../../../arm-none-eabi/lib\libg.a(lib_a-fwalk.o)
                0x000000000200d6b4                _fwalk_reent
 .text._fwrite_r
                0x000000000200d72c       0xf4 d:/devkitpro/devkitarm/bin/../lib/gcc/arm-none-eabi/12.2.0/../../../../arm-none-eabi/lib\libg.a(lib_a-fwrite.o)
                0x000000000200d72c                _fwrite_r
 .text.fwrite   0x000000000200d820       0x3c d:/devkitpro/devkitarm/bin/../lib/gcc/arm-none-eabi/12.2.0/../../../../arm-none-eabi/lib\libg.a(lib_a-fwrite.o)
                0x000000000200d820                fwrite
 .text.gmtime   0x000000000200d85c       0x24 d:/devkitpro/devkitarm/bin/../lib/gcc/arm-none-eabi/12.2.0/../../../../arm-none-eabi/lib\libg.a(lib_a-gmtime.o)
                0x000000000200d85c                gmtime
 .text.gmtime_r
                0x000000000200d880      0x26c d:/devkitpro/devkitarm/bin/../lib/gcc/arm-none-eabi/12.2.0/../../../../arm-none-eabi/lib\libg.a(lib_a-gmtime_r.o)
                0x000000000200d880                gmtime_r
 .text.__libc_init_array
                0x000000000200daec       0x90 d:/devkitpro/devkitarm/bin/../lib/gcc/arm-none-eabi/12.2.0/../../../../arm-none-eabi/lib\libg.a(lib_a-init.o)
                0x000000000200daec                __libc_init_array
 .text.iprintf  0x000000000200db7c       0x34 d:/devkitpro/devkitarm/bin/../lib/gcc/arm-none-eabi/12.2.0/../../../../arm-none-eabi/lib\libg.a(lib_a-iprintf.o)
                0x000000000200db7c                iprintf
 .text.__smakebuf_r
                0x000000000200dbb0      0x144 d:/devkitpro/devkitarm/bin/../lib/gcc/arm-none-eabi/12.2.0/../../../../arm-none-eabi/lib\libg.a(lib_a-makebuf.o)
                0x000000000200dbb0                __smakebuf_r
 .text.__swhatbuf_r
                0x000000000200dcf4       0x80 d:/devkitpro/devkitarm/bin/../lib/gcc/arm-none-eabi/12.2.0/../../../../arm-none-eabi/lib\libg.a(lib_a-makebuf.o)
                0x000000000200dcf4                __swhatbuf_r
 .text.malloc   0x000000000200dd74       0x1c d:/devkitpro/devkitarm/bin/../lib/gcc/arm-none-eabi/12.2.0/../../../../arm-none-eabi/lib\libg.a(lib_a-malloc.o)
                0x000000000200dd74                malloc
 .text.free     0x000000000200dd90       0x1c d:/devkitpro/devkitarm/bin/../lib/gcc/arm-none-eabi/12.2.0/../../../../arm-none-eabi/lib\libg.a(lib_a-malloc.o)
                0x000000000200dd90                free
 .text._malloc_r
                0x000000000200ddac      0x7f0 d:/devkitpro/devkitarm/bin/../lib/gcc/arm-none-eabi/12.2.0/../../../../arm-none-eabi/lib\libg.a(lib_a-mallocr.o)
                0x000000000200ddac                _malloc_r
 .text.memcpy   0x000000000200e59c      0x114 d:/devkitpro/devkitarm/bin/../lib/gcc/arm-none-eabi/12.2.0/../../../../arm-none-eabi/lib\libg.a(lib_a-memcpy-stub.o)
                0x000000000200e59c                memcpy
 .text.memset   0x000000000200e6b0       0xfc d:/devkitpro/devkitarm/bin/../lib/gcc/arm-none-eabi/12.2.0/../../../../arm-none-eabi/lib\libg.a(lib_a-memset.o)
                0x000000000200e6b0                memset
 .text.__malloc_lock
                0x000000000200e7ac       0x18 d:/devkitpro/devkitarm/bin/../lib/gcc/arm-none-eabi/12.2.0/../../../../arm-none-eabi/lib\libg.a(lib_a-mlock.o)
                0x000000000200e7ac                __malloc_lock
 .text.__malloc_unlock
                0x000000000200e7c4       0x18 d:/devkitpro/devkitarm/bin/../lib/gcc/arm-none-eabi/12.2.0/../../../../arm-none-eabi/lib\libg.a(lib_a-mlock.o)
                0x000000000200e7c4                __malloc_unlock
 .text.printf   0x000000000200e7dc       0x34 d:/devkitpro/devkitarm/bin/../lib/gcc/arm-none-eabi/12.2.0/../../../../arm-none-eabi/lib\libg.a(lib_a-printf.o)
                0x000000000200e7dc                printf
 .text.rand     0x000000000200e810       0x48 d:/devkitpro/devkitarm/bin/../lib/gcc/arm-none-eabi/12.2.0/../../../../arm-none-eabi/lib\libg.a(lib_a-rand.o)
                0x000000000200e810                rand
 .text.lflush   0x000000000200e858       0x28 d:/devkitpro/devkitarm/bin/../lib/gcc/arm-none-eabi/12.2.0/../../../../arm-none-eabi/lib\libg.a(lib_a-refill.o)
 .text.__srefill_r
                0x000000000200e880      0x198 d:/devkitpro/devkitarm/bin/../lib/gcc/arm-none-eabi/12.2.0/../../../../arm-none-eabi/lib\libg.a(lib_a-refill.o)
                0x000000000200e880                __srefill_r
 .text.rewind   0x000000000200ea18       0x30 d:/devkitpro/devkitarm/bin/../lib/gcc/arm-none-eabi/12.2.0/../../../../arm-none-eabi/lib\libg.a(lib_a-rewind.o)
                0x000000000200ea18                rewind
 .text.setvbuf  0x000000000200ea48      0x25c d:/devkitpro/devkitarm/bin/../lib/gcc/arm-none-eabi/12.2.0/../../../../arm-none-eabi/lib\libg.a(lib_a-setvbuf.o)
                0x000000000200ea48                setvbuf
 .text.siscanf  0x000000000200eca4       0x74 d:/devkitpro/devkitarm/bin/../lib/gcc/arm-none-eabi/12.2.0/../../../../arm-none-eabi/lib\libg.a(lib_a-siscanf.o)
                0x000000000200eca4                siscanf
 .text.__sread  0x000000000200ed18       0x4c d:/devkitpro/devkitarm/bin/../lib/gcc/arm-none-eabi/12.2.0/../../../../arm-none-eabi/lib\libg.a(lib_a-stdio.o)
                0x000000000200ed18                __sread
 .text.__seofread
                0x000000000200ed64        0x8 d:/devkitpro/devkitarm/bin/../lib/gcc/arm-none-eabi/12.2.0/../../../../arm-none-eabi/lib\libg.a(lib_a-stdio.o)
                0x000000000200ed64                __seofread
 .text.__swrite
                0x000000000200ed6c       0x6c d:/devkitpro/devkitarm/bin/../lib/gcc/arm-none-eabi/12.2.0/../../../../arm-none-eabi/lib\libg.a(lib_a-stdio.o)
                0x000000000200ed6c                __swrite
 .text.__sseek  0x000000000200edd8       0x48 d:/devkitpro/devkitarm/bin/../lib/gcc/arm-none-eabi/12.2.0/../../../../arm-none-eabi/lib\libg.a(lib_a-stdio.o)
                0x000000000200edd8                __sseek
 .text.__sclose
                0x000000000200ee20       0x14 d:/devkitpro/devkitarm/bin/../lib/gcc/arm-none-eabi/12.2.0/../../../../arm-none-eabi/lib\libg.a(lib_a-stdio.o)
                0x000000000200ee20                __sclose
 .text.strlen   0x000000000200ee34       0x60 d:/devkitpro/devkitarm/bin/../lib/gcc/arm-none-eabi/12.2.0/../../../../arm-none-eabi/lib\libg.a(lib_a-strlen-stub.o)
                0x000000000200ee34                strlen
 .text.get_arg  0x000000000200ee94       0x54 d:/devkitpro/devkitarm/bin/../lib/gcc/arm-none-eabi/12.2.0/../../../../arm-none-eabi/lib\libg.a(lib_a-svfiscanf.o)
 .text._sungetc_r
                0x000000000200eee8       0xdc d:/devkitpro/devkitarm/bin/../lib/gcc/arm-none-eabi/12.2.0/../../../../arm-none-eabi/lib\libg.a(lib_a-svfiscanf.o)
                0x000000000200eee8                _sungetc_r
 .text.__ssrefill_r
                0x000000000200efc4       0x68 d:/devkitpro/devkitarm/bin/../lib/gcc/arm-none-eabi/12.2.0/../../../../arm-none-eabi/lib\libg.a(lib_a-svfiscanf.o)
                0x000000000200efc4                __ssrefill_r
 .text._sfread_r
                0x000000000200f02c       0xc8 d:/devkitpro/devkitarm/bin/../lib/gcc/arm-none-eabi/12.2.0/../../../../arm-none-eabi/lib\libg.a(lib_a-svfiscanf.o)
                0x000000000200f02c                _sfread_r
 .text.__ssvfiscanf_r
                0x000000000200f0f4     0x2338 d:/devkitpro/devkitarm/bin/../lib/gcc/arm-none-eabi/12.2.0/../../../../arm-none-eabi/lib\libg.a(lib_a-svfiscanf.o)
                0x000000000200f0f4                __ssvfiscanf_r
 .text.time     0x000000000201142c       0x40 d:/devkitpro/devkitarm/bin/../lib/gcc/arm-none-eabi/12.2.0/../../../../arm-none-eabi/lib\libg.a(lib_a-time.o)
                0x000000000201142c                time
 .text.__submore
                0x000000000201146c       0xa8 d:/devkitpro/devkitarm/bin/../lib/gcc/arm-none-eabi/12.2.0/../../../../arm-none-eabi/lib\libg.a(lib_a-ungetc.o)
                0x000000000201146c                __submore
 .text.get_arg  0x0000000002011514      0x674 d:/devkitpro/devkitarm/bin/../lib/gcc/arm-none-eabi/12.2.0/../../../../arm-none-eabi/lib\libg.a(lib_a-vfiprintf.o)
 .text.__sprint_r
                0x0000000002011b88       0x34 d:/devkitpro/devkitarm/bin/../lib/gcc/arm-none-eabi/12.2.0/../../../../arm-none-eabi/lib\libg.a(lib_a-vfiprintf.o)
                0x0000000002011b88                __sprint_r
 .text._vfiprintf_r
                0x0000000002011bbc     0x2320 d:/devkitpro/devkitarm/bin/../lib/gcc/arm-none-eabi/12.2.0/../../../../arm-none-eabi/lib\libg.a(lib_a-vfiprintf.o)
                0x0000000002011bbc                _vfiprintf_r
 .text.__sbprintf
                0x0000000002013edc       0xd4 d:/devkitpro/devkitarm/bin/../lib/gcc/arm-none-eabi/12.2.0/../../../../arm-none-eabi/lib\libg.a(lib_a-vfiprintf.o)
 .text.get_arg  0x0000000002013fb0      0x674 d:/devkitpro/devkitarm/bin/../lib/gcc/arm-none-eabi/12.2.0/../../../../arm-none-eabi/lib\libg.a(lib_a-vfprintf.o)
 .text._vfprintf_r
                0x0000000002014624     0x370c d:/devkitpro/devkitarm/bin/../lib/gcc/arm-none-eabi/12.2.0/../../../../arm-none-eabi/lib\libg.a(lib_a-vfprintf.o)
                0x0000000002014624                _vfprintf_r
 .text.__sbprintf
                0x0000000002017d30       0xd4 d:/devkitpro/devkitarm/bin/../lib/gcc/arm-none-eabi/12.2.0/../../../../arm-none-eabi/lib\libg.a(lib_a-vfprintf.o)
 .text.viprintf
                0x0000000002017e04       0x28 d:/devkitpro/devkitarm/bin/../lib/gcc/arm-none-eabi/12.2.0/../../../../arm-none-eabi/lib\libg.a(lib_a-viprintf.o)
                0x0000000002017e04                viprintf
 .text._wcrtomb_r
                0x0000000002017e2c       0x5c d:/devkitpro/devkitarm/bin/../lib/gcc/arm-none-eabi/12.2.0/../../../../arm-none-eabi/lib\libg.a(lib_a-wcrtomb.o)
                0x0000000002017e2c                _wcrtomb_r
 .text._wcsrtombs_r
                0x0000000002017e88       0x2c d:/devkitpro/devkitarm/bin/../lib/gcc/arm-none-eabi/12.2.0/../../../../arm-none-eabi/lib\libg.a(lib_a-wcsrtombs.o)
                0x0000000002017e88                _wcsrtombs_r
 .text.__swsetup_r
                0x0000000002017eb4      0x148 d:/devkitpro/devkitarm/bin/../lib/gcc/arm-none-eabi/12.2.0/../../../../arm-none-eabi/lib\libg.a(lib_a-wsetup.o)
                0x0000000002017eb4                __swsetup_r
 .text.quorem   0x0000000002017ffc      0x1d0 d:/devkitpro/devkitarm/bin/../lib/gcc/arm-none-eabi/12.2.0/../../../../arm-none-eabi/lib\libg.a(lib_a-dtoa.o)
 *fill*         0x00000000020181cc        0x4 ff
 .text._dtoa_r  0x00000000020181d0     0x1658 d:/devkitpro/devkitarm/bin/../lib/gcc/arm-none-eabi/12.2.0/../../../../arm-none-eabi/lib\libg.a(lib_a-dtoa.o)
                0x00000000020181d0                _dtoa_r
 .text.__sflags
                0x0000000002019828       0xd0 d:/devkitpro/devkitarm/bin/../lib/gcc/arm-none-eabi/12.2.0/../../../../arm-none-eabi/lib\libg.a(lib_a-flags.o)
                0x0000000002019828                __sflags
 .text.__sfvwrite_r
                0x00000000020198f8      0x4c8 d:/devkitpro/devkitarm/bin/../lib/gcc/arm-none-eabi/12.2.0/../../../../arm-none-eabi/lib\libg.a(lib_a-fvwrite.o)
                0x00000000020198f8                __sfvwrite_r
 .text.iswspace
                0x0000000002019dc0       0x14 d:/devkitpro/devkitarm/bin/../lib/gcc/arm-none-eabi/12.2.0/../../../../arm-none-eabi/lib\libg.a(lib_a-iswspace.o)
                0x0000000002019dc0                iswspace
 .text._localeconv_r
                0x0000000002019dd4        0xc d:/devkitpro/devkitarm/bin/../lib/gcc/arm-none-eabi/12.2.0/../../../../arm-none-eabi/lib\libg.a(lib_a-localeconv.o)
                0x0000000002019dd4                _localeconv_r
 .text.__locale_mb_cur_max
                0x0000000002019de0       0x10 d:/devkitpro/devkitarm/bin/../lib/gcc/arm-none-eabi/12.2.0/../../../../arm-none-eabi/lib\libg.a(lib_a-locale.o)
                0x0000000002019de0                __locale_mb_cur_max
 .text._mbrtowc_r
                0x0000000002019df0       0x70 d:/devkitpro/devkitarm/bin/../lib/gcc/arm-none-eabi/12.2.0/../../../../arm-none-eabi/lib\libg.a(lib_a-mbrtowc.o)
                0x0000000002019df0                _mbrtowc_r
 .text.__utf8_mbtowc
                0x0000000002019e60      0x308 d:/devkitpro/devkitarm/bin/../lib/gcc/arm-none-eabi/12.2.0/../../../../arm-none-eabi/lib\libg.a(lib_a-mbtowc_r.o)
                0x0000000002019e60                __utf8_mbtowc
 .text.memchr   0x000000000201a168       0xf4 d:/devkitpro/devkitarm/bin/../lib/gcc/arm-none-eabi/12.2.0/../../../../arm-none-eabi/lib\libg.a(lib_a-memchr-stub.o)
                0x000000000201a168                memchr
 .text.memmove  0x000000000201a25c      0x154 d:/devkitpro/devkitarm/bin/../lib/gcc/arm-none-eabi/12.2.0/../../../../arm-none-eabi/lib\libg.a(lib_a-memmove.o)
                0x000000000201a25c                memmove
 .text._Balloc  0x000000000201a3b0       0x8c d:/devkitpro/devkitarm/bin/../lib/gcc/arm-none-eabi/12.2.0/../../../../arm-none-eabi/lib\libg.a(lib_a-mprec.o)
                0x000000000201a3b0                _Balloc
 .text._Bfree   0x000000000201a43c       0x1c d:/devkitpro/devkitarm/bin/../lib/gcc/arm-none-eabi/12.2.0/../../../../arm-none-eabi/lib\libg.a(lib_a-mprec.o)
                0x000000000201a43c                _Bfree
 .text.__multadd
                0x000000000201a458      0x100 d:/devkitpro/devkitarm/bin/../lib/gcc/arm-none-eabi/12.2.0/../../../../arm-none-eabi/lib\libg.a(lib_a-mprec.o)
                0x000000000201a458                __multadd
 .text.__hi0bits
                0x000000000201a558       0x60 d:/devkitpro/devkitarm/bin/../lib/gcc/arm-none-eabi/12.2.0/../../../../arm-none-eabi/lib\libg.a(lib_a-mprec.o)
                0x000000000201a558                __hi0bits
 .text.__lo0bits
                0x000000000201a5b8       0xa0 d:/devkitpro/devkitarm/bin/../lib/gcc/arm-none-eabi/12.2.0/../../../../arm-none-eabi/lib\libg.a(lib_a-mprec.o)
                0x000000000201a5b8                __lo0bits
 .text.__i2b    0x000000000201a658       0xa8 d:/devkitpro/devkitarm/bin/../lib/gcc/arm-none-eabi/12.2.0/../../../../arm-none-eabi/lib\libg.a(lib_a-mprec.o)
                0x000000000201a658                __i2b
 .text.__multiply
                0x000000000201a700      0x218 d:/devkitpro/devkitarm/bin/../lib/gcc/arm-none-eabi/12.2.0/../../../../arm-none-eabi/lib\libg.a(lib_a-mprec.o)
                0x000000000201a700                __multiply
 .text.__pow5mult
                0x000000000201a918      0x128 d:/devkitpro/devkitarm/bin/../lib/gcc/arm-none-eabi/12.2.0/../../../../arm-none-eabi/lib\libg.a(lib_a-mprec.o)
                0x000000000201a918                __pow5mult
 .text.__lshift
                0x000000000201aa40      0x144 d:/devkitpro/devkitarm/bin/../lib/gcc/arm-none-eabi/12.2.0/../../../../arm-none-eabi/lib\libg.a(lib_a-mprec.o)
                0x000000000201aa40                __lshift
 .text.__mcmp   0x000000000201ab84       0x54 d:/devkitpro/devkitarm/bin/../lib/gcc/arm-none-eabi/12.2.0/../../../../arm-none-eabi/lib\libg.a(lib_a-mprec.o)
                0x000000000201ab84                __mcmp
 .text.__mdiff  0x000000000201abd8      0x204 d:/devkitpro/devkitarm/bin/../lib/gcc/arm-none-eabi/12.2.0/../../../../arm-none-eabi/lib\libg.a(lib_a-mprec.o)
                0x000000000201abd8                __mdiff
 .text.__d2b    0x000000000201addc      0x128 d:/devkitpro/devkitarm/bin/../lib/gcc/arm-none-eabi/12.2.0/../../../../arm-none-eabi/lib\libg.a(lib_a-mprec.o)
                0x000000000201addc                __d2b
 .text.realloc  0x000000000201af04       0x24 d:/devkitpro/devkitarm/bin/../lib/gcc/arm-none-eabi/12.2.0/../../../../arm-none-eabi/lib\libg.a(lib_a-realloc.o)
                0x000000000201af04                realloc
 .text._realloc_r
                0x000000000201af28      0x4b8 d:/devkitpro/devkitarm/bin/../lib/gcc/arm-none-eabi/12.2.0/../../../../arm-none-eabi/lib\libg.a(lib_a-reallocr.o)
                0x000000000201af28                _realloc_r
 .text.__sccl   0x000000000201b3e0       0xe4 d:/devkitpro/devkitarm/bin/../lib/gcc/arm-none-eabi/12.2.0/../../../../arm-none-eabi/lib\libg.a(lib_a-sccl.o)
                0x000000000201b3e0                __sccl
 .text.frexp    0x000000000201b4c4       0xa4 d:/devkitpro/devkitarm/bin/../lib/gcc/arm-none-eabi/12.2.0/../../../../arm-none-eabi/lib\libg.a(lib_a-s_frexp.o)
                0x000000000201b4c4                frexp
 .text.strchr   0x000000000201b568      0x13c d:/devkitpro/devkitarm/bin/../lib/gcc/arm-none-eabi/12.2.0/../../../../arm-none-eabi/lib\libg.a(lib_a-strchr.o)
                0x000000000201b568                strchr
 .text.strncpy  0x000000000201b6a4       0xd0 d:/devkitpro/devkitarm/bin/../lib/gcc/arm-none-eabi/12.2.0/../../../../arm-none-eabi/lib\libg.a(lib_a-strncpy.o)
                0x000000000201b6a4                strncpy
 .text._strtoll_l.constprop.0
                0x000000000201b774      0x234 d:/devkitpro/devkitarm/bin/../lib/gcc/arm-none-eabi/12.2.0/../../../../arm-none-eabi/lib\libg.a(lib_a-strtoll.o)
 .text._strtoll_r
                0x000000000201b9a8        0x4 d:/devkitpro/devkitarm/bin/../lib/gcc/arm-none-eabi/12.2.0/../../../../arm-none-eabi/lib\libg.a(lib_a-strtoll.o)
                0x000000000201b9a8                _strtoll_r
 .text._strtol_l.part.0
                0x000000000201b9ac      0x1a8 d:/devkitpro/devkitarm/bin/../lib/gcc/arm-none-eabi/12.2.0/../../../../arm-none-eabi/lib\libg.a(lib_a-strtol.o)
 .text._strtol_r
                0x000000000201bb54       0x3c d:/devkitpro/devkitarm/bin/../lib/gcc/arm-none-eabi/12.2.0/../../../../arm-none-eabi/lib\libg.a(lib_a-strtol.o)
                0x000000000201bb54                _strtol_r
 .text._strtoull_l.constprop.0
                0x000000000201bb90      0x248 d:/devkitpro/devkitarm/bin/../lib/gcc/arm-none-eabi/12.2.0/../../../../arm-none-eabi/lib\libg.a(lib_a-strtoull.o)
 .text._strtoull_r
                0x000000000201bdd8        0x4 d:/devkitpro/devkitarm/bin/../lib/gcc/arm-none-eabi/12.2.0/../../../../arm-none-eabi/lib\libg.a(lib_a-strtoull.o)
                0x000000000201bdd8                _strtoull_r
 .text._strtoul_l.constprop.0
                0x000000000201bddc      0x1c8 d:/devkitpro/devkitarm/bin/../lib/gcc/arm-none-eabi/12.2.0/../../../../arm-none-eabi/lib\libg.a(lib_a-strtoul.o)
 .text._strtoul_r
                0x000000000201bfa4        0x4 d:/devkitpro/devkitarm/bin/../lib/gcc/arm-none-eabi/12.2.0/../../../../arm-none-eabi/lib\libg.a(lib_a-strtoul.o)
                0x000000000201bfa4                _strtoul_r
 .text._wcsnrtombs_l
                0x000000000201bfa8      0x198 d:/devkitpro/devkitarm/bin/../lib/gcc/arm-none-eabi/12.2.0/../../../../arm-none-eabi/lib\libg.a(lib_a-wcsnrtombs.o)
                0x000000000201bfa8                _wcsnrtombs_l
 .text._wcsnrtombs_r
                0x000000000201c140       0x50 d:/devkitpro/devkitarm/bin/../lib/gcc/arm-none-eabi/12.2.0/../../../../arm-none-eabi/lib\libg.a(lib_a-wcsnrtombs.o)
                0x000000000201c140                _wcsnrtombs_r
 .text.__utf8_wctomb
                0x000000000201c190       0xf4 d:/devkitpro/devkitarm/bin/../lib/gcc/arm-none-eabi/12.2.0/../../../../arm-none-eabi/lib\libg.a(lib_a-wctomb_r.o)
                0x000000000201c190                __utf8_wctomb
 .text.__assert_func
                0x000000000201c284       0x5c d:/devkitpro/devkitarm/bin/../lib/gcc/arm-none-eabi/12.2.0/../../../../arm-none-eabi/lib\libg.a(lib_a-assert.o)
                0x000000000201c284                __assert_func
 .text.fiprintf
                0x000000000201c2e0       0x3c d:/devkitpro/devkitarm/bin/../lib/gcc/arm-none-eabi/12.2.0/../../../../arm-none-eabi/lib\libg.a(lib_a-fiprintf.o)
                0x000000000201c2e0                fiprintf
 .text.iswspace_l
                0x000000000201c31c       0x44 d:/devkitpro/devkitarm/bin/../lib/gcc/arm-none-eabi/12.2.0/../../../../arm-none-eabi/lib\libg.a(lib_a-iswspace_l.o)
                0x000000000201c31c                iswspace_l
 .text.__jp2uc  0x000000000201c360      0x1e8 d:/devkitpro/devkitarm/bin/../lib/gcc/arm-none-eabi/12.2.0/../../../../arm-none-eabi/lib\libg.a(lib_a-jp2uc.o)
 .text._jp2uc_l
                0x000000000201c548       0x94 d:/devkitpro/devkitarm/bin/../lib/gcc/arm-none-eabi/12.2.0/../../../../arm-none-eabi/lib\libg.a(lib_a-jp2uc.o)
                0x000000000201c548                _jp2uc_l
 .text.strncmp  0x000000000201c5dc       0xec d:/devkitpro/devkitarm/bin/../lib/gcc/arm-none-eabi/12.2.0/../../../../arm-none-eabi/lib\libg.a(lib_a-strncmp.o)
                0x000000000201c5dc                strncmp
 .text.abort    0x000000000201c6c8       0x14 d:/devkitpro/devkitarm/bin/../lib/gcc/arm-none-eabi/12.2.0/../../../../arm-none-eabi/lib\libg.a(lib_a-abort.o)
                0x000000000201c6c8                abort
 .text.category
                0x000000000201c6dc       0x94 d:/devkitpro/devkitarm/bin/../lib/gcc/arm-none-eabi/12.2.0/../../../../arm-none-eabi/lib\libg.a(lib_a-categories.o)
                0x000000000201c6dc                category
 .text._raise_r
                0x000000000201c770       0x94 d:/devkitpro/devkitarm/bin/../lib/gcc/arm-none-eabi/12.2.0/../../../../arm-none-eabi/lib\libg.a(lib_a-signal.o)
                0x000000000201c770                _raise_r
 .text.raise    0x000000000201c804       0x18 d:/devkitpro/devkitarm/bin/../lib/gcc/arm-none-eabi/12.2.0/../../../../arm-none-eabi/lib\libg.a(lib_a-signal.o)
                0x000000000201c804                raise
 .text.null_write
                0x000000000201c81c        0x8 d:/devkitpro/devkitarm/bin/../lib/gcc/arm-none-eabi/12.2.0/../../../../arm-none-eabi/lib\libsysbase.a(iosupport.o)
 .text.FindDevice
                0x000000000201c824       0xd4 d:/devkitpro/devkitarm/bin/../lib/gcc/arm-none-eabi/12.2.0/../../../../arm-none-eabi/lib\libsysbase.a(iosupport.o)
                0x000000000201c824                FindDevice
 .text._fstat_r
                0x000000000201c8f8       0x7c d:/devkitpro/devkitarm/bin/../lib/gcc/arm-none-eabi/12.2.0/../../../../arm-none-eabi/lib\libsysbase.a(fstat.o)
                0x000000000201c8f8                _fstat_r
 .text._getpid_r
                0x000000000201c974       0x14 d:/devkitpro/devkitarm/bin/../lib/gcc/arm-none-eabi/12.2.0/../../../../arm-none-eabi/lib\libsysbase.a(getpid.o)
                0x000000000201c974                _getpid_r
 .text._gettimeofday_r
                0x000000000201c988       0x34 d:/devkitpro/devkitarm/bin/../lib/gcc/arm-none-eabi/12.2.0/../../../../arm-none-eabi/lib\libsysbase.a(gettod.o)
                0x000000000201c988                _gettimeofday_r
 .text._isatty_r
                0x000000000201c9bc        0x8 d:/devkitpro/devkitarm/bin/../lib/gcc/arm-none-eabi/12.2.0/../../../../arm-none-eabi/lib\libsysbase.a(isatty.o)
                0x000000000201c9bc                _isatty_r
 .text._kill_r  0x000000000201c9c4       0x14 d:/devkitpro/devkitarm/bin/../lib/gcc/arm-none-eabi/12.2.0/../../../../arm-none-eabi/lib\libsysbase.a(kill.o)
                0x000000000201c9c4                _kill_r
 .text._lseek_r
                0x000000000201c9d8       0x88 d:/devkitpro/devkitarm/bin/../lib/gcc/arm-none-eabi/12.2.0/../../../../arm-none-eabi/lib\libsysbase.a(lseek.o)
                0x000000000201c9d8                _lseek_r
 .text._open_r  0x000000000201ca60       0xc8 d:/devkitpro/devkitarm/bin/../lib/gcc/arm-none-eabi/12.2.0/../../../../arm-none-eabi/lib\libsysbase.a(open.o)
                0x000000000201ca60                _open_r
 .text._read_r  0x000000000201cb28       0x84 d:/devkitpro/devkitarm/bin/../lib/gcc/arm-none-eabi/12.2.0/../../../../arm-none-eabi/lib\libsysbase.a(read.o)
                0x000000000201cb28                _read_r
 .text._sbrk_r  0x000000000201cbac       0x7c d:/devkitpro/devkitarm/bin/../lib/gcc/arm-none-eabi/12.2.0/../../../../arm-none-eabi/lib\libsysbase.a(sbrk.o)
                0x000000000201cbac                _sbrk_r
 .text._write_r
                0x000000000201cc28       0x84 d:/devkitpro/devkitarm/bin/../lib/gcc/arm-none-eabi/12.2.0/../../../../arm-none-eabi/lib\libsysbase.a(write.o)
                0x000000000201cc28                _write_r
 .text._exit    0x000000000201ccac       0x20 d:/devkitpro/devkitarm/bin/../lib/gcc/arm-none-eabi/12.2.0/../../../../arm-none-eabi/lib\libsysbase.a(_exit.o)
                0x000000000201ccac                _exit
 .text.build_argv
                0x000000000201cccc       0x80 d:/devkitpro/devkitarm/bin/../lib/gcc/arm-none-eabi/12.2.0/../../../../arm-none-eabi/lib\libsysbase.a(build_argv.o)
                0x000000000201cccc                build_argv
 .text.__flockfile
                0x000000000201cd4c       0x14 d:/devkitpro/devkitarm/bin/../lib/gcc/arm-none-eabi/12.2.0/../../../../arm-none-eabi/lib\libsysbase.a(flock.o)
                0x000000000201cd4c                __flockfile
 .text.__funlockfile
                0x000000000201cd60       0x14 d:/devkitpro/devkitarm/bin/../lib/gcc/arm-none-eabi/12.2.0/../../../../arm-none-eabi/lib\libsysbase.a(flock.o)
                0x000000000201cd60                __funlockfile
 .text.__release_handle
                0x000000000201cd74       0x90 d:/devkitpro/devkitarm/bin/../lib/gcc/arm-none-eabi/12.2.0/../../../../arm-none-eabi/lib\libsysbase.a(handle_manager.o)
                0x000000000201cd74                __release_handle
 .text.__alloc_handle
                0x000000000201ce04       0xb4 d:/devkitpro/devkitarm/bin/../lib/gcc/arm-none-eabi/12.2.0/../../../../arm-none-eabi/lib\libsysbase.a(handle_manager.o)
                0x000000000201ce04                __alloc_handle
 .text.__get_handle
                0x000000000201ceb8       0x40 d:/devkitpro/devkitarm/bin/../lib/gcc/arm-none-eabi/12.2.0/../../../../arm-none-eabi/lib\libsysbase.a(handle_manager.o)
                0x000000000201ceb8                __get_handle
 .text._close_r
                0x000000000201cef8       0xfc d:/devkitpro/devkitarm/bin/../lib/gcc/arm-none-eabi/12.2.0/../../../../arm-none-eabi/lib\libsysbase.a(handle_manager.o)
                0x000000000201cef8                _close_r
 .text.__getreent
                0x000000000201cff4       0x30 d:/devkitpro/devkitarm/bin/../lib/gcc/arm-none-eabi/12.2.0/../../../../arm-none-eabi/lib\libsysbase.a(getreent.o)
                0x000000000201cff4                __getreent
 .text.__libc_lock_acquire
                0x000000000201d024       0x20 d:/devkitpro/devkitarm/bin/../lib/gcc/arm-none-eabi/12.2.0/../../../../arm-none-eabi/lib\libsysbase.a(syscall_support.o)
                0x000000000201d024                __libc_lock_acquire
 .text.__libc_lock_release
                0x000000000201d044       0x20 d:/devkitpro/devkitarm/bin/../lib/gcc/arm-none-eabi/12.2.0/../../../../arm-none-eabi/lib\libsysbase.a(syscall_support.o)
                0x000000000201d044                __libc_lock_release
 .text.__libc_lock_init_recursive
                0x000000000201d064       0x20 d:/devkitpro/devkitarm/bin/../lib/gcc/arm-none-eabi/12.2.0/../../../../arm-none-eabi/lib\libsysbase.a(syscall_support.o)
                0x000000000201d064                __libc_lock_init_recursive
 .text.__libc_lock_acquire_recursive
                0x000000000201d084       0x20 d:/devkitpro/devkitarm/bin/../lib/gcc/arm-none-eabi/12.2.0/../../../../arm-none-eabi/lib\libsysbase.a(syscall_support.o)
                0x000000000201d084                __libc_lock_acquire_recursive
 .text.__libc_lock_release_recursive
                0x000000000201d0a4       0x20 d:/devkitpro/devkitarm/bin/../lib/gcc/arm-none-eabi/12.2.0/../../../../arm-none-eabi/lib\libsysbase.a(syscall_support.o)
                0x000000000201d0a4                __libc_lock_release_recursive
 .text.__libc_lock_close_recursive
                0x000000000201d0c4       0x20 d:/devkitpro/devkitarm/bin/../lib/gcc/arm-none-eabi/12.2.0/../../../../arm-none-eabi/lib\libsysbase.a(syscall_support.o)
                0x000000000201d0c4                __libc_lock_close_recursive
 .text.__udivmoddi4
                0x000000000201d0e4      0x128 d:/devkitpro/devkitarm/bin/../lib/gcc/arm-none-eabi/12.2.0\libgcc.a(_udivmoddi4.o)
                0x000000000201d0e4                __udivmoddi4
 *fill*         0x000000000201d20c        0x4 ff
 .text.__udivmoddi4.__stub
                0x000000000201d210      0x2d0 linker stubs
 *(EXCLUDE_FILE(*.twl*) .gnu.warning)
 *(EXCLUDE_FILE(*.twl*) .gnu.linkonce.t*)
 *(.glue_7)
 .glue_7        0x000000000201d580        0x0 linker stubs
 *(.glue_7t)
 .glue_7t       0x000000000201d580        0x0 linker stubs
                0x000000000201d580                . = ALIGN (0x4)

.vfp11_veneer   0x000000000201d580        0x0
 .vfp11_veneer  0x000000000201d580        0x0 linker stubs

.v4_bx          0x000000000201d580        0x0
 .v4_bx         0x000000000201d580        0x0 linker stubs

.iplt           0x000000000201d580        0x0
 .iplt          0x000000000201d580        0x0 d:/devkitpro/devkitarm/bin/../lib/gcc/arm-none-eabi/12.2.0/../../../../arm-none-eabi/lib/ds_arm9_crt0.o

.fini           0x000000000201d580       0x18
 *(.fini)
 .fini          0x000000000201d580        0xc d:/devkitpro/devkitarm/bin/../lib/gcc/arm-none-eabi/12.2.0/crti.o
                0x000000000201d580                _fini
 .fini          0x000000000201d58c        0xc d:/devkitpro/devkitarm/bin/../lib/gcc/arm-none-eabi/12.2.0/crtn.o
                0x000000000201d598                __text_end = .

.rodata         0x000000000201d598    0x7f81c
 *(EXCLUDE_FILE(*.twl*) .rodata)
 .rodata        0x000000000201d598       0x24 D:/devkitPro/nitro-engine/lib\libNE.a(NETexture.o)
 *all.rodata*(*)
 *(EXCLUDE_FILE(*.twl*) .roda)
 *(EXCLUDE_FILE(*.twl*) .rodata.*)
 .rodata.Debug_tex_bin
                0x000000000201d5bc     0x8000 Debug_tex.bin.o
                0x000000000201d5bc                Debug_tex_bin
                0x00000000020255bc                Debug_tex_bin_end
 .rodata.black_floor_metal_001c_hd_pal_bin
                0x00000000020255bc       0x1a black_floor_metal_001c_hd_pal.bin.o
                0x00000000020255bc                black_floor_metal_001c_hd_pal_bin
                0x00000000020255d6                black_floor_metal_001c_hd_pal_bin_end
 *fill*         0x00000000020255d6        0x2 ff
 .rodata.black_floor_metal_001c_hd_tex_bin
                0x00000000020255d8     0x8000 black_floor_metal_001c_hd_tex.bin.o
                0x00000000020255d8                black_floor_metal_001c_hd_tex_bin
                0x000000000202d5d8                black_floor_metal_001c_hd_tex_bin_end
 .rodata.black_floor_metal_001c_pal_bin
                0x000000000202d5d8       0x18 black_floor_metal_001c_pal.bin.o
                0x000000000202d5d8                black_floor_metal_001c_pal_bin
                0x000000000202d5f0                black_floor_metal_001c_pal_bin_end
 .rodata.black_floor_metal_001c_tex_bin
                0x000000000202d5f0     0x2000 black_floor_metal_001c_tex.bin.o
                0x000000000202d5f0                black_floor_metal_001c_tex_bin
                0x000000000202f5f0                black_floor_metal_001c_tex_bin_end
 .rodata.black_wall_metal_002c_hd_pal_bin
                0x000000000202f5f0       0x12 black_wall_metal_002c_hd_pal.bin.o
                0x000000000202f5f0                black_wall_metal_002c_hd_pal_bin
                0x000000000202f602                black_wall_metal_002c_hd_pal_bin_end
 *fill*         0x000000000202f602        0x2 ff
 .rodata.black_wall_metal_002c_hd_tex_bin
                0x000000000202f604    0x20000 black_wall_metal_002c_hd_tex.bin.o
                0x000000000202f604                black_wall_metal_002c_hd_tex_bin
                0x000000000204f604                black_wall_metal_002c_hd_tex_bin_end
 .rodata.black_wall_metal_002c_pal_bin
                0x000000000204f604       0x12 black_wall_metal_002c_pal.bin.o
                0x000000000204f604                black_wall_metal_002c_pal_bin
                0x000000000204f616                black_wall_metal_002c_pal_bin_end
 *fill*         0x000000000204f616        0x2 ff
 .rodata.black_wall_metal_002c_tex_bin
                0x000000000204f618     0x8000 black_wall_metal_002c_tex.bin.o
                0x000000000204f618                black_wall_metal_002c_tex_bin
                0x0000000002057618                black_wall_metal_002c_tex_bin_end
 .rodata.cube_bin
                0x0000000002057618      0x10c cube.bin.o
                0x0000000002057618                cube_bin
                0x0000000002057724                cube_bin_end
 .rodata.debugempty_tex_bin
                0x0000000002057724     0x2000 debugempty_tex.bin.o
                0x0000000002057724                debugempty_tex_bin
                0x0000000002059724                debugempty_tex_bin_end
 .rodata.white_ceiling_tile002a_pal_bin
                0x0000000002059724       0x1c white_ceiling_tile002a_pal.bin.o
                0x0000000002059724                white_ceiling_tile002a_pal_bin
                0x0000000002059740                white_ceiling_tile002a_pal_bin_end
 .rodata.white_ceiling_tile002a_tex_bin
                0x0000000002059740     0x8000 white_ceiling_tile002a_tex.bin.o
                0x0000000002059740                white_ceiling_tile002a_tex_bin
                0x0000000002061740                white_ceiling_tile002a_tex_bin_end
 .rodata.white_floor_tile002a_hd_pal_bin
                0x0000000002061740       0x1c white_floor_tile002a_hd_pal.bin.o
                0x0000000002061740                white_floor_tile002a_hd_pal_bin
                0x000000000206175c                white_floor_tile002a_hd_pal_bin_end
 .rodata.white_floor_tile002a_hd_tex_bin
                0x000000000206175c    0x20000 white_floor_tile002a_hd_tex.bin.o
                0x000000000206175c                white_floor_tile002a_hd_tex_bin
                0x000000000208175c                white_floor_tile002a_hd_tex_bin_end
 .rodata.white_floor_tile002a_pal_bin
                0x000000000208175c       0x16 white_floor_tile002a_pal.bin.o
                0x000000000208175c                white_floor_tile002a_pal_bin
                0x0000000002081772                white_floor_tile002a_pal_bin_end
 *fill*         0x0000000002081772        0x2 ff
 .rodata.white_floor_tile002a_tex_bin
                0x0000000002081774     0x8000 white_floor_tile002a_tex.bin.o
                0x0000000002081774                white_floor_tile002a_tex_bin
                0x0000000002089774                white_floor_tile002a_tex_bin_end
 .rodata.white_wall_tile003a_hd_pal_bin
                0x0000000002089774       0x1a white_wall_tile003a_hd_pal.bin.o
                0x0000000002089774                white_wall_tile003a_hd_pal_bin
                0x000000000208978e                white_wall_tile003a_hd_pal_bin_end
 *fill*         0x000000000208978e        0x2 ff
 .rodata.white_wall_tile003a_hd_tex_bin
                0x0000000002089790     0x8000 white_wall_tile003a_hd_tex.bin.o
                0x0000000002089790                white_wall_tile003a_hd_tex_bin
                0x0000000002091790                white_wall_tile003a_hd_tex_bin_end
 .rodata.white_wall_tile003a_pal_bin
                0x0000000002091790       0x1a white_wall_tile003a_pal.bin.o
                0x0000000002091790                white_wall_tile003a_pal_bin
                0x00000000020917aa                white_wall_tile003a_pal_bin_end
 *fill*         0x00000000020917aa        0x2 ff
 .rodata.white_wall_tile003a_tex_bin
                0x00000000020917ac     0x2000 white_wall_tile003a_tex.bin.o
                0x00000000020917ac                white_wall_tile003a_tex_bin
                0x00000000020937ac                white_wall_tile003a_tex_bin_end
 .rodata.str1.4
                0x00000000020937ac       0x41 main.o
 *fill*         0x00000000020937ed        0x3 ff
 .rodata.str1.4
                0x00000000020937f0       0xab D:/devkitPro/nitro-engine/lib\libNE.a(NEModel.o)
 .rodata.str1.4
                0x000000000209389b       0xab D:/devkitPro/nitro-engine/lib\libNE.a(dsma.o)
 *fill*         0x000000000209389b        0x1 ff
 .rodata.str1.4
                0x000000000209389c        0x7 D:/devkitPro/nitro-engine/lib\libNE.a(NEFAT.o)
 *fill*         0x00000000020938a3        0x1 ff
 .rodata.SIN_LUT
                0x00000000020938a4      0x102 D:/devkitPro/libnds/lib\libnds9.a(trig.o)
                0x00000000020938a4                SIN_LUT
 *fill*         0x00000000020939a6        0x2 ff
 .rodata.TAN_LUT
                0x00000000020939a8      0x204 D:/devkitPro/libnds/lib\libnds9.a(trig.o)
                0x00000000020939a8                TAN_LUT
 .rodata.__sassert.str1.4
                0x0000000002093bac       0x42 D:/devkitPro/libnds/lib\libnds9.a(sassert.o)
 *fill*         0x0000000002093bee        0x2 ff
 .rodata.con_write.str1.4
                0x0000000002093bf0       0x30 D:/devkitPro/libnds/lib\libnds9.a(console.o)
 .rodata.con_write
                0x0000000002093c20       0xd4 D:/devkitPro/libnds/lib\libnds9.a(console.o)
 .rodata.str1.4
                0x0000000002093cf4       0x14 D:/devkitPro/libnds/lib\libnds9.a(console.o)
 .rodata.dotab_stdout
                0x0000000002093d08       0x70 D:/devkitPro/libnds/lib\libnds9.a(console.o)
 .rodata.default_font_bin
                0x0000000002093d78     0x2000 D:/devkitPro/libnds/lib\libnds9.a(default_font.bin.o)
                0x0000000002093d78                default_font_bin
                0x0000000002095d78                default_font_bin_end
 .rodata._global_impure_ptr
                0x0000000002095d78        0x4 d:/devkitpro/devkitarm/bin/../lib/gcc/arm-none-eabi/12.2.0/../../../../arm-none-eabi/lib\libg.a(lib_a-impure.o)
                0x0000000002095d78                _global_impure_ptr
 .rodata.basefix.0
                0x0000000002095d7c       0x22 d:/devkitpro/devkitarm/bin/../lib/gcc/arm-none-eabi/12.2.0/../../../../arm-none-eabi/lib\libg.a(lib_a-svfiscanf.o)
 .rodata._vfiprintf_r.str1.1
                0x0000000002095d9e       0x29 d:/devkitpro/devkitarm/bin/../lib/gcc/arm-none-eabi/12.2.0/../../../../arm-none-eabi/lib\libg.a(lib_a-vfiprintf.o)
 *fill*         0x0000000002095dc7        0x1 ff
 .rodata.zeroes.0
                0x0000000002095dc8       0x10 d:/devkitpro/devkitarm/bin/../lib/gcc/arm-none-eabi/12.2.0/../../../../arm-none-eabi/lib\libg.a(lib_a-vfiprintf.o)
 .rodata.blanks.1
                0x0000000002095dd8       0x10 d:/devkitpro/devkitarm/bin/../lib/gcc/arm-none-eabi/12.2.0/../../../../arm-none-eabi/lib\libg.a(lib_a-vfiprintf.o)
 .rodata._vfprintf_r.str1.1
                0x0000000002095de8       0x12 d:/devkitpro/devkitarm/bin/../lib/gcc/arm-none-eabi/12.2.0/../../../../arm-none-eabi/lib\libg.a(lib_a-vfprintf.o)
                                         0x3b (size before relaxing)
 *fill*         0x0000000002095dfa        0x2 ff
 .rodata.zeroes.0
                0x0000000002095dfc       0x10 d:/devkitpro/devkitarm/bin/../lib/gcc/arm-none-eabi/12.2.0/../../../../arm-none-eabi/lib\libg.a(lib_a-vfprintf.o)
 .rodata.blanks.1
                0x0000000002095e0c       0x10 d:/devkitpro/devkitarm/bin/../lib/gcc/arm-none-eabi/12.2.0/../../../../arm-none-eabi/lib\libg.a(lib_a-vfprintf.o)
 .rodata._ctype_
                0x0000000002095e1c      0x101 d:/devkitpro/devkitarm/bin/../lib/gcc/arm-none-eabi/12.2.0/../../../../arm-none-eabi/lib\libg.a(lib_a-ctype_.o)
                0x0000000002095e1c                _ctype_
 *fill*         0x0000000002095f1d        0x3 ff
 .rodata._dtoa_r.str1.4
                0x0000000002095f20       0x6a d:/devkitpro/devkitarm/bin/../lib/gcc/arm-none-eabi/12.2.0/../../../../arm-none-eabi/lib\libg.a(lib_a-dtoa.o)
 *fill*         0x0000000002095f8a        0x2 ff
 .rodata.str1.4
                0x0000000002095f8c       0x48 d:/devkitpro/devkitarm/bin/../lib/gcc/arm-none-eabi/12.2.0/../../../../arm-none-eabi/lib\libg.a(lib_a-locale.o)
                                         0x4c (size before relaxing)
 .rodata._mbrtowc_r.str1.4
                0x0000000002095fd4        0x1 d:/devkitpro/devkitarm/bin/../lib/gcc/arm-none-eabi/12.2.0/../../../../arm-none-eabi/lib\libg.a(lib_a-mbrtowc.o)
 .rodata.__multadd.str1.4
                0x0000000002095fd4       0x43 d:/devkitpro/devkitarm/bin/../lib/gcc/arm-none-eabi/12.2.0/../../../../arm-none-eabi/lib\libg.a(lib_a-mprec.o)
                                         0x57 (size before relaxing)
 *fill*         0x0000000002096017        0x1 ff
 .rodata.p05.0  0x0000000002096018        0xc d:/devkitpro/devkitarm/bin/../lib/gcc/arm-none-eabi/12.2.0/../../../../arm-none-eabi/lib\libg.a(lib_a-mprec.o)
 *fill*         0x0000000002096024        0x4 ff
 .rodata.__mprec_bigtens
                0x0000000002096028       0x28 d:/devkitpro/devkitarm/bin/../lib/gcc/arm-none-eabi/12.2.0/../../../../arm-none-eabi/lib\libg.a(lib_a-mprec.o)
                0x0000000002096028                __mprec_bigtens
 .rodata.__mprec_tens
                0x0000000002096050       0xc8 d:/devkitpro/devkitarm/bin/../lib/gcc/arm-none-eabi/12.2.0/../../../../arm-none-eabi/lib\libg.a(lib_a-mprec.o)
                0x0000000002096050                __mprec_tens
 .rodata.__action_table
                0x0000000002096118       0x6c d:/devkitpro/devkitarm/bin/../lib/gcc/arm-none-eabi/12.2.0/../../../../arm-none-eabi/lib\libg.a(lib_a-svfiprintf.o)
                0x0000000002096118                __action_table
 .rodata.__state_table
                0x0000000002096184       0x6c d:/devkitpro/devkitarm/bin/../lib/gcc/arm-none-eabi/12.2.0/../../../../arm-none-eabi/lib\libg.a(lib_a-svfiprintf.o)
                0x0000000002096184                __state_table
 .rodata.__chclass
                0x00000000020961f0      0x100 d:/devkitpro/devkitarm/bin/../lib/gcc/arm-none-eabi/12.2.0/../../../../arm-none-eabi/lib\libg.a(lib_a-svfiprintf.o)
                0x00000000020961f0                __chclass
 .rodata.__assert_func.str1.4
                0x00000000020962f0       0x3f d:/devkitpro/devkitarm/bin/../lib/gcc/arm-none-eabi/12.2.0/../../../../arm-none-eabi/lib\libg.a(lib_a-assert.o)
                                         0x43 (size before relaxing)
 *fill*         0x000000000209632f        0x1 ff
 .rodata._jp2uc_l.str1.4
                0x0000000002096330       0x12 d:/devkitpro/devkitarm/bin/../lib/gcc/arm-none-eabi/12.2.0/../../../../arm-none-eabi/lib\libg.a(lib_a-jp2uc.o)
 *fill*         0x0000000002096342        0x2 ff
 .rodata.d02f4  0x0000000002096344     0x1a7c d:/devkitpro/devkitarm/bin/../lib/gcc/arm-none-eabi/12.2.0/../../../../arm-none-eabi/lib\libg.a(lib_a-jp2uc.o)
 .rodata.b02cf  0x0000000002097dc0     0x172a d:/devkitpro/devkitarm/bin/../lib/gcc/arm-none-eabi/12.2.0/../../../../arm-none-eabi/lib\libg.a(lib_a-jp2uc.o)
 *fill*         0x00000000020994ea        0x2 ff
 .rodata.a8     0x00000000020994ec       0x40 d:/devkitpro/devkitarm/bin/../lib/gcc/arm-none-eabi/12.2.0/../../../../arm-none-eabi/lib\libg.a(lib_a-jp2uc.o)
 .rodata.a7     0x000000000209952c       0xa2 d:/devkitpro/devkitarm/bin/../lib/gcc/arm-none-eabi/12.2.0/../../../../arm-none-eabi/lib\libg.a(lib_a-jp2uc.o)
 *fill*         0x00000000020995ce        0x2 ff
 .rodata.a6     0x00000000020995d0       0x70 d:/devkitpro/devkitarm/bin/../lib/gcc/arm-none-eabi/12.2.0/../../../../arm-none-eabi/lib\libg.a(lib_a-jp2uc.o)
 .rodata.a3     0x0000000002099640       0x5b d:/devkitpro/devkitarm/bin/../lib/gcc/arm-none-eabi/12.2.0/../../../../arm-none-eabi/lib\libg.a(lib_a-jp2uc.o)
 *fill*         0x000000000209969b        0x1 ff
 .rodata.a2     0x000000000209969c       0xbc d:/devkitpro/devkitarm/bin/../lib/gcc/arm-none-eabi/12.2.0/../../../../arm-none-eabi/lib\libg.a(lib_a-jp2uc.o)
 .rodata.a1     0x0000000002099758       0xbc d:/devkitpro/devkitarm/bin/../lib/gcc/arm-none-eabi/12.2.0/../../../../arm-none-eabi/lib\libg.a(lib_a-jp2uc.o)
 .rodata.categories
                0x0000000002099814     0x3528 d:/devkitpro/devkitarm/bin/../lib/gcc/arm-none-eabi/12.2.0/../../../../arm-none-eabi/lib\libg.a(lib_a-categories.o)
 .rodata.AddDevice.str1.4
                0x000000000209cd3c        0x8 d:/devkitpro/devkitarm/bin/../lib/gcc/arm-none-eabi/12.2.0/../../../../arm-none-eabi/lib\libsysbase.a(iosupport.o)
 .rodata.dotab_stdnull
                0x000000000209cd44       0x70 d:/devkitpro/devkitarm/bin/../lib/gcc/arm-none-eabi/12.2.0/../../../../arm-none-eabi/lib\libsysbase.a(iosupport.o)
                0x000000000209cd44                dotab_stdnull
 *(EXCLUDE_FILE(*.twl*) .gnu.linkonce.r*)
                0x000000000209cdb4                . = ALIGN (0x4)

.ARM.extab
 *(.ARM.extab* .gnu.linkonce.armextab.*)
                0x000000000209cdb4                __exidx_start = .

ARM.exidx
 *(.ARM.exidx* .gnu.linkonce.armexidx.*)
                0x000000000209cdb4                __exidx_end = .
                0x000000000209cdb4                . = ALIGN (0x4)
                0x000000000209cdb4                PROVIDE (__preinit_array_start = .)

.preinit_array
 *(.preinit_array)
                0x000000000209cdb4                PROVIDE (__preinit_array_end = .)
                0x000000000209cdb4                PROVIDE (__init_array_start = .)

.init_array     0x000000000209cdb4        0x4
 *(SORT_BY_NAME(.init_array.*))
 *(.init_array)
 .init_array    0x000000000209cdb4        0x4 d:/devkitpro/devkitarm/bin/../lib/gcc/arm-none-eabi/12.2.0/crtbegin.o
                0x000000000209cdb8                PROVIDE (__init_array_end = .)
                [!provide]                        PROVIDE (__fini_array_start = .)

.fini_array     0x000000000209cdb8        0x4
 *(.fini_array)
 .fini_array    0x000000000209cdb8        0x4 d:/devkitpro/devkitarm/bin/../lib/gcc/arm-none-eabi/12.2.0/crtbegin.o
 *(SORT_BY_NAME(.fini_array.*))
                [!provide]                        PROVIDE (__fini_array_end = .)

.ctors          0x000000000209cdbc        0x0
 *crtbegin.o(.ctors)
 *(EXCLUDE_FILE(*crtend.o) .ctors)
 *(SORT_BY_NAME(.ctors.*))
 *(.ctors)
                0x000000000209cdbc                . = ALIGN (0x4)

.dtors          0x000000000209cdbc        0x0
 *crtbegin.o(.dtors)
 *(EXCLUDE_FILE(*crtend.o) .dtors)
 *(SORT_BY_NAME(.dtors.*))
 *(.dtors)
                0x000000000209cdbc                . = ALIGN (0x4)

.eh_frame       0x000000000209cdbc        0x4
 *(.eh_frame)
 .eh_frame      0x000000000209cdbc        0x0 d:/devkitpro/devkitarm/bin/../lib/gcc/arm-none-eabi/12.2.0/crtbegin.o
 .eh_frame      0x000000000209cdbc        0x4 d:/devkitpro/devkitarm/bin/../lib/gcc/arm-none-eabi/12.2.0/crtend.o
                0x000000000209cdc0                . = ALIGN (0x4)

.rel.dyn        0x000000000209cdc0        0x0
 .rel.iplt      0x000000000209cdc0        0x0 d:/devkitpro/devkitarm/bin/../lib/gcc/arm-none-eabi/12.2.0/../../../../arm-none-eabi/lib/ds_arm9_crt0.o

.gcc_except_table
                0x000000000209cdc0        0x0
 *(.gcc_except_table)
                0x000000000209cdc0                . = ALIGN (0x4)

.jcr
 *(.jcr)

.got
 *(.got.plt)
 *(.got)
 *(.rel.got)

.ewram          0x000000000209cdc0        0x0
                0x000000000209cdc0                __ewram_start = ABSOLUTE (.)
 *(.ewram)
 *ewram.*(.text)
                0x000000000209cdc0                . = ALIGN (0x4)

.data           0x000000000209cdc0     0x1ba0
                0x000000000209cdc0                __data_start = ABSOLUTE (.)
 *(EXCLUDE_FILE(*.twl*) .data)
 .data          0x000000000209cdc0       0x10 D:/devkitPro/nitro-engine/lib\libNE.a(NEGeneral.o)
 .data          0x000000000209cdd0       0x28 D:/devkitPro/libnds/lib\libnds9.a(mpu_setup.o)
 *(EXCLUDE_FILE(*.twl*) .data.*)
 .data.currentConsole
                0x000000000209cdf8        0x4 D:/devkitPro/libnds/lib\libnds9.a(console.o)
                0x000000000209cdf8                currentConsole
 .data.defaultConsole
                0x000000000209cdfc       0x5c D:/devkitPro/libnds/lib\libnds9.a(console.o)
                0x000000000209cdfc                defaultConsole
 .data.firstConsoleInit.0
                0x000000000209ce58        0x1 D:/devkitPro/libnds/lib\libnds9.a(console.o)
 .data.count    0x000000000209ce59        0x1 D:/devkitPro/libnds/lib\libnds9.a(keys.o)
 .data.delay    0x000000000209ce5a        0x1 D:/devkitPro/libnds/lib\libnds9.a(keys.o)
 .data.repeat   0x000000000209ce5b        0x1 D:/devkitPro/libnds/lib\libnds9.a(keys.o)
 .data.fifo_buffer_free
                0x000000000209ce5c        0x4 D:/devkitPro/libnds/lib\libnds9.a(fifosystem.o)
                0x000000000209ce5c                fifo_buffer_free
 .data.fifo_freewords
                0x000000000209ce60        0x4 D:/devkitPro/libnds/lib\libnds9.a(fifosystem.o)
                0x000000000209ce60                fifo_freewords
 .data.fifo_receive_queue
                0x000000000209ce64        0x4 D:/devkitPro/libnds/lib\libnds9.a(fifosystem.o)
                0x000000000209ce64                fifo_receive_queue
 .data.fifo_send_queue
                0x000000000209ce68        0x4 D:/devkitPro/libnds/lib\libnds9.a(fifosystem.o)
                0x000000000209ce68                fifo_send_queue
 .data.bgControl
                0x000000000209ce6c       0x20 D:/devkitPro/libnds/lib\libnds9.a(background.o)
                0x000000000209ce6c                bgControl
 .data.bgScrollTable
                0x000000000209ce8c       0x20 D:/devkitPro/libnds/lib\libnds9.a(background.o)
                0x000000000209ce8c                bgScrollTable
 .data.bgTransform
                0x000000000209ceac       0x20 D:/devkitPro/libnds/lib\libnds9.a(background.o)
                0x000000000209ceac                bgTransform
 .data._impure_ptr
                0x000000000209cecc        0x4 d:/devkitpro/devkitarm/bin/../lib/gcc/arm-none-eabi/12.2.0/../../../../arm-none-eabi/lib\libg.a(lib_a-impure.o)
                0x000000000209cecc                _impure_ptr
 .data.impure_data
                0x000000000209ced0      0x460 d:/devkitpro/devkitarm/bin/../lib/gcc/arm-none-eabi/12.2.0/../../../../arm-none-eabi/lib\libg.a(lib_a-impure.o)
 .data.__malloc_sbrk_base
                0x000000000209d330        0x4 d:/devkitpro/devkitarm/bin/../lib/gcc/arm-none-eabi/12.2.0/../../../../arm-none-eabi/lib\libg.a(lib_a-mallocr.o)
                0x000000000209d330                __malloc_sbrk_base
 .data.__malloc_trim_threshold
                0x000000000209d334        0x4 d:/devkitpro/devkitarm/bin/../lib/gcc/arm-none-eabi/12.2.0/../../../../arm-none-eabi/lib\libg.a(lib_a-mallocr.o)
                0x000000000209d334                __malloc_trim_threshold
 .data.__malloc_av_
                0x000000000209d338      0x408 d:/devkitpro/devkitarm/bin/../lib/gcc/arm-none-eabi/12.2.0/../../../../arm-none-eabi/lib\libg.a(lib_a-mallocr.o)
                0x000000000209d338                __malloc_av_
 .data.__global_locale
                0x000000000209d740      0x16c d:/devkitpro/devkitarm/bin/../lib/gcc/arm-none-eabi/12.2.0/../../../../arm-none-eabi/lib\libg.a(lib_a-locale.o)
                0x000000000209d740                __global_locale
 .data.devoptab_list
                0x000000000209d8ac       0x8c d:/devkitpro/devkitarm/bin/../lib/gcc/arm-none-eabi/12.2.0/../../../../arm-none-eabi/lib\libsysbase.a(iosupport.o)
                0x000000000209d8ac                devoptab_list
 .data.defaultDevice
                0x000000000209d938        0x4 d:/devkitpro/devkitarm/bin/../lib/gcc/arm-none-eabi/12.2.0/../../../../arm-none-eabi/lib\libsysbase.a(iosupport.o)
 .data.handles  0x000000000209d93c     0x1000 d:/devkitpro/devkitarm/bin/../lib/gcc/arm-none-eabi/12.2.0/../../../../arm-none-eabi/lib\libsysbase.a(handle_manager.o)
 .data.__stderr_handle