Archive member included to satisfy reference by file (symbol)

D:\devkitPro/nitro-engine/lib\libNE.a(NECamera.o)
                              main.o (NE_CameraCreate)
D:\devkitPro/nitro-engine/lib\libNE.a(NEGeneral.o)
                              main.o (NE_Init3D)
D:\devkitPro/nitro-engine/lib\libNE.a(NEModel.o)
                              main.o (NE_ModelCreate)
D:\devkitPro/nitro-engine/lib\libNE.a(NEPhysics.o)
                              main.o (NE_PhysicsCreate)
D:\devkitPro/nitro-engine/lib\libNE.a(NEPolygon.o)
                              D:\devkitPro/nitro-engine/lib\libNE.a(NEGeneral.o) (NE_LightOff)
D:\devkitPro/nitro-engine/lib\libNE.a(NEText.o)
                              D:\devkitPro/nitro-engine/lib\libNE.a(NEGeneral.o) (NE_TextPriorityReset)
D:\devkitPro/nitro-engine/lib\libNE.a(NETexture.o)
                              main.o (NE_MaterialCreate)
D:\devkitPro/nitro-engine/lib\libNE.a(dsma.o)
                              D:\devkitPro/nitro-engine/lib\libNE.a(NEModel.o) (DSMA_DrawModel)
D:\devkitPro/nitro-engine/lib\libNE.a(NE2D.o)
                              D:\devkitPro/nitro-engine/lib\libNE.a(NEGeneral.o) (NE_SpriteSystemReset)
D:\devkitPro/nitro-engine/lib\libNE.a(NEAlloc.o)
                              D:\devkitPro/nitro-engine/lib\libNE.a(NETexture.o) (NE_AllocInit)
D:\devkitPro/nitro-engine/lib\libNE.a(NEAnimation.o)
                              D:\devkitPro/nitro-engine/lib\libNE.a(NEGeneral.o) (NE_AnimationSystemReset)
D:\devkitPro/nitro-engine/lib\libNE.a(NEFAT.o)
                              D:\devkitPro/nitro-engine/lib\libNE.a(NEModel.o) (NE_FATLoadData)
D:\devkitPro/nitro-engine/lib\libNE.a(NEGUI.o)
                              D:\devkitPro/nitro-engine/lib\libNE.a(NEGeneral.o) (NE_GUIUpdate)
D:\devkitPro/nitro-engine/lib\libNE.a(NEPalette.o)
                              D:\devkitPro/nitro-engine/lib\libNE.a(NETexture.o) (NE_PaletteUse)
D:\devkitPro/libnds/lib\libnds9.a(trig.o)
                              D:\devkitPro/nitro-engine/lib\libNE.a(NECamera.o) (sinLerp)
D:\devkitPro/libnds/lib\libnds9.a(video.o)
                              D:\devkitPro/nitro-engine/lib\libNE.a(NETexture.o) (vramSetPrimaryBanks)
D:\devkitPro/libnds/lib\libnds9.a(touch.o)
                              D:\devkitPro/nitro-engine/lib\libNE.a(NEGeneral.o) (touchRead)
D:\devkitPro/libnds/lib\libnds9.a(sassert.o)
                              D:\devkitPro/nitro-engine/lib\libNE.a(NEModel.o) (__sassert)
D:\devkitPro/libnds/lib\libnds9.a(system.o)
                              D:\devkitPro/nitro-engine/lib\libNE.a(NEGeneral.o) (powerOn)
D:\devkitPro/libnds/lib\libnds9.a(console.o)
                              D:\devkitPro/nitro-engine/lib\libNE.a(NEGeneral.o) (consoleInit)
D:\devkitPro/libnds/lib\libnds9.a(keys.o)
                              main.o (scanKeys)
D:\devkitPro/libnds/lib\libnds9.a(initSystem.o)
                              d:/devkitpro/devkitarm/bin/../lib/gcc/arm-none-eabi/11.2.0/../../../../arm-none-eabi/lib/ds_arm9_crt0.o (initSystem)
D:\devkitPro/libnds/lib\libnds9.a(securearea.o)
                              d:/devkitpro/devkitarm/bin/../lib/gcc/arm-none-eabi/11.2.0/../../../../arm-none-eabi/lib/ds_arm9_crt0.o (__secure_area__)
D:\devkitPro/libnds/lib\libnds9.a(interrupts.o)
                              main.o (irqSet)
D:\devkitPro/libnds/lib\libnds9.a(libnds_exit.arm.o)
                              d:/devkitpro/devkitarm/bin/../lib/gcc/arm-none-eabi/11.2.0/../../../../arm-none-eabi/lib/ds_arm9_crt0.o (__libnds_exit)
D:\devkitPro/libnds/lib\libnds9.a(fifosystem.o)
                              D:\devkitPro/libnds/lib\libnds9.a(initSystem.o) (fifoSetValue32Handler)
D:\devkitPro/libnds/lib\libnds9.a(dcache.o)
                              D:\devkitPro/nitro-engine/lib\libNE.a(NEFAT.o) (DC_FlushAll)
D:\devkitPro/libnds/lib\libnds9.a(mpu_setup.o)
                              d:/devkitpro/devkitarm/bin/../lib/gcc/arm-none-eabi/11.2.0/../../../../arm-none-eabi/lib/ds_arm9_crt0.o (__libnds_mpu_setup)
D:\devkitPro/libnds/lib\libnds9.a(IntrWait.o)
                              D:\devkitPro/nitro-engine/lib\libNE.a(NEGeneral.o) (swiWaitForVBlank)
D:\devkitPro/libnds/lib\libnds9.a(cpu_clock.o)
                              D:\devkitPro/libnds/lib\libnds9.a(initSystem.o) (setCpuClock)
D:\devkitPro/libnds/lib\libnds9.a(interruptDispatcher.o)
                              D:\devkitPro/libnds/lib\libnds9.a(interrupts.o) (IntrMain)
D:\devkitPro/libnds/lib\libnds9.a(biosCalls.o)
                              D:\devkitPro/libnds/lib\libnds9.a(system.o) (swiDelay)
D:\devkitPro/libnds/lib\libnds9.a(debugprint.o)
                              D:\devkitPro/libnds/lib\libnds9.a(console.o) (nocashWrite)
D:\devkitPro/libnds/lib\libnds9.a(swiSoftReset.o)
                              D:\devkitPro/libnds/lib\libnds9.a(fifosystem.o) (swiSoftReset)
D:\devkitPro/libnds/lib\libnds9.a(default_font.bin.o)
                              D:\devkitPro/libnds/lib\libnds9.a(console.o) (default_font_bin)
[...]
Memory Configuration

Name             Origin             Length             Attributes
ewram            0x0000000002000000 0x0000000000380000
dtcm             0x0000000002ff0000 0x0000000000004000
vectors          0x0000000001000000 0x0000000000000100
itcm             0x0000000001000100 0x0000000000007f00
*default*        0x0000000000000000 0xffffffffffffffff

Linker script and memory map

                0x0000000002380000                __ewram_end = (ORIGIN (ewram) + LENGTH (ewram))
                0x0000000002380000                __eheap_end = (ORIGIN (ewram) + LENGTH (ewram))
                0x0000000002ff4000                __dtcm_top = (ORIGIN (dtcm) + LENGTH (dtcm))
                0x0000000002ff3ff8                __irq_flags = (__dtcm_top - 0x8)
                0x0000000002ff3ffc                __irq_vector = (__dtcm_top - 0x4)
                0x0000000002ff3f00                __sp_svc = (__dtcm_top - 0x100)
                0x0000000002ff3e00                __sp_irq = (__sp_svc - 0x100)
                0x0000000002ff3d00                __sp_usr = (__sp_irq - 0x100)

.secure         0x0000000002000000      0x800
 *(.secure)
 .secure        0x0000000002000000      0x800 D:\devkitPro/libnds/lib\libnds9.a(securearea.o)
                0x0000000002000000                __secure_area__

.crt0           0x0000000002000800      0x300
                0x0000000002000800                __text_start = .
 *(.crt0)
 .crt0          0x0000000002000800      0x300 d:/devkitpro/devkitarm/bin/../lib/gcc/arm-none-eabi/11.2.0/../../../../arm-none-eabi/lib/ds_arm9_crt0.o
                0x0000000002000800                _start
                0x0000000002000b00                . = ALIGN (0x4)

.plt
 *(.plt)

.init           0x0000000002000b00       0x18
 *(SORT_NONE(.init))
 .init          0x0000000002000b00        0xc d:/devkitpro/devkitarm/bin/../lib/gcc/arm-none-eabi/11.2.0/crti.o
                0x0000000002000b00                _init
 .init          0x0000000002000b0c        0xc d:/devkitpro/devkitarm/bin/../lib/gcc/arm-none-eabi/11.2.0/crtn.o

.text           0x0000000002000b18    0x1b9a0
 *(EXCLUDE_FILE(*.twl* *.vectors* *.itcm*) .text)
 .text          0x0000000002000b18      0x414 load.o
                0x0000000002000b18                CreateBlockSide
 .text          0x0000000002000f2c      0x3c0 main.o
                0x0000000002000f2c                Draw3DScene
 .text          0x00000000020012ec     0x1640 D:\devkitPro/nitro-engine/lib\libNE.a(NECamera.o)
                0x0000000002001610                NE_CameraCreate
                0x0000000002001654                NE_CameraSetI
                0x000000000200167c                NE_CameraUse
                0x0000000002001b78                NE_CameraMoveFreeI
                0x00000000020020dc                NE_CameraMoveI
                0x000000000200210c                NE_CameraRotate
                0x00000000020022fc                NE_CameraRotateAxisI
                0x0000000002002310                NE_CameraRotateFree
                0x00000000020027d0                NE_CameraDelete
                0x00000000020027fc                NE_CameraSystemReset
                0x000000000200282c                NE_CameraSystemEnd
                0x0000000002002840                NE_ViewPush
                0x000000000200284c                NE_ViewPop
                0x0000000002002858                NE_ViewMoveI
                0x0000000002002868                NE_ViewRotate
                0x000000000200291c                NE_ViewScaleI
 .text          0x000000000200292c      0xd84 D:\devkitPro/nitro-engine/lib\libNE.a(NEGeneral.o)
                0x0000000002002bcc                NE_End
                0x0000000002002be0                NE_Viewport
                0x0000000002002e2c                NE_MainScreenSetOnTop
                0x0000000002002e38                NE_MainScreenSetOnBottom
                0x0000000002002e44                NE_MainScreenIsOnTop
                0x0000000002002e50                NE_SwapScreens
                0x0000000002002e60                NE_SetFov
                0x0000000002002e6c                NE_UpdateInput
                0x0000000002002e98                NE_Init3D
                0x0000000002002ee8                NE_InitDual3D
                0x0000000002003020                NE_InitConsole
                0x0000000002003084                NE_SetConsoleColor
                0x0000000002003090                NE_Process
                0x0000000002003160                NE_ProcessDual
                0x0000000002003298                NE_ClippingPlanesSetI
                0x00000000020032a4                NE_AntialiasEnable
                0x00000000020032c0                NE_GetPolygonCount
                0x00000000020032dc                NE_GetVertexCount
                0x00000000020032f8                NE_VBLFunc
                0x000000000200332c                NE_SpecialEffectPause
                0x0000000002003380                NE_HBLFunc
                0x0000000002003410                NE_SpecialEffectNoiseConfig
                0x000000000200341c                NE_SpecialEffectSineConfig
                0x0000000002003428                NE_SpecialEffectSet
                0x0000000002003440                NE_WaitForVBL
                0x00000000020034c8                NE_GetCPUPercent
                0x00000000020034d4                NE_GPUIsRendering
                0x00000000020034f0                NE_TouchTestStart
                0x00000000020035fc                NE_TouchTestObject
                0x0000000002003634                NE_TouchTestResult
                0x0000000002003680                NE_TouchTestEnd
 .text          0x00000000020036b0      0x838 D:\devkitPro/nitro-engine/lib\libNE.a(NEModel.o)
                0x0000000002003720                NE_ModelCreate
                0x0000000002003790                NE_ModelDelete
                0x00000000020037a4                NE_ModelLoadStaticMeshFAT
                0x0000000002003834                NE_ModelLoadStaticMesh
                0x00000000020038a0                NE_ModelFreeMeshWhenDeleted
                0x00000000020038bc                NE_ModelSetMaterial
                0x00000000020038c0                NE_ModelSetAnimation
                0x00000000020038d4                NE_ModelSetAnimationSecondary
                0x00000000020038e8                NE_ModelDraw
                0x0000000002003b0c                NE_ModelClone
                0x0000000002003b7c                NE_ModelScaleI
                0x0000000002003b84                NE_ModelTranslateI
                0x0000000002003b9c                NE_ModelSetCoordI
                0x0000000002003ba4                NE_ModelRotate
                0x0000000002003bc8                NE_ModelSetRot
                0x0000000002003bd0                NE_ModelAnimateAll
                0x0000000002003c64                NE_ModelAnimStart
                0x0000000002003c70                NE_ModelAnimSecondaryStart
                0x0000000002003c80                NE_ModelAnimSetSpeed
                0x0000000002003c88                NE_ModelAnimSecondarySetSpeed
                0x0000000002003c90                NE_ModelAnimGetFrame
                0x0000000002003c98                NE_ModelAnimSecondaryGetFrame
                0x0000000002003ca0                NE_ModelAnimSetFrame
                0x0000000002003ca8                NE_ModelAnimSecondarySetFrame
                0x0000000002003cb0                NE_ModelAnimSecondarySetFactor
                0x0000000002003cc4                NE_ModelAnimSecondaryClear
                0x0000000002003cf0                NE_ModelLoadDSMFAT
                0x0000000002003d80                NE_ModelLoadDSM
                0x0000000002003dec                NE_ModelDeleteAll
                0x0000000002003e18                NE_ModelSystemReset
                0x0000000002003ea8                NE_ModelSystemEnd
 .text          0x0000000002003ee8      0x6b8 D:\devkitPro/nitro-engine/lib\libNE.a(NEPhysics.o)
                0x00000000020043b8                NE_PhysicsCreate
                0x0000000002004414                NE_PhysicsDelete
                0x0000000002004448                NE_PhysicsDeleteAll
                0x000000000200445c                NE_PhysicsSystemReset
                0x0000000002004490                NE_PhysicsSystemEnd
                0x00000000020044b0                NE_PhysicsSetRadiusI
                0x00000000020044b4                NE_PhysicsSetSpeedI
                0x00000000020044bc                NE_PhysicsSetSizeI
                0x00000000020044c4                NE_PhysicsSetGravityI
                0x00000000020044c8                NE_PhysicsSetFrictionI
                0x00000000020044cc                NE_PhysicsSetBounceEnergy
                0x00000000020044d0                NE_PhysicsEnable
                0x00000000020044d4                NE_PhysicsSetModel
                0x00000000020044d8                NE_PhysicsSetGroup
                0x00000000020044dc                NE_PhysicsOnCollision
                0x00000000020044e4                NE_PhysicsIsColliding
                0x00000000020044ec                NE_PhysicsUpdateAll
                0x0000000002004520                NE_PhysicsUpdate
                0x000000000200453c                NE_PhysicsCheckCollision
 .text          0x00000000020045a0      0x35c D:\devkitPro/nitro-engine/lib\libNE.a(NEPolygon.o)
                0x00000000020045a0                NE_PolyColor
                0x00000000020045ac                NE_LightOff
                0x00000000020045c0                NE_LightSetColor
                0x00000000020045d0                NE_LightSetI
                0x0000000002004608                NE_ShininessTableGenerate
                0x00000000020046ac                NE_PolyBegin
                0x00000000020046b8                NE_PolyEnd
                0x00000000020046c4                NE_PolyNormalI
                0x00000000020046e4                NE_PolyVertexI
                0x00000000020046fc                NE_PolyTexCoord
                0x0000000002004710                NE_PolyFormat
                0x000000000200472c                NE_OutliningEnable
                0x0000000002004748                NE_OutliningSetColor
                0x000000000200475c                NE_ShadingEnable
                0x00000000020047a0                NE_ToonHighlightEnable
                0x00000000020047bc                NE_FogEnable
                0x0000000002004820                NE_FogEnableBackground
                0x0000000002004848                NE_FogDisable
                0x000000000200485c                NE_ClearColorSet
                0x0000000002004894                NE_ClearBMPEnable
                0x00000000020048e4                NE_ClearBMPScroll
 .text          0x00000000020048fc      0x46c D:\devkitPro/nitro-engine/lib\libNE.a(NEText.o)
                0x00000000020049b4                NE_TextPrioritySet
                0x00000000020049c0                NE_TextPriorityReset
                0x00000000020049cc                NE_TextInit
                0x00000000020049e4                NE_TextEnd
                0x00000000020049fc                NE_TextResetSystem
                0x0000000002004a18                NE_TextPrint
                0x0000000002004ad0                NE_TextPrintBox
                0x0000000002004bd4                NE_TextPrintFree
                0x0000000002004c70                NE_TextPrintBoxFree
 .text          0x0000000002004d68      0x954 D:\devkitPro/nitro-engine/lib\libNE.a(NETexture.o)
                0x0000000002005164                NE_MaterialCreate
                0x00000000020051b4                NE_MaterialColorSet
                0x00000000020051b8                NE_MaterialColorDelete
                0x00000000020051c4                NE_MaterialTexLoadFAT
                0x0000000002005230                NE_MaterialTexLoad
                0x0000000002005278                NE_MaterialClone
                0x00000000020052a0                NE_MaterialSetPalette
                0x00000000020052a4                NE_MaterialUse
                0x000000000200530c                NE_TextureSystemReset
                0x0000000002005470                NE_MaterialDelete
                0x00000000020054ac                NE_TextureFreeMem
                0x00000000020054cc                NE_TextureFreeMemPercent
                0x00000000020054ec                NE_TextureDefragMem
                0x00000000020054f0                NE_TextureSystemEnd
                0x0000000002005504                __NE_TextureGetRawX
                0x000000000200551c                __NE_TextureGetRawY
                0x0000000002005534                NE_TextureGetRealSizeX
                0x0000000002005550                NE_TextureGetRealSizeY
                0x000000000200556c                NE_TextureGetSizeX
                0x0000000002005584                NE_TextureGetSizeY
                0x000000000200559c                NE_MaterialSetPropierties
                0x00000000020055c0                NE_MaterialSetDefaultPropierties
                0x00000000020055f8                NE_TextureDrawingStart
                0x0000000002005648                NE_TexturePutPixelRGBA
                0x000000000200566c                NE_TexturePutPixelRGB256
                0x00000000020056a8                NE_TextureDrawingEnd
 .text          0x00000000020056bc        0x4 D:\devkitPro/nitro-engine/lib\libNE.a(dsma.o)
                0x00000000020056bc                DSMA_GetNumFrames
 .text          0x00000000020056c0      0x8dc D:\devkitPro/nitro-engine/lib\libNE.a(NE2D.o)
                0x0000000002005714                NE_SpriteCreate
                0x0000000002005764                NE_SpriteSetPos
                0x000000000200576c                NE_SpriteSetSize
                0x0000000002005774                NE_SpriteSetRot
                0x0000000002005778                NE_SpriteSetScaleI
                0x000000000200577c                NE_SpriteSetMaterial
                0x0000000002005780                NE_SpriteSetPriority
                0x0000000002005784                NE_SpriteVisible
                0x0000000002005788                NE_SpriteSetParams
                0x0000000002005790                NE_SpriteDelete
                0x00000000020057c4                NE_SpriteDeleteAll
                0x00000000020057d8                NE_SpriteSystemReset
                0x000000000200580c                NE_SpriteSystemEnd
                0x000000000200582c                NE_2DViewInit
                0x00000000020059ec                NE_2DViewRotateScaleByPositionI
                0x0000000002005a54                NE_2DViewRotateByPosition
                0x0000000002005aa4                NE_2DViewScaleByPositionI
                0x0000000002005ad0                NE_2DDrawQuad
                0x0000000002005b24                NE_2DDrawQuadGradient
                0x0000000002005b84                NE_2DDrawTexturedQuad
                0x0000000002005c3c                NE_2DDrawTexturedQuadColor
                0x0000000002005cfc                NE_SpriteDraw
                0x0000000002005dc4                NE_SpriteDrawAll
                0x0000000002005ecc                NE_2DDrawTexturedQuadGradient
 .text          0x0000000002005f9c      0x39c D:\devkitPro/nitro-engine/lib\libNE.a(NEAlloc.o)
                0x0000000002005f9c                NE_AllocInit
                0x0000000002005fd0                NE_AllocEnd
                0x0000000002005ff8                NE_AllocFindInRange
                0x0000000002006050                NE_AllocAddress
                0x0000000002006108                NE_Alloc
                0x0000000002006180                NE_AllocFromEnd
                0x00000000020061e4                NE_Free
                0x0000000002006264                NE_Lock
                0x0000000002006294                NE_Unlock
                0x00000000020062c4                NE_MemGetInformation
 .text          0x0000000002006338      0x204 D:\devkitPro/nitro-engine/lib\libNE.a(NEAnimation.o)
                0x0000000002006378                NE_AnimationCreate
                0x00000000020063b4                NE_AnimationDelete
                0x00000000020063c8                NE_AnimationLoadFAT
                0x000000000200641c                NE_AnimationLoad
                0x0000000002006464                NE_AnimationDeleteAll
                0x0000000002006490                NE_AnimationSystemReset
                0x0000000002006504                NE_AnimationSystemEnd
 .text          0x000000000200653c      0x268 D:\devkitPro/nitro-engine/lib\libNE.a(NEFAT.o)
                0x000000000200653c                NE_FATLoadData
                0x0000000002006584                NE_FATFileSize
                0x00000000020065b4                NE_ScreenshotBMP
 .text          0x00000000020067a4      0xf30 D:\devkitPro/nitro-engine/lib\libNE.a(NEGUI.o)
                0x000000000200680c                NE_GUIUpdate
                0x0000000002006d34                NE_GUIDraw
                0x0000000002007164                NE_GUIButtonCreate
                0x00000000020071e8                NE_GUICheckBoxCreate
                0x000000000200727c                NE_GUIRadioButtonCreate
                0x000000000200732c                NE_GUISlideBarCreate
                0x00000000020074c0                NE_GUIButtonConfig
                0x00000000020074d8                NE_GUICheckBoxConfig
                0x00000000020074f0                NE_GUIRadioButtonConfig
                0x0000000002007508                NE_GUISlideBarConfig
                0x000000000200752c                NE_GUISlideBarSetMinMax
                0x00000000020075e4                NE_GUIObjectGetEvent
                0x0000000002007618                NE_GUICheckBoxGetValue
                0x0000000002007620                NE_GUIRadioButtonGetValue
                0x0000000002007628                NE_GUISlideBarGetValue
                0x0000000002007634                NE_GUIDeleteObject
                0x000000000200766c                NE_GUIDeleteAll
                0x0000000002007680                NE_GUISystemReset
                0x00000000020076b4                NE_GUISystemEnd
 .text          0x00000000020076d4      0x33c D:\devkitPro/nitro-engine/lib\libNE.a(NEPalette.o)
                0x00000000020077f8                NE_PaletteCreate
                0x0000000002007834                NE_PaletteLoadFAT
                0x0000000002007894                NE_PaletteLoad
                0x00000000020078ac                NE_PaletteLoadSize
                0x00000000020078c8                NE_PaletteDelete
                0x00000000020078dc                NE_PaletteUse
                0x0000000002007904                NE_PaletteSystemReset
                0x0000000002007974                NE_PaletteFreeMem
                0x0000000002007994                NE_PaletteFreeMemPercent
                0x00000000020079b4                NE_PaletteDefragMem
                0x00000000020079b8                NE_PaletteSystemEnd
                0x00000000020079cc                NE_PaletteModificationStart
                0x00000000020079e8                NE_PaletteRGB256SetColor
                0x00000000020079f8                NE_PaletteModificationEnd
 .text          0x0000000002007a10      0x114 d:/devkitpro/devkitarm/bin/../lib/gcc/arm-none-eabi/11.2.0\libgcc.a(_udivsi3.o)
                0x0000000002007a10                __aeabi_uidiv
                0x0000000002007a10                __udivsi3
                0x0000000002007b04                __aeabi_uidivmod
 .text          0x0000000002007b24      0x148 d:/devkitpro/devkitarm/bin/../lib/gcc/arm-none-eabi/11.2.0\libgcc.a(_divsi3.o)
                0x0000000002007b24                __divsi3
                0x0000000002007b24                __aeabi_idiv
                0x0000000002007c4c                __aeabi_idivmod
 .text          0x0000000002007c6c        0x4 d:/devkitpro/devkitarm/bin/../lib/gcc/arm-none-eabi/11.2.0\libgcc.a(_dvmd_tls.o)
                0x0000000002007c6c                __aeabi_idiv0
                0x0000000002007c6c                __aeabi_ldiv0
 .text          0x0000000002007c70      0x424 d:/devkitpro/devkitarm/bin/../lib/gcc/arm-none-eabi/11.2.0\libgcc.a(_arm_addsubdf3.o)
                0x0000000002007c70                __aeabi_drsub
                0x0000000002007c78                __aeabi_dsub
                0x0000000002007c78                __subdf3
                0x0000000002007c7c                __aeabi_dadd
                0x0000000002007c7c                __adddf3
                0x0000000002007f8c                __floatunsidf
                0x0000000002007f8c                __aeabi_ui2d
                0x0000000002007fb0                __floatsidf
                0x0000000002007fb0                __aeabi_i2d
                0x0000000002007fd8                __aeabi_f2d
                0x0000000002007fd8                __extendsfdf2
                0x0000000002008020                __floatundidf
                0x0000000002008020                __aeabi_ul2d
                0x0000000002008034                __floatdidf
                0x0000000002008034                __aeabi_l2d
 .text          0x0000000002008094       0x5c d:/devkitpro/devkitarm/bin/../lib/gcc/arm-none-eabi/11.2.0\libgcc.a(_arm_fixdfsi.o)
                0x0000000002008094                __aeabi_d2iz
                0x0000000002008094                __fixdfsi
 .text          0x00000000020080f0      0x224 d:/devkitpro/devkitarm/bin/../lib/gcc/arm-none-eabi/11.2.0/../../../../arm-none-eabi/lib\libg.a(lib_a-strcmp.o)
                0x00000000020080f0                strcmp
 .text          0x0000000002008314      0x49c d:/devkitpro/devkitarm/bin/../lib/gcc/arm-none-eabi/11.2.0\libgcc.a(_arm_muldivdf3.o)
                0x0000000002008314                __aeabi_dmul
                0x0000000002008314                __muldf3
                0x00000000020085a4                __divdf3
                0x00000000020085a4                __aeabi_ddiv
 .text          0x00000000020087b0      0x144 d:/devkitpro/devkitarm/bin/../lib/gcc/arm-none-eabi/11.2.0\libgcc.a(_arm_cmpdf2.o)
                0x00000000020087b0                __gtdf2
                0x00000000020087b0                __gedf2
                0x00000000020087b8                __ltdf2
                0x00000000020087b8                __ledf2
                0x00000000020087c0                __nedf2
                0x00000000020087c0                __eqdf2
                0x00000000020087c0                __cmpdf2
                0x0000000002008848                __aeabi_cdrcmple
                0x0000000002008864                __aeabi_cdcmpeq
                0x0000000002008864                __aeabi_cdcmple
                0x000000000200887c                __aeabi_dcmpeq
                0x0000000002008894                __aeabi_dcmplt
                0x00000000020088ac                __aeabi_dcmple
                0x00000000020088c4                __aeabi_dcmpge
                0x00000000020088dc                __aeabi_dcmpgt
 .text          0x00000000020088f4       0x38 d:/devkitpro/devkitarm/bin/../lib/gcc/arm-none-eabi/11.2.0\libgcc.a(_arm_unorddf2.o)
                0x00000000020088f4                __unorddf2
                0x00000000020088f4                __aeabi_dcmpun
 .text          0x000000000200892c       0x3c d:/devkitpro/devkitarm/bin/../lib/gcc/arm-none-eabi/11.2.0\libgcc.a(_aeabi_uldivmod.o)
                0x000000000200892c                __aeabi_uldivmod
 .text          0x0000000002008968       0x28 d:/devkitpro/devkitarm/bin/../lib/gcc/arm-none-eabi/11.2.0\libgcc.a(_clzdi2.o)
                0x0000000002008968                __clzdi2
 .text          0x0000000002008990       0x48 d:/devkitpro/devkitarm/bin/../lib/gcc/arm-none-eabi/11.2.0\libgcc.a(_clzsi2.o)
                0x0000000002008990                __clzsi2
 *(EXCLUDE_FILE(*.twl* *.vectors* *.itcm*) .stub)
 *(EXCLUDE_FILE(*.twl* *.vectors* *.itcm*) .text.*)
 .text.__do_global_dtors_aux
                0x00000000020089d8       0x40 d:/devkitpro/devkitarm/bin/../lib/gcc/arm-none-eabi/11.2.0/crtbegin.o
 .text.frame_dummy
                0x0000000002008a18       0x30 d:/devkitpro/devkitarm/bin/../lib/gcc/arm-none-eabi/11.2.0/crtbegin.o
 .text.startup  0x0000000002008a48      0x454 main.o
                0x0000000002008a48                main
 .text.sinLutLookup
                0x0000000002008e9c       0x4c D:\devkitPro/libnds/lib\libnds9.a(trig.o)
                0x0000000002008e9c                sinLutLookup
 .text.sinLerp  0x0000000002008ee8       0x40 D:\devkitPro/libnds/lib\libnds9.a(trig.o)
                0x0000000002008ee8                sinLerp
 .text.cosLerp  0x0000000002008f28       0x4c D:\devkitPro/libnds/lib\libnds9.a(trig.o)
                0x0000000002008f28                cosLerp
 .text.tanLerp  0x0000000002008f74       0xb0 D:\devkitPro/libnds/lib\libnds9.a(trig.o)
                0x0000000002008f74                tanLerp
 .text.vramSetPrimaryBanks
                0x0000000002009024       0x44 D:\devkitPro/libnds/lib\libnds9.a(video.o)
                0x0000000002009024                vramSetPrimaryBanks
 .text.vramRestorePrimaryBanks
                0x0000000002009068        0xc D:\devkitPro/libnds/lib\libnds9.a(video.o)
                0x0000000002009068                vramRestorePrimaryBanks
 .text.vramDefault
                0x0000000002009074       0xd0 D:\devkitPro/libnds/lib\libnds9.a(video.o)
                0x0000000002009074                vramDefault
 .text.touchRead
                0x0000000002009144       0x24 D:\devkitPro/libnds/lib\libnds9.a(touch.o)
                0x0000000002009144                touchRead
 .text.__sassert
                0x0000000002009168       0x38 D:\devkitPro/libnds/lib\libnds9.a(sassert.o)
                0x0000000002009168                __sassert
 .text.systemValueHandler
                0x00000000020091a0       0x48 D:\devkitPro/libnds/lib\libnds9.a(system.o)
                0x00000000020091a0                systemValueHandler
 .text.systemMsgHandler
                0x00000000020091e8       0x60 D:\devkitPro/libnds/lib\libnds9.a(system.o)
                0x00000000020091e8                systemMsgHandler
 .text.powerOn  0x0000000002009248       0x2c D:\devkitPro/libnds/lib\libnds9.a(system.o)
                0x0000000002009248                powerOn
 .text.powerOff
                0x0000000002009274       0x28 D:\devkitPro/libnds/lib\libnds9.a(system.o)
                0x0000000002009274                powerOff
 .text.newRow   0x000000000200929c       0xa8 D:\devkitPro/libnds/lib\libnds9.a(console.o)
 .text.consolePrintChar
                0x0000000002009344       0xe0 D:\devkitPro/libnds/lib\libnds9.a(console.o)
                0x0000000002009344                consolePrintChar
 .text.con_write
                0x0000000002009424      0x36c D:\devkitPro/libnds/lib\libnds9.a(console.o)
                0x0000000002009424                con_write
 .text.consoleLoadFont
                0x0000000002009790      0x2a0 D:\devkitPro/libnds/lib\libnds9.a(console.o)
                0x0000000002009790                consoleLoadFont
 .text.consoleInit
                0x0000000002009a30      0x18c D:\devkitPro/libnds/lib\libnds9.a(console.o)
                0x0000000002009a30                consoleInit
 .text.consoleDemoInit
                0x0000000002009bbc       0x40 D:\devkitPro/libnds/lib\libnds9.a(console.o)
                0x0000000002009bbc                consoleDemoInit
 .text.scanKeys
                0x0000000002009bfc       0x8c D:\devkitPro/libnds/lib\libnds9.a(keys.o)
                0x0000000002009bfc                scanKeys
 .text.keysHeld
                0x0000000002009c88        0xc D:\devkitPro/libnds/lib\libnds9.a(keys.o)
                0x0000000002009c88                keysHeld
 .text.keysDown
                0x0000000002009c94       0x14 D:\devkitPro/libnds/lib\libnds9.a(keys.o)
                0x0000000002009c94                keysDown
 .text.keysUp   0x0000000002009ca8       0x18 D:\devkitPro/libnds/lib\libnds9.a(keys.o)
                0x0000000002009ca8                keysUp
 .text.__syscall_exit
                0x0000000002009cc0        0x8 D:\devkitPro/libnds/lib\libnds9.a(initSystem.o)
                0x0000000002009cc0                __syscall_exit
 .text.initSystem
                0x0000000002009cc8      0x180 D:\devkitPro/libnds/lib\libnds9.a(initSystem.o)
                0x0000000002009cc8                initSystem
 .text.irqDummy
                0x0000000002009e48        0x4 D:\devkitPro/libnds/lib\libnds9.a(interrupts.o)
                0x0000000002009e48                irqDummy
 .text.irqSet   0x0000000002009e4c       0x6c D:\devkitPro/libnds/lib\libnds9.a(interrupts.o)
                0x0000000002009e4c                irqSet
 .text.irqInit  0x0000000002009eb8       0x50 D:\devkitPro/libnds/lib\libnds9.a(interrupts.o)
                0x0000000002009eb8                irqInit
 .text.irqEnable
                0x0000000002009f08       0x64 D:\devkitPro/libnds/lib\libnds9.a(interrupts.o)
                0x0000000002009f08                irqEnable
 .text.systemErrorExit
                0x0000000002009f6c        0x4 D:\devkitPro/libnds/lib\libnds9.a(libnds_exit.arm.o)
                0x0000000002009f6c                systemErrorExit
 .text.__libnds_exit
                0x0000000002009f70       0x5c D:\devkitPro/libnds/lib\libnds9.a(libnds_exit.arm.o)
                0x0000000002009f70                __libnds_exit
 .text.fifo_queueBlock
                0x0000000002009fcc       0x44 D:\devkitPro/libnds/lib\libnds9.a(fifosystem.o)
 .text.fifo_waitBlock
                0x000000000200a010       0x80 D:\devkitPro/libnds/lib\libnds9.a(fifosystem.o)
 .text.fifoInternalSend.part.0
                0x000000000200a090       0xd4 D:\devkitPro/libnds/lib\libnds9.a(fifosystem.o)
 .text.fifoInternalSendInterrupt
                0x000000000200a164       0xb0 D:\devkitPro/libnds/lib\libnds9.a(fifosystem.o)
 .text.fifoSetValue32Handler
                0x000000000200a214       0xd4 D:\devkitPro/libnds/lib\libnds9.a(fifosystem.o)
                0x000000000200a214                fifoSetValue32Handler
 .text.fifoSendValue32
                0x000000000200a2e8       0x4c D:\devkitPro/libnds/lib\libnds9.a(fifosystem.o)
                0x000000000200a2e8                fifoSendValue32
 .text.fifoGetDatamsg
                0x000000000200a334       0xf4 D:\devkitPro/libnds/lib\libnds9.a(fifosystem.o)
                0x000000000200a334                fifoGetDatamsg
 .text.fifoInternalRecvInterrupt
                0x000000000200a428      0x37c D:\devkitPro/libnds/lib\libnds9.a(fifosystem.o)
 .text.fifoSetDatamsgHandler
                0x000000000200a7a4       0x9c D:\devkitPro/libnds/lib\libnds9.a(fifosystem.o)
                0x000000000200a7a4                fifoSetDatamsgHandler
 .text.fifoInit
                0x000000000200a840      0x108 D:\devkitPro/libnds/lib\libnds9.a(fifosystem.o)
                0x000000000200a840                fifoInit
 .text.DC_FlushAll
                0x000000000200a948       0x2c D:\devkitPro/libnds/lib\libnds9.a(dcache.o)
                0x000000000200a948                DC_FlushAll
 .text.DC_FlushRange
                0x000000000200a974       0x24 D:\devkitPro/libnds/lib\libnds9.a(dcache.o)
                0x000000000200a974                DC_FlushRange
 .text.__libnds_mpu_setup
                0x000000000200a998      0x174 D:\devkitPro/libnds/lib\libnds9.a(mpu_setup.o)
                0x000000000200a998                __libnds_mpu_setup
 .text.memUncached
                0x000000000200ab0c       0x20 D:\devkitPro/libnds/lib\libnds9.a(mpu_setup.o)
                0x000000000200ab0c                memUncached
 .text.swiWaitForVBlank
                0x000000000200ab2c        0x8 D:\devkitPro/libnds/lib\libnds9.a(IntrWait.o)
                0x000000000200ab2c                swiWaitForVBlank
 .text.swiIntrWait
                0x000000000200ab34       0x70 D:\devkitPro/libnds/lib\libnds9.a(IntrWait.o)
                0x000000000200ab34                swiIntrWait
 .text.setCpuClock
                0x000000000200aba4       0x50 D:\devkitPro/libnds/lib\libnds9.a(cpu_clock.o)
                0x000000000200aba4                setCpuClock
 .text.swiDelay
                0x000000000200abf4        0x4 D:\devkitPro/libnds/lib\libnds9.a(biosCalls.o)
                0x000000000200abf4                swiDelay
 .text.swiCopy  0x000000000200abf8        0x4 D:\devkitPro/libnds/lib\libnds9.a(biosCalls.o)
                0x000000000200abf8                swiCopy
 .text.swiSoftReset
                0x000000000200abfc       0x2c D:\devkitPro/libnds/lib\libnds9.a(swiSoftReset.o)
                0x000000000200abfc                swiSoftReset
 .text.checkIfText
                0x000000000200ac28       0x5c D:\devkitPro/libnds/lib\libnds9.a(background.o)
                0x000000000200ac28                checkIfText
 .text.bgUpdate
                0x000000000200ac84       0xf4 D:\devkitPro/libnds/lib\libnds9.a(background.o)
                0x000000000200ac84                bgUpdate
 .text.bgInit_call
                0x000000000200ad78       0xc4 D:\devkitPro/libnds/lib\libnds9.a(background.o)
                0x000000000200ad78                bgInit_call
 .text.bgInitSub_call
                0x000000000200ae3c       0xcc D:\devkitPro/libnds/lib\libnds9.a(background.o)
                0x000000000200ae3c                bgInitSub_call
 .text.__muldi3
                0x000000000200af08       0x18 d:/devkitpro/devkitarm/bin/../lib/gcc/arm-none-eabi/11.2.0\libgcc.a(_muldi3.o)
                0x000000000200af08                __muldi3
                0x000000000200af08                __aeabi_lmul
 .text.calloc   0x000000000200af20       0x24 d:/devkitpro/devkitarm/bin/../lib/gcc/arm-none-eabi/11.2.0/../../../../arm-none-eabi/lib\libg.a(lib_a-calloc.o)
                0x000000000200af20                calloc
 .text._calloc_r
                0x000000000200af44       0xc8 d:/devkitpro/devkitarm/bin/../lib/gcc/arm-none-eabi/11.2.0/../../../../arm-none-eabi/lib\libg.a(lib_a-callocr.o)
                0x000000000200af44                _calloc_r
 .text.__errno  0x000000000200b00c       0x10 d:/devkitpro/devkitarm/bin/../lib/gcc/arm-none-eabi/11.2.0/../../../../arm-none-eabi/lib\libg.a(lib_a-errno.o)
                0x000000000200b00c                __errno
 .text._fclose_r
                0x000000000200b01c      0x16c d:/devkitpro/devkitarm/bin/../lib/gcc/arm-none-eabi/11.2.0/../../../../arm-none-eabi/lib\libg.a(lib_a-fclose.o)
                0x000000000200b01c                _fclose_r
 .text.fclose   0x000000000200b188       0x18 d:/devkitpro/devkitarm/bin/../lib/gcc/arm-none-eabi/11.2.0/../../../../arm-none-eabi/lib\libg.a(lib_a-fclose.o)
                0x000000000200b188                fclose
 .text.__sflush_r
                0x000000000200b1a0      0x280 d:/devkitpro/devkitarm/bin/../lib/gcc/arm-none-eabi/11.2.0/../../../../arm-none-eabi/lib\libg.a(lib_a-fflush.o)
                0x000000000200b1a0                __sflush_r
 .text._fflush_r
                0x000000000200b420       0x9c d:/devkitpro/devkitarm/bin/../lib/gcc/arm-none-eabi/11.2.0/../../../../arm-none-eabi/lib\libg.a(lib_a-fflush.o)
                0x000000000200b420                _fflush_r
 .text.fflush   0x000000000200b4bc       0x3c d:/devkitpro/devkitarm/bin/../lib/gcc/arm-none-eabi/11.2.0/../../../../arm-none-eabi/lib\libg.a(lib_a-fflush.o)
                0x000000000200b4bc                fflush
 .text._cleanup_r
                0x000000000200b4f8       0x18 d:/devkitpro/devkitarm/bin/../lib/gcc/arm-none-eabi/11.2.0/../../../../arm-none-eabi/lib\libg.a(lib_a-findfp.o)
                0x000000000200b4f8                _cleanup_r
 .text.__sinit  0x000000000200b510      0x18c d:/devkitpro/devkitarm/bin/../lib/gcc/arm-none-eabi/11.2.0/../../../../arm-none-eabi/lib\libg.a(lib_a-findfp.o)
                0x000000000200b510                __sinit
 .text.__sfp    0x000000000200b69c      0x138 d:/devkitpro/devkitarm/bin/../lib/gcc/arm-none-eabi/11.2.0/../../../../arm-none-eabi/lib\libg.a(lib_a-findfp.o)
                0x000000000200b69c                __sfp
 .text.__sfp_lock_acquire
                0x000000000200b7d4       0x18 d:/devkitpro/devkitarm/bin/../lib/gcc/arm-none-eabi/11.2.0/../../../../arm-none-eabi/lib\libg.a(lib_a-findfp.o)
                0x000000000200b7d4                __sfp_lock_acquire
 .text.__sfp_lock_release
                0x000000000200b7ec       0x18 d:/devkitpro/devkitarm/bin/../lib/gcc/arm-none-eabi/11.2.0/../../../../arm-none-eabi/lib\libg.a(lib_a-findfp.o)
                0x000000000200b7ec                __sfp_lock_release
 .text._fopen_r
                0x000000000200b804      0x14c d:/devkitpro/devkitarm/bin/../lib/gcc/arm-none-eabi/11.2.0/../../../../arm-none-eabi/lib\libg.a(lib_a-fopen.o)
                0x000000000200b804                _fopen_r
 .text.fopen    0x000000000200b950       0x20 d:/devkitpro/devkitarm/bin/../lib/gcc/arm-none-eabi/11.2.0/../../../../arm-none-eabi/lib\libg.a(lib_a-fopen.o)
                0x000000000200b950                fopen
 .text._fread_r
                0x000000000200b970      0x2dc d:/devkitpro/devkitarm/bin/../lib/gcc/arm-none-eabi/11.2.0/../../../../arm-none-eabi/lib\libg.a(lib_a-fread.o)
                0x000000000200b970                _fread_r
 .text.fread    0x000000000200bc4c       0x3c d:/devkitpro/devkitarm/bin/../lib/gcc/arm-none-eabi/11.2.0/../../../../arm-none-eabi/lib\libg.a(lib_a-fread.o)
                0x000000000200bc4c                fread
 .text._malloc_trim_r
                0x000000000200bc88      0x100 d:/devkitpro/devkitarm/bin/../lib/gcc/arm-none-eabi/11.2.0/../../../../arm-none-eabi/lib\libg.a(lib_a-freer.o)
                0x000000000200bc88                _malloc_trim_r
 .text._free_r  0x000000000200bd88      0x2e0 d:/devkitpro/devkitarm/bin/../lib/gcc/arm-none-eabi/11.2.0/../../../../arm-none-eabi/lib\libg.a(lib_a-freer.o)
                0x000000000200bd88                _free_r
 .text._fseek_r
                0x000000000200c068       0x20 d:/devkitpro/devkitarm/bin/../lib/gcc/arm-none-eabi/11.2.0/../../../../arm-none-eabi/lib\libg.a(lib_a-fseek.o)
                0x000000000200c068                _fseek_r
 .text.fseek    0x000000000200c088       0x38 d:/devkitpro/devkitarm/bin/../lib/gcc/arm-none-eabi/11.2.0/../../../../arm-none-eabi/lib\libg.a(lib_a-fseek.o)
                0x000000000200c088                fseek
 .text._fseeko_r
                0x000000000200c0c0      0x5b0 d:/devkitpro/devkitarm/bin/../lib/gcc/arm-none-eabi/11.2.0/../../../../arm-none-eabi/lib\libg.a(lib_a-fseeko.o)
                0x000000000200c0c0                _fseeko_r
 .text.ftell    0x000000000200c670       0x30 d:/devkitpro/devkitarm/bin/../lib/gcc/arm-none-eabi/11.2.0/../../../../arm-none-eabi/lib\libg.a(lib_a-ftell.o)
                0x000000000200c670                ftell
 .text._ftello_r
                0x000000000200c6a0      0x1c8 d:/devkitpro/devkitarm/bin/../lib/gcc/arm-none-eabi/11.2.0/../../../../arm-none-eabi/lib\libg.a(lib_a-ftello.o)
                0x000000000200c6a0                _ftello_r
 .text._fwalk   0x000000000200c868       0x70 d:/devkitpro/devkitarm/bin/../lib/gcc/arm-none-eabi/11.2.0/../../../../arm-none-eabi/lib\libg.a(lib_a-fwalk.o)
                0x000000000200c868                _fwalk
 .text._fwalk_reent
                0x000000000200c8d8       0x78 d:/devkitpro/devkitarm/bin/../lib/gcc/arm-none-eabi/11.2.0/../../../../arm-none-eabi/lib\libg.a(lib_a-fwalk.o)
                0x000000000200c8d8                _fwalk_reent
 .text._fwrite_r
                0x000000000200c950      0x100 d:/devkitpro/devkitarm/bin/../lib/gcc/arm-none-eabi/11.2.0/../../../../arm-none-eabi/lib\libg.a(lib_a-fwrite.o)
                0x000000000200c950                _fwrite_r
 .text.fwrite   0x000000000200ca50       0x3c d:/devkitpro/devkitarm/bin/../lib/gcc/arm-none-eabi/11.2.0/../../../../arm-none-eabi/lib\libg.a(lib_a-fwrite.o)
                0x000000000200ca50                fwrite
 .text.__libc_init_array
                0x000000000200ca8c       0x88 d:/devkitpro/devkitarm/bin/../lib/gcc/arm-none-eabi/11.2.0/../../../../arm-none-eabi/lib\libg.a(lib_a-init.o)
                0x000000000200ca8c                __libc_init_array
 .text.iprintf  0x000000000200cb14       0x34 d:/devkitpro/devkitarm/bin/../lib/gcc/arm-none-eabi/11.2.0/../../../../arm-none-eabi/lib\libg.a(lib_a-iprintf.o)
                0x000000000200cb14                iprintf
 .text.__smakebuf_r
                0x000000000200cb48      0x144 d:/devkitpro/devkitarm/bin/../lib/gcc/arm-none-eabi/11.2.0/../../../../arm-none-eabi/lib\libg.a(lib_a-makebuf.o)
                0x000000000200cb48                __smakebuf_r
 .text.__swhatbuf_r
                0x000000000200cc8c       0x80 d:/devkitpro/devkitarm/bin/../lib/gcc/arm-none-eabi/11.2.0/../../../../arm-none-eabi/lib\libg.a(lib_a-makebuf.o)
                0x000000000200cc8c                __swhatbuf_r
 .text.malloc   0x000000000200cd0c       0x1c d:/devkitpro/devkitarm/bin/../lib/gcc/arm-none-eabi/11.2.0/../../../../arm-none-eabi/lib\libg.a(lib_a-malloc.o)
                0x000000000200cd0c                malloc
 .text.free     0x000000000200cd28       0x1c d:/devkitpro/devkitarm/bin/../lib/gcc/arm-none-eabi/11.2.0/../../../../arm-none-eabi/lib\libg.a(lib_a-malloc.o)
                0x000000000200cd28                free
 .text._malloc_r
                0x000000000200cd44      0x7f0 d:/devkitpro/devkitarm/bin/../lib/gcc/arm-none-eabi/11.2.0/../../../../arm-none-eabi/lib\libg.a(lib_a-mallocr.o)
                0x000000000200cd44                _malloc_r
 .text.memcpy   0x000000000200d534      0x120 d:/devkitpro/devkitarm/bin/../lib/gcc/arm-none-eabi/11.2.0/../../../../arm-none-eabi/lib\libg.a(lib_a-memcpy-stub.o)
                0x000000000200d534                memcpy
 .text.memset   0x000000000200d654      0x11c d:/devkitpro/devkitarm/bin/../lib/gcc/arm-none-eabi/11.2.0/../../../../arm-none-eabi/lib\libg.a(lib_a-memset.o)
                0x000000000200d654                memset
 .text.__malloc_lock
                0x000000000200d770       0x18 d:/devkitpro/devkitarm/bin/../lib/gcc/arm-none-eabi/11.2.0/../../../../arm-none-eabi/lib\libg.a(lib_a-mlock.o)
                0x000000000200d770                __malloc_lock
 .text.__malloc_unlock
                0x000000000200d788       0x18 d:/devkitpro/devkitarm/bin/../lib/gcc/arm-none-eabi/11.2.0/../../../../arm-none-eabi/lib\libg.a(lib_a-mlock.o)
                0x000000000200d788                __malloc_unlock
 .text.printf   0x000000000200d7a0       0x34 d:/devkitpro/devkitarm/bin/../lib/gcc/arm-none-eabi/11.2.0/../../../../arm-none-eabi/lib\libg.a(lib_a-printf.o)
                0x000000000200d7a0                printf
 .text.rand     0x000000000200d7d4       0x48 d:/devkitpro/devkitarm/bin/../lib/gcc/arm-none-eabi/11.2.0/../../../../arm-none-eabi/lib\libg.a(lib_a-rand.o)
                0x000000000200d7d4                rand
 .text.lflush   0x000000000200d81c       0x28 d:/devkitpro/devkitarm/bin/../lib/gcc/arm-none-eabi/11.2.0/../../../../arm-none-eabi/lib\libg.a(lib_a-refill.o)
 .text.__srefill_r
                0x000000000200d844      0x1bc d:/devkitpro/devkitarm/bin/../lib/gcc/arm-none-eabi/11.2.0/../../../../arm-none-eabi/lib\libg.a(lib_a-refill.o)
                0x000000000200d844                __srefill_r
 .text.rewind   0x000000000200da00       0x30 d:/devkitpro/devkitarm/bin/../lib/gcc/arm-none-eabi/11.2.0/../../../../arm-none-eabi/lib\libg.a(lib_a-rewind.o)
                0x000000000200da00                rewind
 .text.setvbuf  0x000000000200da30      0x268 d:/devkitpro/devkitarm/bin/../lib/gcc/arm-none-eabi/11.2.0/../../../../arm-none-eabi/lib\libg.a(lib_a-setvbuf.o)
                0x000000000200da30                setvbuf
 .text.siscanf  0x000000000200dc98       0x74 d:/devkitpro/devkitarm/bin/../lib/gcc/arm-none-eabi/11.2.0/../../../../arm-none-eabi/lib\libg.a(lib_a-siscanf.o)
                0x000000000200dc98                siscanf
 .text.__sread  0x000000000200dd0c       0x4c d:/devkitpro/devkitarm/bin/../lib/gcc/arm-none-eabi/11.2.0/../../../../arm-none-eabi/lib\libg.a(lib_a-stdio.o)
                0x000000000200dd0c                __sread
 .text.__seofread
                0x000000000200dd58        0x8 d:/devkitpro/devkitarm/bin/../lib/gcc/arm-none-eabi/11.2.0/../../../../arm-none-eabi/lib\libg.a(lib_a-stdio.o)
                0x000000000200dd58                __seofread
 .text.__swrite
                0x000000000200dd60       0x6c d:/devkitpro/devkitarm/bin/../lib/gcc/arm-none-eabi/11.2.0/../../../../arm-none-eabi/lib\libg.a(lib_a-stdio.o)
                0x000000000200dd60                __swrite
 .text.__sseek  0x000000000200ddcc       0x4c d:/devkitpro/devkitarm/bin/../lib/gcc/arm-none-eabi/11.2.0/../../../../arm-none-eabi/lib\libg.a(lib_a-stdio.o)
                0x000000000200ddcc                __sseek
 .text.__sclose
                0x000000000200de18       0x14 d:/devkitpro/devkitarm/bin/../lib/gcc/arm-none-eabi/11.2.0/../../../../arm-none-eabi/lib\libg.a(lib_a-stdio.o)
                0x000000000200de18                __sclose
 .text.strlen   0x000000000200de2c       0x60 d:/devkitpro/devkitarm/bin/../lib/gcc/arm-none-eabi/11.2.0/../../../../arm-none-eabi/lib\libg.a(lib_a-strlen-stub.o)
                0x000000000200de2c                strlen
 .text.get_arg  0x000000000200de8c       0x54 d:/devkitpro/devkitarm/bin/../lib/gcc/arm-none-eabi/11.2.0/../../../../arm-none-eabi/lib\libg.a(lib_a-svfiscanf.o)
 .text._sungetc_r
                0x000000000200dee0       0xe4 d:/devkitpro/devkitarm/bin/../lib/gcc/arm-none-eabi/11.2.0/../../../../arm-none-eabi/lib\libg.a(lib_a-svfiscanf.o)
                0x000000000200dee0                _sungetc_r
 .text.__ssrefill_r
                0x000000000200dfc4       0x68 d:/devkitpro/devkitarm/bin/../lib/gcc/arm-none-eabi/11.2.0/../../../../arm-none-eabi/lib\libg.a(lib_a-svfiscanf.o)
                0x000000000200dfc4                __ssrefill_r
 .text._sfread_r
                0x000000000200e02c       0xcc d:/devkitpro/devkitarm/bin/../lib/gcc/arm-none-eabi/11.2.0/../../../../arm-none-eabi/lib\libg.a(lib_a-svfiscanf.o)
                0x000000000200e02c                _sfread_r
 .text.__ssvfiscanf_r
                0x000000000200e0f8     0x2300 d:/devkitpro/devkitarm/bin/../lib/gcc/arm-none-eabi/11.2.0/../../../../arm-none-eabi/lib\libg.a(lib_a-svfiscanf.o)
                0x000000000200e0f8                __ssvfiscanf_r
 .text.__submore
                0x00000000020103f8       0xb0 d:/devkitpro/devkitarm/bin/../lib/gcc/arm-none-eabi/11.2.0/../../../../arm-none-eabi/lib\libg.a(lib_a-ungetc.o)
                0x00000000020103f8                __submore
 .text.get_arg  0x00000000020104a8      0x628 d:/devkitpro/devkitarm/bin/../lib/gcc/arm-none-eabi/11.2.0/../../../../arm-none-eabi/lib\libg.a(lib_a-vfiprintf.o)
 .text.__sprint_r
                0x0000000002010ad0       0x34 d:/devkitpro/devkitarm/bin/../lib/gcc/arm-none-eabi/11.2.0/../../../../arm-none-eabi/lib\libg.a(lib_a-vfiprintf.o)
                0x0000000002010ad0                __sprint_r
 .text._vfiprintf_r
                0x0000000002010b04     0x2360 d:/devkitpro/devkitarm/bin/../lib/gcc/arm-none-eabi/11.2.0/../../../../arm-none-eabi/lib\libg.a(lib_a-vfiprintf.o)
                0x0000000002010b04                _vfiprintf_r
 .text.__sbprintf
                0x0000000002012e64       0xd4 d:/devkitpro/devkitarm/bin/../lib/gcc/arm-none-eabi/11.2.0/../../../../arm-none-eabi/lib\libg.a(lib_a-vfiprintf.o)
 .text.get_arg  0x0000000002012f38      0x628 d:/devkitpro/devkitarm/bin/../lib/gcc/arm-none-eabi/11.2.0/../../../../arm-none-eabi/lib\libg.a(lib_a-vfprintf.o)
 .text._vfprintf_r
                0x0000000002013560     0x367c d:/devkitpro/devkitarm/bin/../lib/gcc/arm-none-eabi/11.2.0/../../../../arm-none-eabi/lib\libg.a(lib_a-vfprintf.o)
                0x0000000002013560                _vfprintf_r
 .text.__sbprintf
                0x0000000002016bdc       0xd4 d:/devkitpro/devkitarm/bin/../lib/gcc/arm-none-eabi/11.2.0/../../../../arm-none-eabi/lib\libg.a(lib_a-vfprintf.o)
 .text.viprintf
                0x0000000002016cb0       0x28 d:/devkitpro/devkitarm/bin/../lib/gcc/arm-none-eabi/11.2.0/../../../../arm-none-eabi/lib\libg.a(lib_a-viprintf.o)
                0x0000000002016cb0                viprintf
 .text._wcrtomb_r
                0x0000000002016cd8       0x5c d:/devkitpro/devkitarm/bin/../lib/gcc/arm-none-eabi/11.2.0/../../../../arm-none-eabi/lib\libg.a(lib_a-wcrtomb.o)
                0x0000000002016cd8                _wcrtomb_r
 .text._wcsrtombs_r
                0x0000000002016d34       0x2c d:/devkitpro/devkitarm/bin/../lib/gcc/arm-none-eabi/11.2.0/../../../../arm-none-eabi/lib\libg.a(lib_a-wcsrtombs.o)
                0x0000000002016d34                _wcsrtombs_r
 .text.__swsetup_r
                0x0000000002016d60      0x160 d:/devkitpro/devkitarm/bin/../lib/gcc/arm-none-eabi/11.2.0/../../../../arm-none-eabi/lib\libg.a(lib_a-wsetup.o)
                0x0000000002016d60                __swsetup_r
 .text.quorem   0x0000000002016ec0      0x1cc d:/devkitpro/devkitarm/bin/../lib/gcc/arm-none-eabi/11.2.0/../../../../arm-none-eabi/lib\libg.a(lib_a-dtoa.o)
 *fill*         0x000000000201708c        0x4 ff
 .text._dtoa_r  0x0000000002017090     0x16ac d:/devkitpro/devkitarm/bin/../lib/gcc/arm-none-eabi/11.2.0/../../../../arm-none-eabi/lib\libg.a(lib_a-dtoa.o)
                0x0000000002017090                _dtoa_r
 .text.__sflags
                0x000000000201873c       0xd0 d:/devkitpro/devkitarm/bin/../lib/gcc/arm-none-eabi/11.2.0/../../../../arm-none-eabi/lib\libg.a(lib_a-flags.o)
                0x000000000201873c                __sflags
 .text.__sfvwrite_r
                0x000000000201880c      0x4e8 d:/devkitpro/devkitarm/bin/../lib/gcc/arm-none-eabi/11.2.0/../../../../arm-none-eabi/lib\libg.a(lib_a-fvwrite.o)
                0x000000000201880c                __sfvwrite_r
 .text.iswspace
                0x0000000002018cf4       0x14 d:/devkitpro/devkitarm/bin/../lib/gcc/arm-none-eabi/11.2.0/../../../../arm-none-eabi/lib\libg.a(lib_a-iswspace.o)
                0x0000000002018cf4                iswspace
 .text._localeconv_r
                0x0000000002018d08        0xc d:/devkitpro/devkitarm/bin/../lib/gcc/arm-none-eabi/11.2.0/../../../../arm-none-eabi/lib\libg.a(lib_a-localeconv.o)
                0x0000000002018d08                _localeconv_r
 .text.__locale_mb_cur_max
                0x0000000002018d14       0x10 d:/devkitpro/devkitarm/bin/../lib/gcc/arm-none-eabi/11.2.0/../../../../arm-none-eabi/lib\libg.a(lib_a-locale.o)
                0x0000000002018d14                __locale_mb_cur_max
 .text._mbrtowc_r
                0x0000000002018d24       0x70 d:/devkitpro/devkitarm/bin/../lib/gcc/arm-none-eabi/11.2.0/../../../../arm-none-eabi/lib\libg.a(lib_a-mbrtowc.o)
                0x0000000002018d24                _mbrtowc_r
 .text.__utf8_mbtowc
                0x0000000002018d94      0x308 d:/devkitpro/devkitarm/bin/../lib/gcc/arm-none-eabi/11.2.0/../../../../arm-none-eabi/lib\libg.a(lib_a-mbtowc_r.o)
                0x0000000002018d94                __utf8_mbtowc
 .text.memchr   0x000000000201909c       0xf8 d:/devkitpro/devkitarm/bin/../lib/gcc/arm-none-eabi/11.2.0/../../../../arm-none-eabi/lib\libg.a(lib_a-memchr-stub.o)
                0x000000000201909c                memchr
 .text.memmove  0x0000000002019194      0x158 d:/devkitpro/devkitarm/bin/../lib/gcc/arm-none-eabi/11.2.0/../../../../arm-none-eabi/lib\libg.a(lib_a-memmove.o)
                0x0000000002019194                memmove
 .text._Balloc  0x00000000020192ec       0x8c d:/devkitpro/devkitarm/bin/../lib/gcc/arm-none-eabi/11.2.0/../../../../arm-none-eabi/lib\libg.a(lib_a-mprec.o)
                0x00000000020192ec                _Balloc
 .text._Bfree   0x0000000002019378       0x1c d:/devkitpro/devkitarm/bin/../lib/gcc/arm-none-eabi/11.2.0/../../../../arm-none-eabi/lib\libg.a(lib_a-mprec.o)
                0x0000000002019378                _Bfree
 .text.__multadd
                0x0000000002019394      0x100 d:/devkitpro/devkitarm/bin/../lib/gcc/arm-none-eabi/11.2.0/../../../../arm-none-eabi/lib\libg.a(lib_a-mprec.o)
                0x0000000002019394                __multadd
 .text.__hi0bits
                0x0000000002019494       0x58 d:/devkitpro/devkitarm/bin/../lib/gcc/arm-none-eabi/11.2.0/../../../../arm-none-eabi/lib\libg.a(lib_a-mprec.o)
                0x0000000002019494                __hi0bits
 .text.__lo0bits
                0x00000000020194ec       0xa0 d:/devkitpro/devkitarm/bin/../lib/gcc/arm-none-eabi/11.2.0/../../../../arm-none-eabi/lib\libg.a(lib_a-mprec.o)
                0x00000000020194ec                __lo0bits
 .text.__i2b    0x000000000201958c       0xa8 d:/devkitpro/devkitarm/bin/../lib/gcc/arm-none-eabi/11.2.0/../../../../arm-none-eabi/lib\libg.a(lib_a-mprec.o)
                0x000000000201958c                __i2b
 .text.__multiply
                0x0000000002019634      0x214 d:/devkitpro/devkitarm/bin/../lib/gcc/arm-none-eabi/11.2.0/../../../../arm-none-eabi/lib\libg.a(lib_a-mprec.o)
                0x0000000002019634                __multiply
 .text.__pow5mult
                0x0000000002019848      0x124 d:/devkitpro/devkitarm/bin/../lib/gcc/arm-none-eabi/11.2.0/../../../../arm-none-eabi/lib\libg.a(lib_a-mprec.o)
                0x0000000002019848                __pow5mult
 .text.__lshift
                0x000000000201996c      0x140 d:/devkitpro/devkitarm/bin/../lib/gcc/arm-none-eabi/11.2.0/../../../../arm-none-eabi/lib\libg.a(lib_a-mprec.o)
                0x000000000201996c                __lshift
 .text.__mcmp   0x0000000002019aac       0x60 d:/devkitpro/devkitarm/bin/../lib/gcc/arm-none-eabi/11.2.0/../../../../arm-none-eabi/lib\libg.a(lib_a-mprec.o)
                0x0000000002019aac                __mcmp
 .text.__mdiff  0x0000000002019b0c      0x1f8 d:/devkitpro/devkitarm/bin/../lib/gcc/arm-none-eabi/11.2.0/../../../../arm-none-eabi/lib\libg.a(lib_a-mprec.o)
                0x0000000002019b0c                __mdiff
 .text.__d2b    0x0000000002019d04      0x12c d:/devkitpro/devkitarm/bin/../lib/gcc/arm-none-eabi/11.2.0/../../../../arm-none-eabi/lib\libg.a(lib_a-mprec.o)
                0x0000000002019d04                __d2b
 .text.realloc  0x0000000002019e30       0x24 d:/devkitpro/devkitarm/bin/../lib/gcc/arm-none-eabi/11.2.0/../../../../arm-none-eabi/lib\libg.a(lib_a-realloc.o)
                0x0000000002019e30                realloc
 .text._realloc_r
                0x0000000002019e54      0x570 d:/devkitpro/devkitarm/bin/../lib/gcc/arm-none-eabi/11.2.0/../../../../arm-none-eabi/lib\libg.a(lib_a-reallocr.o)
                0x0000000002019e54                _realloc_r
 .text.__sccl   0x000000000201a3c4       0xe4 d:/devkitpro/devkitarm/bin/../lib/gcc/arm-none-eabi/11.2.0/../../../../arm-none-eabi/lib\libg.a(lib_a-sccl.o)
                0x000000000201a3c4                __sccl
 .text.frexp    0x000000000201a4a8       0xa4 d:/devkitpro/devkitarm/bin/../lib/gcc/arm-none-eabi/11.2.0/../../../../arm-none-eabi/lib\libg.a(lib_a-s_frexp.o)
                0x000000000201a4a8                frexp
 .text.strchr   0x000000000201a54c      0x138 d:/devkitpro/devkitarm/bin/../lib/gcc/arm-none-eabi/11.2.0/../../../../arm-none-eabi/lib\libg.a(lib_a-strchr.o)
                0x000000000201a54c                strchr
 .text.strncpy  0x000000000201a684       0xcc d:/devkitpro/devkitarm/bin/../lib/gcc/arm-none-eabi/11.2.0/../../../../arm-none-eabi/lib\libg.a(lib_a-strncpy.o)
                0x000000000201a684                strncpy
 .text._strtoll_l.constprop.0
                0x000000000201a750      0x230 d:/devkitpro/devkitarm/bin/../lib/gcc/arm-none-eabi/11.2.0/../../../../arm-none-eabi/lib\libg.a(lib_a-strtoll.o)
 .text._strtoll_r
                0x000000000201a980        0x4 d:/devkitpro/devkitarm/bin/../lib/gcc/arm-none-eabi/11.2.0/../../../../arm-none-eabi/lib\libg.a(lib_a-strtoll.o)
                0x000000000201a980                _strtoll_r
 .text._strtol_l.part.0
                0x000000000201a984      0x1a8 d:/devkitpro/devkitarm/bin/../lib/gcc/arm-none-eabi/11.2.0/../../../../arm-none-eabi/lib\libg.a(lib_a-strtol.o)
 .text._strtol_r
                0x000000000201ab2c       0x3c d:/devkitpro/devkitarm/bin/../lib/gcc/arm-none-eabi/11.2.0/../../../../arm-none-eabi/lib\libg.a(lib_a-strtol.o)
                0x000000000201ab2c                _strtol_r
 .text._strtoull_l.constprop.0
                0x000000000201ab68      0x248 d:/devkitpro/devkitarm/bin/../lib/gcc/arm-none-eabi/11.2.0/../../../../arm-none-eabi/lib\libg.a(lib_a-strtoull.o)
 .text._strtoull_r
                0x000000000201adb0        0x4 d:/devkitpro/devkitarm/bin/../lib/gcc/arm-none-eabi/11.2.0/../../../../arm-none-eabi/lib\libg.a(lib_a-strtoull.o)
                0x000000000201adb0                _strtoull_r
 .text._strtoul_l.constprop.0
                0x000000000201adb4      0x1c8 d:/devkitpro/devkitarm/bin/../lib/gcc/arm-none-eabi/11.2.0/../../../../arm-none-eabi/lib\libg.a(lib_a-strtoul.o)
 .text._strtoul_r
                0x000000000201af7c        0x4 d:/devkitpro/devkitarm/bin/../lib/gcc/arm-none-eabi/11.2.0/../../../../arm-none-eabi/lib\libg.a(lib_a-strtoul.o)
                0x000000000201af7c                _strtoul_r
 .text._wcsnrtombs_l
                0x000000000201af80      0x1a0 d:/devkitpro/devkitarm/bin/../lib/gcc/arm-none-eabi/11.2.0/../../../../arm-none-eabi/lib\libg.a(lib_a-wcsnrtombs.o)
                0x000000000201af80                _wcsnrtombs_l
 .text._wcsnrtombs_r
                0x000000000201b120       0x50 d:/devkitpro/devkitarm/bin/../lib/gcc/arm-none-eabi/11.2.0/../../../../arm-none-eabi/lib\libg.a(lib_a-wcsnrtombs.o)
                0x000000000201b120                _wcsnrtombs_r
 .text.__utf8_wctomb
                0x000000000201b170       0xf4 d:/devkitpro/devkitarm/bin/../lib/gcc/arm-none-eabi/11.2.0/../../../../arm-none-eabi/lib\libg.a(lib_a-wctomb_r.o)
                0x000000000201b170                __utf8_wctomb
 .text.__assert_func
                0x000000000201b264       0x5c d:/devkitpro/devkitarm/bin/../lib/gcc/arm-none-eabi/11.2.0/../../../../arm-none-eabi/lib\libg.a(lib_a-assert.o)
                0x000000000201b264                __assert_func
 .text.fiprintf
                0x000000000201b2c0       0x3c d:/devkitpro/devkitarm/bin/../lib/gcc/arm-none-eabi/11.2.0/../../../../arm-none-eabi/lib\libg.a(lib_a-fiprintf.o)
                0x000000000201b2c0                fiprintf
 .text.iswspace_l
                0x000000000201b2fc       0x44 d:/devkitpro/devkitarm/bin/../lib/gcc/arm-none-eabi/11.2.0/../../../../arm-none-eabi/lib\libg.a(lib_a-iswspace_l.o)
                0x000000000201b2fc                iswspace_l
 .text.__jp2uc  0x000000000201b340      0x1e4 d:/devkitpro/devkitarm/bin/../lib/gcc/arm-none-eabi/11.2.0/../../../../arm-none-eabi/lib\libg.a(lib_a-jp2uc.o)
 .text._jp2uc_l
                0x000000000201b524       0x94 d:/devkitpro/devkitarm/bin/../lib/gcc/arm-none-eabi/11.2.0/../../../../arm-none-eabi/lib\libg.a(lib_a-jp2uc.o)
                0x000000000201b524                _jp2uc_l
 .text.strncmp  0x000000000201b5b8       0xe4 d:/devkitpro/devkitarm/bin/../lib/gcc/arm-none-eabi/11.2.0/../../../../arm-none-eabi/lib\libg.a(lib_a-strncmp.o)
                0x000000000201b5b8                strncmp
 .text.abort    0x000000000201b69c       0x14 d:/devkitpro/devkitarm/bin/../lib/gcc/arm-none-eabi/11.2.0/../../../../arm-none-eabi/lib\libg.a(lib_a-abort.o)
                0x000000000201b69c                abort
 .text.category
                0x000000000201b6b0       0x8c d:/devkitpro/devkitarm/bin/../lib/gcc/arm-none-eabi/11.2.0/../../../../arm-none-eabi/lib\libg.a(lib_a-categories.o)
                0x000000000201b6b0                category
 .text._raise_r
                0x000000000201b73c       0x98 d:/devkitpro/devkitarm/bin/../lib/gcc/arm-none-eabi/11.2.0/../../../../arm-none-eabi/lib\libg.a(lib_a-signal.o)
                0x000000000201b73c                _raise_r
 .text.raise    0x000000000201b7d4       0x18 d:/devkitpro/devkitarm/bin/../lib/gcc/arm-none-eabi/11.2.0/../../../../arm-none-eabi/lib\libg.a(lib_a-signal.o)
                0x000000000201b7d4                raise
 .text.null_write
                0x000000000201b7ec        0x8 d:/devkitpro/devkitarm/bin/../lib/gcc/arm-none-eabi/11.2.0/../../../../arm-none-eabi/lib\libsysbase.a(iosupport.o)
 .text.FindDevice
                0x000000000201b7f4       0xd4 d:/devkitpro/devkitarm/bin/../lib/gcc/arm-none-eabi/11.2.0/../../../../arm-none-eabi/lib\libsysbase.a(iosupport.o)
                0x000000000201b7f4                FindDevice
 .text._fstat_r
                0x000000000201b8c8       0x7c d:/devkitpro/devkitarm/bin/../lib/gcc/arm-none-eabi/11.2.0/../../../../arm-none-eabi/lib\libsysbase.a(fstat.o)
                0x000000000201b8c8                _fstat_r
 .text._getpid_r
                0x000000000201b944       0x14 d:/devkitpro/devkitarm/bin/../lib/gcc/arm-none-eabi/11.2.0/../../../../arm-none-eabi/lib\libsysbase.a(getpid.o)
                0x000000000201b944                _getpid_r
 .text._isatty_r
                0x000000000201b958        0x8 d:/devkitpro/devkitarm/bin/../lib/gcc/arm-none-eabi/11.2.0/../../../../arm-none-eabi/lib\libsysbase.a(isatty.o)
                0x000000000201b958                _isatty_r
 .text._kill_r  0x000000000201b960       0x14 d:/devkitpro/devkitarm/bin/../lib/gcc/arm-none-eabi/11.2.0/../../../../arm-none-eabi/lib\libsysbase.a(kill.o)
                0x000000000201b960                _kill_r
 .text._lseek_r
                0x000000000201b974       0x88 d:/devkitpro/devkitarm/bin/../lib/gcc/arm-none-eabi/11.2.0/../../../../arm-none-eabi/lib\libsysbase.a(lseek.o)
                0x000000000201b974                _lseek_r
 .text._open_r  0x000000000201b9fc       0xd0 d:/devkitpro/devkitarm/bin/../lib/gcc/arm-none-eabi/11.2.0/../../../../arm-none-eabi/lib\libsysbase.a(open.o)
                0x000000000201b9fc                _open_r
 .text._read_r  0x000000000201bacc       0x84 d:/devkitpro/devkitarm/bin/../lib/gcc/arm-none-eabi/11.2.0/../../../../arm-none-eabi/lib\libsysbase.a(read.o)
                0x000000000201bacc                _read_r
 .text._sbrk_r  0x000000000201bb50       0x7c d:/devkitpro/devkitarm/bin/../lib/gcc/arm-none-eabi/11.2.0/../../../../arm-none-eabi/lib\libsysbase.a(sbrk.o)
                0x000000000201bb50                _sbrk_r
 .text._write_r
                0x000000000201bbcc       0x84 d:/devkitpro/devkitarm/bin/../lib/gcc/arm-none-eabi/11.2.0/../../../../arm-none-eabi/lib\libsysbase.a(write.o)
                0x000000000201bbcc                _write_r
 .text._exit    0x000000000201bc50       0x20 d:/devkitpro/devkitarm/bin/../lib/gcc/arm-none-eabi/11.2.0/../../../../arm-none-eabi/lib\libsysbase.a(_exit.o)
                0x000000000201bc50                _exit
 .text.build_argv
                0x000000000201bc70       0x80 d:/devkitpro/devkitarm/bin/../lib/gcc/arm-none-eabi/11.2.0/../../../../arm-none-eabi/lib\libsysbase.a(build_argv.o)
                0x000000000201bc70                build_argv
 .text.__flockfile
                0x000000000201bcf0       0x14 d:/devkitpro/devkitarm/bin/../lib/gcc/arm-none-eabi/11.2.0/../../../../arm-none-eabi/lib\libsysbase.a(flock.o)
                0x000000000201bcf0                __flockfile
 .text.__funlockfile
                0x000000000201bd04       0x14 d:/devkitpro/devkitarm/bin/../lib/gcc/arm-none-eabi/11.2.0/../../../../arm-none-eabi/lib\libsysbase.a(flock.o)
                0x000000000201bd04                __funlockfile
 .text.__release_handle
                0x000000000201bd18       0x90 d:/devkitpro/devkitarm/bin/../lib/gcc/arm-none-eabi/11.2.0/../../../../arm-none-eabi/lib\libsysbase.a(handle_manager.o)
                0x000000000201bd18                __release_handle
 .text.__alloc_handle
                0x000000000201bda8       0xb8 d:/devkitpro/devkitarm/bin/../lib/gcc/arm-none-eabi/11.2.0/../../../../arm-none-eabi/lib\libsysbase.a(handle_manager.o)
                0x000000000201bda8                __alloc_handle
 .text.__get_handle
                0x000000000201be60       0x40 d:/devkitpro/devkitarm/bin/../lib/gcc/arm-none-eabi/11.2.0/../../../../arm-none-eabi/lib\libsysbase.a(handle_manager.o)
                0x000000000201be60                __get_handle
 .text._close_r
                0x000000000201bea0       0xfc d:/devkitpro/devkitarm/bin/../lib/gcc/arm-none-eabi/11.2.0/../../../../arm-none-eabi/lib\libsysbase.a(handle_manager.o)
                0x000000000201bea0                _close_r
 .text.__getreent
                0x000000000201bf9c       0x30 d:/devkitpro/devkitarm/bin/../lib/gcc/arm-none-eabi/11.2.0/../../../../arm-none-eabi/lib\libsysbase.a(getreent.o)
                0x000000000201bf9c                __getreent
 .text.__libc_lock_acquire
                0x000000000201bfcc       0x20 d:/devkitpro/devkitarm/bin/../lib/gcc/arm-none-eabi/11.2.0/../../../../arm-none-eabi/lib\libsysbase.a(syscall_support.o)
                0x000000000201bfcc                __libc_lock_acquire
 .text.__libc_lock_release
                0x000000000201bfec       0x20 d:/devkitpro/devkitarm/bin/../lib/gcc/arm-none-eabi/11.2.0/../../../../arm-none-eabi/lib\libsysbase.a(syscall_support.o)
                0x000000000201bfec                __libc_lock_release
 .text.__libc_lock_init_recursive
                0x000000000201c00c       0x20 d:/devkitpro/devkitarm/bin/../lib/gcc/arm-none-eabi/11.2.0/../../../../arm-none-eabi/lib\libsysbase.a(syscall_support.o)
                0x000000000201c00c                __libc_lock_init_recursive
 .text.__libc_lock_acquire_recursive
                0x000000000201c02c       0x20 d:/devkitpro/devkitarm/bin/../lib/gcc/arm-none-eabi/11.2.0/../../../../arm-none-eabi/lib\libsysbase.a(syscall_support.o)
                0x000000000201c02c                __libc_lock_acquire_recursive
 .text.__libc_lock_release_recursive
                0x000000000201c04c       0x20 d:/devkitpro/devkitarm/bin/../lib/gcc/arm-none-eabi/11.2.0/../../../../arm-none-eabi/lib\libsysbase.a(syscall_support.o)
                0x000000000201c04c                __libc_lock_release_recursive
 .text.__libc_lock_close_recursive
                0x000000000201c06c       0x20 d:/devkitpro/devkitarm/bin/../lib/gcc/arm-none-eabi/11.2.0/../../../../arm-none-eabi/lib\libsysbase.a(syscall_support.o)
                0x000000000201c06c                __libc_lock_close_recursive
 .text.__udivmoddi4
                0x000000000201c08c      0x128 d:/devkitpro/devkitarm/bin/../lib/gcc/arm-none-eabi/11.2.0\libgcc.a(_udivmoddi4.o)
                0x000000000201c08c                __udivmoddi4
 *fill*         0x000000000201c1b4        0x4 ff
 .text.__udivmoddi4.__stub
                0x000000000201c1b8      0x27c linker stubs
 *(EXCLUDE_FILE(*.twl*) .gnu.warning)
 *(EXCLUDE_FILE(*.twl*) .gnu.linkonce.t*)
 *(.glue_7)
 .glue_7        0x000000000201c4b8        0x0 linker stubs
 *(.glue_7t)
 .glue_7t       0x000000000201c4b8        0x0 linker stubs
                0x000000000201c4b8                . = ALIGN (0x4)

.vfp11_veneer   0x000000000201c4b8        0x0
 .vfp11_veneer  0x000000000201c4b8        0x0 linker stubs

.v4_bx          0x000000000201c4b8        0x0
 .v4_bx         0x000000000201c4b8        0x0 linker stubs

.iplt           0x000000000201c4b8        0x0
 .iplt          0x000000000201c4b8        0x0 d:/devkitpro/devkitarm/bin/../lib/gcc/arm-none-eabi/11.2.0/../../../../arm-none-eabi/lib/ds_arm9_crt0.o

.fini           0x000000000201c4b8       0x18
 *(.fini)
 .fini          0x000000000201c4b8        0xc d:/devkitpro/devkitarm/bin/../lib/gcc/arm-none-eabi/11.2.0/crti.o
                0x000000000201c4b8                _fini
 .fini          0x000000000201c4c4        0xc d:/devkitpro/devkitarm/bin/../lib/gcc/arm-none-eabi/11.2.0/crtn.o
                0x000000000201c4d0                __text_end = .

.rodata         0x000000000201c4d0    0x533d0
 *(EXCLUDE_FILE(*.twl*) .rodata)
 .rodata        0x000000000201c4d0       0x24 D:\devkitPro/nitro-engine/lib\libNE.a(NETexture.o)
 *all.rodata*(*)
 *(EXCLUDE_FILE(*.twl*) .roda)
 *(EXCLUDE_FILE(*.twl*) .rodata.*)
 .rodata.Debug_tex_bin
                0x000000000201c4f4     0x8000 Debug_tex.bin.o
                0x000000000201c4f4                Debug_tex_bin
                0x00000000020244f4                Debug_tex_bin_end
 .rodata.black_floor_metal_001c_tex_bin
                0x00000000020244f4    0x20000 black_floor_metal_001c_tex.bin.o
                0x00000000020244f4                black_floor_metal_001c_tex_bin
                0x00000000020444f4                black_floor_metal_001c_tex_bin_end
 .rodata.cube_bin
                0x00000000020444f4      0x10c cube.bin.o
                0x00000000020444f4                cube_bin
                0x0000000002044600                cube_bin_end
 .rodata.debugempty_tex_bin
                0x0000000002044600     0x2000 debugempty_tex.bin.o
                0x0000000002044600                debugempty_tex_bin
                0x0000000002046600                debugempty_tex_bin_end
 .rodata.white_wall_tile003a_tex_bin
                0x0000000002046600    0x20000 white_wall_tile003a_tex.bin.o
                0x0000000002046600                white_wall_tile003a_tex_bin
                0x0000000002066600                white_wall_tile003a_tex_bin_end
 .rodata.str1.4
                0x0000000002066600       0x2b main.o
 *fill*         0x000000000206662b        0x1 ff
 .rodata.str1.4
                0x000000000206662c       0xab D:\devkitPro/nitro-engine/lib\libNE.a(NEModel.o)
 .rodata.str1.4
                0x00000000020666d7       0xab D:\devkitPro/nitro-engine/lib\libNE.a(dsma.o)
 *fill*         0x00000000020666d7        0x1 ff
 .rodata.str1.4
                0x00000000020666d8        0x7 D:\devkitPro/nitro-engine/lib\libNE.a(NEFAT.o)
 *fill*         0x00000000020666df        0x1 ff
 .rodata.SIN_LUT
                0x00000000020666e0      0x102 D:\devkitPro/libnds/lib\libnds9.a(trig.o)
                0x00000000020666e0                SIN_LUT
 *fill*         0x00000000020667e2        0x2 ff
 .rodata.TAN_LUT
                0x00000000020667e4      0x204 D:\devkitPro/libnds/lib\libnds9.a(trig.o)
                0x00000000020667e4                TAN_LUT
 .rodata.__sassert.str1.4
                0x00000000020669e8       0x42 D:\devkitPro/libnds/lib\libnds9.a(sassert.o)
 *fill*         0x0000000002066a2a        0x2 ff
 .rodata.con_write.str1.4
                0x0000000002066a2c       0x30 D:\devkitPro/libnds/lib\libnds9.a(console.o)
 .rodata.con_write
                0x0000000002066a5c       0xd4 D:\devkitPro/libnds/lib\libnds9.a(console.o)
 .rodata.str1.4
                0x0000000002066b30       0x14 D:\devkitPro/libnds/lib\libnds9.a(console.o)
 .rodata.dotab_stdout
                0x0000000002066b44       0x70 D:\devkitPro/libnds/lib\libnds9.a(console.o)
 .rodata.default_font_bin
                0x0000000002066bb4     0x2000 D:\devkitPro/libnds/lib\libnds9.a(default_font.bin.o)
                0x0000000002066bb4                default_font_bin
                0x0000000002068bb4                default_font_bin_end
 .rodata._global_impure_ptr
                0x0000000002068bb4        0x4 d:/devkitpro/devkitarm/bin/../lib/gcc/arm-none-eabi/11.2.0/../../../../arm-none-eabi/lib\libg.a(lib_a-impure.o)
                0x0000000002068bb4                _global_impure_ptr
 .rodata.basefix.0
                0x0000000002068bb8       0x22 d:/devkitpro/devkitarm/bin/../lib/gcc/arm-none-eabi/11.2.0/../../../../arm-none-eabi/lib\libg.a(lib_a-svfiscanf.o)
 .rodata._vfiprintf_r.str1.1
                0x0000000002068bda       0x29 d:/devkitpro/devkitarm/bin/../lib/gcc/arm-none-eabi/11.2.0/../../../../arm-none-eabi/lib\libg.a(lib_a-vfiprintf.o)
 *fill*         0x0000000002068c03        0x1 ff
 .rodata.blanks.1
                0x0000000002068c04       0x10 d:/devkitpro/devkitarm/bin/../lib/gcc/arm-none-eabi/11.2.0/../../../../arm-none-eabi/lib\libg.a(lib_a-vfiprintf.o)
 .rodata.zeroes.0
                0x0000000002068c14       0x10 d:/devkitpro/devkitarm/bin/../lib/gcc/arm-none-eabi/11.2.0/../../../../arm-none-eabi/lib\libg.a(lib_a-vfiprintf.o)
 .rodata._vfprintf_r.str1.1
                0x0000000002068c24       0x12 d:/devkitpro/devkitarm/bin/../lib/gcc/arm-none-eabi/11.2.0/../../../../arm-none-eabi/lib\libg.a(lib_a-vfprintf.o)
                                         0x3b (size before relaxing)
 *fill*         0x0000000002068c36        0x2 ff
 .rodata.blanks.1
                0x0000000002068c38       0x10 d:/devkitpro/devkitarm/bin/../lib/gcc/arm-none-eabi/11.2.0/../../../../arm-none-eabi/lib\libg.a(lib_a-vfprintf.o)
 .rodata.zeroes.0
                0x0000000002068c48       0x10 d:/devkitpro/devkitarm/bin/../lib/gcc/arm-none-eabi/11.2.0/../../../../arm-none-eabi/lib\libg.a(lib_a-vfprintf.o)
 .rodata._ctype_
                0x0000000002068c58      0x101 d:/devkitpro/devkitarm/bin/../lib/gcc/arm-none-eabi/11.2.0/../../../../arm-none-eabi/lib\libg.a(lib_a-ctype_.o)
                0x0000000002068c58                _ctype_
 *fill*         0x0000000002068d59        0x3 ff
 .rodata._dtoa_r.str1.4
                0x0000000002068d5c       0x61 d:/devkitpro/devkitarm/bin/../lib/gcc/arm-none-eabi/11.2.0/../../../../arm-none-eabi/lib\libg.a(lib_a-dtoa.o)
 *fill*         0x0000000002068dbd        0x3 ff
 .rodata.str1.4
                0x0000000002068dc0       0x48 d:/devkitpro/devkitarm/bin/../lib/gcc/arm-none-eabi/11.2.0/../../../../arm-none-eabi/lib\libg.a(lib_a-locale.o)
                                         0x4c (size before relaxing)
 .rodata._mbrtowc_r.str1.4
                0x0000000002068e08        0x1 d:/devkitpro/devkitarm/bin/../lib/gcc/arm-none-eabi/11.2.0/../../../../arm-none-eabi/lib\libg.a(lib_a-mbrtowc.o)
 .rodata.__multadd.str1.4
                0x0000000002068e08       0x3a d:/devkitpro/devkitarm/bin/../lib/gcc/arm-none-eabi/11.2.0/../../../../arm-none-eabi/lib\libg.a(lib_a-mprec.o)
                                         0x4e (size before relaxing)
 *fill*         0x0000000002068e42        0x6 ff
 .rodata.__mprec_bigtens
                0x0000000002068e48       0x28 d:/devkitpro/devkitarm/bin/../lib/gcc/arm-none-eabi/11.2.0/../../../../arm-none-eabi/lib\libg.a(lib_a-mprec.o)
                0x0000000002068e48                __mprec_bigtens
 .rodata.__mprec_tens
                0x0000000002068e70       0xc8 d:/devkitpro/devkitarm/bin/../lib/gcc/arm-none-eabi/11.2.0/../../../../arm-none-eabi/lib\libg.a(lib_a-mprec.o)
                0x0000000002068e70                __mprec_tens
 .rodata.p05.0  0x0000000002068f38        0xc d:/devkitpro/devkitarm/bin/../lib/gcc/arm-none-eabi/11.2.0/../../../../arm-none-eabi/lib\libg.a(lib_a-mprec.o)
 .rodata.__action_table
                0x0000000002068f44       0x6c d:/devkitpro/devkitarm/bin/../lib/gcc/arm-none-eabi/11.2.0/../../../../arm-none-eabi/lib\libg.a(lib_a-svfiprintf.o)
                0x0000000002068f44                __action_table
 .rodata.__chclass
                0x0000000002068fb0      0x100 d:/devkitpro/devkitarm/bin/../lib/gcc/arm-none-eabi/11.2.0/../../../../arm-none-eabi/lib\libg.a(lib_a-svfiprintf.o)
                0x0000000002068fb0                __chclass
 .rodata.__state_table
                0x00000000020690b0       0x6c d:/devkitpro/devkitarm/bin/../lib/gcc/arm-none-eabi/11.2.0/../../../../arm-none-eabi/lib\libg.a(lib_a-svfiprintf.o)
                0x00000000020690b0                __state_table
 .rodata.__assert_func.str1.4
                0x000000000206911c       0x3f d:/devkitpro/devkitarm/bin/../lib/gcc/arm-none-eabi/11.2.0/../../../../arm-none-eabi/lib\libg.a(lib_a-assert.o)
                                         0x43 (size before relaxing)
 *fill*         0x000000000206915b        0x1 ff
 .rodata._jp2uc_l.str1.4
                0x000000000206915c       0x12 d:/devkitpro/devkitarm/bin/../lib/gcc/arm-none-eabi/11.2.0/../../../../arm-none-eabi/lib\libg.a(lib_a-jp2uc.o)
 *fill*         0x000000000206916e        0x2 ff
 .rodata.a1     0x0000000002069170       0xbc d:/devkitpro/devkitarm/bin/../lib/gcc/arm-none-eabi/11.2.0/../../../../arm-none-eabi/lib\libg.a(lib_a-jp2uc.o)
 .rodata.a2     0x000000000206922c       0xbc d:/devkitpro/devkitarm/bin/../lib/gcc/arm-none-eabi/11.2.0/../../../../arm-none-eabi/lib\libg.a(lib_a-jp2uc.o)
 .rodata.a3     0x00000000020692e8       0x5b d:/devkitpro/devkitarm/bin/../lib/gcc/arm-none-eabi/11.2.0/../../../../arm-none-eabi/lib\libg.a(lib_a-jp2uc.o)
 *fill*         0x0000000002069343        0x1 ff
 .rodata.a6     0x0000000002069344       0x70 d:/devkitpro/devkitarm/bin/../lib/gcc/arm-none-eabi/11.2.0/../../../../arm-none-eabi/lib\libg.a(lib_a-jp2uc.o)
 .rodata.a7     0x00000000020693b4       0xa2 d:/devkitpro/devkitarm/bin/../lib/gcc/arm-none-eabi/11.2.0/../../../../arm-none-eabi/lib\libg.a(lib_a-jp2uc.o)
 *fill*         0x0000000002069456        0x2 ff
 .rodata.a8     0x0000000002069458       0x40 d:/devkitpro/devkitarm/bin/../lib/gcc/arm-none-eabi/11.2.0/../../../../arm-none-eabi/lib\libg.a(lib_a-jp2uc.o)
 .rodata.b02cf  0x0000000002069498     0x172a d:/devkitpro/devkitarm/bin/../lib/gcc/arm-none-eabi/11.2.0/../../../../arm-none-eabi/lib\libg.a(lib_a-jp2uc.o)
 *fill*         0x000000000206abc2        0x2 ff
 .rodata.d02f4  0x000000000206abc4     0x1a7c d:/devkitpro/devkitarm/bin/../lib/gcc/arm-none-eabi/11.2.0/../../../../arm-none-eabi/lib\libg.a(lib_a-jp2uc.o)
 .rodata.categories
                0x000000000206c640     0x31e6 d:/devkitpro/devkitarm/bin/../lib/gcc/arm-none-eabi/11.2.0/../../../../arm-none-eabi/lib\libg.a(lib_a-categories.o)
 *fill*         0x000000000206f826        0x2 ff
 .rodata.AddDevice.str1.4
                0x000000000206f828        0x8 d:/devkitpro/devkitarm/bin/../lib/gcc/arm-none-eabi/11.2.0/../../../../arm-none-eabi/lib\libsysbase.a(iosupport.o)
 .rodata.dotab_stdnull
                0x000000000206f830       0x70 d:/devkitpro/devkitarm/bin/../lib/gcc/arm-none-eabi/11.2.0/../../../../arm-none-eabi/lib\libsysbase.a(iosupport.o)
                0x000000000206f830                dotab_stdnull
 *(EXCLUDE_FILE(*.twl*) .gnu.linkonce.r*)
                0x000000000206f8a0                . = ALIGN (0x4)

.ARM.extab
 *(.ARM.extab* .gnu.linkonce.armextab.*)
                0x000000000206f8a0                __exidx_start = .

ARM.exidx
 *(.ARM.exidx* .gnu.linkonce.armexidx.*)
                0x000000000206f8a0                __exidx_end = .
                0x000000000206f8a0                . = ALIGN (0x4)
                0x000000000206f8a0                PROVIDE (__preinit_array_start = .)

.preinit_array
 *(.preinit_array)
                0x000000000206f8a0                PROVIDE (__preinit_array_end = .)
                0x000000000206f8a0                PROVIDE (__init_array_start = .)

.init_array     0x000000000206f8a0        0x4
 *(SORT_BY_NAME(.init_array.*))
 *(.init_array)
 .init_array    0x000000000206f8a0        0x4 d:/devkitpro/devkitarm/bin/../lib/gcc/arm-none-eabi/11.2.0/crtbegin.o
                0x000000000206f8a4                PROVIDE (__init_array_end = .)
                [!provide]                        PROVIDE (__fini_array_start = .)

.fini_array     0x000000000206f8a4        0x4
 *(.fini_array)
 .fini_array    0x000000000206f8a4        0x4 d:/devkitpro/devkitarm/bin/../lib/gcc/arm-none-eabi/11.2.0/crtbegin.o
 *(SORT_BY_NAME(.fini_array.*))
                [!provide]                        PROVIDE (__fini_array_end = .)

.ctors          0x000000000206f8a8        0x0
 *crtbegin.o(.ctors)
 *(EXCLUDE_FILE(*crtend.o) .ctors)
 *(SORT_BY_NAME(.ctors.*))
 *(.ctors)
                0x000000000206f8a8                . = ALIGN (0x4)

.dtors          0x000000000206f8a8        0x0
 *crtbegin.o(.dtors)
 *(EXCLUDE_FILE(*crtend.o) .dtors)
 *(SORT_BY_NAME(.dtors.*))
 *(.dtors)
                0x000000000206f8a8                . = ALIGN (0x4)

.eh_frame       0x000000000206f8a8        0x4
 *(.eh_frame)
 .eh_frame      0x000000000206f8a8        0x0 d:/devkitpro/devkitarm/bin/../lib/gcc/arm-none-eabi/11.2.0/crtbegin.o
 .eh_frame      0x000000000206f8a8        0x4 d:/devkitpro/devkitarm/bin/../lib/gcc/arm-none-eabi/11.2.0/crtend.o
                0x000000000206f8ac                . = ALIGN (0x4)

.rel.dyn        0x000000000206f8ac        0x0
 .rel.iplt      0x000000000206f8ac        0x0 d:/devkitpro/devkitarm/bin/../lib/gcc/arm-none-eabi/11.2.0/../../../../arm-none-eabi/lib/ds_arm9_crt0.o

.gcc_except_table
                0x000000000206f8ac        0x0
 *(.gcc_except_table)
                0x000000000206f8ac                . = ALIGN (0x4)

.jcr
 *(.jcr)

.got
 *(.got.plt)
 *(.got)
 *(.rel.got)

.ewram          0x000000000206f8ac        0x0
                0x000000000206f8ac                __ewram_start = ABSOLUTE (.)
 *(.ewram)
 *ewram.*(.text)
                0x000000000206f8ac                . = ALIGN (0x4)

.data           0x000000000206f8ac     0x1ba4
                0x000000000206f8ac                __data_start = ABSOLUTE (.)
 *(EXCLUDE_FILE(*.twl*) .data)
 .data          0x000000000206f8ac       0x10 D:\devkitPro/nitro-engine/lib\libNE.a(NEGeneral.o)
 .data          0x000000000206f8bc       0x28 D:\devkitPro/libnds/lib\libnds9.a(mpu_setup.o)
 *(EXCLUDE_FILE(*.twl*) .data.*)
 .data.currentConsole
                0x000000000206f8e4        0x4 D:\devkitPro/libnds/lib\libnds9.a(console.o)
                0x000000000206f8e4                currentConsole
 .data.defaultConsole
                0x000000000206f8e8       0x5c D:\devkitPro/libnds/lib\libnds9.a(console.o)
                0x000000000206f8e8                defaultConsole
 .data.firstConsoleInit.0
                0x000000000206f944        0x1 D:\devkitPro/libnds/lib\libnds9.a(console.o)
 .data.count    0x000000000206f945        0x1 D:\devkitPro/libnds/lib\libnds9.a(keys.o)
 .data.delay    0x000000000206f946        0x1 D:\devkitPro/libnds/lib\libnds9.a(keys.o)
 .data.repeat   0x000000000206f947        0x1 D:\devkitPro/libnds/lib\libnds9.a(keys.o)
 .data.fifo_buffer_free
                0x000000000206f948        0x4 D:\devkitPro/libnds/lib\libnds9.a(fifosystem.o)
                0x000000000206f948                fifo_buffer_free
 .data.fifo_freewords
                0x000000000206f94c        0x4 D:\devkitPro/libnds/lib\libnds9.a(fifosystem.o)
                0x000000000206f94c                fifo_freewords
 .data.fifo_receive_queue
                0x000000000206f950        0x4 D:\devkitPro/libnds/lib\libnds9.a(fifosystem.o)
                0x000000000206f950                fifo_receive_queue
 .data.fifo_send_queue
                0x000000000206f954        0x4 D:\devkitPro/libnds/lib\libnds9.a(fifosystem.o)
                0x000000000206f954                fifo_send_queue
 .data.bgControl
                0x000000000206f958       0x20 D:\devkitPro/libnds/lib\libnds9.a(background.o)
                0x000000000206f958                bgControl
 .data.bgScrollTable
                0x000000000206f978       0x20 D:\devkitPro/libnds/lib\libnds9.a(background.o)
                0x000000000206f978                bgScrollTable
 .data.bgTransform
                0x000000000206f998       0x20 D:\devkitPro/libnds/lib\libnds9.a(background.o)
                0x000000000206f998                bgTransform
 .data._impure_ptr
                0x000000000206f9b8        0x4 d:/devkitpro/devkitarm/bin/../lib/gcc/arm-none-eabi/11.2.0/../../../../arm-none-eabi/lib\libg.a(lib_a-impure.o)
                0x000000000206f9b8                _impure_ptr
 *fill*         0x000000000206f9bc        0x4 ff
 .data.impure_data
                0x000000000206f9c0      0x460 d:/devkitpro/devkitarm/bin/../lib/gcc/arm-none-eabi/11.2.0/../../../../arm-none-eabi/lib\libg.a(lib_a-impure.o)
 .data.__malloc_av_
                0x000000000206fe20      0x408 d:/devkitpro/devkitarm/bin/../lib/gcc/arm-none-eabi/11.2.0/../../../../arm-none-eabi/lib\libg.a(lib_a-mallocr.o)
                0x000000000206fe20                __malloc_av_
 .data.__malloc_sbrk_base
                0x0000000002070228        0x4 d:/devkitpro/devkitarm/bin/../lib/gcc/arm-none-eabi/11.2.0/../../../../arm-none-eabi/lib\libg.a(lib_a-mallocr.o)
                0x0000000002070228                __malloc_sbrk_base
 .data.__malloc_trim_threshold
                0x000000000207022c        0x4 d:/devkitpro/devkitarm/bin/../lib/gcc/arm-none-eabi/11.2.0/../../../../arm-none-eabi/lib\libg.a(lib_a-mallocr.o)
                0x000000000207022c                __malloc_trim_threshold
 .data.__global_locale
                0x0000000002070230      0x16c d:/devkitpro/devkitarm/bin/../lib/gcc/arm-none-eabi/11.2.0/../../../../arm-none-eabi/lib\libg.a(lib_a-locale.o)
                0x0000000002070230                __global_locale
 .data.defaultDevice
                0x000000000207039c        0x4 d:/devkitpro/devkitarm/bin/../lib/gcc/arm-none-eabi/11.2.0/../../../../arm-none-eabi/lib\libsysbase.a(iosupport.o)
 .data.devoptab_list
                0x00000000020703a0       0x8c d:/devkitpro/devkitarm/bin/../lib/gcc/arm-none-eabi/11.2.0/../../../../arm-none-eabi/lib\libsysbase.a(iosupport.o)
                0x00000000020703a0                devoptab_list
 .data.__stderr_handle
                0x000000000207042c        0xc d:/devkitpro/devkitarm/bin/../lib/gcc/arm-none-eabi/11.2.0/../../../../arm-none-eabi/lib\libsysbase.a(handle_manager.o)
 .data.__stdin_handle
                0x0000000002070438        0xc d:/devkitpro/devkitarm/bin/../lib/gcc/arm-none-eabi/11.2.0/../../../../arm-none-eabi/lib\libsysbase.a(handle_manager.o)
 .data.__stdout_handle
                0x0000000002070444        0xc d:/devkitpro/devkitarm/bin/../lib/gcc/arm-none-eabi/11.2.0/../../../../arm-none-eabi/lib\libsysbase.a(handle_manager.o)
 .data.handles  0x0000000002070450     0x1000 d:/devkitpro/devkitarm/bin/../lib/gcc/arm-none-eabi/11.2.0/../../../../arm-none-eabi/lib\libsysbase.a(handle_manager.o)
 *(EXCLUDE_FILE(*.twl*) .gnu.linkonce.d*)
                0x0000000002071450                . = ALIGN (0x4)
                0x0000000002071450                __data_end = ABSOLUTE (.)
                0x0000000002071450                __bss_vma = .

.igot.plt       0x0000000002071450        0x0
 .igot.plt      0x0000000002071450        0x0 d:/devkitpro/devkitarm/bin/../lib/gcc/arm-none-eabi/11.2.0/../../../../arm-none-eabi/lib/ds_arm9_crt0.o

.dtcm           0x0000000002ff0000        0x0 load address 0x0000000002071450
                0x0000000002071450                __dtcm_lma = LOADADDR (.dtcm)
                0x0000000002ff0000                __dtcm_start = ABSOLUTE (.)
 *(.dtcm)
 *(.dtcm.*)
                0x0000000002ff0000                . = ALIGN (0x4)
                0x0000000002ff0000                __dtcm_end = ABSOLUTE (.)

.itcm           0x0000000001000100      0xb08 load address 0x0000000002071450
                0x0000000002071450                __itcm_lma = LOADADDR (.itcm)
                0x0000000001000100                __itcm_start = ABSOLUTE (.)
 *(.itcm)
 .itcm          0x0000000001000100      0x964 D:\devkitPro/nitro-engine/lib\libNE.a(dsma.o)
                0x0000000001000100                DSMA_DrawModel
                0x0000000001000528                DSMA_DrawModelBlendAnimation
 .itcm          0x0000000001000a64       0xc8 D:\devkitPro/libnds/lib\libnds9.a(interrupts.o)
                0x0000000001000a64                irqTable
 .itcm          0x0000000001000b2c       0xcc D:\devkitPro/libnds/lib\libnds9.a(interruptDispatcher.o)
                0x0000000001000b2c                IntrMain
 .itcm.__stub   0x0000000001000bf8        0xc linker stubs
 *.itcm*(.text .stub .text.*)
                0x0000000001000c04                . = ALIGN (0x4)
                0x0000000001000c08                __itcm_end = ABSOLUTE (.)

.vectors        0x0000000001000000        0x0 load address 0x0000000002071f58
                0x0000000002071f58                __vectors_lma = LOADADDR (.vectors)
                0x0000000001000000                __vectors_start = ABSOLUTE (.)
 *(.vectors .vectors.*)
                0x0000000001000000                . = ALIGN (0x4)
                0x0000000001000000                __vectors_end = ABSOLUTE (.)

.sbss           0x0000000002ff0000        0x0
                0x0000000002ff0000                __sbss_start = ABSOLUTE (.)
                0x0000000002ff0000                __sbss_start__ = ABSOLUTE (.)
 *(.sbss)
                0x0000000002ff0000                . = ALIGN (0x4)
                0x0000000002ff0000                __sbss_end = ABSOLUTE (.)

.bss            0x0000000002071450      0xe24
                0x0000000002071450                __bss_start = ABSOLUTE (.)
                0x0000000002071450                __bss_start__ = ABSOLUTE (.)
 *(EXCLUDE_FILE(*.twl*) .dynbss)
 *(EXCLUDE_FILE(*.twl*) .gnu.linkonce.b*)
 *(EXCLUDE_FILE(*.twl*) .bss*)
 .bss.completed.1
                0x0000000002071450        0x1 d:/devkitpro/devkitarm/bin/../lib/gcc/arm-none-eabi/11.2.0/crtbegin.o
 *fill*         0x0000000002071451        0x3 
 .bss.object.0  0x0000000002071454       0x18 d:/devkitpro/devkitarm/bin/../lib/gcc/arm-none-eabi/11.2.0/crtbegin.o
 .bss           0x000000000207146c       0x50 main.o
                0x000000000207146c                Camara
                0x0000000002071470                white_wall_tile003a
                0x0000000002071474                black_floor_metal_001c
                0x0000000002071478                Debug_Material
                0x000000000207147c                debugempty
                0x0000000002071480                Model
                0x000000000207149c                Physics
                0x00000000020714b8                block
 .bss           0x00000000020714bc        0x9 D:\devkitPro/nitro-engine/lib\libNE.a(NECamera.o)
 *fill*         0x00000000020714c5        0x3 
 .bss           0x00000000020714c8       0x5c D:\devkitPro/nitro-engine/lib\libNE.a(NEGeneral.o)
                0x00000000020714c8                NE_Dual
                0x00000000020714f0                ne_input
                0x000000000207151c                NE_TestTouch
 .bss           0x0000000002071524        0xd D:\devkitPro/nitro-engine/lib\libNE.a(NEModel.o)
 *fill*         0x0000000002071531        0x3 
 .bss           0x0000000002071534        0x9 D:\devkitPro/nitro-engine/lib\libNE.a(NEPhysics.o)
 *fill*         0x000000000207153d        0x3 
 .bss           0x0000000002071540        0x4 D:\devkitPro/nitro-engine/lib\libNE.a(NEPolygon.o)
 .bss           0x0000000002071544       0x64 D:\devkitPro/nitro-engine/lib\libNE.a(NEText.o)
 .bss           0x00000000020715a8       0x30 D:\devkitPro/nitro-engine/lib\libNE.a(NETexture.o)
 .bss           0x00000000020715d8        0x9 D:\devkitPro/nitro-engine/lib\libNE.a(NE2D.o)
 *fill*         0x00000000020715e1        0x3 
 .bss           0x00000000020715e4        0x9 D:\devkitPro/nitro-engine/lib\libNE.a(NEAnimation.o)
 *fill*         0x00000000020715ed        0x3 
 .bss           0x00000000020715f0        0x9 D:\devkitPro/nitro-engine/lib\libNE.a(NEGUI.o)
 *fill*         0x00000000020715f9        0x3 
 .bss           0x00000000020715fc       0x18 D:\devkitPro/nitro-engine/lib\libNE.a(NEPalette.o)
 .bss.SDcallback
                0x0000000002071614        0x4 D:\devkitPro/libnds/lib\libnds9.a(system.o)
 .bss.currentCopy
                0x0000000002071618       0x5c D:\devkitPro/libnds/lib\libnds9.a(console.o)
                0x0000000002071618                currentCopy
 .bss.keys      0x0000000002071674        0x2 D:\devkitPro/libnds/lib\libnds9.a(keys.o)
 .bss.keysold   0x0000000002071676        0x2 D:\devkitPro/libnds/lib\libnds9.a(keys.o)
 .bss.keysrepeat
                0x0000000002071678        0x2 D:\devkitPro/libnds/lib\libnds9.a(keys.o)
 .bss.__dsimode
                0x000000000207167a        0x1 D:\devkitPro/libnds/lib\libnds9.a(initSystem.o)
                0x000000000207167a                __dsimode
 *fill*         0x000000000207167b        0x1 
 .bss.punixTime
                0x000000000207167c        0x4 D:\devkitPro/libnds/lib\libnds9.a(initSystem.o)
                0x000000000207167c                punixTime
 .bss.fifo_address_data
                0x0000000002071680       0x40 D:\devkitPro/libnds/lib\libnds9.a(fifosystem.o)
                0x0000000002071680                fifo_address_data
 .bss.fifo_address_func
                0x00000000020716c0       0x40 D:\devkitPro/libnds/lib\libnds9.a(fifosystem.o)
                0x00000000020716c0                fifo_address_func
 .bss.fifo_address_queue
                0x0000000002071700       0x40 D:\devkitPro/libnds/lib\libnds9.a(fifosystem.o)
                0x0000000002071700                fifo_address_queue
 .bss.fifo_buffer
                0x0000000002071740      0x800 D:\devkitPro/libnds/lib\libnds9.a(fifosystem.o)
                0x0000000002071740                fifo_buffer
 .bss.fifo_data_queue
                0x0000000002071f40       0x40 D:\devkitPro/libnds/lib\libnds9.a(fifosystem.o)
                0x0000000002071f40                fifo_data_queue
 .bss.fifo_datamsg_data
                0x0000000002071f80       0x40 D:\devkitPro/libnds/lib\libnds9.a(fifosystem.o)
                0x0000000002071f80                fifo_datamsg_data
 .bss.fifo_datamsg_func
                0x0000000002071fc0       0x40 D:\devkitPro/libnds/lib\libnds9.a(fifosystem.o)
                0x0000000002071fc0                fifo_datamsg_func
 .bss.fifo_value32_data
                0x0000000002072000       0x40 D:\devkitPro/libnds/lib\libnds9.a(fifosystem.o)
                0x0000000002072000                fifo_value32_data
 .bss.fifo_value32_func
                0x0000000002072040       0x40 D:\devkitPro/libnds/lib\libnds9.a(fifosystem.o)
                0x0000000002072040                fifo_value32_func
 .bss.fifo_value32_queue
                0x0000000002072080       0x40 D:\devkitPro/libnds/lib\libnds9.a(fifosystem.o)
                0x0000000002072080                fifo_value32_queue
 .bss.processing
                0x00000000020720c0        0x4 D:\devkitPro/libnds/lib\libnds9.a(fifosystem.o)
                0x00000000020720c0                processing
 .bss.bgIsTextLut
                0x00000000020720c4        0x8 D:\devkitPro/libnds/lib\libnds9.a(background.o)